============================================================
Benchmark: Json
BuboLIRPhase: true
RUNS: 500
extra_args: 100
Replay file: /home/hb478/repos/GTSlowdownSchedular/FinalBuboTests/WithoutProbe/AWFY/Json/Json_CompilerReplay
Timestamp: Mon 26 Jan 12:37:47 GMT 2026

Could not locate BlockSlowdown.json
Skipping Loading (this might cause a fatal crash if GTSlowdown is on)
Could not locate BlockSlowdown.json
Skipping Loading (this might cause a fatal crash if GTSlowdown is on)
Starting Json benchmark ...
Json: iterations=1 runtime: 452618us
Json: iterations=2 runtime: 97415us
Json: iterations=3 runtime: 111526us
Json: iterations=4 runtime: 93257us
Json: iterations=5 runtime: 96613us
Json: iterations=6 runtime: 93471us
Json: iterations=7 runtime: 93346us
Json: iterations=8 runtime: 93235us
Json: iterations=9 runtime: 93358us
Json: iterations=10 runtime: 93335us
Json: iterations=11 runtime: 93314us
Json: iterations=12 runtime: 94653us
Json: iterations=13 runtime: 93322us
Json: iterations=14 runtime: 93302us
Json: iterations=15 runtime: 92102us
Json: iterations=16 runtime: 94253us
Json: iterations=17 runtime: 92696us
Json: iterations=18 runtime: 92842us
Json: iterations=19 runtime: 92967us
Json: iterations=20 runtime: 92774us
Json: iterations=21 runtime: 92989us
Json: iterations=22 runtime: 93709us
Json: iterations=23 runtime: 125288us
Json: iterations=24 runtime: 93529us
Json: iterations=25 runtime: 93180us
Json: iterations=26 runtime: 92394us
Json: iterations=27 runtime: 92658us
Json: iterations=28 runtime: 92436us
Json: iterations=29 runtime: 92488us
Json: iterations=30 runtime: 92315us
Json: iterations=31 runtime: 92403us
Json: iterations=32 runtime: 91925us
Json: iterations=33 runtime: 95079us
Json: iterations=34 runtime: 92296us
Json: iterations=35 runtime: 92553us
Json: iterations=36 runtime: 92294us
Json: iterations=37 runtime: 92204us
Json: iterations=38 runtime: 92130us
Json: iterations=39 runtime: 92288us
Json: iterations=40 runtime: 92261us
Json: iterations=41 runtime: 92205us
Json: iterations=42 runtime: 92227us
Json: iterations=43 runtime: 92133us
Json: iterations=44 runtime: 92160us
Json: iterations=45 runtime: 92375us
Json: iterations=46 runtime: 92286us
Json: iterations=47 runtime: 92223us
Json: iterations=48 runtime: 92159us
Json: iterations=49 runtime: 92223us
Json: iterations=50 runtime: 91997us
Json: iterations=51 runtime: 92297us
Json: iterations=52 runtime: 92204us
Json: iterations=53 runtime: 92190us
Json: iterations=54 runtime: 92184us
Json: iterations=55 runtime: 92268us
Json: iterations=56 runtime: 92288us
Json: iterations=57 runtime: 92211us
Json: iterations=58 runtime: 92223us
Json: iterations=59 runtime: 92214us
Json: iterations=60 runtime: 92120us
Json: iterations=61 runtime: 92261us
Json: iterations=62 runtime: 92168us
Json: iterations=63 runtime: 92114us
Json: iterations=64 runtime: 92122us
Json: iterations=65 runtime: 92124us
Json: iterations=66 runtime: 92119us
Json: iterations=67 runtime: 92349us
Could not locate BlockSlowdown.json
Skipping Loading (this might cause a fatal crash if GTSlowdown is on)
Json: iterations=68 runtime: 144887us
Json: iterations=69 runtime: 92338us
Json: iterations=70 runtime: 92044us
Json: iterations=71 runtime: 92194us
Json: iterations=72 runtime: 92011us
Json: iterations=73 runtime: 91947us
Json: iterations=74 runtime: 92103us
Json: iterations=75 runtime: 92123us
Json: iterations=76 runtime: 92084us
Json: iterations=77 runtime: 93720us
Json: iterations=78 runtime: 92942us
Json: iterations=79 runtime: 92335us
Json: iterations=80 runtime: 92125us
Json: iterations=81 runtime: 92112us
Json: iterations=82 runtime: 92418us
Json: iterations=83 runtime: 92444us
Json: iterations=84 runtime: 92525us
Json: iterations=85 runtime: 92395us
Json: iterations=86 runtime: 91596us
Json: iterations=87 runtime: 92469us
Json: iterations=88 runtime: 92727us
Json: iterations=89 runtime: 92367us
Json: iterations=90 runtime: 92657us
Could not locate BlockSlowdown.json
Skipping Loading (this might cause a fatal crash if GTSlowdown is on)
Json: iterations=91 runtime: 92549us
Json: iterations=92 runtime: 92631us
Json: iterations=93 runtime: 92376us
Json: iterations=94 runtime: 92095us
Json: iterations=95 runtime: 92135us
Json: iterations=96 runtime: 92091us
Json: iterations=97 runtime: 92193us
Json: iterations=98 runtime: 92137us
Json: iterations=99 runtime: 92132us
Json: iterations=100 runtime: 92156us
Json: iterations=101 runtime: 92137us
Json: iterations=102 runtime: 92251us
Json: iterations=103 runtime: 91589us
Json: iterations=104 runtime: 92230us
Json: iterations=105 runtime: 92200us
Json: iterations=106 runtime: 92225us
Json: iterations=107 runtime: 92258us
Json: iterations=108 runtime: 92204us
Json: iterations=109 runtime: 92091us
Json: iterations=110 runtime: 92193us
Json: iterations=111 runtime: 91981us
Json: iterations=112 runtime: 92119us
Json: iterations=113 runtime: 91967us
Json: iterations=114 runtime: 92018us
Json: iterations=115 runtime: 91940us
Json: iterations=116 runtime: 91945us
Json: iterations=117 runtime: 91974us
Json: iterations=118 runtime: 92123us
Json: iterations=119 runtime: 92294us
Json: iterations=120 runtime: 92251us
Json: iterations=121 runtime: 91521us
Json: iterations=122 runtime: 91968us
Json: iterations=123 runtime: 92419us
Json: iterations=124 runtime: 92521us
Json: iterations=125 runtime: 92243us
Json: iterations=126 runtime: 92165us
Could not locate BlockSlowdown.json
Skipping Loading (this might cause a fatal crash if GTSlowdown is on)
Json: iterations=127 runtime: 92409us
Json: iterations=128 runtime: 92437us
Json: iterations=129 runtime: 92324us
Json: iterations=130 runtime: 92264us
Json: iterations=131 runtime: 92604us
Json: iterations=132 runtime: 107269us
Json: iterations=133 runtime: 93587us
Json: iterations=134 runtime: 92628us
Json: iterations=135 runtime: 92571us
Json: iterations=136 runtime: 92393us
Json: iterations=137 runtime: 92426us
Json: iterations=138 runtime: 92447us
Json: iterations=139 runtime: 91551us
Json: iterations=140 runtime: 92420us
Json: iterations=141 runtime: 92400us
Json: iterations=142 runtime: 92359us
Json: iterations=143 runtime: 92288us
Json: iterations=144 runtime: 92159us
Json: iterations=145 runtime: 92267us
Json: iterations=146 runtime: 92273us
Json: iterations=147 runtime: 92220us
Json: iterations=148 runtime: 92400us
Json: iterations=149 runtime: 92665us
Json: iterations=150 runtime: 92317us
Json: iterations=151 runtime: 91968us
Json: iterations=152 runtime: 92129us
Json: iterations=153 runtime: 92179us
Json: iterations=154 runtime: 92269us
Json: iterations=155 runtime: 92200us
Json: iterations=156 runtime: 92231us
Json: iterations=157 runtime: 91629us
Json: iterations=158 runtime: 92270us
Json: iterations=159 runtime: 92013us
Json: iterations=160 runtime: 92055us
Json: iterations=161 runtime: 91910us
Json: iterations=162 runtime: 91987us
Json: iterations=163 runtime: 91997us
Json: iterations=164 runtime: 92066us
Json: iterations=165 runtime: 91932us
Json: iterations=166 runtime: 92011us
Json: iterations=167 runtime: 91915us
Json: iterations=168 runtime: 91908us
Json: iterations=169 runtime: 92087us
Json: iterations=170 runtime: 92132us
Json: iterations=171 runtime: 91893us
Json: iterations=172 runtime: 92305us
Json: iterations=173 runtime: 92174us
Json: iterations=174 runtime: 91562us
Json: iterations=175 runtime: 92104us
Json: iterations=176 runtime: 92091us
Json: iterations=177 runtime: 91920us
Json: iterations=178 runtime: 91989us
Json: iterations=179 runtime: 92103us
Json: iterations=180 runtime: 92344us
Json: iterations=181 runtime: 91994us
Json: iterations=182 runtime: 91974us
Json: iterations=183 runtime: 92105us
Json: iterations=184 runtime: 92002us
Json: iterations=185 runtime: 92329us
Json: iterations=186 runtime: 92964us
Json: iterations=187 runtime: 92239us
Json: iterations=188 runtime: 92119us
Json: iterations=189 runtime: 92041us
Json: iterations=190 runtime: 92112us
Json: iterations=191 runtime: 92118us
Json: iterations=192 runtime: 91590us
Json: iterations=193 runtime: 92109us
Json: iterations=194 runtime: 92252us
Json: iterations=195 runtime: 92195us
Json: iterations=196 runtime: 92003us
Json: iterations=197 runtime: 92028us
Json: iterations=198 runtime: 92163us
Json: iterations=199 runtime: 91892us
Json: iterations=200 runtime: 92041us
Json: iterations=201 runtime: 91979us
Json: iterations=202 runtime: 92248us
Json: iterations=203 runtime: 92026us
Json: iterations=204 runtime: 92149us
Could not locate BlockSlowdown.json
Skipping Loading (this might cause a fatal crash if GTSlowdown is on)
Json: iterations=205 runtime: 183463us
Json: iterations=206 runtime: 92205us
Json: iterations=207 runtime: 91903us
Json: iterations=208 runtime: 92068us
Json: iterations=209 runtime: 92093us
Json: iterations=210 runtime: 91523us
Json: iterations=211 runtime: 91905us
Json: iterations=212 runtime: 92071us
Json: iterations=213 runtime: 92017us
Json: iterations=214 runtime: 92171us
Json: iterations=215 runtime: 92063us
Json: iterations=216 runtime: 92274us
Json: iterations=217 runtime: 92160us
Json: iterations=218 runtime: 92069us
Json: iterations=219 runtime: 92024us
Json: iterations=220 runtime: 92107us
Json: iterations=221 runtime: 91986us
Json: iterations=222 runtime: 92117us
Json: iterations=223 runtime: 92016us
Json: iterations=224 runtime: 92141us
Json: iterations=225 runtime: 92186us
Json: iterations=226 runtime: 92160us
Json: iterations=227 runtime: 92114us
Json: iterations=228 runtime: 91561us
Json: iterations=229 runtime: 92082us
Json: iterations=230 runtime: 92254us
Json: iterations=231 runtime: 92187us
Json: iterations=232 runtime: 92069us
Json: iterations=233 runtime: 92077us
Json: iterations=234 runtime: 92162us
Json: iterations=235 runtime: 92114us
Json: iterations=236 runtime: 92111us
Json: iterations=237 runtime: 92051us
Json: iterations=238 runtime: 92196us
Json: iterations=239 runtime: 92753us
Json: iterations=240 runtime: 92442us
Json: iterations=241 runtime: 92150us
Json: iterations=242 runtime: 91961us
Json: iterations=243 runtime: 92123us
Json: iterations=244 runtime: 92079us
Json: iterations=245 runtime: 91532us
Json: iterations=246 runtime: 91955us
Json: iterations=247 runtime: 92028us
Json: iterations=248 runtime: 91891us
Json: iterations=249 runtime: 91904us
Json: iterations=250 runtime: 92105us
Json: iterations=251 runtime: 92176us
Json: iterations=252 runtime: 91971us
Json: iterations=253 runtime: 91962us
Json: iterations=254 runtime: 92008us
Json: iterations=255 runtime: 92032us
Json: iterations=256 runtime: 91901us
Json: iterations=257 runtime: 91873us
Json: iterations=258 runtime: 91914us
Json: iterations=259 runtime: 92024us
Json: iterations=260 runtime: 91909us
Json: iterations=261 runtime: 91999us
Json: iterations=262 runtime: 91936us
Json: iterations=263 runtime: 91526us
Json: iterations=264 runtime: 92180us
Json: iterations=265 runtime: 92048us
Json: iterations=266 runtime: 91842us
Json: iterations=267 runtime: 91927us
Json: iterations=268 runtime: 92086us
Json: iterations=269 runtime: 91866us
Json: iterations=270 runtime: 92153us
Json: iterations=271 runtime: 92183us
Json: iterations=272 runtime: 92036us
Json: iterations=273 runtime: 92280us
Json: iterations=274 runtime: 92249us
Json: iterations=275 runtime: 92092us
Json: iterations=276 runtime: 92040us
Json: iterations=277 runtime: 92355us
Json: iterations=278 runtime: 92180us
Json: iterations=279 runtime: 91939us
Json: iterations=280 runtime: 92173us
Json: iterations=281 runtime: 91552us
Json: iterations=282 runtime: 91955us
Json: iterations=283 runtime: 92048us
Json: iterations=284 runtime: 91895us
Json: iterations=285 runtime: 92137us
Json: iterations=286 runtime: 92195us
Json: iterations=287 runtime: 92067us
Json: iterations=288 runtime: 92256us
Json: iterations=289 runtime: 92089us
Json: iterations=290 runtime: 92092us
Json: iterations=291 runtime: 92123us
Json: iterations=292 runtime: 92182us
Json: iterations=293 runtime: 102681us
Json: iterations=294 runtime: 92451us
Json: iterations=295 runtime: 92126us
Json: iterations=296 runtime: 91966us
Json: iterations=297 runtime: 92058us
Json: iterations=298 runtime: 91538us
Json: iterations=299 runtime: 92058us
Json: iterations=300 runtime: 92085us
Json: iterations=301 runtime: 91902us
Json: iterations=302 runtime: 91889us
Json: iterations=303 runtime: 91991us
Json: iterations=304 runtime: 91966us
Json: iterations=305 runtime: 91897us
Json: iterations=306 runtime: 91869us
Json: iterations=307 runtime: 91827us
Json: iterations=308 runtime: 91912us
Json: iterations=309 runtime: 91964us
Json: iterations=310 runtime: 91927us
Json: iterations=311 runtime: 91889us
Json: iterations=312 runtime: 92084us
Json: iterations=313 runtime: 92065us
Json: iterations=314 runtime: 91923us
Json: iterations=315 runtime: 92025us
Json: iterations=316 runtime: 91562us
Json: iterations=317 runtime: 92165us
Json: iterations=318 runtime: 91878us
Json: iterations=319 runtime: 91996us
Json: iterations=320 runtime: 91904us
Json: iterations=321 runtime: 92207us
Json: iterations=322 runtime: 91965us
Json: iterations=323 runtime: 92008us
Json: iterations=324 runtime: 92247us
Json: iterations=325 runtime: 91946us
Json: iterations=326 runtime: 92020us
Json: iterations=327 runtime: 92023us
Json: iterations=328 runtime: 91982us
Json: iterations=329 runtime: 92041us
Json: iterations=330 runtime: 92202us
Json: iterations=331 runtime: 92146us
Json: iterations=332 runtime: 92100us
Json: iterations=333 runtime: 92103us
Json: iterations=334 runtime: 91520us
Json: iterations=335 runtime: 91995us
Json: iterations=336 runtime: 92175us
Json: iterations=337 runtime: 92257us
Json: iterations=338 runtime: 91883us
Json: iterations=339 runtime: 91996us
Json: iterations=340 runtime: 91958us
Json: iterations=341 runtime: 92061us
Json: iterations=342 runtime: 91946us
Json: iterations=343 runtime: 91874us
Json: iterations=344 runtime: 91838us
Json: iterations=345 runtime: 91889us
Json: iterations=346 runtime: 91953us
Json: iterations=347 runtime: 92891us
Json: iterations=348 runtime: 102209us
Json: iterations=349 runtime: 92230us
Json: iterations=350 runtime: 92073us
Json: iterations=351 runtime: 92067us
Json: iterations=352 runtime: 91594us
Json: iterations=353 runtime: 92043us
Json: iterations=354 runtime: 92109us
Json: iterations=355 runtime: 92070us
Json: iterations=356 runtime: 91885us
Json: iterations=357 runtime: 91943us
Json: iterations=358 runtime: 92035us
Json: iterations=359 runtime: 92067us
Json: iterations=360 runtime: 92021us
Json: iterations=361 runtime: 92117us
Json: iterations=362 runtime: 91930us
Json: iterations=363 runtime: 91880us
Json: iterations=364 runtime: 91921us
Json: iterations=365 runtime: 91986us
Json: iterations=366 runtime: 92018us
Json: iterations=367 runtime: 91901us
Json: iterations=368 runtime: 91994us
Json: iterations=369 runtime: 91558us
Json: iterations=370 runtime: 92188us
Json: iterations=371 runtime: 92151us
Json: iterations=372 runtime: 92228us
Json: iterations=373 runtime: 92088us
Json: iterations=374 runtime: 92125us
Json: iterations=375 runtime: 92103us
Json: iterations=376 runtime: 92788us
Json: iterations=377 runtime: 92184us
Json: iterations=378 runtime: 92039us
Json: iterations=379 runtime: 92321us
Json: iterations=380 runtime: 95214us
Json: iterations=381 runtime: 97295us
Json: iterations=382 runtime: 92125us
Json: iterations=383 runtime: 92039us
Json: iterations=384 runtime: 92038us
Json: iterations=385 runtime: 92017us
Json: iterations=386 runtime: 92080us
Json: iterations=387 runtime: 91536us
Json: iterations=388 runtime: 92128us
Json: iterations=389 runtime: 92078us
Json: iterations=390 runtime: 92274us
Json: iterations=391 runtime: 92078us
Json: iterations=392 runtime: 91964us
Json: iterations=393 runtime: 92027us
Json: iterations=394 runtime: 92001us
Json: iterations=395 runtime: 92048us
Json: iterations=396 runtime: 92096us
Json: iterations=397 runtime: 92084us
Json: iterations=398 runtime: 92197us
Json: iterations=399 runtime: 92112us
Json: iterations=400 runtime: 92039us
Json: iterations=401 runtime: 92433us
Json: iterations=402 runtime: 92600us
Json: iterations=403 runtime: 92347us
Json: iterations=404 runtime: 92331us
Json: iterations=405 runtime: 91542us
Json: iterations=406 runtime: 92312us
Json: iterations=407 runtime: 92381us
Json: iterations=408 runtime: 92332us
Json: iterations=409 runtime: 92173us
Json: iterations=410 runtime: 92342us
Json: iterations=411 runtime: 92159us
Json: iterations=412 runtime: 92276us
Json: iterations=413 runtime: 92344us
Json: iterations=414 runtime: 92177us
Json: iterations=415 runtime: 92208us
Json: iterations=416 runtime: 92253us
Json: iterations=417 runtime: 92284us
Json: iterations=418 runtime: 92209us
Json: iterations=419 runtime: 92309us
Json: iterations=420 runtime: 92406us
Json: iterations=421 runtime: 92297us
Json: iterations=422 runtime: 92150us
Json: iterations=423 runtime: 91610us
Json: iterations=424 runtime: 92245us
Json: iterations=425 runtime: 92368us
Json: iterations=426 runtime: 92353us
Json: iterations=427 runtime: 92660us
Json: iterations=428 runtime: 92220us
Json: iterations=429 runtime: 92306us
Could not locate BlockSlowdown.json
Skipping Loading (this might cause a fatal crash if GTSlowdown is on)
Json: iterations=430 runtime: 92429us
Json: iterations=431 runtime: 92907us
Json: iterations=432 runtime: 92527us
Json: iterations=433 runtime: 92328us
Json: iterations=434 runtime: 92542us
Json: iterations=435 runtime: 92225us
Json: iterations=436 runtime: 92453us
Json: iterations=437 runtime: 92455us
Json: iterations=438 runtime: 92216us
Json: iterations=439 runtime: 92020us
Json: iterations=440 runtime: 91524us
Json: iterations=441 runtime: 92201us
Json: iterations=442 runtime: 92039us
Json: iterations=443 runtime: 92108us
Json: iterations=444 runtime: 92052us
Json: iterations=445 runtime: 92271us
Json: iterations=446 runtime: 92305us
Json: iterations=447 runtime: 92277us
Json: iterations=448 runtime: 92476us
Json: iterations=449 runtime: 92241us
Json: iterations=450 runtime: 92256us
Json: iterations=451 runtime: 92060us
Json: iterations=452 runtime: 92139us
Json: iterations=453 runtime: 92300us
Json: iterations=454 runtime: 92136us
Json: iterations=455 runtime: 92573us
Json: iterations=456 runtime: 93319us
Json: iterations=457 runtime: 92227us
Json: iterations=458 runtime: 91587us
Json: iterations=459 runtime: 92037us
Json: iterations=460 runtime: 91965us
Json: iterations=461 runtime: 91920us
Json: iterations=462 runtime: 91949us
Json: iterations=463 runtime: 91956us
Json: iterations=464 runtime: 91944us
Json: iterations=465 runtime: 91965us
Json: iterations=466 runtime: 91919us
Json: iterations=467 runtime: 91936us
Json: iterations=468 runtime: 91964us
Json: iterations=469 runtime: 92116us
Json: iterations=470 runtime: 91993us
Json: iterations=471 runtime: 92020us
Json: iterations=472 runtime: 92069us
Json: iterations=473 runtime: 91985us
Json: iterations=474 runtime: 91993us
Json: iterations=475 runtime: 91987us
Json: iterations=476 runtime: 91579us
Json: iterations=477 runtime: 91973us
Json: iterations=478 runtime: 92165us
Json: iterations=479 runtime: 91992us
Json: iterations=480 runtime: 92037us
Json: iterations=481 runtime: 92079us
Json: iterations=482 runtime: 92065us
Json: iterations=483 runtime: 91954us
Json: iterations=484 runtime: 92041us
Json: iterations=485 runtime: 92036us
Json: iterations=486 runtime: 92034us
Json: iterations=487 runtime: 91979us
Json: iterations=488 runtime: 91926us
Json: iterations=489 runtime: 92054us
Json: iterations=490 runtime: 91966us
Json: iterations=491 runtime: 92067us
Json: iterations=492 runtime: 92041us
Json: iterations=493 runtime: 91582us
Json: iterations=494 runtime: 91929us
Json: iterations=495 runtime: 91934us
Json: iterations=496 runtime: 91901us
Json: iterations=497 runtime: 92052us
Json: iterations=498 runtime: 91979us
Json: iterations=499 runtime: 91901us
Json: iterations=500 runtime: 91950us
Could not locate BlockSlowdown.json
Skipping Loading (this might cause a fatal crash if GTSlowdown is on)
Json: iterations=500 average: 93399us total: 46699858us


Total Runtime: 46699858us
Bubo.RDTSC.Harness.main Total RDTSC cycles: 154946039340
Comp 52 (java.util.ImmutableCollections$SetN$SetNIterator.next()) loops:
Found Encoding : 0:-1
└── Loop 0
  loop 0 Cycles: 364456 || Activation Count:0 | LoopCallCount: 0 |  Source: -at java.util.ImmutableCollections$SetN$SetNIterator.next(ImmutableCollections.java:1213) [bci: 21] | -at java.util.ImmutableCollections$SetN$SetNIterator.next(ImmutableCollections.java:1223) [bci: 65]
Comp 56 (java.util.HashMap.putVal(int,) loops:
Found Encoding : 0:-1
└── Loop 0
  loop 0 Cycles: 9230 || Activation Count:0 | LoopCallCount: 0 |  Source: -at java.util.HashMap.putVal(HashMap.java:648) [bci: 134] | -at java.util.HashMap.putVal(HashMap.java:649) [bci: 145]
Comp 57 (java.lang.String.equals(Object)) loops:
Found Encoding : 0:-1
└── Loop 0
  loop 0 Cycles: 9056 || Activation Count:0 | LoopCallCount: 0 |  Source: -at java.lang.StringLatin1.equals(StringLatin1.java:100) [bci: 9]
-at java.lang.String.equals(String.java:1926) [bci: 44] | -at java.lang.StringLatin1.equals(StringLatin1.java:105) [bci: 32]
-at java.lang.String.equals(String.java:1926) [bci: 44]
Comp 70 (java.util.HashMap.resize()) loops:
Found Encoding : 2:-1,0:-1,1:0
├── Loop 2
└── Loop 0
    └── Loop 1
  loop 0 Cycles: 16726 || Activation Count:0 | LoopCallCount: 0 |  Source: -at java.util.HashMap.resize(HashMap.java:714) [bci: 151] | -at java.util.HashMap.resize(HashMap.java:755) [bci: 353]
  loop 2 Cycles: 16312 || Activation Count:0 | LoopCallCount: 0 |  Source: -at jdk.graal.compiler.hotspot.replacements.HotSpotAllocationSnippets.allocateArray(KlassPointer, int, int, int, AllocationSnippets$FillContent, int, boolean, boolean, boolean, boolean, HotSpotAllocationSnippets$HotSpotAllocationProfilingData, boolea
Comp 88 (java.util.Properties$LineReader.readLine()) loops:
Found Encoding : 5:-1,3:-1,4:3,0:-1,1:0,2:1
├── Loop 5
├── Loop 3
│   └── Loop 4
└── Loop 0
    └── Loop 1
        └── Loop 2
  loop 5 Cycles: 554 || Activation Count:0 | LoopCallCount: 0 |  Source: -at java.util.Properties$LineReader.readLine(Properties.java:540) [bci: 224] | -at java.util.Properties$LineReader.readLine(Properties.java:543) [bci: 259]
Comp 90 (java.util.Properties$LineReader.readLine()-Re-Comp) loops:
Found Encoding : 5:-1,3:-1,4:3,0:-1,1:0,2:1
├── Loop 5
├── Loop 3
│   └── Loop 4
└── Loop 0
    └── Loop 1
        └── Loop 2
  loop 0 Cycles: 20440 || Activation Count:0 | LoopCallCount: 2 |  Source: -at java.util.Properties$LineReader.readLine(Properties.java:504) [bci: 53] | -at java.util.Properties$LineReader.readLine(Properties.java:615) [bci: 577]
  loop 5 Cycles: 120 || Activation Count:0 | LoopCallCount: 0 |  Source: -at java.util.Properties$LineReader.readLine(Properties.java:540) [bci: 224] | -at java.util.Properties$LineReader.readLine(Properties.java:543) [bci: 259]
Comp 91 (java.util.Properties$LineReader.readLine()-Re-Comp) loops:
Found Encoding : 0:-1,1:0,2:1
└── Loop 0
    └── Loop 1
        └── Loop 2
  loop 0 Cycles: 286424 || Activation Count:0 | LoopCallCount: 2 |  Source: -at java.util.Properties$LineReader.readLine(Properties.java:504) [bci: 53] | -at java.util.Properties$LineReader.readLine(Properties.java:615) [bci: 577]
Comp 94 (jdk.internal.util.ArraysSupport.unsignedHashCode(int,) loops:
Found Encoding : 0:-1,1:-1,2:-1
├── Loop 0
├── Loop 1
└── Loop 2
  loop 0 Cycles: 51218 || Activation Count:0 | LoopCallCount: 0 |  Source: -at jdk.internal.util.ArraysSupport.unsignedHashCode(ArraysSupport.java:378) [bci: 8] | -at jdk.internal.util.ArraysSupport.unsignedHashCode(ArraysSupport.java:381) [bci: 34]
  loop 1 Cycles: 96364 || Activation Count:0 | LoopCallCount: 0 |  Source: Source Missing | -at jdk.internal.util.ArraysSupport.unsignedHashCode(ArraysSupport.java:381) [bci: 34]
  loop 2 Cycles: 82616 || Activation Count:0 | LoopCallCount: 0 |  Source: Source Missing | -at jdk.internal.util.ArraysSupport.unsignedHashCode(ArraysSupport.java:381) [bci: 34]
Comp 122 (java.lang.StringLatin1.equals(byte[],) loops:
Found Encoding : 0:-1
└── Loop 0
  loop 0 Cycles: 221330 || Activation Count:0 | LoopCallCount: 0 |  Source: -at java.lang.StringLatin1.equals(StringLatin1.java:100) [bci: 9] | -at java.lang.StringLatin1.equals(StringLatin1.java:105) [bci: 32]
Comp 127 (java.lang.String.equals(Object)-Re-Comp) loops:
Found Encoding : 0:-1
└── Loop 0
  loop 0 Cycles: 7226216 || Activation Count:0 | LoopCallCount: 0 |  Source: -at java.lang.StringLatin1.equals(StringLatin1.java:100) [bci: 9]
-at java.lang.String.equals(String.java:1926) [bci: 44] | -at java.lang.StringLatin1.equals(StringLatin1.java:105) [bci: 32]
-at java.lang.String.equals(String.java:1926) [bci: 44]
Comp 142 (json.JsonPureStringParser.subStringFromTo(int,) loops:
Found Encoding : 1:-1,0:-1
├── Loop 1
└── Loop 0
  loop 0 Cycles: 281968 || Activation Count:0 | LoopCallCount: 0 |  Source: -at json.JsonPureStringParser.subStringFromTo(int, int) [bci: 16] | -at json.JsonPureStringParser.subStringFromTo(int, int) [bci: 42]
  loop 1 Cycles: 235806 || Activation Count:0 | LoopCallCount: 0 |  Source: -at jdk.graal.compiler.hotspot.replacements.HotSpotAllocationSnippets.allocateArray(KlassPointer, int, int, int, AllocationSnippets$FillContent, int, boolean, boolean, boolean, boolean, HotSpotAllocationSnippets$HotSpotAllocationProfilingData, boole
Comp 143 (json.JsonPureStringParser.readStringInternal()) loops:
Found Encoding : 0:-1,3:-1,2:-1,1:-1
├── Loop 0
├── Loop 3
├── Loop 2
└── Loop 1
  loop 0 Cycles: 27744400874 || Activation Count:0 | LoopCallCount: 2 |  Source: -at json.JsonPureStringParser.readStringInternal() [bci: 8] | -at json.JsonPureStringParser.readStringInternal() [bci: 54]
  loop 1 Cycles: 6708018738 || Activation Count:0 | LoopCallCount: 0 |  Source: -at json.JsonPureStringParser.subStringFromTo(int, int) [bci: 16]
-at json.JsonPureStringParser.endCapture() [bci: 39]
-at json.JsonPureStringParser.readStringInternal() [bci: 55] | -at json.JsonPureStringParser.subStringFromTo(int, int) [bci: 42]
-
  loop 3 Cycles: 5473311862 || Activation Count:0 | LoopCallCount: 0 |  Source: -at jdk.graal.compiler.hotspot.replacements.HotSpotAllocationSnippets.allocateArray(KlassPointer, int, int, int, AllocationSnippets$FillContent, int, boolean, boolean, boolean, boolean, HotSpotAllocationSnippets$HotSpotAllocationProfilingData, boole
Comp 154 (json.JsonPureStringParser.readArray()) loops:
Found Encoding : 3:-1,2:-1,0:-1,1:-1
├── Loop 3
├── Loop 2
├── Loop 0
└── Loop 1
  loop 0 Cycles: 377079802986 || Activation Count:0 | LoopCallCount: 6 |  Source: -at json.JsonPureStringParser.readArray() [bci: 27] | -at json.JsonPureStringParser.readChar(String) [bci: 11]
-at json.JsonPureStringParser.readArray() [bci: 47]
  loop 1 Cycles: 46455694 || Activation Count:0 | LoopCallCount: 0 |  Source: -at jdk.graal.compiler.hotspot.replacements.HotSpotAllocationSnippets.allocateArray(KlassPointer, int, int, int, AllocationSnippets$FillContent, int, boolean, boolean, boolean, boolean, HotSpotAllocationSnippets$HotSpotAllocationProfilingData, boole
  loop 2 Cycles: 2171668450 || Activation Count:0 | LoopCallCount: 0 |  Source: -at jdk.graal.compiler.hotspot.replacements.HotSpotAllocationSnippets.allocateArray(KlassPointer, int, int, int, AllocationSnippets$FillContent, int, boolean, boolean, boolean, boolean, HotSpotAllocationSnippets$HotSpotAllocationProfilingData, boole
  loop 3 Cycles: 4160912 || Activation Count:0 | LoopCallCount: 0 |  Source: -at jdk.graal.compiler.hotspot.replacements.HotSpotAllocationSnippets.allocateArray(KlassPointer, int, int, int, AllocationSnippets$FillContent, int, boolean, boolean, boolean, boolean, HotSpotAllocationSnippets$HotSpotAllocationProfilingData, boole
Comp 156 (json.JsonPureStringParser.endCapture()) loops:
Found Encoding : 1:-1,0:-1
├── Loop 1
└── Loop 0
  loop 0 Cycles: 1975207686 || Activation Count:0 | LoopCallCount: 0 |  Source: -at json.JsonPureStringParser.subStringFromTo(int, int) [bci: 16]
-at json.JsonPureStringParser.endCapture() [bci: 39] | -at json.JsonPureStringParser.subStringFromTo(int, int) [bci: 42]
-at json.JsonPureStringParser.endCapture() [bci: 39]
  loop 1 Cycles: 1929946956 || Activation Count:0 | LoopCallCount: 0 |  Source: -at jdk.graal.compiler.hotspot.replacements.HotSpotAllocationSnippets.allocateArray(KlassPointer, int, int, int, AllocationSnippets$FillContent, int, boolean, boolean, boolean, boolean, HotSpotAllocationSnippets$HotSpotAllocationProfilingData, boole
Comp 157 (json.JsonPureStringParser.readNumber()) loops:
Found Encoding : 0:-1
└── Loop 0
  loop 0 Cycles: 6781868820 || Activation Count:0 | LoopCallCount: 3 |  Source: -at json.JsonPureStringParser.readNumber() [bci: 39] | -at json.JsonPureStringParser.readDigit() [bci: 7]
-at json.JsonPureStringParser.readNumber() [bci: 40]
Comp 165 (som.Vector.<init>()) loops:
Found Encoding : 0:-1
└── Loop 0
  loop 0 Cycles: 245298 || Activation Count:0 | LoopCallCount: 0 |  Source: -at jdk.graal.compiler.hotspot.replacements.HotSpotAllocationSnippets.allocateArray(KlassPointer, int, int, int, AllocationSnippets$FillContent, int, boolean, boolean, boolean, boolean, HotSpotAllocationSnippets$HotSpotAllocationProfilingData, boole
Comp 167 (json.JsonPureStringParser.readObject()) loops:
Found Encoding : 1:-1,4:-1,5:-1,0:-1,2:-1,3:-1
├── Loop 1
├── Loop 4
├── Loop 5
├── Loop 0
├── Loop 2
└── Loop 3
  loop 0 Cycles: 259012771870 || Activation Count:0 | LoopCallCount: 10 |  Source: -at json.JsonPureStringParser.readObject() [bci: 27] | -at json.JsonPureStringParser.readChar(String) [bci: 11]
-at json.JsonPureStringParser.readObject() [bci: 77]
  loop 1 Cycles: 542236880 || Activation Count:0 | LoopCallCount: 0 |  Source: -at jdk.graal.compiler.hotspot.replacements.HotSpotAllocationSnippets.allocateArray(KlassPointer, int, int, int, AllocationSnippets$FillContent, int, boolean, boolean, boolean, boolean, HotSpotAllocationSnippets$HotSpotAllocationProfilingData, boole
  loop 2 Cycles: 65501852 || Activation Count:0 | LoopCallCount: 0 |  Source: -at jdk.graal.compiler.hotspot.replacements.HotSpotAllocationSnippets.allocateArray(KlassPointer, int, int, int, AllocationSnippets$FillContent, int, boolean, boolean, boolean, boolean, HotSpotAllocationSnippets$HotSpotAllocationProfilingData, boole
  loop 3 Cycles: 67261340 || Activation Count:0 | LoopCallCount: 0 |  Source: -at jdk.graal.compiler.hotspot.replacements.HotSpotAllocationSnippets.allocateArray(KlassPointer, int, int, int, AllocationSnippets$FillContent, int, boolean, boolean, boolean, boolean, HotSpotAllocationSnippets$HotSpotAllocationProfilingData, boole
  loop 4 Cycles: 538714968 || Activation Count:0 | LoopCallCount: 0 |  Source: -at jdk.graal.compiler.hotspot.replacements.HotSpotAllocationSnippets.allocateArray(KlassPointer, int, int, int, AllocationSnippets$FillContent, int, boolean, boolean, boolean, boolean, HotSpotAllocationSnippets$HotSpotAllocationProfilingData, boole
  loop 5 Cycles: 539540484 || Activation Count:0 | LoopCallCount: 0 |  Source: -at jdk.graal.compiler.hotspot.replacements.HotSpotAllocationSnippets.allocateArray(KlassPointer, int, int, int, AllocationSnippets$FillContent, int, boolean, boolean, boolean, boolean, HotSpotAllocationSnippets$HotSpotAllocationProfilingData, boole
Comp 192 (java.util.Arrays.copyOf(Object[],) loops:
Found Encoding : 0:-1
└── Loop 0
  loop 0 Cycles: 16620346 || Activation Count:0 | LoopCallCount: 0 |  Source: -at jdk.graal.compiler.hotspot.replacements.HotSpotAllocationSnippets.allocateArray(KlassPointer, int, int, int, AllocationSnippets$FillContent, int, boolean, boolean, boolean, boolean, HotSpotAllocationSnippets$HotSpotAllocationProfilingData, boole
Comp 205 (Benchmark.innerBenchmarkLoop(int)) loops:
Found Encoding : 0:-1
└── Loop 0
  loop 0 Cycles: 54675328 || Activation Count:0 | LoopCallCount: 2 |  Source: -at Benchmark.innerBenchmarkLoop(int) [bci: 2] | -at Benchmark.innerBenchmarkLoop(int) [bci: 26]
Comp 206 (Benchmark.innerBenchmarkLoop(int)-Re-Comp) loops:
Found Encoding : 0:-1
└── Loop 0
  loop 0 Cycles: 89156297362 || Activation Count:0 | LoopCallCount: 2 |  Source: -at Benchmark.innerBenchmarkLoop(int) [bci: 2] | -at Benchmark.innerBenchmarkLoop(int) [bci: 26]
Comp 207 (java.lang.StringLatin1.inflate(byte[],) loops:
Found Encoding : 0:-1,1:-1,2:-1
├── Loop 0
├── Loop 1
└── Loop 2
  loop 0 Cycles: 10304 || Activation Count:0 | LoopCallCount: 0 |  Source: -at java.lang.StringLatin1.inflate(StringLatin1.java:767) [bci: 3] | -at java.lang.StringLatin1.inflate(StringLatin1.java:770) [bci: 33]
  loop 1 Cycles: 13862 || Activation Count:0 | LoopCallCount: 0 |  Source: Source Missing | -at java.lang.StringLatin1.inflate(StringLatin1.java:770) [bci: 33]
  loop 2 Cycles: 10916 || Activation Count:0 | LoopCallCount: 0 |  Source: Source Missing | -at java.lang.StringLatin1.inflate(StringLatin1.java:770) [bci: 33]

Finished Json BuboOn at Mon 26 Jan 12:38:34 GMT 2026
============================================================
