============================================================
Benchmark: Sieve
BuboLIRPhase: true
RUNS: 500
extra_args: 10000
Replay file: /home/hb478/repos/GTSlowdownSchedular/FinalBuboTests/WithoutProbe/AWFY/Sieve/Sieve_CompilerReplay
Timestamp: Mon 26 Jan 12:36:15 GMT 2026

Could not locate BlockSlowdown.json
Skipping Loading (this might cause a fatal crash if GTSlowdown is on)
[Use -Djdk.graal.LogFile=<path> to redirect Graal log output to a file.]
java.lang.module.ModuleDescriptor.name()java.lang.String -1 codeSignature differs 5be282a10c496d4000571a6844c9c0bc109901813a12d3aea5364efad6a66c85 != 56a4ef2702ccb7a079a36c5f0ed4055a5908c2e7a9296eac6b3ffe2db37f4a2d
java.lang.module.ModuleReference.descriptor()java.lang.module.ModuleDescriptor -1 codeSignature differs 14be906eafbcd0e98db8607fd01b12de837039bcd06c460d0cf8f6394c8cff6d != da5cf171143f5513c1e4cdf5bb02fc95a3ea90774fedf9fb851ec26a1218a12f
java.lang.Enum.ordinal()int -1 codeSignature differs d4ce072063a0e5d7b77fa03ca89aafb8f3e3ecf13c518dc1905e344d1e62c58a != e88b1ad01cee91360e4f1ac151ade0525982fae29bddccb8434060766b83fd62
java.lang.Class.isPrimitive()boolean -1 codeSignature differs 98ab40cf2ebcc843a57e4548f9a42e2e9f3f439b3cfc72b2a9affe72c8d06a5f != 5b9fc3b01b5ff747850254186cdcc08e50c4f85fb4d4d68bc0989fcb181794f8
jdk.internal.util.StrongReferenceKey.get()java.lang.Object -1 codeSignature differs 14be906eafbcd0e98db8607fd01b12de837039bcd06c460d0cf8f6394c8cff6d != da5cf171143f5513c1e4cdf5bb02fc95a3ea90774fedf9fb851ec26a1218a12f
java.lang.Class.getClassLoader()java.lang.ClassLoader -1 codeSignature differs 1ec746d9657abb2124f404e47924197593986fc62346c6cd76072c08e29afddf != 454facf798c6644faed5619d9e1dae25408778409730f09c41b1c0c95518fd46
java.lang.invoke.MethodType.returnType()java.lang.Class -1 codeSignature differs 14be906eafbcd0e98db8607fd01b12de837039bcd06c460d0cf8f6394c8cff6d != da5cf171143f5513c1e4cdf5bb02fc95a3ea90774fedf9fb851ec26a1218a12f
jdk.internal.classfile.impl.AbstractPoolEntry.index()int -1 codeSignature differs d4ce072063a0e5d7b77fa03ca89aafb8f3e3ecf13c518dc1905e344d1e62c58a != e88b1ad01cee91360e4f1ac151ade0525982fae29bddccb8434060766b83fd62
java.lang.invoke.MemberName.getDeclaringClass()java.lang.Class -1 codeSignature differs b46e439bc51650ff335d2a7124f0b0154f260fe1af8ba145c6fd3cf5008c9e4e != de7d2501b6c4ceaef40260482daf6e5ea615f5f43bc71d4e0a42f41866056e09
java.lang.invoke.MethodType.form()java.lang.invoke.MethodTypeForm -1 codeSignature differs 5be282a10c496d4000571a6844c9c0bc109901813a12d3aea5364efad6a66c85 != 56a4ef2702ccb7a079a36c5f0ed4055a5908c2e7a9296eac6b3ffe2db37f4a2d
java.util.stream.FindOps$FindSink.cancellationRequested()boolean -1 codeSignature differs 55af0dc4b7688c78180d5f5b00584e4bf66cf93bd60716f9aab49e7a6fd64ac4 != d201d3c970d1bea0e5266b3abd2e0b5e37d50f57628f0f6798d16338d8e21f6a
java.lang.Object.<init>()void -1 codeSignature differs fe534d3aac0502b22527b54e744892c09d7496fd765947a3ee3ec9a070d56f92 != b5ee38686824d688fb238521bf027287d22a9235c6ea851247456595ee3c4ca5
java.lang.String.hashCode()int -1 codeSignature differs cd869c87835ef8242ee90410caccd8a61a63cd99231e11f83fcdc76366e70264 != aa1e9c2f9ea239d2fb15b2f7ff9a60f790f0544470df5bee9a657461c7ae39f8
jdk.internal.module.ModuleReferenceImpl.moduleResolution()jdk.internal.module.ModuleResolution -1 codeSignature differs b76db95b8fd3a055b26c3a6c15023743ea3cd488646d474319964a2e9e13b73e != c90e5cf05b5ed15b2ee4632b0f01daf8e8a827ca7e4e1d9f528d5eb553edbcfd
java.lang.module.ModuleDescriptor$Requires.modifiers()java.util.Set -1 codeSignature differs 14be906eafbcd0e98db8607fd01b12de837039bcd06c460d0cf8f6394c8cff6d != da5cf171143f5513c1e4cdf5bb02fc95a3ea90774fedf9fb851ec26a1218a12f
java.lang.module.ModuleDescriptor$Requires.name()java.lang.String -1 codeSignature differs 90f01eeb46d88d53d0e4e48ef19445eb3bdf8101a00c7dc3f717a337df9fb41f != c4651eecda0d588acaac43a9ae165ea6a40380899e75b0e7578d22406e0c012a
java.lang.module.ModuleDescriptor.requires()java.util.Set -1 codeSignature differs 50021c78154f047ad8f88f0733084203e726ca2f3911eed3f4e2615369ae39b2 != a12f6d231bab91ade119f5f7e87b83e28ce01e2d62fff01cc7676b635a92f884
java.lang.module.ModuleDescriptor.isAutomatic()boolean -1 codeSignature differs 2c5d9434fa6cbff1c0177053ad01774247e7a98383a3d0ee5c4dccbf56bf9e86 != 08dea6d6ec137b950a0343efb1bd030f87565d8e5b95eb64f025bd8e338928e2
java.util.HashMap$Node.getKey()java.lang.Object -1 codeSignature differs 90f01eeb46d88d53d0e4e48ef19445eb3bdf8101a00c7dc3f717a337df9fb41f != c4651eecda0d588acaac43a9ae165ea6a40380899e75b0e7578d22406e0c012a
java.util.HashMap$Node.getValue()java.lang.Object -1 codeSignature differs 5be282a10c496d4000571a6844c9c0bc109901813a12d3aea5364efad6a66c85 != 56a4ef2702ccb7a079a36c5f0ed4055a5908c2e7a9296eac6b3ffe2db37f4a2d
java.util.ImmutableCollections$Set12.isEmpty()boolean -1 codeSignature differs d890ffc04cd03ec866061096d7d13d2670cacc5a2328b692374e3523d40574bd != 6120e833de16ceab3ef754d1b00c19883b3f73962ba2cdf17c59c3710ba02d36
java.lang.module.ModuleDescriptor$Exports.source()java.lang.String -1 codeSignature differs 90f01eeb46d88d53d0e4e48ef19445eb3bdf8101a00c7dc3f717a337df9fb41f != c4651eecda0d588acaac43a9ae165ea6a40380899e75b0e7578d22406e0c012a
java.lang.module.ModuleDescriptor$Exports.targets()java.util.Set -1 codeSignature differs 5be282a10c496d4000571a6844c9c0bc109901813a12d3aea5364efad6a66c85 != 56a4ef2702ccb7a079a36c5f0ed4055a5908c2e7a9296eac6b3ffe2db37f4a2d
java.lang.module.ModuleDescriptor.provides()java.util.Set -1 codeSignature differs 309d9291f2d3c2a63becdec49b2c74b25af9d7fdc62dad05faf86a64889608fc != f5d85dfdf7fef12d65d210d402c44bf26eeb0fb3f9225e78ee6443caec31b619
java.lang.module.ModuleDescriptor.exports()java.util.Set -1 codeSignature differs 948d21eddb9ad191efbc24290e4e840a30aebb134151b75def9175ab54c0a48c != c3334e7c488922d9ee7281afad5b7ca4db54a4ab2b49cf0e755dc0a6c55854b4
java.lang.module.ModuleDescriptor.uses()java.util.Set -1 codeSignature differs e3ce51591a4fee3aaff0c687fbb639bc8c1569c92e84d989cdc906a081a3aa6f != 69f900c261d900c3a12e3d84961667caa75caf8ed42490b80edd3cdf23db4832
java.util.Objects.requireNonNull(java.lang.Object)java.lang.Object -1 codeSignature differs fab3390bacdc1c06ac727172609d32d56c9697db51c25bc06ba90803d6336aa7 != 5f34d305ad8c459e05cc78e8e67ce712079a25140f4444aee0bca43f73c4de02
java.util.ImmutableCollections$SetN$SetNIterator.hasNext()boolean -1 codeSignature differs 014069b9d29ae67f97f8d652b8d7a77d9057cdb393e4e32597c925d7a30bdc82 != 60575b8cd4d2a8242a8aab77fb607844ec4f52bcc97ca89e8880d7f6422024af
java.util.ImmutableCollections$SetN$SetNIterator.next()java.lang.Object -1 codeSignature differs 1cd7ec404b399886be917d4acb08e03556fd7c60be9bbc5d21c5aa5961bdaded != 3ebd7591a8a487390491b17f6bf1893dd8d3d0cbebb3582e4492c3d36ffe7e42
java.util.ImmutableCollections$SetN$SetNIterator.next()java.lang.Object -1 graphSignature differs cc325e064e7585e0e6736addc07d3b5b1a1e9ec52f960e7777496af159b5096f != 920e12a7ee41cc3a0a3487d03bd48833bfc4e8d416bdbae7234f8ba199084b4d
java.util.HashMap.hash(java.lang.Object)int -1 codeSignature differs bc12d10fa20da47e1b6078593ca32b63fb773d80ca92fa9658528ecadc8287d1 != d40bd27b2c4bdc2b6b785c7daff9fd6dc1db999177ec266ca4d91fc3e8f049df
java.lang.module.ModuleDescriptor$Provides.service()java.lang.String -1 codeSignature differs 14be906eafbcd0e98db8607fd01b12de837039bcd06c460d0cf8f6394c8cff6d != da5cf171143f5513c1e4cdf5bb02fc95a3ea90774fedf9fb851ec26a1218a12f
java.lang.module.ModuleDescriptor$Exports.isQualified()boolean -1 codeSignature differs f1c0df58df4eac97354520f30e41cf47087d4cc6f96e0d6e1ecea92f6a7c53f8 != 9230ab0a96a002830ad644be83e9a1e9c0f6099bf3bd7741dd8182cd09f05efb
java.util.HashMap.putVal(int, java.lang.Object, java.lang.Object, boolean, boolean)java.lang.Object -1 codeSignature differs 82016e17d8e60d5b0023fde82de1d2a0df9d66d8ea140a2ce347a6d89b7dd42f != bec508ed65b4e92cc6d54adbf8553bd5845f97e1b6d376eb75cae468a3c08fba
java.util.HashMap.putVal(int, java.lang.Object, java.lang.Object, boolean, boolean)java.lang.Object -1 graphSignature differs ee09f2c8e8aef299f145f669ac6d290ab921c200bee62674b2ab14a5f207c19a != 5a74e12f320f5360d51b0bb3946f087ce2dce5afa144b15d312a3acc1621c4cf
java.lang.String.equals(java.lang.Object)boolean -1 codeSignature differs 1b81cb89f6505a5995dbabe425a69a03531cfa5e9b0bad05edda29235b5071d3 != 9d4deb1417e3dc3304e6e48d0050681b843c1c29f58a963fe6d7cb88c5948543
java.lang.String.equals(java.lang.Object)boolean -1 graphSignature differs 240f841b413bb8bd2af4877cb3753eac11d3bdc482d702e067df992e72784ebb != 2d841e5f6ff33687ba2a8e89c73735b82c892266d476f740b43f9fc2b4d21873
java.lang.Byte.toUnsignedInt(byte)int -1 codeSignature differs ef53887b8aa24310d9482f8fff2e03d6f5088235fdd6794c9711e90d2fb316a1 != 13d5f6657504f424775e099bdc463c00fbb2dd5e93459aa3373cba81212b5a0d
java.util.KeyValueHolder.getKey()java.lang.Object -1 codeSignature differs 14be906eafbcd0e98db8607fd01b12de837039bcd06c460d0cf8f6394c8cff6d != da5cf171143f5513c1e4cdf5bb02fc95a3ea90774fedf9fb851ec26a1218a12f
java.util.KeyValueHolder.getValue()java.lang.Object -1 codeSignature differs 90f01eeb46d88d53d0e4e48ef19445eb3bdf8101a00c7dc3f717a337df9fb41f != c4651eecda0d588acaac43a9ae165ea6a40380899e75b0e7578d22406e0c012a
java.lang.module.ModuleDescriptor.packages()java.util.Set -1 codeSignature differs 1ec746d9657abb2124f404e47924197593986fc62346c6cd76072c08e29afddf != 454facf798c6644faed5619d9e1dae25408778409730f09c41b1c0c95518fd46
java.lang.module.ResolvedModule.reference()java.lang.module.ModuleReference -1 codeSignature differs 90f01eeb46d88d53d0e4e48ef19445eb3bdf8101a00c7dc3f717a337df9fb41f != c4651eecda0d588acaac43a9ae165ea6a40380899e75b0e7578d22406e0c012a
java.util.HashMap$Node.<init>(int, java.lang.Object, java.lang.Object, java.util.HashMap$Node)void -1 codeSignature differs 80eac29251ec18a9b00a3ff77aa44e1fdab83b38748cbb5ea5eef00b7ad7f22b != a2d63fce582075e41dbc901882dbb2768b8ed33f258823f0bcfface585dec9a0
java.lang.module.ModuleDescriptor$Version.toString()java.lang.String -1 codeSignature differs 14be906eafbcd0e98db8607fd01b12de837039bcd06c460d0cf8f6394c8cff6d != da5cf171143f5513c1e4cdf5bb02fc95a3ea90774fedf9fb851ec26a1218a12f
java.lang.AbstractStringBuilder.length()int -1 codeSignature differs d4ce072063a0e5d7b77fa03ca89aafb8f3e3ecf13c518dc1905e344d1e62c58a != e88b1ad01cee91360e4f1ac151ade0525982fae29bddccb8434060766b83fd62
java.util.HashMap.newNode(int, java.lang.Object, java.lang.Object, java.util.HashMap$Node)java.util.HashMap$Node -1 codeSignature differs 0b57ad3d0ea1b0de0d3ae4d1256f2a3bf2dacceb94022bee4e70d75bf1848358 != df85b2b14fb5de70af8f6a1aa6efa050fdaf0546a0197d26ebd4113543cc599e
java.util.HashMap.afterNodeInsertion(boolean)void -1 codeSignature differs fe534d3aac0502b22527b54e744892c09d7496fd765947a3ee3ec9a070d56f92 != b5ee38686824d688fb238521bf027287d22a9235c6ea851247456595ee3c4ca5
java.util.HashMap.resize()java.util.HashMap$Node[] -1 codeSignature differs 04730fbed9b9526ce3c3ebe245e8e8328b516b1c1fcfab72f68ac1f7cc680566 != 9ecdc82662c26a54fb96c75b700492e9a5f3d31d579eb7fec087acf3e46e1a52
java.util.HashMap.resize()java.util.HashMap$Node[] -1 graphSignature differs 8621339e67ed630b148c0b60d4ece2a8f5e4dc640c7e625f721a8babedbc3813 != 907f32e8439d3100299993dcad76560e08b0f705baa3a6e36f739c5640084aa9
java.lang.module.ResolvedModule.configuration()java.lang.module.Configuration -1 codeSignature differs 14be906eafbcd0e98db8607fd01b12de837039bcd06c460d0cf8f6394c8cff6d != da5cf171143f5513c1e4cdf5bb02fc95a3ea90774fedf9fb851ec26a1218a12f
java.lang.module.ModuleDescriptor.isOpen()boolean -1 codeSignature differs 7251ebfc69511ba11260ce3e5fe8de41e1ee424c1c84ef382507a4b520f46599 != c4f3939346c24cd7625b42361349cb6733a9291eeffd7507e7bf858c000192f4
java.util.HashMap.size()int -1 codeSignature differs 55d12884885f16e44e8204f924f64617688caf405b709d32e1e72896f6c27c3d != 9a030125c16a396ec668abdad74e59397cb88f5e4ba93604e8c6b48c6233e93d
Could not locate BlockSlowdown.json
Skipping Loading (this might cause a fatal crash if GTSlowdown is on)
java.util.zip.ZipCoder$UTF8ZipCoder.isUTF8()boolean -1 codeSignature differs 6e3a14458a0fca90e6a63285514a933585cea592cb622e79b33ddc5df6e0fb66 != 6fdd5e023f8b36c06ccfc437f07740607e2fd6af8789c2b6573b1f8e5aec4921
java.lang.invoke.MethodType.ptypes()java.lang.Class[] -1 codeSignature differs 90f01eeb46d88d53d0e4e48ef19445eb3bdf8101a00c7dc3f717a337df9fb41f != c4651eecda0d588acaac43a9ae165ea6a40380899e75b0e7578d22406e0c012a
jdk.internal.util.Preconditions.checkIndex(int, int, java.util.function.BiFunction)int -1 codeSignature differs 0537b0c8dc5fe868ee44de1817c0b047b24d886158549ad641b2b99126c678bb != 097cdde476e7d7a11441cfa0c37471ca0a888d4c4166d67eed1a7e5c4df66c77
java.nio.Buffer.limit()int -1 codeSignature differs 55d12884885f16e44e8204f924f64617688caf405b709d32e1e72896f6c27c3d != 9a030125c16a396ec668abdad74e59397cb88f5e4ba93604e8c6b48c6233e93d
jdk.internal.classfile.impl.AbstractPoolEntry.width()int -1 codeSignature differs 6e3a14458a0fca90e6a63285514a933585cea592cb622e79b33ddc5df6e0fb66 != 6fdd5e023f8b36c06ccfc437f07740607e2fd6af8789c2b6573b1f8e5aec4921
jdk.internal.classfile.impl.SplitConstantPool.size()int -1 codeSignature differs 1e851f5b2cbf37c0cd46831368dd889b60dff01d7b16161259960e24b264ceb1 != d37b0c203163b479a20ad6e2dad4e21eac1f1ad9b1ebc37e97f7861914a001ed
java.util.Properties$LineReader.readLine()int -1 codeSignature differs d1114acfd7139e9cf3eabbb9d4053f819fdc8a37958d43dbff4c114b20a06aab != 43961d71b71ba232ed2694d540aa571e36bd52adf8e4b027613a65dc317ee3ed
java.util.Properties$LineReader.readLine()int -1 graphSignature differs 2b486d112efd309f21b56eed8c0bb9d78dd9081f799ef08ff7c803bfde611f4a != 878ec244077db65df33a3f7d09ba7cba637998f872be81e8c5729e664e547e01
java.lang.AbstractStringBuilder.getValue()byte[] -1 codeSignature differs 5be282a10c496d4000571a6844c9c0bc109901813a12d3aea5364efad6a66c85 != 56a4ef2702ccb7a079a36c5f0ed4055a5908c2e7a9296eac6b3ffe2db37f4a2d
java.lang.Enum.name()java.lang.String -1 codeSignature differs 5be282a10c496d4000571a6844c9c0bc109901813a12d3aea5364efad6a66c85 != 56a4ef2702ccb7a079a36c5f0ed4055a5908c2e7a9296eac6b3ffe2db37f4a2d
jdk.internal.util.ArraysSupport.unsignedHashCode(int, byte[], int, int)int -1 codeSignature differs 6cf4fb7fd874e15c16cb0f5b0e5aea3b0fd58bc8fcf38c48c000e5c66e2ad6a8 != 4dd8a0d23b54449c010a38548a4ec34726658ad72759db6c8d42ad0645f343a2
jdk.internal.util.ArraysSupport.unsignedHashCode(int, byte[], int, int)int -1 graphSignature differs 19b74d2985bd215adc18bbf16eb571f75605eb5502bcec63b71bd357cc668d6e != ec48f9da76be66a6b56b9242fa5c79b96c5a2b790a5832893550f14895067602
sun.util.locale.BaseLocale.getLanguage()java.lang.String -1 codeSignature differs 90f01eeb46d88d53d0e4e48ef19445eb3bdf8101a00c7dc3f717a337df9fb41f != c4651eecda0d588acaac43a9ae165ea6a40380899e75b0e7578d22406e0c012a
java.util.LinkedHashMap.removeEldestEntry(java.util.Map$Entry)boolean -1 codeSignature differs d890ffc04cd03ec866061096d7d13d2670cacc5a2328b692374e3523d40574bd != 6120e833de16ceab3ef754d1b00c19883b3f73962ba2cdf17c59c3710ba02d36
java.util.concurrent.ConcurrentHashMap.tabAt(java.util.concurrent.ConcurrentHashMap$Node[], int)java.util.concurrent.ConcurrentHashMap$Node -1 codeSignature differs 71d647ba8c6a0b4ea5a8b561fe43e8bed960c9cb04034a7aef626c5d8360de6d != 822749e9eab55cf0ab08d112d11f644faf7767e7d7f602f22b2982e4341c74e7
jdk.internal.misc.Unsafe.getReferenceAcquire(java.lang.Object, long)java.lang.Object -1 codeSignature differs 0be5c2bda59735ac5470d27796a18d252d59667b906c14721265d97be8abdd5a != a748a0c1fa3d1b22da119249a3931a9411370dff9604e49b3d7ef522719454b3
java.lang.String.coder()byte -1 codeSignature differs f3a73f0f7ffcffdf8962f6b17b32b9d22dceb70a6321ad4e83f092ac924fb640 != 957313288ef4bdda0b4cd025d583dcf3b718c3f3a50464b737eb27e80ce0139f
java.security.Provider$Service.getType()java.lang.String -1 codeSignature differs 90f01eeb46d88d53d0e4e48ef19445eb3bdf8101a00c7dc3f717a337df9fb41f != c4651eecda0d588acaac43a9ae165ea6a40380899e75b0e7578d22406e0c012a
java.security.Provider$Service.getAlgorithm()java.lang.String -1 codeSignature differs 5be282a10c496d4000571a6844c9c0bc109901813a12d3aea5364efad6a66c85 != 56a4ef2702ccb7a079a36c5f0ed4055a5908c2e7a9296eac6b3ffe2db37f4a2d
java.security.Provider$Service.getAliases()java.util.List -1 codeSignature differs ec9959256dfdc1e5d707b10920cbff0d77d6151df3608588ba4900964b3e0488 != 48d94502b891e4704180e00ca37d65d0a704038e75c0e2368237a34efba54df3
jdk.internal.classfile.impl.RawBytecodeHelper.bci()int -1 codeSignature differs fe46e3fea17c2bcac25676024acf43715946ed13832c36004058f315d01e6ed3 != e2795d501a46b0bfb6e8c56434b112c0ea54a81c9e313ecde41f1f8b0f3deb09
jdk.internal.classfile.impl.AbstractPoolEntry.constantPool()java.lang.classfile.constantpool.ConstantPool -1 codeSignature differs 5be282a10c496d4000571a6844c9c0bc109901813a12d3aea5364efad6a66c85 != 56a4ef2702ccb7a079a36c5f0ed4055a5908c2e7a9296eac6b3ffe2db37f4a2d
jdk.internal.util.WeakReferenceKey.hashCode()int -1 codeSignature differs 55d12884885f16e44e8204f924f64617688caf405b709d32e1e72896f6c27c3d != 9a030125c16a396ec668abdad74e59397cb88f5e4ba93604e8c6b48c6233e93d
java.lang.String.value()byte[] -1 codeSignature differs 5be282a10c496d4000571a6844c9c0bc109901813a12d3aea5364efad6a66c85 != 56a4ef2702ccb7a079a36c5f0ed4055a5908c2e7a9296eac6b3ffe2db37f4a2d
java.lang.String.isLatin1()boolean -1 codeSignature differs 7fbdb74539501cf2e6eb2a3c4a15d0e6598aaf73df2e1a5e20fd95a35a58b24e != 3176213e3be72bb5e1b482eae8a1c07901556750cdd7d42ef0cea4727e1ff083
Starting Sieve benchmark ...
Sieve.sieve(boolean[], int)int -1 codeSignature differs 52390cf9207241263459e854861640d9b23e98265da15384747d1e18a07a8f37 != 12dc0122171ceea55c7c5277e3c3000497dab3e0abae768269ff1ccc4cd70435
Sieve.sieve(boolean[], int)int -1 graphSignature differs 7e80be8bbcc8a8a6f17a8d0826d356ddfb5cd73960fb46deca61c5687b5abb64 != 6029b634320fdd81ec6cbb2a6caea4c407b4bdb34400037c446a7fbf01308e6b
java.util.Arrays.fill(boolean[], boolean)void -1 codeSignature differs eac96c83314979c5d73b80dea5c74505a990100ed1de6fc4923e41beb996e797 != 2131355f24c2a27d3878459f354275eaa17fa8de2828fcf37111b33b2c21b4f2
java.util.Arrays.fill(boolean[], boolean)void -1 graphSignature differs 34c65a99dad784f8475d0a0590f31f7beeccd5751317745069f001ca1031865a != a28f18271125eb94137ad7c1a3e2e4244ab9031c2d30046bd52be26f376558b0
java.lang.Integer.intValue()int -1 codeSignature differs d4ce072063a0e5d7b77fa03ca89aafb8f3e3ecf13c518dc1905e344d1e62c58a != e88b1ad01cee91360e4f1ac151ade0525982fae29bddccb8434060766b83fd62
java.lang.Integer.valueOf(int)java.lang.Integer -1 codeSignature differs e0bdf367389f697e76db20cb1fe98adbe7132cb141d63b04e461c04c324cb0d2 != 932de8bb2d151f755c5a79b69142cc7057d04b54361f2479095c1f1a2328565c
Sieve.benchmark()java.lang.Object -1 codeSignature differs eaa38e0e3d77af302892413c942cf1349c1c3efb652158effc70cb73a3084565 != cecbe5526482adc1d93f0688823cbf45a0ee13007105fef6d0dd464aebb32c59
Sieve.benchmark()java.lang.Object -1 graphSignature differs 2af187699012e02080174113549163ae2fddf9373304b8b653759e970c3df0f7 != 32232ce9e7eafe14d16fcf0dfe7ead77c3067a89b585332a1d1d809d8fbceb30
Sieve.verifyResult(java.lang.Object)boolean -1 codeSignature differs d75c2f85114e3e7a04661ab3ca87d6b679143855321c15a38cd061ee9570ec6f != de8ef35bbcf491c2f835fd8ea7f89f8ce7f79abc7e87b84cbbb615860dafa3b1
jdk.internal.constant.ClassOrInterfaceDescImpl.descriptorString()java.lang.String -1 codeSignature differs 14be906eafbcd0e98db8607fd01b12de837039bcd06c460d0cf8f6394c8cff6d != da5cf171143f5513c1e4cdf5bb02fc95a3ea90774fedf9fb851ec26a1218a12f
jdk.internal.classfile.impl.BufWriterImpl.size()int -1 codeSignature differs fe46e3fea17c2bcac25676024acf43715946ed13832c36004058f315d01e6ed3 != e2795d501a46b0bfb6e8c56434b112c0ea54a81c9e313ecde41f1f8b0f3deb09
java.lang.invoke.MethodTypeForm.erasedType()java.lang.invoke.MethodType -1 codeSignature differs 90f01eeb46d88d53d0e4e48ef19445eb3bdf8101a00c7dc3f717a337df9fb41f != c4651eecda0d588acaac43a9ae165ea6a40380899e75b0e7578d22406e0c012a
jdk.internal.classfile.impl.AbstractDirectBuilder.constantPool()jdk.internal.classfile.impl.SplitConstantPool -1 codeSignature differs 14be906eafbcd0e98db8607fd01b12de837039bcd06c460d0cf8f6394c8cff6d != da5cf171143f5513c1e4cdf5bb02fc95a3ea90774fedf9fb851ec26a1218a12f
java.lang.StringLatin1.equals(byte[], byte[])boolean -1 codeSignature differs df3b672c4faf9b8e9c81d37ba53892d5bb76d91b2605d923dadb481f79796d8a != 625a83ff75952a5d0a805a4c58b62ea8ac6fa4c2e347559de275b3de58e5cde6
java.lang.StringLatin1.equals(byte[], byte[])boolean -1 graphSignature differs f47d0b1647dabd6f0108a1c873e12c6a64939992dcc9e97f79a9e6e1f1af8649 != cda1bda6b067c21da86f5c9b00220a168b94ff95811df6ee0a57435eb4ec0473
java.lang.invoke.MethodHandle.type()java.lang.invoke.MethodType -1 codeSignature differs 90f01eeb46d88d53d0e4e48ef19445eb3bdf8101a00c7dc3f717a337df9fb41f != c4651eecda0d588acaac43a9ae165ea6a40380899e75b0e7578d22406e0c012a
java.util.ArrayList.size()int -1 codeSignature differs fe46e3fea17c2bcac25676024acf43715946ed13832c36004058f315d01e6ed3 != e2795d501a46b0bfb6e8c56434b112c0ea54a81c9e313ecde41f1f8b0f3deb09
Sieve: iterations=1 runtime: 226998us
Sieve: iterations=2 runtime: 185819us
Benchmark.innerBenchmarkLoop(int)boolean -1 codeSignature differs 7755d28af408fe4591b6daa3170468914e11501776b7842e1ee8499499247311 != 427bbd8ce6fde8630ac9d94e796978b5bf3fffd19ece3326485b1a91764463a5
Benchmark.innerBenchmarkLoop(int)boolean -1 graphSignature differs 6f88abe42320b21e82d5b69e59d9cc23048b2436cdcb2afc38b324a1f78d1f16 != 9e04699f9293fc9b63c57138e02cc685adffec6db96bf023308ca622870a9133
Sieve: iterations=3 runtime: 203974us
Sieve: iterations=4 runtime: 184111us
Sieve: iterations=5 runtime: 181072us
Sieve: iterations=6 runtime: 182096us
Sieve: iterations=7 runtime: 183600us
Sieve: iterations=8 runtime: 181377us
Sieve: iterations=9 runtime: 184463us
Sieve: iterations=10 runtime: 182716us
Sieve: iterations=11 runtime: 181181us
java.lang.String.length()int -1 codeSignature differs 5f2a9f3bb1f4f800ea4f2ad278553dedcfc789fe27a155b26df986828b30ede3 != c429f09bde0922a4e93c787fa5a5cdbca277237619ab7dc7eb3cc60d99b0f3aa
Sieve: iterations=12 runtime: 180746us
Sieve: iterations=13 runtime: 182507us
Sieve: iterations=14 runtime: 180000us
Sieve: iterations=15 runtime: 180233us
Sieve: iterations=16 runtime: 182263us
Sieve: iterations=17 runtime: 180708us
Sieve: iterations=18 runtime: 181297us
Sieve: iterations=19 runtime: 181964us
Could not locate BlockSlowdown.json
Skipping Loading (this might cause a fatal crash if GTSlowdown is on)
java.nio.Buffer.position()int -1 codeSignature differs 3f64cd4fafea8a3cef87601314961681d43f2aa75c3a358c1b0ce8d9a1c4731a != a754d4fbb14cb674813e5d56933661602e017cf332100c6f35524287a66eeea9
Sieve: iterations=20 runtime: 180882us
Sieve: iterations=21 runtime: 186214us
Sieve: iterations=22 runtime: 190953us
Sieve: iterations=23 runtime: 180868us
Sieve: iterations=24 runtime: 180935us
Sieve: iterations=25 runtime: 182377us
Sieve: iterations=26 runtime: 180834us
Sieve: iterations=27 runtime: 180503us
Sieve: iterations=28 runtime: 182634us
Sieve: iterations=29 runtime: 181111us
Sieve: iterations=30 runtime: 181130us
Sieve: iterations=31 runtime: 182576us
Sieve: iterations=32 runtime: 181090us
Sieve: iterations=33 runtime: 180880us
Sieve: iterations=34 runtime: 182562us
Sieve: iterations=35 runtime: 180479us
Sieve: iterations=36 runtime: 180667us
Sieve: iterations=37 runtime: 183113us
Sieve: iterations=38 runtime: 180647us
Sieve: iterations=39 runtime: 184567us
Sieve: iterations=40 runtime: 185519us
Sieve: iterations=41 runtime: 180307us
Sieve: iterations=42 runtime: 180710us
Sieve: iterations=43 runtime: 182644us
Sieve: iterations=44 runtime: 187652us
Sieve: iterations=45 runtime: 180992us
Sieve: iterations=46 runtime: 182747us
Sieve: iterations=47 runtime: 180296us
Sieve: iterations=48 runtime: 180397us
Sieve: iterations=49 runtime: 183184us
Sieve: iterations=50 runtime: 180908us
Sieve: iterations=51 runtime: 180731us
Sieve: iterations=52 runtime: 181755us
Sieve: iterations=53 runtime: 180737us
Sieve: iterations=54 runtime: 180946us
Sieve: iterations=55 runtime: 181416us
Sieve: iterations=56 runtime: 180843us
Sieve: iterations=57 runtime: 180630us
Sieve: iterations=58 runtime: 180756us
Sieve: iterations=59 runtime: 180183us
Sieve: iterations=60 runtime: 180067us
Sieve: iterations=61 runtime: 181791us
Sieve: iterations=62 runtime: 180490us
Sieve: iterations=63 runtime: 180267us
Sieve: iterations=64 runtime: 182149us
Sieve: iterations=65 runtime: 181606us
Sieve: iterations=66 runtime: 181111us
Sieve: iterations=67 runtime: 181889us
Sieve: iterations=68 runtime: 181312us
Sieve: iterations=69 runtime: 181400us
Sieve: iterations=70 runtime: 182344us
Sieve: iterations=71 runtime: 181434us
Sieve: iterations=72 runtime: 181030us
Sieve: iterations=73 runtime: 181941us
Sieve: iterations=74 runtime: 181165us
Sieve: iterations=75 runtime: 181046us
Sieve: iterations=76 runtime: 181498us
Sieve: iterations=77 runtime: 188473us
Sieve: iterations=78 runtime: 180696us
Sieve: iterations=79 runtime: 181872us
Sieve: iterations=80 runtime: 181028us
Sieve: iterations=81 runtime: 181109us
Sieve: iterations=82 runtime: 181836us
Sieve: iterations=83 runtime: 181390us
Sieve: iterations=84 runtime: 181253us
Sieve: iterations=85 runtime: 182411us
Sieve: iterations=86 runtime: 181553us
Sieve: iterations=87 runtime: 181251us
Sieve: iterations=88 runtime: 182115us
Sieve: iterations=89 runtime: 181256us
Sieve: iterations=90 runtime: 180337us
Could not locate BlockSlowdown.json
Skipping Loading (this might cause a fatal crash if GTSlowdown is on)
java.nio.Buffer.capacity()int -1 codeSignature differs 138bc711c3bed648b8548df225303894eec321dce856bde9fbb2267d74239e89 != 8366e168458356e9e2795362a66f19336b0e55f9e34ac8b5d6d37702a481c8da
Sieve: iterations=91 runtime: 180499us
Sieve: iterations=92 runtime: 189650us
Sieve: iterations=93 runtime: 180766us
Sieve: iterations=94 runtime: 181747us
Sieve: iterations=95 runtime: 180833us
Sieve: iterations=96 runtime: 180775us
Sieve: iterations=97 runtime: 181465us
Sieve: iterations=98 runtime: 181181us
Sieve: iterations=99 runtime: 180816us
Sieve: iterations=100 runtime: 181757us
Sieve: iterations=101 runtime: 181457us
Sieve: iterations=102 runtime: 181368us
Sieve: iterations=103 runtime: 182088us
Sieve: iterations=104 runtime: 181695us
Sieve: iterations=105 runtime: 181071us
Sieve: iterations=106 runtime: 181804us
Sieve: iterations=107 runtime: 181170us
Sieve: iterations=108 runtime: 180672us
Sieve: iterations=109 runtime: 181681us
Sieve: iterations=110 runtime: 181510us
Sieve: iterations=111 runtime: 181037us
Sieve: iterations=112 runtime: 182208us
Sieve: iterations=113 runtime: 180834us
Sieve: iterations=114 runtime: 180271us
Sieve: iterations=115 runtime: 181328us
Sieve: iterations=116 runtime: 181095us
Sieve: iterations=117 runtime: 180873us
Sieve: iterations=118 runtime: 181588us
Sieve: iterations=119 runtime: 181037us
Sieve: iterations=120 runtime: 181023us
Sieve: iterations=121 runtime: 180800us
Sieve: iterations=122 runtime: 182637us
Sieve: iterations=123 runtime: 181428us
Sieve: iterations=124 runtime: 180988us
Sieve: iterations=125 runtime: 182223us
Sieve: iterations=126 runtime: 180948us
Could not locate BlockSlowdown.json
Skipping Loading (this might cause a fatal crash if GTSlowdown is on)
java.nio.charset.CharsetEncoder.maxBytesPerChar()float -1 codeSignature differs d0dc63dd2361c2989cb14e4cf77bfb3442e0a43d3c92bbd78638646fefb8363f != fecc7851573229b2c1300c739298992122dcb58fa032d82e9692f06a80e3cdc4
Sieve: iterations=127 runtime: 180681us
Sieve: iterations=128 runtime: 186309us
Sieve: iterations=129 runtime: 180737us
Sieve: iterations=130 runtime: 180676us
Sieve: iterations=131 runtime: 182106us
Sieve: iterations=132 runtime: 181487us
Sieve: iterations=133 runtime: 180638us
Sieve: iterations=134 runtime: 182208us
Sieve: iterations=135 runtime: 180570us
Sieve: iterations=136 runtime: 180265us
Sieve: iterations=137 runtime: 181979us
Sieve: iterations=138 runtime: 181406us
Sieve: iterations=139 runtime: 181186us
Sieve: iterations=140 runtime: 182118us
Sieve: iterations=141 runtime: 180792us
Sieve: iterations=142 runtime: 180930us
Sieve: iterations=143 runtime: 181939us
Sieve: iterations=144 runtime: 180963us
Sieve: iterations=145 runtime: 180652us
Sieve: iterations=146 runtime: 182241us
Sieve: iterations=147 runtime: 181246us
Sieve: iterations=148 runtime: 180977us
Sieve: iterations=149 runtime: 182353us
Sieve: iterations=150 runtime: 181574us
Sieve: iterations=151 runtime: 181215us
Sieve: iterations=152 runtime: 182536us
Sieve: iterations=153 runtime: 181597us
Sieve: iterations=154 runtime: 180919us
Sieve: iterations=155 runtime: 181729us
Sieve: iterations=156 runtime: 212699us
Sieve: iterations=157 runtime: 181539us
Sieve: iterations=158 runtime: 181739us
Sieve: iterations=159 runtime: 195209us
Sieve: iterations=160 runtime: 180108us
Sieve: iterations=161 runtime: 182352us
Sieve: iterations=162 runtime: 181217us
Sieve: iterations=163 runtime: 180901us
Sieve: iterations=164 runtime: 181485us
Sieve: iterations=165 runtime: 180802us
Sieve: iterations=166 runtime: 187141us
Sieve: iterations=167 runtime: 180924us
Sieve: iterations=168 runtime: 180050us
Sieve: iterations=169 runtime: 180228us
Sieve: iterations=170 runtime: 182126us
Sieve: iterations=171 runtime: 181431us
Sieve: iterations=172 runtime: 181084us
Sieve: iterations=173 runtime: 181150us
Sieve: iterations=174 runtime: 180538us
Sieve: iterations=175 runtime: 180471us
Sieve: iterations=176 runtime: 181626us
Sieve: iterations=177 runtime: 182496us
Sieve: iterations=178 runtime: 185202us
Sieve: iterations=179 runtime: 180728us
Sieve: iterations=180 runtime: 180015us
Sieve: iterations=181 runtime: 179870us
Sieve: iterations=182 runtime: 180287us
Sieve: iterations=183 runtime: 179918us
Sieve: iterations=184 runtime: 180010us
Sieve: iterations=185 runtime: 184017us
Sieve: iterations=186 runtime: 200170us
Sieve: iterations=187 runtime: 180362us
Sieve: iterations=188 runtime: 181478us
Sieve: iterations=189 runtime: 181136us
Sieve: iterations=190 runtime: 180914us
Sieve: iterations=191 runtime: 181462us
Sieve: iterations=192 runtime: 181078us
Sieve: iterations=193 runtime: 180850us
Sieve: iterations=194 runtime: 181472us
Sieve: iterations=195 runtime: 181851us
Sieve: iterations=196 runtime: 181435us
Sieve: iterations=197 runtime: 181536us
Sieve: iterations=198 runtime: 180842us
Sieve: iterations=199 runtime: 180847us
Sieve: iterations=200 runtime: 181368us
Sieve: iterations=201 runtime: 180807us
Sieve: iterations=202 runtime: 180533us
Sieve: iterations=203 runtime: 180476us
Sieve: iterations=204 runtime: 183027us
Sieve: iterations=205 runtime: 181654us
Sieve: iterations=206 runtime: 181093us
Sieve: iterations=207 runtime: 182354us
Sieve: iterations=208 runtime: 181072us
Sieve: iterations=209 runtime: 180710us
Sieve: iterations=210 runtime: 180860us
Sieve: iterations=211 runtime: 180180us
Sieve: iterations=212 runtime: 180496us
Sieve: iterations=213 runtime: 182148us
Sieve: iterations=214 runtime: 197350us
Sieve: iterations=215 runtime: 180650us
Sieve: iterations=216 runtime: 182119us
Sieve: iterations=217 runtime: 180784us
Sieve: iterations=218 runtime: 180725us
Sieve: iterations=219 runtime: 181013us
Sieve: iterations=220 runtime: 180303us
Sieve: iterations=221 runtime: 180152us
Sieve: iterations=222 runtime: 181025us
Sieve: iterations=223 runtime: 180359us
Sieve: iterations=224 runtime: 180068us
Sieve: iterations=225 runtime: 182081us
Sieve: iterations=226 runtime: 180872us
Sieve: iterations=227 runtime: 181068us
Sieve: iterations=228 runtime: 181073us
Sieve: iterations=229 runtime: 180375us
Sieve: iterations=230 runtime: 180277us
Sieve: iterations=231 runtime: 181881us
Sieve: iterations=232 runtime: 181039us
Sieve: iterations=233 runtime: 180874us
Sieve: iterations=234 runtime: 182296us
Sieve: iterations=235 runtime: 181125us
Sieve: iterations=236 runtime: 181457us
Sieve: iterations=237 runtime: 182177us
Sieve: iterations=238 runtime: 180731us
Sieve: iterations=239 runtime: 180639us
Sieve: iterations=240 runtime: 181743us
Sieve: iterations=241 runtime: 185739us
Sieve: iterations=242 runtime: 212595us
Sieve: iterations=243 runtime: 181899us
Sieve: iterations=244 runtime: 180925us
Sieve: iterations=245 runtime: 180406us
Sieve: iterations=246 runtime: 181488us
Sieve: iterations=247 runtime: 180762us
Sieve: iterations=248 runtime: 180708us
Sieve: iterations=249 runtime: 181142us
Sieve: iterations=250 runtime: 180735us
Sieve: iterations=251 runtime: 180099us
Sieve: iterations=252 runtime: 181403us
Sieve: iterations=253 runtime: 181153us
Sieve: iterations=254 runtime: 181015us
Sieve: iterations=255 runtime: 181693us
Sieve: iterations=256 runtime: 180565us
Sieve: iterations=257 runtime: 180615us
Sieve: iterations=258 runtime: 181607us
Sieve: iterations=259 runtime: 180997us
Sieve: iterations=260 runtime: 180880us
Sieve: iterations=261 runtime: 180847us
Sieve: iterations=262 runtime: 180451us
Sieve: iterations=263 runtime: 180275us
Sieve: iterations=264 runtime: 181111us
Sieve: iterations=265 runtime: 180507us
Sieve: iterations=266 runtime: 180166us
Sieve: iterations=267 runtime: 180906us
Sieve: iterations=268 runtime: 181056us
Sieve: iterations=269 runtime: 181017us
Sieve: iterations=270 runtime: 181538us
Sieve: iterations=271 runtime: 181181us
Sieve: iterations=272 runtime: 180861us
Sieve: iterations=273 runtime: 181672us
Sieve: iterations=274 runtime: 180689us
Sieve: iterations=275 runtime: 180217us
Sieve: iterations=276 runtime: 180909us
Sieve: iterations=277 runtime: 180570us
Sieve: iterations=278 runtime: 180440us
Sieve: iterations=279 runtime: 181078us
Sieve: iterations=280 runtime: 180331us
Sieve: iterations=281 runtime: 180259us
Sieve: iterations=282 runtime: 181012us
Sieve: iterations=283 runtime: 181528us
Sieve: iterations=284 runtime: 181339us
Sieve: iterations=285 runtime: 180880us
Sieve: iterations=286 runtime: 182214us
Sieve: iterations=287 runtime: 181176us
Sieve: iterations=288 runtime: 181468us
Sieve: iterations=289 runtime: 181887us
Sieve: iterations=290 runtime: 181046us
Sieve: iterations=291 runtime: 181154us
Sieve: iterations=292 runtime: 182769us
Sieve: iterations=293 runtime: 180921us
Sieve: iterations=294 runtime: 181016us
Sieve: iterations=295 runtime: 182676us
Sieve: iterations=296 runtime: 191740us
Sieve: iterations=297 runtime: 180920us
Sieve: iterations=298 runtime: 182282us
Sieve: iterations=299 runtime: 180518us
Sieve: iterations=300 runtime: 180209us
Sieve: iterations=301 runtime: 182626us
Sieve: iterations=302 runtime: 181422us
Sieve: iterations=303 runtime: 180995us
Sieve: iterations=304 runtime: 182308us
Sieve: iterations=305 runtime: 181068us
Sieve: iterations=306 runtime: 180993us
Sieve: iterations=307 runtime: 181506us
Sieve: iterations=308 runtime: 181012us
Sieve: iterations=309 runtime: 180789us
Sieve: iterations=310 runtime: 182478us
Sieve: iterations=311 runtime: 181395us
Sieve: iterations=312 runtime: 181081us
Sieve: iterations=313 runtime: 181324us
Sieve: iterations=314 runtime: 180846us
Sieve: iterations=315 runtime: 180500us
Sieve: iterations=316 runtime: 181829us
Sieve: iterations=317 runtime: 181157us
Sieve: iterations=318 runtime: 180890us
Sieve: iterations=319 runtime: 182031us
Sieve: iterations=320 runtime: 180822us
Sieve: iterations=321 runtime: 180812us
Sieve: iterations=322 runtime: 182194us
Sieve: iterations=323 runtime: 181070us
Sieve: iterations=324 runtime: 191409us
Sieve: iterations=325 runtime: 181905us
Sieve: iterations=326 runtime: 182001us
Sieve: iterations=327 runtime: 181240us
Sieve: iterations=328 runtime: 182525us
Sieve: iterations=329 runtime: 181931us
Sieve: iterations=330 runtime: 181379us
Sieve: iterations=331 runtime: 181879us
Sieve: iterations=332 runtime: 180732us
Sieve: iterations=333 runtime: 180417us
Sieve: iterations=334 runtime: 181408us
Sieve: iterations=335 runtime: 180422us
Sieve: iterations=336 runtime: 180134us
Sieve: iterations=337 runtime: 181262us
Sieve: iterations=338 runtime: 180426us
Sieve: iterations=339 runtime: 180386us
Sieve: iterations=340 runtime: 181693us
Sieve: iterations=341 runtime: 180859us
Sieve: iterations=342 runtime: 180682us
Sieve: iterations=343 runtime: 180837us
Sieve: iterations=344 runtime: 180312us
Sieve: iterations=345 runtime: 179916us
Sieve: iterations=346 runtime: 180558us
Sieve: iterations=347 runtime: 179606us
Sieve: iterations=348 runtime: 179706us
Sieve: iterations=349 runtime: 180603us
Sieve: iterations=350 runtime: 180928us
Sieve: iterations=351 runtime: 181068us
Sieve: iterations=352 runtime: 181542us
Sieve: iterations=353 runtime: 181070us
Sieve: iterations=354 runtime: 180727us
Sieve: iterations=355 runtime: 181276us
Sieve: iterations=356 runtime: 181854us
Sieve: iterations=357 runtime: 181279us
Sieve: iterations=358 runtime: 181879us
Sieve: iterations=359 runtime: 181356us
Sieve: iterations=360 runtime: 181225us
Sieve: iterations=361 runtime: 182038us
Sieve: iterations=362 runtime: 181234us
Sieve: iterations=363 runtime: 180502us
Sieve: iterations=364 runtime: 181427us
Sieve: iterations=365 runtime: 181425us
Sieve: iterations=366 runtime: 181088us
Sieve: iterations=367 runtime: 180915us
Sieve: iterations=368 runtime: 183969us
Sieve: iterations=369 runtime: 185915us
Sieve: iterations=370 runtime: 180255us
Sieve: iterations=371 runtime: 182025us
Sieve: iterations=372 runtime: 181364us
Sieve: iterations=373 runtime: 180882us
Sieve: iterations=374 runtime: 182363us
Sieve: iterations=375 runtime: 180989us
Sieve: iterations=376 runtime: 180474us
Sieve: iterations=377 runtime: 181211us
Sieve: iterations=378 runtime: 180462us
Sieve: iterations=379 runtime: 193067us
Sieve: iterations=380 runtime: 181620us
Sieve: iterations=381 runtime: 180566us
Sieve: iterations=382 runtime: 180033us
Sieve: iterations=383 runtime: 182561us
Sieve: iterations=384 runtime: 181172us
Sieve: iterations=385 runtime: 181102us
Sieve: iterations=386 runtime: 182345us
Sieve: iterations=387 runtime: 180549us
Sieve: iterations=388 runtime: 180318us
Sieve: iterations=389 runtime: 182200us
Sieve: iterations=390 runtime: 181211us
Sieve: iterations=391 runtime: 180821us
Sieve: iterations=392 runtime: 181151us
Sieve: iterations=393 runtime: 179992us
Sieve: iterations=394 runtime: 179605us
Sieve: iterations=395 runtime: 181853us
Sieve: iterations=396 runtime: 181545us
Sieve: iterations=397 runtime: 181263us
Sieve: iterations=398 runtime: 182395us
Sieve: iterations=399 runtime: 181639us
Sieve: iterations=400 runtime: 181072us
Sieve: iterations=401 runtime: 182319us
Sieve: iterations=402 runtime: 181293us
Sieve: iterations=403 runtime: 180971us
Sieve: iterations=404 runtime: 181840us
Sieve: iterations=405 runtime: 180561us
Sieve: iterations=406 runtime: 180770us
Sieve: iterations=407 runtime: 181961us
Sieve: iterations=408 runtime: 180916us
Sieve: iterations=409 runtime: 180622us
Sieve: iterations=410 runtime: 181740us
Sieve: iterations=411 runtime: 180627us
Could not locate BlockSlowdown.json
Skipping Loading (this might cause a fatal crash if GTSlowdown is on)
java.lang.StringLatin1.inflate(byte[], int, char[], int, int)void -1 codeSignature differs db8012b016ca99189c62cfb7b913b1f5bdbe35a6c740579c3f7d75f8facc27c6 != 17fc64c9586f0ecf27e1468b2eeb1b40eb8569e6db2faf747d95dee3bfb3e1f0
java.lang.StringLatin1.inflate(byte[], int, char[], int, int)void -1 graphSignature differs 17e6f3ed6596e5d6840a8a77065c9470c41838c2630b4535538ec163efd33e69 != e838eb1809aadd841c1ff5fe2e7a1043b73670d291c51dcf64d0aae8eaa2b7e0
Sieve: iterations=412 runtime: 180799us
Sieve: iterations=413 runtime: 182425us
Sieve: iterations=414 runtime: 180722us
Sieve: iterations=415 runtime: 180554us
Sieve: iterations=416 runtime: 181785us
Sieve: iterations=417 runtime: 181048us
Sieve: iterations=418 runtime: 180894us
Sieve: iterations=419 runtime: 181703us
Sieve: iterations=420 runtime: 180398us
Sieve: iterations=421 runtime: 180294us
Sieve: iterations=422 runtime: 181564us
Sieve: iterations=423 runtime: 181195us
Sieve: iterations=424 runtime: 180699us
Sieve: iterations=425 runtime: 181836us
Sieve: iterations=426 runtime: 181566us
Sieve: iterations=427 runtime: 181254us
Sieve: iterations=428 runtime: 182329us
Sieve: iterations=429 runtime: 181125us
Sieve: iterations=430 runtime: 180870us
Sieve: iterations=431 runtime: 181695us
Sieve: iterations=432 runtime: 180560us
Sieve: iterations=433 runtime: 180282us
Sieve: iterations=434 runtime: 181666us
Sieve: iterations=435 runtime: 181083us
Sieve: iterations=436 runtime: 180987us
Sieve: iterations=437 runtime: 181600us
Sieve: iterations=438 runtime: 180930us
Sieve: iterations=439 runtime: 180385us
Sieve: iterations=440 runtime: 181221us
Sieve: iterations=441 runtime: 180809us
Sieve: iterations=442 runtime: 180370us
Sieve: iterations=443 runtime: 181578us
Sieve: iterations=444 runtime: 181301us
Sieve: iterations=445 runtime: 181340us
Sieve: iterations=446 runtime: 181985us
Sieve: iterations=447 runtime: 182190us
Sieve: iterations=448 runtime: 181480us
Sieve: iterations=449 runtime: 181794us
Sieve: iterations=450 runtime: 181135us
Sieve: iterations=451 runtime: 180989us
Sieve: iterations=452 runtime: 180852us
Sieve: iterations=453 runtime: 181732us
Sieve: iterations=454 runtime: 180735us
Sieve: iterations=455 runtime: 180383us
Sieve: iterations=456 runtime: 181630us
Sieve: iterations=457 runtime: 180671us
Sieve: iterations=458 runtime: 180366us
Sieve: iterations=459 runtime: 182071us
Sieve: iterations=460 runtime: 181214us
Sieve: iterations=461 runtime: 180771us
Sieve: iterations=462 runtime: 182082us
Sieve: iterations=463 runtime: 180970us
Sieve: iterations=464 runtime: 180680us
Sieve: iterations=465 runtime: 182003us
Sieve: iterations=466 runtime: 180578us
Sieve: iterations=467 runtime: 180461us
Sieve: iterations=468 runtime: 182278us
Sieve: iterations=469 runtime: 181304us
Sieve: iterations=470 runtime: 180670us
Sieve: iterations=471 runtime: 182555us
Sieve: iterations=472 runtime: 181824us
Sieve: iterations=473 runtime: 181773us
Sieve: iterations=474 runtime: 181715us
Sieve: iterations=475 runtime: 180935us
Sieve: iterations=476 runtime: 181452us
Sieve: iterations=477 runtime: 181937us
Sieve: iterations=478 runtime: 181360us
Sieve: iterations=479 runtime: 180903us
Sieve: iterations=480 runtime: 181957us
Sieve: iterations=481 runtime: 180907us
Sieve: iterations=482 runtime: 180836us
Sieve: iterations=483 runtime: 180714us
Sieve: iterations=484 runtime: 180474us
Sieve: iterations=485 runtime: 180675us
Sieve: iterations=486 runtime: 181207us
Sieve: iterations=487 runtime: 180414us
Sieve: iterations=488 runtime: 180564us
Sieve: iterations=489 runtime: 181772us
Sieve: iterations=490 runtime: 181082us
Sieve: iterations=491 runtime: 180837us
Sieve: iterations=492 runtime: 181140us
Sieve: iterations=493 runtime: 180325us
Sieve: iterations=494 runtime: 180354us
Sieve: iterations=495 runtime: 183650us
Sieve: iterations=496 runtime: 184795us
Sieve: iterations=497 runtime: 180421us
Sieve: iterations=498 runtime: 183234us
Sieve: iterations=499 runtime: 188935us
Sieve: iterations=500 runtime: 181201us
Could not locate BlockSlowdown.json
Skipping Loading (this might cause a fatal crash if GTSlowdown is on)
jdk.internal.constant.ClassOrInterfaceDescImpl.isClassOrInterface()boolean -1 codeSignature differs 6e3a14458a0fca90e6a63285514a933585cea592cb622e79b33ddc5df6e0fb66 != 6fdd5e023f8b36c06ccfc437f07740607e2fd6af8789c2b6573b1f8e5aec4921
jdk.internal.classfile.impl.AbstractPoolEntry.hashCode()int -1 codeSignature differs fe46e3fea17c2bcac25676024acf43715946ed13832c36004058f315d01e6ed3 != e2795d501a46b0bfb6e8c56434b112c0ea54a81c9e313ecde41f1f8b0f3deb09
jdk.internal.constant.PrimitiveClassDescImpl.descriptorString()java.lang.String -1 codeSignature differs 7722674ec43cccc19227bd0fe31433696da3716816c65b03f1730e1c0254917a != d487d8a2503fc353385b06f3b95e8ab10a6fe5294aa12ef213c2f0b58f53bb2d
jdk.internal.classfile.impl.AbstractPoolEntry$ClassEntryImpl.tag()int -1 codeSignature differs 5404769be9f3dbc3cb72c5db1a8ad8dd44853cedba352c69c6db32de21c4dbb9 != 1c5cefc40a914f135a319bd8d405841fbf0f0e92dfa85c790bd1c66c2edacece
java.lang.Class.getComponentType()java.lang.Class -1 codeSignature differs b319d91a6485f244b602f37bbb015c7b083103cb0168540c8f7172a6f77fcdb4 != ca3e2776cb0744dcbd5af9f18a41221cfb7ea6616e2c92fa3282d7012b2bb32a
Sieve: iterations=500 average: 181811us total: 90905721us


java.lang.invoke.MethodTypeForm.parameterSlotCount()int -1 codeSignature differs ad156c9aebe2f06c30e3b5dbbec2e173bc1370acb4ba42d2464dda8cd03d5b04 != 631f1ee6b294c0668302aaa578afb6c4bc9eb79e5bdf6a7916a36c576b1ba42d
Total Runtime: 90905721us
Bubo.RDTSC.Harness.main Total RDTSC cycles: 301607432998
Comp 52 (java.util.ImmutableCollections$SetN$SetNIterator.next()) loops:
Found Encoding : 0:-1
└── Loop 0
  loop 0 Cycles: 372350 || Activation Count:0 | LoopCallCount: 0 |  Source: -at java.util.ImmutableCollections$SetN$SetNIterator.next(ImmutableCollections.java:1213) [bci: 21] | -at java.util.ImmutableCollections$SetN$SetNIterator.next(ImmutableCollections.java:1223) [bci: 65]
Comp 56 (java.util.HashMap.putVal(int,) loops:
Found Encoding : 0:-1
└── Loop 0
  loop 0 Cycles: 11554 || Activation Count:0 | LoopCallCount: 0 |  Source: -at java.util.HashMap.putVal(HashMap.java:648) [bci: 134] | -at java.util.HashMap.putVal(HashMap.java:649) [bci: 145]
Comp 57 (java.lang.String.equals(Object)) loops:
Found Encoding : 0:-1
└── Loop 0
  loop 0 Cycles: 9202 || Activation Count:0 | LoopCallCount: 0 |  Source: -at java.lang.StringLatin1.equals(StringLatin1.java:100) [bci: 9]
-at java.lang.String.equals(String.java:1926) [bci: 44] | -at java.lang.StringLatin1.equals(StringLatin1.java:105) [bci: 32]
-at java.lang.String.equals(String.java:1926) [bci: 44]
Comp 70 (java.util.HashMap.resize()) loops:
Found Encoding : 2:-1,0:-1,1:0
├── Loop 2
└── Loop 0
    └── Loop 1
  loop 0 Cycles: 23694 || Activation Count:0 | LoopCallCount: 0 |  Source: -at java.util.HashMap.resize(HashMap.java:714) [bci: 151] | -at java.util.HashMap.resize(HashMap.java:755) [bci: 353]
  loop 2 Cycles: 16324 || Activation Count:0 | LoopCallCount: 0 |  Source: -at jdk.graal.compiler.hotspot.replacements.HotSpotAllocationSnippets.allocateArray(KlassPointer, int, int, int, AllocationSnippets$FillContent, int, boolean, boolean, boolean, boolean, HotSpotAllocationSnippets$HotSpotAllocationProfilingData, boolea
Comp 88 (java.util.Properties$LineReader.readLine()) loops:
Found Encoding : 5:-1,3:-1,4:3,0:-1,1:0,2:1
├── Loop 5
├── Loop 3
│   └── Loop 4
└── Loop 0
    └── Loop 1
        └── Loop 2
  loop 5 Cycles: 564 || Activation Count:0 | LoopCallCount: 0 |  Source: -at java.util.Properties$LineReader.readLine(Properties.java:540) [bci: 224] | -at java.util.Properties$LineReader.readLine(Properties.java:543) [bci: 259]
Comp 89 (java.util.Properties$LineReader.readLine()-Re-Comp) loops:
Found Encoding : 0:-1,1:0,2:1
└── Loop 0
    └── Loop 1
        └── Loop 2
  loop 0 Cycles: 381620 || Activation Count:0 | LoopCallCount: 2 |  Source: -at java.util.Properties$LineReader.readLine(Properties.java:504) [bci: 53] | -at java.util.Properties$LineReader.readLine(Properties.java:615) [bci: 577]
Comp 92 (jdk.internal.util.ArraysSupport.unsignedHashCode(int,) loops:
Found Encoding : 0:-1,1:-1,2:-1
├── Loop 0
├── Loop 1
└── Loop 2
  loop 0 Cycles: 53658 || Activation Count:0 | LoopCallCount: 0 |  Source: -at jdk.internal.util.ArraysSupport.unsignedHashCode(ArraysSupport.java:378) [bci: 8] | -at jdk.internal.util.ArraysSupport.unsignedHashCode(ArraysSupport.java:381) [bci: 34]
  loop 1 Cycles: 104292 || Activation Count:0 | LoopCallCount: 0 |  Source: Source Missing | -at jdk.internal.util.ArraysSupport.unsignedHashCode(ArraysSupport.java:381) [bci: 34]
  loop 2 Cycles: 87674 || Activation Count:0 | LoopCallCount: 0 |  Source: Source Missing | -at jdk.internal.util.ArraysSupport.unsignedHashCode(ArraysSupport.java:381) [bci: 34]
Comp 119 (Sieve.sieve(boolean[],) loops:
Found Encoding : 1:-1,0:-1,2:0
├── Loop 1
└── Loop 0
    └── Loop 2
  loop 0 Cycles: 52864 || Activation Count:0 | LoopCallCount: 0 |  Source: -at Sieve.sieve(boolean[], int) [bci: 5] | -at Sieve.sieve(boolean[], int) [bci: 59]
  loop 1 Cycles: 1872 || Activation Count:0 | LoopCallCount: 0 |  Source: Source Missing | -at Sieve.sieve(boolean[], int) [bci: 53]
Comp 120 (Sieve.sieve(boolean[],-Re-Comp) loops:
Found Encoding : 0:-1,1:0
└── Loop 0
    └── Loop 1
  loop 0 Cycles: 354033058 || Activation Count:0 | LoopCallCount: 0 |  Source: -at Sieve.sieve(boolean[], int) [bci: 5] | -at Sieve.sieve(boolean[], int) [bci: 59]
Comp 121 (java.util.Arrays.fill(boolean[],) loops:
Found Encoding : 0:-1,1:-1,2:-1
├── Loop 0
├── Loop 1
└── Loop 2
  loop 0 Cycles: 72 || Activation Count:0 | LoopCallCount: 0 |  Source: Source Missing | -at java.util.Arrays.fill(Arrays.java:3320) [bci: 20]
  loop 1 Cycles: 4998 || Activation Count:0 | LoopCallCount: 0 |  Source: Source Missing | -at java.util.Arrays.fill(Arrays.java:3320) [bci: 20]
  loop 2 Cycles: 130 || Activation Count:0 | LoopCallCount: 0 |  Source: Source Missing | -at java.util.Arrays.fill(Arrays.java:3320) [bci: 20]
Comp 122 (java.util.Arrays.fill(boolean[],-Re-Comp) loops:
Found Encoding : 0:-1,1:-1,2:-1
├── Loop 0
├── Loop 1
└── Loop 2
  loop 0 Cycles: 347694 || Activation Count:0 | LoopCallCount: 0 |  Source: -at java.util.Arrays.fill(Arrays.java:3318) [bci: 5] | -at java.util.Arrays.fill(Arrays.java:3320) [bci: 20]
  loop 1 Cycles: 34869752 || Activation Count:0 | LoopCallCount: 0 |  Source: Source Missing | -at java.util.Arrays.fill(Arrays.java:3320) [bci: 20]
  loop 2 Cycles: 395920 || Activation Count:0 | LoopCallCount: 0 |  Source: Source Missing | -at java.util.Arrays.fill(Arrays.java:3320) [bci: 20]
Comp 125 (Sieve.benchmark()) loops:
Found Encoding : 0:-1,3:-1,4:-1,1:-1,2:1
├── Loop 0
├── Loop 3
├── Loop 4
└── Loop 1
    └── Loop 2
  loop 0 Cycles: 697372 || Activation Count:0 | LoopCallCount: 0 |  Source: -at java.util.Arrays.fill(Arrays.java:3318) [bci: 5]
-at Sieve.benchmark() [bci: 8] | -at java.util.Arrays.fill(Arrays.java:3320) [bci: 20]
-at Sieve.benchmark() [bci: 8]
  loop 1 Cycles: 751792392 || Activation Count:0 | LoopCallCount: 0 |  Source: -at Sieve.sieve(boolean[], int) [bci: 5]
-at Sieve.benchmark() [bci: 16] | -at Sieve.sieve(boolean[], int) [bci: 59]
-at Sieve.benchmark() [bci: 16]
  loop 3 Cycles: 69714900 || Activation Count:0 | LoopCallCount: 0 |  Source: Source Missing | -at java.util.Arrays.fill(Arrays.java:3320) [bci: 20]
-at Sieve.benchmark() [bci: 8]
  loop 4 Cycles: 1165264 || Activation Count:0 | LoopCallCount: 0 |  Source: Source Missing | -at java.util.Arrays.fill(Arrays.java:3320) [bci: 20]
-at Sieve.benchmark() [bci: 8]
Comp 136 (java.lang.StringLatin1.equals(byte[],) loops:
Found Encoding : 0:-1
└── Loop 0
  loop 0 Cycles: 3016 || Activation Count:0 | LoopCallCount: 0 |  Source: -at java.lang.StringLatin1.equals(StringLatin1.java:100) [bci: 9] | -at java.lang.StringLatin1.equals(StringLatin1.java:105) [bci: 32]
Comp 140 (Benchmark.innerBenchmarkLoop(int)) loops:
Found Encoding : 1:-1,7:-1,8:-1,2:-1,3:2,0:-1,4:0,9:0,10:0,5:0,6:5
├── Loop 1
├── Loop 7
├── Loop 8
├── Loop 2
│   └── Loop 3
└── Loop 0
    ├── Loop 4
    ├── Loop 9
    ├── Loop 10
    └── Loop 5
        └── Loop 6
  loop 0 Cycles: 555852068 || Activation Count:0 | LoopCallCount: 1 |  Source: -at Benchmark.innerBenchmarkLoop(int) [bci: 2] | -at Benchmark.innerBenchmarkLoop(int) [bci: 26]
  loop 1 Cycles: 72 || Activation Count:0 | LoopCallCount: 0 |  Source: -at java.util.Arrays.fill(Arrays.java:3318) [bci: 5]
-at Sieve.benchmark() [bci: 8]
-at Benchmark.innerBenchmarkLoop(int) [bci: 9] | -at java.util.Arrays.fill(Arrays.java:3320) [bci: 20]
-at Sieve.benchmark() [bci: 8]
-at Benchmark.innerBenchmarkLoo
  loop 2 Cycles: 67436 || Activation Count:0 | LoopCallCount: 0 |  Source: -at Sieve.sieve(boolean[], int) [bci: 5]
-at Sieve.benchmark() [bci: 16]
-at Benchmark.innerBenchmarkLoop(int) [bci: 9] | -at Sieve.sieve(boolean[], int) [bci: 59]
-at Sieve.benchmark() [bci: 16]
-at Benchmark.innerBenchmarkLoop(int) [bci: 9]
  loop 7 Cycles: 5118 || Activation Count:0 | LoopCallCount: 0 |  Source: Source Missing | -at java.util.Arrays.fill(Arrays.java:3320) [bci: 20]
-at Sieve.benchmark() [bci: 8]
-at Benchmark.innerBenchmarkLoop(int) [bci: 9]
  loop 8 Cycles: 122 || Activation Count:0 | LoopCallCount: 0 |  Source: Source Missing | -at java.util.Arrays.fill(Arrays.java:3320) [bci: 20]
-at Sieve.benchmark() [bci: 8]
-at Benchmark.innerBenchmarkLoop(int) [bci: 9]
Comp 141 (Benchmark.innerBenchmarkLoop(int)-Re-Comp) loops:
Found Encoding : 0:-1,1:0,4:0,5:0,2:0,3:2
└── Loop 0
    ├── Loop 1
    ├── Loop 4
    ├── Loop 5
    └── Loop 2
        └── Loop 3
  loop 0 Cycles: 299034826038 || Activation Count:0 | LoopCallCount: 1 |  Source: -at Benchmark.innerBenchmarkLoop(int) [bci: 2] | -at Benchmark.innerBenchmarkLoop(int) [bci: 26]
Comp 150 (java.lang.StringLatin1.inflate(byte[],) loops:
Found Encoding : 0:-1,1:-1,2:-1
├── Loop 0
├── Loop 1
└── Loop 2
  loop 0 Cycles: 12068 || Activation Count:0 | LoopCallCount: 0 |  Source: -at java.lang.StringLatin1.inflate(StringLatin1.java:767) [bci: 3] | -at java.lang.StringLatin1.inflate(StringLatin1.java:770) [bci: 33]
  loop 1 Cycles: 21546 || Activation Count:0 | LoopCallCount: 0 |  Source: Source Missing | -at java.lang.StringLatin1.inflate(StringLatin1.java:770) [bci: 33]
  loop 2 Cycles: 14054 || Activation Count:0 | LoopCallCount: 0 |  Source: Source Missing | -at java.lang.StringLatin1.inflate(StringLatin1.java:770) [bci: 33]

Finished Sieve BuboOn at Mon 26 Jan 12:37:47 GMT 2026
============================================================
