============================================================
Benchmark: Json
BuboLIRPhase: true
RUNS: 500
extra_args: 100
Replay file: /home/hb478/repos/GTSlowdownSchedular/FinalBuboTests/WithoutProbe/AWFY/Json/Json_CompilerReplay
Timestamp: Fri 23 Jan 14:03:07 GMT 2026

Could not locate BlockSlowdown.json
Skipping Loading (this might cause a fatal crash if GTSlowdown is on)
Could not locate BlockSlowdown.json
Skipping Loading (this might cause a fatal crash if GTSlowdown is on)
Starting Json benchmark ...
Json: iterations=1 runtime: 452765us
Json: iterations=2 runtime: 97245us
Json: iterations=3 runtime: 111297us
Json: iterations=4 runtime: 93207us
Json: iterations=5 runtime: 96521us
Json: iterations=6 runtime: 93283us
Json: iterations=7 runtime: 93107us
Json: iterations=8 runtime: 93148us
Json: iterations=9 runtime: 93129us
Json: iterations=10 runtime: 93191us
Json: iterations=11 runtime: 92919us
Json: iterations=12 runtime: 94458us
Json: iterations=13 runtime: 93007us
Json: iterations=14 runtime: 93072us
Json: iterations=15 runtime: 95410us
Json: iterations=16 runtime: 93995us
Json: iterations=17 runtime: 92725us
Json: iterations=18 runtime: 92806us
Json: iterations=19 runtime: 92686us
Json: iterations=20 runtime: 95453us
Json: iterations=21 runtime: 92913us
Json: iterations=22 runtime: 93385us
Json: iterations=23 runtime: 124281us
Json: iterations=24 runtime: 92762us
Json: iterations=25 runtime: 92560us
Json: iterations=26 runtime: 92624us
Json: iterations=27 runtime: 92501us
Json: iterations=28 runtime: 92508us
Json: iterations=29 runtime: 92485us
Json: iterations=30 runtime: 92216us
Json: iterations=31 runtime: 92226us
Json: iterations=32 runtime: 91721us
Json: iterations=33 runtime: 96941us
Json: iterations=34 runtime: 92519us
Json: iterations=35 runtime: 92491us
Json: iterations=36 runtime: 92533us
Json: iterations=37 runtime: 92472us
Json: iterations=38 runtime: 92383us
Json: iterations=39 runtime: 92552us
Json: iterations=40 runtime: 92930us
Json: iterations=41 runtime: 92382us
Json: iterations=42 runtime: 93732us
Json: iterations=43 runtime: 92266us
Json: iterations=44 runtime: 92158us
Json: iterations=45 runtime: 92283us
Json: iterations=46 runtime: 92536us
Json: iterations=47 runtime: 92347us
Json: iterations=48 runtime: 92586us
Json: iterations=49 runtime: 92385us
Json: iterations=50 runtime: 91627us
Json: iterations=51 runtime: 92340us
Json: iterations=52 runtime: 92549us
Json: iterations=53 runtime: 92404us
Json: iterations=54 runtime: 92031us
Json: iterations=55 runtime: 91979us
Json: iterations=56 runtime: 92214us
Json: iterations=57 runtime: 91985us
Json: iterations=58 runtime: 93675us
Json: iterations=59 runtime: 92238us
Json: iterations=60 runtime: 92229us
Json: iterations=61 runtime: 92241us
Json: iterations=62 runtime: 92264us
Json: iterations=63 runtime: 92329us
Json: iterations=64 runtime: 92057us
Json: iterations=65 runtime: 92050us
Json: iterations=66 runtime: 91950us
Json: iterations=67 runtime: 91853us
Could not locate BlockSlowdown.json
Skipping Loading (this might cause a fatal crash if GTSlowdown is on)
Json: iterations=68 runtime: 144895us
Json: iterations=69 runtime: 92191us
Json: iterations=70 runtime: 91944us
Json: iterations=71 runtime: 92074us
Json: iterations=72 runtime: 92392us
Json: iterations=73 runtime: 92036us
Json: iterations=74 runtime: 92309us
Json: iterations=75 runtime: 92377us
Json: iterations=76 runtime: 92330us
Json: iterations=77 runtime: 92249us
Json: iterations=78 runtime: 92181us
Json: iterations=79 runtime: 92214us
Json: iterations=80 runtime: 92180us
Json: iterations=81 runtime: 92087us
Json: iterations=82 runtime: 92278us
Json: iterations=83 runtime: 92116us
Json: iterations=84 runtime: 92276us
Json: iterations=85 runtime: 92296us
Json: iterations=86 runtime: 91578us
Json: iterations=87 runtime: 92271us
Json: iterations=88 runtime: 92397us
Json: iterations=89 runtime: 92791us
Json: iterations=90 runtime: 92337us
Could not locate BlockSlowdown.json
Skipping Loading (this might cause a fatal crash if GTSlowdown is on)
Json: iterations=91 runtime: 92399us
Json: iterations=92 runtime: 92352us
Json: iterations=93 runtime: 92337us
Json: iterations=94 runtime: 92065us
Json: iterations=95 runtime: 92208us
Json: iterations=96 runtime: 92028us
Json: iterations=97 runtime: 91894us
Json: iterations=98 runtime: 92052us
Json: iterations=99 runtime: 91866us
Json: iterations=100 runtime: 92037us
Json: iterations=101 runtime: 91842us
Json: iterations=102 runtime: 92045us
Json: iterations=103 runtime: 91471us
Json: iterations=104 runtime: 91996us
Json: iterations=105 runtime: 92085us
Json: iterations=106 runtime: 91788us
Json: iterations=107 runtime: 91931us
Json: iterations=108 runtime: 91847us
Json: iterations=109 runtime: 91833us
Json: iterations=110 runtime: 91814us
Json: iterations=111 runtime: 91807us
Json: iterations=112 runtime: 91858us
Json: iterations=113 runtime: 91976us
Json: iterations=114 runtime: 91879us
Json: iterations=115 runtime: 92039us
Json: iterations=116 runtime: 91868us
Json: iterations=117 runtime: 91978us
Json: iterations=118 runtime: 91864us
Json: iterations=119 runtime: 91838us
Json: iterations=120 runtime: 91815us
Json: iterations=121 runtime: 91392us
Json: iterations=122 runtime: 91824us
Json: iterations=123 runtime: 91889us
Json: iterations=124 runtime: 92031us
Json: iterations=125 runtime: 92008us
Json: iterations=126 runtime: 92012us
Could not locate BlockSlowdown.json
Skipping Loading (this might cause a fatal crash if GTSlowdown is on)
Json: iterations=127 runtime: 92061us
Json: iterations=128 runtime: 92278us
Json: iterations=129 runtime: 91951us
Json: iterations=130 runtime: 91900us
Json: iterations=131 runtime: 91840us
Json: iterations=132 runtime: 92043us
Json: iterations=133 runtime: 91976us
Json: iterations=134 runtime: 91833us
Json: iterations=135 runtime: 91960us
Json: iterations=136 runtime: 91837us
Json: iterations=137 runtime: 91854us
Json: iterations=138 runtime: 91927us
Json: iterations=139 runtime: 91438us
Json: iterations=140 runtime: 92039us
Json: iterations=141 runtime: 92287us
Json: iterations=142 runtime: 92100us
Json: iterations=143 runtime: 91847us
Json: iterations=144 runtime: 91921us
Json: iterations=145 runtime: 91866us
Json: iterations=146 runtime: 91863us
Json: iterations=147 runtime: 91864us
Json: iterations=148 runtime: 91974us
Json: iterations=149 runtime: 91884us
Json: iterations=150 runtime: 92016us
Json: iterations=151 runtime: 91987us
Json: iterations=152 runtime: 92053us
Json: iterations=153 runtime: 95705us
Json: iterations=154 runtime: 96951us
Json: iterations=155 runtime: 92089us
Json: iterations=156 runtime: 92277us
Json: iterations=157 runtime: 91436us
Json: iterations=158 runtime: 92148us
Json: iterations=159 runtime: 92224us
Json: iterations=160 runtime: 92086us
Json: iterations=161 runtime: 91998us
Json: iterations=162 runtime: 91863us
Json: iterations=163 runtime: 91979us
Json: iterations=164 runtime: 91857us
Json: iterations=165 runtime: 91959us
Json: iterations=166 runtime: 92007us
Json: iterations=167 runtime: 91838us
Json: iterations=168 runtime: 91934us
Json: iterations=169 runtime: 91829us
Json: iterations=170 runtime: 91959us
Json: iterations=171 runtime: 91948us
Json: iterations=172 runtime: 92199us
Json: iterations=173 runtime: 91982us
Json: iterations=174 runtime: 91467us
Json: iterations=175 runtime: 92025us
Json: iterations=176 runtime: 92116us
Json: iterations=177 runtime: 91900us
Json: iterations=178 runtime: 92092us
Json: iterations=179 runtime: 91908us
Json: iterations=180 runtime: 92245us
Json: iterations=181 runtime: 91985us
Json: iterations=182 runtime: 92086us
Json: iterations=183 runtime: 91946us
Json: iterations=184 runtime: 91892us
Json: iterations=185 runtime: 91974us
Json: iterations=186 runtime: 91832us
Json: iterations=187 runtime: 91822us
Json: iterations=188 runtime: 91956us
Json: iterations=189 runtime: 91957us
Json: iterations=190 runtime: 91887us
Json: iterations=191 runtime: 91979us
Json: iterations=192 runtime: 91449us
Json: iterations=193 runtime: 91929us
Json: iterations=194 runtime: 92094us
Json: iterations=195 runtime: 92184us
Json: iterations=196 runtime: 92240us
Json: iterations=197 runtime: 92003us
Json: iterations=198 runtime: 91976us
Json: iterations=199 runtime: 91867us
Json: iterations=200 runtime: 91937us
Json: iterations=201 runtime: 92051us
Json: iterations=202 runtime: 92169us
Json: iterations=203 runtime: 91881us
Json: iterations=204 runtime: 92024us
Could not locate BlockSlowdown.json
Skipping Loading (this might cause a fatal crash if GTSlowdown is on)
Json: iterations=205 runtime: 183923us
Json: iterations=206 runtime: 92241us
Json: iterations=207 runtime: 91946us
Json: iterations=208 runtime: 92049us
Json: iterations=209 runtime: 91848us
Json: iterations=210 runtime: 91512us
Json: iterations=211 runtime: 92087us
Json: iterations=212 runtime: 91880us
Json: iterations=213 runtime: 92036us
Json: iterations=214 runtime: 91906us
Json: iterations=215 runtime: 92274us
Json: iterations=216 runtime: 92282us
Json: iterations=217 runtime: 92133us
Json: iterations=218 runtime: 91995us
Json: iterations=219 runtime: 92299us
Json: iterations=220 runtime: 92066us
Json: iterations=221 runtime: 92119us
Json: iterations=222 runtime: 92033us
Json: iterations=223 runtime: 92295us
Json: iterations=224 runtime: 92039us
Json: iterations=225 runtime: 92233us
Json: iterations=226 runtime: 92370us
Json: iterations=227 runtime: 92260us
Json: iterations=228 runtime: 91433us
Json: iterations=229 runtime: 92375us
Json: iterations=230 runtime: 92197us
Json: iterations=231 runtime: 92188us
Json: iterations=232 runtime: 92338us
Json: iterations=233 runtime: 93825us
Json: iterations=234 runtime: 92195us
Json: iterations=235 runtime: 92314us
Json: iterations=236 runtime: 92301us
Json: iterations=237 runtime: 92200us
Json: iterations=238 runtime: 92163us
Json: iterations=239 runtime: 92046us
Json: iterations=240 runtime: 92024us
Json: iterations=241 runtime: 91984us
Json: iterations=242 runtime: 91879us
Json: iterations=243 runtime: 91819us
Json: iterations=244 runtime: 91881us
Json: iterations=245 runtime: 91391us
Json: iterations=246 runtime: 91918us
Json: iterations=247 runtime: 91986us
Json: iterations=248 runtime: 92167us
Json: iterations=249 runtime: 92015us
Json: iterations=250 runtime: 91899us
Json: iterations=251 runtime: 92010us
Json: iterations=252 runtime: 91838us
Json: iterations=253 runtime: 91785us
Json: iterations=254 runtime: 91767us
Json: iterations=255 runtime: 91825us
Json: iterations=256 runtime: 91963us
Json: iterations=257 runtime: 91929us
Json: iterations=258 runtime: 91901us
Json: iterations=259 runtime: 92010us
Json: iterations=260 runtime: 91890us
Json: iterations=261 runtime: 91940us
Json: iterations=262 runtime: 91878us
Json: iterations=263 runtime: 91433us
Json: iterations=264 runtime: 91934us
Json: iterations=265 runtime: 92084us
Json: iterations=266 runtime: 92009us
Json: iterations=267 runtime: 91760us
Json: iterations=268 runtime: 91898us
Json: iterations=269 runtime: 91848us
Json: iterations=270 runtime: 91866us
Json: iterations=271 runtime: 91983us
Json: iterations=272 runtime: 91983us
Json: iterations=273 runtime: 92099us
Json: iterations=274 runtime: 92049us
Json: iterations=275 runtime: 91902us
Json: iterations=276 runtime: 92002us
Json: iterations=277 runtime: 91982us
Json: iterations=278 runtime: 91961us
Json: iterations=279 runtime: 91877us
Json: iterations=280 runtime: 91963us
Json: iterations=281 runtime: 91462us
Json: iterations=282 runtime: 92011us
Json: iterations=283 runtime: 92139us
Json: iterations=284 runtime: 91947us
Json: iterations=285 runtime: 91923us
Json: iterations=286 runtime: 92076us
Json: iterations=287 runtime: 92052us
Json: iterations=288 runtime: 92090us
Json: iterations=289 runtime: 91994us
Json: iterations=290 runtime: 91886us
Json: iterations=291 runtime: 91829us
Json: iterations=292 runtime: 91917us
Json: iterations=293 runtime: 91989us
Json: iterations=294 runtime: 91987us
Json: iterations=295 runtime: 91941us
Json: iterations=296 runtime: 91893us
Json: iterations=297 runtime: 91934us
Json: iterations=298 runtime: 91419us
Json: iterations=299 runtime: 91906us
Json: iterations=300 runtime: 91953us
Json: iterations=301 runtime: 91875us
Json: iterations=302 runtime: 91971us
Json: iterations=303 runtime: 92016us
Json: iterations=304 runtime: 92009us
Json: iterations=305 runtime: 91883us
Json: iterations=306 runtime: 91909us
Json: iterations=307 runtime: 92205us
Json: iterations=308 runtime: 92264us
Json: iterations=309 runtime: 92148us
Json: iterations=310 runtime: 92105us
Json: iterations=311 runtime: 92145us
Json: iterations=312 runtime: 92129us
Json: iterations=313 runtime: 92292us
Json: iterations=314 runtime: 92123us
Json: iterations=315 runtime: 92054us
Json: iterations=316 runtime: 91396us
Json: iterations=317 runtime: 91957us
Json: iterations=318 runtime: 92088us
Json: iterations=319 runtime: 92146us
Json: iterations=320 runtime: 92122us
Json: iterations=321 runtime: 92318us
Json: iterations=322 runtime: 92136us
Json: iterations=323 runtime: 92312us
Json: iterations=324 runtime: 92158us
Json: iterations=325 runtime: 92246us
Json: iterations=326 runtime: 92139us
Json: iterations=327 runtime: 92202us
Json: iterations=328 runtime: 92129us
Json: iterations=329 runtime: 92159us
Json: iterations=330 runtime: 92090us
Json: iterations=331 runtime: 91833us
Json: iterations=332 runtime: 92034us
Json: iterations=333 runtime: 92121us
Json: iterations=334 runtime: 91446us
Json: iterations=335 runtime: 92305us
Json: iterations=336 runtime: 92348us
Json: iterations=337 runtime: 92460us
Json: iterations=338 runtime: 92412us
Json: iterations=339 runtime: 92372us
Json: iterations=340 runtime: 91992us
Json: iterations=341 runtime: 92059us
Json: iterations=342 runtime: 92293us
Json: iterations=343 runtime: 92336us
Json: iterations=344 runtime: 92324us
Json: iterations=345 runtime: 92190us
Json: iterations=346 runtime: 92315us
Json: iterations=347 runtime: 92371us
Json: iterations=348 runtime: 92125us
Json: iterations=349 runtime: 92090us
Json: iterations=350 runtime: 92126us
Json: iterations=351 runtime: 92689us
Json: iterations=352 runtime: 91460us
Json: iterations=353 runtime: 92246us
Json: iterations=354 runtime: 92254us
Json: iterations=355 runtime: 92240us
Json: iterations=356 runtime: 92093us
Json: iterations=357 runtime: 92135us
Json: iterations=358 runtime: 92086us
Json: iterations=359 runtime: 91881us
Json: iterations=360 runtime: 91871us
Json: iterations=361 runtime: 92051us
Json: iterations=362 runtime: 91797us
Json: iterations=363 runtime: 91830us
Json: iterations=364 runtime: 91829us
Json: iterations=365 runtime: 91832us
Json: iterations=366 runtime: 91877us
Json: iterations=367 runtime: 91988us
Json: iterations=368 runtime: 91837us
Json: iterations=369 runtime: 91477us
Json: iterations=370 runtime: 91930us
Json: iterations=371 runtime: 92045us
Json: iterations=372 runtime: 92206us
Json: iterations=373 runtime: 92108us
Json: iterations=374 runtime: 92104us
Json: iterations=375 runtime: 92194us
Json: iterations=376 runtime: 92280us
Json: iterations=377 runtime: 91875us
Json: iterations=378 runtime: 92040us
Json: iterations=379 runtime: 91890us
Json: iterations=380 runtime: 91910us
Json: iterations=381 runtime: 91881us
Json: iterations=382 runtime: 92045us
Json: iterations=383 runtime: 91995us
Json: iterations=384 runtime: 91895us
Json: iterations=385 runtime: 91855us
Json: iterations=386 runtime: 91986us
Json: iterations=387 runtime: 91339us
Json: iterations=388 runtime: 91811us
Json: iterations=389 runtime: 91846us
Json: iterations=390 runtime: 91896us
Json: iterations=391 runtime: 91870us
Json: iterations=392 runtime: 91773us
Json: iterations=393 runtime: 92014us
Json: iterations=394 runtime: 91991us
Json: iterations=395 runtime: 91968us
Json: iterations=396 runtime: 91894us
Json: iterations=397 runtime: 92063us
Json: iterations=398 runtime: 91938us
Json: iterations=399 runtime: 91904us
Json: iterations=400 runtime: 91841us
Json: iterations=401 runtime: 91851us
Json: iterations=402 runtime: 95261us
Json: iterations=403 runtime: 96359us
Json: iterations=404 runtime: 91761us
Json: iterations=405 runtime: 91372us
Json: iterations=406 runtime: 91931us
Json: iterations=407 runtime: 91790us
Json: iterations=408 runtime: 91898us
Json: iterations=409 runtime: 91792us
Json: iterations=410 runtime: 91857us
Json: iterations=411 runtime: 92210us
Json: iterations=412 runtime: 92225us
Json: iterations=413 runtime: 91879us
Json: iterations=414 runtime: 91954us
Json: iterations=415 runtime: 91882us
Json: iterations=416 runtime: 91964us
Json: iterations=417 runtime: 91871us
Json: iterations=418 runtime: 91780us
Json: iterations=419 runtime: 91909us
Json: iterations=420 runtime: 92015us
Json: iterations=421 runtime: 92057us
Json: iterations=422 runtime: 91889us
Json: iterations=423 runtime: 91431us
Json: iterations=424 runtime: 92126us
Json: iterations=425 runtime: 92093us
Json: iterations=426 runtime: 91965us
Json: iterations=427 runtime: 91979us
Json: iterations=428 runtime: 92133us
Json: iterations=429 runtime: 92267us
Could not locate BlockSlowdown.json
Skipping Loading (this might cause a fatal crash if GTSlowdown is on)
Json: iterations=430 runtime: 92228us
Json: iterations=431 runtime: 92287us
Json: iterations=432 runtime: 92135us
Json: iterations=433 runtime: 92002us
Json: iterations=434 runtime: 92142us
Json: iterations=435 runtime: 92093us
Json: iterations=436 runtime: 92102us
Json: iterations=437 runtime: 92131us
Json: iterations=438 runtime: 92121us
Json: iterations=439 runtime: 92088us
Json: iterations=440 runtime: 91593us
Json: iterations=441 runtime: 92293us
Json: iterations=442 runtime: 92126us
Json: iterations=443 runtime: 92037us
Json: iterations=444 runtime: 91971us
Json: iterations=445 runtime: 92014us
Json: iterations=446 runtime: 92059us
Json: iterations=447 runtime: 91992us
Json: iterations=448 runtime: 92085us
Json: iterations=449 runtime: 91983us
Json: iterations=450 runtime: 91978us
Json: iterations=451 runtime: 92234us
Json: iterations=452 runtime: 92003us
Json: iterations=453 runtime: 92724us
Json: iterations=454 runtime: 91989us
Json: iterations=455 runtime: 91985us
Json: iterations=456 runtime: 91963us
Json: iterations=457 runtime: 92001us
Json: iterations=458 runtime: 91490us
Json: iterations=459 runtime: 91959us
Json: iterations=460 runtime: 91989us
Json: iterations=461 runtime: 92073us
Json: iterations=462 runtime: 92183us
Json: iterations=463 runtime: 92034us
Json: iterations=464 runtime: 93164us
Json: iterations=465 runtime: 92308us
Json: iterations=466 runtime: 92319us
Json: iterations=467 runtime: 91841us
Json: iterations=468 runtime: 92101us
Json: iterations=469 runtime: 92178us
Json: iterations=470 runtime: 92005us
Json: iterations=471 runtime: 92485us
Json: iterations=472 runtime: 92119us
Json: iterations=473 runtime: 92223us
Json: iterations=474 runtime: 91986us
Json: iterations=475 runtime: 92055us
Json: iterations=476 runtime: 91494us
Json: iterations=477 runtime: 92027us
Json: iterations=478 runtime: 92156us
Json: iterations=479 runtime: 92059us
Json: iterations=480 runtime: 92073us
Json: iterations=481 runtime: 92141us
Json: iterations=482 runtime: 92087us
Json: iterations=483 runtime: 92053us
Json: iterations=484 runtime: 92305us
Json: iterations=485 runtime: 92372us
Json: iterations=486 runtime: 92424us
Json: iterations=487 runtime: 91946us
Json: iterations=488 runtime: 92184us
Json: iterations=489 runtime: 92252us
Json: iterations=490 runtime: 92157us
Json: iterations=491 runtime: 92000us
Json: iterations=492 runtime: 92177us
Json: iterations=493 runtime: 91533us
Json: iterations=494 runtime: 92467us
Json: iterations=495 runtime: 92116us
Json: iterations=496 runtime: 92218us
Json: iterations=497 runtime: 92074us
Json: iterations=498 runtime: 92046us
Json: iterations=499 runtime: 92164us
Json: iterations=500 runtime: 92085us
Could not locate BlockSlowdown.json
Skipping Loading (this might cause a fatal crash if GTSlowdown is on)
Json: iterations=500 average: 93279us total: 46639825us


Total Runtime: 46639825us
Bubo.RDTSC.Harness.main Total RDTSC cycles: 154742834630
Comp 52 (java.util.ImmutableCollections$SetN$SetNIterator.next()) loops:
Found Encoding : 0:-1
└── Loop 0
  loop 0 Cycles: 365038 || Activation Count:0 | LoopCallCount: 0 |  Source: -at java.util.ImmutableCollections$SetN$SetNIterator.next(ImmutableCollections.java:1213) [bci: 21] | -at java.util.ImmutableCollections$SetN$SetNIterator.next(ImmutableCollections.java:1223) [bci: 65]
Comp 56 (java.util.HashMap.putVal(int,) loops:
Found Encoding : 0:-1
└── Loop 0
  loop 0 Cycles: 11984 || Activation Count:0 | LoopCallCount: 0 |  Source: -at java.util.HashMap.putVal(HashMap.java:648) [bci: 134] | -at java.util.HashMap.putVal(HashMap.java:649) [bci: 145]
Comp 57 (java.lang.String.equals(Object)) loops:
Found Encoding : 0:-1
└── Loop 0
  loop 0 Cycles: 9090 || Activation Count:0 | LoopCallCount: 0 |  Source: -at java.lang.StringLatin1.equals(StringLatin1.java:100) [bci: 9]
-at java.lang.String.equals(String.java:1926) [bci: 44] | -at java.lang.StringLatin1.equals(StringLatin1.java:105) [bci: 32]
-at java.lang.String.equals(String.java:1926) [bci: 44]
Comp 69 (java.util.HashMap.resize()) loops:
Found Encoding : 2:-1,0:-1,1:0
├── Loop 2
└── Loop 0
    └── Loop 1
  loop 0 Cycles: 35438 || Activation Count:0 | LoopCallCount: 0 |  Source: -at java.util.HashMap.resize(HashMap.java:714) [bci: 151] | -at java.util.HashMap.resize(HashMap.java:755) [bci: 353]
  loop 1 Cycles: 10600 || Activation Count:0 | LoopCallCount: 0 |  Source: -at java.util.HashMap.resize(HashMap.java:727) [bci: 235] | -at java.util.HashMap.resize(HashMap.java:743) [bci: 309]
  loop 2 Cycles: 16502 || Activation Count:0 | LoopCallCount: 0 |  Source: -at jdk.graal.compiler.hotspot.replacements.HotSpotAllocationSnippets.allocateArray(KlassPointer, int, int, int, AllocationSnippets$FillContent, int, boolean, boolean, boolean, boolean, HotSpotAllocationSnippets$HotSpotAllocationProfilingData, boolea
Comp 88 (java.util.Properties$LineReader.readLine()) loops:
Found Encoding : 5:-1,3:-1,4:3,0:-1,1:0,2:1
├── Loop 5
├── Loop 3
│   └── Loop 4
└── Loop 0
    └── Loop 1
        └── Loop 2
  loop 1 Cycles: 246956 || Activation Count:0 | LoopCallCount: 1 |  Source: -at java.util.Properties$LineReader.readLine(Properties.java:538) [bci: 219] | -at java.util.Properties$LineReader.readLine(Properties.java:543) [bci: 259]
  loop 2 Cycles: 16830 || Activation Count:0 | LoopCallCount: 0 |  Source: -at java.util.Properties$LineReader.readLine(Properties.java:540) [bci: 224] | -at java.util.Properties$LineReader.readLine(Properties.java:543) [bci: 259]
  loop 5 Cycles: 232 || Activation Count:0 | LoopCallCount: 0 |  Source: -at java.util.Properties$LineReader.readLine(Properties.java:540) [bci: 224] | -at java.util.Properties$LineReader.readLine(Properties.java:543) [bci: 259]
Comp 89 (java.util.Properties$LineReader.readLine()-Re-Comp) loops:
Found Encoding : 0:-1,1:0,2:1
└── Loop 0
    └── Loop 1
        └── Loop 2
  loop 1 Cycles: 4424 || Activation Count:0 | LoopCallCount: 1 |  Source: -at java.util.Properties$LineReader.readLine(Properties.java:538) [bci: 219] | -at java.util.Properties$LineReader.readLine(Properties.java:543) [bci: 259]
  loop 2 Cycles: 2452 || Activation Count:0 | LoopCallCount: 0 |  Source: -at java.util.Properties$LineReader.readLine(Properties.java:540) [bci: 224] | -at java.util.Properties$LineReader.readLine(Properties.java:545) [bci: 262]
Comp 90 (java.util.Properties$LineReader.readLine()-Re-Comp) loops:
Found Encoding : 5:-1,3:-1,4:3,0:-1,1:0,2:1
├── Loop 5
├── Loop 3
│   └── Loop 4
└── Loop 0
    └── Loop 1
        └── Loop 2
  loop 0 Cycles: 49210 || Activation Count:0 | LoopCallCount: 2 |  Source: -at java.util.Properties$LineReader.readLine(Properties.java:504) [bci: 53] | -at java.util.Properties$LineReader.readLine(Properties.java:615) [bci: 577]
  loop 1 Cycles: 37060 || Activation Count:0 | LoopCallCount: 1 |  Source: -at java.util.Properties$LineReader.readLine(Properties.java:538) [bci: 219] | -at java.util.Properties$LineReader.readLine(Properties.java:543) [bci: 259]
  loop 2 Cycles: 21502 || Activation Count:0 | LoopCallCount: 0 |  Source: -at java.util.Properties$LineReader.readLine(Properties.java:540) [bci: 224] | -at java.util.Properties$LineReader.readLine(Properties.java:543) [bci: 259]
  loop 5 Cycles: 128 || Activation Count:0 | LoopCallCount: 0 |  Source: -at java.util.Properties$LineReader.readLine(Properties.java:540) [bci: 224] | -at java.util.Properties$LineReader.readLine(Properties.java:543) [bci: 259]
Comp 91 (java.util.Properties$LineReader.readLine()-Re-Comp) loops:
Found Encoding : 0:-1,1:0,2:1
└── Loop 0
    └── Loop 1
        └── Loop 2
  loop 0 Cycles: 350104 || Activation Count:0 | LoopCallCount: 2 |  Source: -at java.util.Properties$LineReader.readLine(Properties.java:504) [bci: 53] | -at java.util.Properties$LineReader.readLine(Properties.java:615) [bci: 577]
  loop 1 Cycles: 441290 || Activation Count:0 | LoopCallCount: 1 |  Source: -at java.util.Properties$LineReader.readLine(Properties.java:538) [bci: 219] | -at java.util.Properties$LineReader.readLine(Properties.java:543) [bci: 259]
  loop 2 Cycles: 69694 || Activation Count:0 | LoopCallCount: 0 |  Source: -at java.util.Properties$LineReader.readLine(Properties.java:540) [bci: 224] | -at java.util.Properties$LineReader.readLine(Properties.java:545) [bci: 262]
Comp 94 (jdk.internal.util.ArraysSupport.unsignedHashCode(int,) loops:
Found Encoding : 0:-1,1:-1,2:-1
├── Loop 0
├── Loop 1
└── Loop 2
  loop 0 Cycles: 52042 || Activation Count:0 | LoopCallCount: 0 |  Source: -at jdk.internal.util.ArraysSupport.unsignedHashCode(ArraysSupport.java:378) [bci: 8] | -at jdk.internal.util.ArraysSupport.unsignedHashCode(ArraysSupport.java:381) [bci: 34]
  loop 1 Cycles: 96298 || Activation Count:0 | LoopCallCount: 0 |  Source: Source Missing | -at jdk.internal.util.ArraysSupport.unsignedHashCode(ArraysSupport.java:381) [bci: 34]
  loop 2 Cycles: 82804 || Activation Count:0 | LoopCallCount: 0 |  Source: Source Missing | -at jdk.internal.util.ArraysSupport.unsignedHashCode(ArraysSupport.java:381) [bci: 34]
Comp 122 (java.lang.StringLatin1.equals(byte[],) loops:
Found Encoding : 0:-1
└── Loop 0
  loop 0 Cycles: 241328 || Activation Count:0 | LoopCallCount: 0 |  Source: -at java.lang.StringLatin1.equals(StringLatin1.java:100) [bci: 9] | -at java.lang.StringLatin1.equals(StringLatin1.java:105) [bci: 32]
Comp 127 (java.lang.String.equals(Object)-Re-Comp) loops:
Found Encoding : 0:-1
└── Loop 0
  loop 0 Cycles: 7209882 || Activation Count:0 | LoopCallCount: 0 |  Source: -at java.lang.StringLatin1.equals(StringLatin1.java:100) [bci: 9]
-at java.lang.String.equals(String.java:1926) [bci: 44] | -at java.lang.StringLatin1.equals(StringLatin1.java:105) [bci: 32]
-at java.lang.String.equals(String.java:1926) [bci: 44]
Comp 142 (json.JsonPureStringParser.subStringFromTo(int,) loops:
Found Encoding : 1:-1,0:-1
├── Loop 1
└── Loop 0
  loop 0 Cycles: 292368 || Activation Count:0 | LoopCallCount: 0 |  Source: -at json.JsonPureStringParser.subStringFromTo(int, int) [bci: 16] | -at json.JsonPureStringParser.subStringFromTo(int, int) [bci: 42]
  loop 1 Cycles: 246192 || Activation Count:0 | LoopCallCount: 0 |  Source: -at jdk.graal.compiler.hotspot.replacements.HotSpotAllocationSnippets.allocateArray(KlassPointer, int, int, int, AllocationSnippets$FillContent, int, boolean, boolean, boolean, boolean, HotSpotAllocationSnippets$HotSpotAllocationProfilingData, boole
Comp 143 (json.JsonPureStringParser.readStringInternal()) loops:
Found Encoding : 0:-1,3:-1,2:-1,1:-1
├── Loop 0
├── Loop 3
├── Loop 2
└── Loop 1
  loop 0 Cycles: 27851755476 || Activation Count:0 | LoopCallCount: 2 |  Source: -at json.JsonPureStringParser.readStringInternal() [bci: 8] | -at json.JsonPureStringParser.readStringInternal() [bci: 54]
  loop 1 Cycles: 6697280384 || Activation Count:0 | LoopCallCount: 0 |  Source: -at json.JsonPureStringParser.subStringFromTo(int, int) [bci: 16]
-at json.JsonPureStringParser.endCapture() [bci: 39]
-at json.JsonPureStringParser.readStringInternal() [bci: 55] | -at json.JsonPureStringParser.subStringFromTo(int, int) [bci: 42]
-
  loop 3 Cycles: 5474335688 || Activation Count:0 | LoopCallCount: 0 |  Source: -at jdk.graal.compiler.hotspot.replacements.HotSpotAllocationSnippets.allocateArray(KlassPointer, int, int, int, AllocationSnippets$FillContent, int, boolean, boolean, boolean, boolean, HotSpotAllocationSnippets$HotSpotAllocationProfilingData, boole
Comp 154 (json.JsonPureStringParser.readArray()) loops:
Found Encoding : 3:-1,2:-1,0:-1,1:-1
├── Loop 3
├── Loop 2
├── Loop 0
└── Loop 1
  loop 0 Cycles: 376513970658 || Activation Count:0 | LoopCallCount: 6 |  Source: -at json.JsonPureStringParser.readArray() [bci: 27] | -at json.JsonPureStringParser.readChar(String) [bci: 11]
-at json.JsonPureStringParser.readArray() [bci: 47]
  loop 1 Cycles: 46222336 || Activation Count:0 | LoopCallCount: 0 |  Source: -at jdk.graal.compiler.hotspot.replacements.HotSpotAllocationSnippets.allocateArray(KlassPointer, int, int, int, AllocationSnippets$FillContent, int, boolean, boolean, boolean, boolean, HotSpotAllocationSnippets$HotSpotAllocationProfilingData, boole
  loop 2 Cycles: 2170792542 || Activation Count:0 | LoopCallCount: 0 |  Source: -at jdk.graal.compiler.hotspot.replacements.HotSpotAllocationSnippets.allocateArray(KlassPointer, int, int, int, AllocationSnippets$FillContent, int, boolean, boolean, boolean, boolean, HotSpotAllocationSnippets$HotSpotAllocationProfilingData, boole
  loop 3 Cycles: 4018700 || Activation Count:0 | LoopCallCount: 0 |  Source: -at jdk.graal.compiler.hotspot.replacements.HotSpotAllocationSnippets.allocateArray(KlassPointer, int, int, int, AllocationSnippets$FillContent, int, boolean, boolean, boolean, boolean, HotSpotAllocationSnippets$HotSpotAllocationProfilingData, boole
Comp 156 (json.JsonPureStringParser.endCapture()) loops:
Found Encoding : 1:-1,0:-1
├── Loop 1
└── Loop 0
  loop 0 Cycles: 1973419060 || Activation Count:0 | LoopCallCount: 0 |  Source: -at json.JsonPureStringParser.subStringFromTo(int, int) [bci: 16]
-at json.JsonPureStringParser.endCapture() [bci: 39] | -at json.JsonPureStringParser.subStringFromTo(int, int) [bci: 42]
-at json.JsonPureStringParser.endCapture() [bci: 39]
  loop 1 Cycles: 1931254372 || Activation Count:0 | LoopCallCount: 0 |  Source: -at jdk.graal.compiler.hotspot.replacements.HotSpotAllocationSnippets.allocateArray(KlassPointer, int, int, int, AllocationSnippets$FillContent, int, boolean, boolean, boolean, boolean, HotSpotAllocationSnippets$HotSpotAllocationProfilingData, boole
Comp 157 (json.JsonPureStringParser.readNumber()) loops:
Found Encoding : 0:-1
└── Loop 0
  loop 0 Cycles: 6771644148 || Activation Count:0 | LoopCallCount: 3 |  Source: -at json.JsonPureStringParser.readNumber() [bci: 39] | -at json.JsonPureStringParser.readDigit() [bci: 7]
-at json.JsonPureStringParser.readNumber() [bci: 40]
Comp 165 (som.Vector.<init>()) loops:
Found Encoding : 0:-1
└── Loop 0
  loop 0 Cycles: 244816 || Activation Count:0 | LoopCallCount: 0 |  Source: -at jdk.graal.compiler.hotspot.replacements.HotSpotAllocationSnippets.allocateArray(KlassPointer, int, int, int, AllocationSnippets$FillContent, int, boolean, boolean, boolean, boolean, HotSpotAllocationSnippets$HotSpotAllocationProfilingData, boole
Comp 167 (json.JsonPureStringParser.readObject()) loops:
Found Encoding : 1:-1,4:-1,5:-1,0:-1,2:-1,3:-1
├── Loop 1
├── Loop 4
├── Loop 5
├── Loop 0
├── Loop 2
└── Loop 3
  loop 0 Cycles: 258659119882 || Activation Count:0 | LoopCallCount: 10 |  Source: -at json.JsonPureStringParser.readObject() [bci: 27] | -at json.JsonPureStringParser.readChar(String) [bci: 11]
-at json.JsonPureStringParser.readObject() [bci: 77]
  loop 1 Cycles: 542147078 || Activation Count:0 | LoopCallCount: 0 |  Source: -at jdk.graal.compiler.hotspot.replacements.HotSpotAllocationSnippets.allocateArray(KlassPointer, int, int, int, AllocationSnippets$FillContent, int, boolean, boolean, boolean, boolean, HotSpotAllocationSnippets$HotSpotAllocationProfilingData, boole
  loop 2 Cycles: 65825942 || Activation Count:0 | LoopCallCount: 0 |  Source: -at jdk.graal.compiler.hotspot.replacements.HotSpotAllocationSnippets.allocateArray(KlassPointer, int, int, int, AllocationSnippets$FillContent, int, boolean, boolean, boolean, boolean, HotSpotAllocationSnippets$HotSpotAllocationProfilingData, boole
  loop 3 Cycles: 67299284 || Activation Count:0 | LoopCallCount: 0 |  Source: -at jdk.graal.compiler.hotspot.replacements.HotSpotAllocationSnippets.allocateArray(KlassPointer, int, int, int, AllocationSnippets$FillContent, int, boolean, boolean, boolean, boolean, HotSpotAllocationSnippets$HotSpotAllocationProfilingData, boole
  loop 4 Cycles: 539540416 || Activation Count:0 | LoopCallCount: 0 |  Source: -at jdk.graal.compiler.hotspot.replacements.HotSpotAllocationSnippets.allocateArray(KlassPointer, int, int, int, AllocationSnippets$FillContent, int, boolean, boolean, boolean, boolean, HotSpotAllocationSnippets$HotSpotAllocationProfilingData, boole
  loop 5 Cycles: 539289460 || Activation Count:0 | LoopCallCount: 0 |  Source: -at jdk.graal.compiler.hotspot.replacements.HotSpotAllocationSnippets.allocateArray(KlassPointer, int, int, int, AllocationSnippets$FillContent, int, boolean, boolean, boolean, boolean, HotSpotAllocationSnippets$HotSpotAllocationProfilingData, boole
Comp 192 (java.util.Arrays.copyOf(Object[],) loops:
Found Encoding : 0:-1
└── Loop 0
  loop 0 Cycles: 16888826 || Activation Count:0 | LoopCallCount: 0 |  Source: -at jdk.graal.compiler.hotspot.replacements.HotSpotAllocationSnippets.allocateArray(KlassPointer, int, int, int, AllocationSnippets$FillContent, int, boolean, boolean, boolean, boolean, HotSpotAllocationSnippets$HotSpotAllocationProfilingData, boole
Comp 205 (Benchmark.innerBenchmarkLoop(int)) loops:
Found Encoding : 0:-1
└── Loop 0
  loop 0 Cycles: 54624990 || Activation Count:0 | LoopCallCount: 2 |  Source: -at Benchmark.innerBenchmarkLoop(int) [bci: 2] | -at Benchmark.innerBenchmarkLoop(int) [bci: 26]
Comp 206 (Benchmark.innerBenchmarkLoop(int)-Re-Comp) loops:
Found Encoding : 0:-1
└── Loop 0
  loop 0 Cycles: 89043646592 || Activation Count:0 | LoopCallCount: 2 |  Source: -at Benchmark.innerBenchmarkLoop(int) [bci: 2] | -at Benchmark.innerBenchmarkLoop(int) [bci: 26]
Comp 207 (java.lang.StringLatin1.inflate(byte[],) loops:
Found Encoding : 0:-1,1:-1,2:-1
├── Loop 0
├── Loop 1
└── Loop 2
  loop 0 Cycles: 10996 || Activation Count:0 | LoopCallCount: 0 |  Source: -at java.lang.StringLatin1.inflate(StringLatin1.java:767) [bci: 3] | -at java.lang.StringLatin1.inflate(StringLatin1.java:770) [bci: 33]
  loop 1 Cycles: 15470 || Activation Count:0 | LoopCallCount: 0 |  Source: Source Missing | -at java.lang.StringLatin1.inflate(StringLatin1.java:770) [bci: 33]
  loop 2 Cycles: 13112 || Activation Count:0 | LoopCallCount: 0 |  Source: Source Missing | -at java.lang.StringLatin1.inflate(StringLatin1.java:770) [bci: 33]

Finished Json BuboOn at Fri 23 Jan 14:03:54 GMT 2026
============================================================
