============================================================
Benchmark: Bounce
BuboLIRPhase: true
RUNS: 500
extra_args: 10000
Replay file: /home/hb478/repos/GTSlowdownSchedular/FinalBuboTests/WithoutProbe/AWFY/Bounce/Bounce_CompilerReplay
Timestamp: Fri 23 Jan 13:55:17 GMT 2026

Could not locate BlockSlowdown.json
Skipping Loading (this might cause a fatal crash if GTSlowdown is on)
[Use -Djdk.graal.LogFile=<path> to redirect Graal log output to a file.]
java.lang.module.ModuleDescriptor.name()java.lang.String -1 codeSignature differs 5be282a10c496d4000571a6844c9c0bc109901813a12d3aea5364efad6a66c85 != 56a4ef2702ccb7a079a36c5f0ed4055a5908c2e7a9296eac6b3ffe2db37f4a2d
java.lang.module.ModuleReference.descriptor()java.lang.module.ModuleDescriptor -1 codeSignature differs 14be906eafbcd0e98db8607fd01b12de837039bcd06c460d0cf8f6394c8cff6d != da5cf171143f5513c1e4cdf5bb02fc95a3ea90774fedf9fb851ec26a1218a12f
java.lang.Enum.ordinal()int -1 codeSignature differs d4ce072063a0e5d7b77fa03ca89aafb8f3e3ecf13c518dc1905e344d1e62c58a != e88b1ad01cee91360e4f1ac151ade0525982fae29bddccb8434060766b83fd62
java.lang.Class.isPrimitive()boolean -1 codeSignature differs 98ab40cf2ebcc843a57e4548f9a42e2e9f3f439b3cfc72b2a9affe72c8d06a5f != 5b9fc3b01b5ff747850254186cdcc08e50c4f85fb4d4d68bc0989fcb181794f8
jdk.internal.util.StrongReferenceKey.get()java.lang.Object -1 codeSignature differs 14be906eafbcd0e98db8607fd01b12de837039bcd06c460d0cf8f6394c8cff6d != da5cf171143f5513c1e4cdf5bb02fc95a3ea90774fedf9fb851ec26a1218a12f
java.lang.Class.getClassLoader()java.lang.ClassLoader -1 codeSignature differs 1ec746d9657abb2124f404e47924197593986fc62346c6cd76072c08e29afddf != 454facf798c6644faed5619d9e1dae25408778409730f09c41b1c0c95518fd46
java.lang.invoke.MethodType.returnType()java.lang.Class -1 codeSignature differs 14be906eafbcd0e98db8607fd01b12de837039bcd06c460d0cf8f6394c8cff6d != da5cf171143f5513c1e4cdf5bb02fc95a3ea90774fedf9fb851ec26a1218a12f
jdk.internal.classfile.impl.AbstractPoolEntry.index()int -1 codeSignature differs d4ce072063a0e5d7b77fa03ca89aafb8f3e3ecf13c518dc1905e344d1e62c58a != e88b1ad01cee91360e4f1ac151ade0525982fae29bddccb8434060766b83fd62
java.lang.invoke.MemberName.getDeclaringClass()java.lang.Class -1 codeSignature differs b46e439bc51650ff335d2a7124f0b0154f260fe1af8ba145c6fd3cf5008c9e4e != de7d2501b6c4ceaef40260482daf6e5ea615f5f43bc71d4e0a42f41866056e09
java.lang.invoke.MethodType.form()java.lang.invoke.MethodTypeForm -1 codeSignature differs 5be282a10c496d4000571a6844c9c0bc109901813a12d3aea5364efad6a66c85 != 56a4ef2702ccb7a079a36c5f0ed4055a5908c2e7a9296eac6b3ffe2db37f4a2d
java.util.stream.FindOps$FindSink.cancellationRequested()boolean -1 codeSignature differs 55af0dc4b7688c78180d5f5b00584e4bf66cf93bd60716f9aab49e7a6fd64ac4 != d201d3c970d1bea0e5266b3abd2e0b5e37d50f57628f0f6798d16338d8e21f6a
java.lang.Object.<init>()void -1 codeSignature differs fe534d3aac0502b22527b54e744892c09d7496fd765947a3ee3ec9a070d56f92 != b5ee38686824d688fb238521bf027287d22a9235c6ea851247456595ee3c4ca5
java.lang.String.hashCode()int -1 codeSignature differs cd869c87835ef8242ee90410caccd8a61a63cd99231e11f83fcdc76366e70264 != aa1e9c2f9ea239d2fb15b2f7ff9a60f790f0544470df5bee9a657461c7ae39f8
jdk.internal.module.ModuleReferenceImpl.moduleResolution()jdk.internal.module.ModuleResolution -1 codeSignature differs b76db95b8fd3a055b26c3a6c15023743ea3cd488646d474319964a2e9e13b73e != c90e5cf05b5ed15b2ee4632b0f01daf8e8a827ca7e4e1d9f528d5eb553edbcfd
java.lang.module.ModuleDescriptor$Requires.modifiers()java.util.Set -1 codeSignature differs 14be906eafbcd0e98db8607fd01b12de837039bcd06c460d0cf8f6394c8cff6d != da5cf171143f5513c1e4cdf5bb02fc95a3ea90774fedf9fb851ec26a1218a12f
java.lang.module.ModuleDescriptor$Requires.name()java.lang.String -1 codeSignature differs 90f01eeb46d88d53d0e4e48ef19445eb3bdf8101a00c7dc3f717a337df9fb41f != c4651eecda0d588acaac43a9ae165ea6a40380899e75b0e7578d22406e0c012a
java.lang.module.ModuleDescriptor.requires()java.util.Set -1 codeSignature differs 50021c78154f047ad8f88f0733084203e726ca2f3911eed3f4e2615369ae39b2 != a12f6d231bab91ade119f5f7e87b83e28ce01e2d62fff01cc7676b635a92f884
java.lang.module.ModuleDescriptor.isAutomatic()boolean -1 codeSignature differs 2c5d9434fa6cbff1c0177053ad01774247e7a98383a3d0ee5c4dccbf56bf9e86 != 08dea6d6ec137b950a0343efb1bd030f87565d8e5b95eb64f025bd8e338928e2
java.util.HashMap$Node.getKey()java.lang.Object -1 codeSignature differs 90f01eeb46d88d53d0e4e48ef19445eb3bdf8101a00c7dc3f717a337df9fb41f != c4651eecda0d588acaac43a9ae165ea6a40380899e75b0e7578d22406e0c012a
java.util.HashMap$Node.getValue()java.lang.Object -1 codeSignature differs 5be282a10c496d4000571a6844c9c0bc109901813a12d3aea5364efad6a66c85 != 56a4ef2702ccb7a079a36c5f0ed4055a5908c2e7a9296eac6b3ffe2db37f4a2d
java.util.ImmutableCollections$Set12.isEmpty()boolean -1 codeSignature differs d890ffc04cd03ec866061096d7d13d2670cacc5a2328b692374e3523d40574bd != 6120e833de16ceab3ef754d1b00c19883b3f73962ba2cdf17c59c3710ba02d36
java.lang.module.ModuleDescriptor$Exports.source()java.lang.String -1 codeSignature differs 90f01eeb46d88d53d0e4e48ef19445eb3bdf8101a00c7dc3f717a337df9fb41f != c4651eecda0d588acaac43a9ae165ea6a40380899e75b0e7578d22406e0c012a
java.lang.module.ModuleDescriptor$Exports.targets()java.util.Set -1 codeSignature differs 5be282a10c496d4000571a6844c9c0bc109901813a12d3aea5364efad6a66c85 != 56a4ef2702ccb7a079a36c5f0ed4055a5908c2e7a9296eac6b3ffe2db37f4a2d
java.lang.module.ModuleDescriptor.provides()java.util.Set -1 codeSignature differs 309d9291f2d3c2a63becdec49b2c74b25af9d7fdc62dad05faf86a64889608fc != f5d85dfdf7fef12d65d210d402c44bf26eeb0fb3f9225e78ee6443caec31b619
java.lang.module.ModuleDescriptor.exports()java.util.Set -1 codeSignature differs 948d21eddb9ad191efbc24290e4e840a30aebb134151b75def9175ab54c0a48c != c3334e7c488922d9ee7281afad5b7ca4db54a4ab2b49cf0e755dc0a6c55854b4
java.lang.module.ModuleDescriptor.uses()java.util.Set -1 codeSignature differs e3ce51591a4fee3aaff0c687fbb639bc8c1569c92e84d989cdc906a081a3aa6f != 69f900c261d900c3a12e3d84961667caa75caf8ed42490b80edd3cdf23db4832
java.util.Objects.requireNonNull(java.lang.Object)java.lang.Object -1 codeSignature differs fab3390bacdc1c06ac727172609d32d56c9697db51c25bc06ba90803d6336aa7 != 5f34d305ad8c459e05cc78e8e67ce712079a25140f4444aee0bca43f73c4de02
java.util.ImmutableCollections$SetN$SetNIterator.hasNext()boolean -1 codeSignature differs 014069b9d29ae67f97f8d652b8d7a77d9057cdb393e4e32597c925d7a30bdc82 != 60575b8cd4d2a8242a8aab77fb607844ec4f52bcc97ca89e8880d7f6422024af
java.util.ImmutableCollections$SetN$SetNIterator.next()java.lang.Object -1 codeSignature differs f6a7d58bb4b33e7926d50e691b8e75ec1724faf98af5ebdf7ab9e188633b194c != 829478485a428303739a297a306f34a5f6d0fd7d0f8daa29efba1f814b054675
java.util.ImmutableCollections$SetN$SetNIterator.next()java.lang.Object -1 graphSignature differs b05d592371fcce917a90fc28debaf21f7e7532d4836b1c9812ac396e129c7095 != dd493989519e7f328311cfecc7abfe1946186eaebdea7e8b59878a8ba9e25a26
java.util.HashMap.hash(java.lang.Object)int -1 codeSignature differs 20239c85c068cf9fcb52fc0cca182c3a7de456461b4f8b63d991ff97fd8113de != 6280bc7c7756ee94066dd19acd0bc991cd2a27f73cb6f17423b147483a4cf0dd
java.lang.module.ModuleDescriptor$Provides.service()java.lang.String -1 codeSignature differs 14be906eafbcd0e98db8607fd01b12de837039bcd06c460d0cf8f6394c8cff6d != da5cf171143f5513c1e4cdf5bb02fc95a3ea90774fedf9fb851ec26a1218a12f
java.lang.module.ModuleDescriptor$Exports.isQualified()boolean -1 codeSignature differs 9ee0083c3a6108db9849262b7d5a1b7e4d5b054c5258716c2245d504983977c4 != fb43efb3c0e02558fff6106d516dcaae6a6d83ddb9cad8bc0fdc8c7d3a0cdeca
java.util.HashMap.putVal(int, java.lang.Object, java.lang.Object, boolean, boolean)java.lang.Object -1 codeSignature differs 885b3c4ee58b16c8bf195031cd0b3fe5f9b52ef3814cc289d0e78cccb119b9f0 != 9031271016667e4d5bc3b16ace5026a942c7acd6083c3f04e319358f030cad9b
java.util.HashMap.putVal(int, java.lang.Object, java.lang.Object, boolean, boolean)java.lang.Object -1 graphSignature differs 71c7befc4bcc50903c01cb500806055811a71080bd754d077284439fcd10103c != 5a74e12f320f5360d51b0bb3946f087ce2dce5afa144b15d312a3acc1621c4cf
java.lang.String.equals(java.lang.Object)boolean -1 codeSignature differs 1b81cb89f6505a5995dbabe425a69a03531cfa5e9b0bad05edda29235b5071d3 != 9d4deb1417e3dc3304e6e48d0050681b843c1c29f58a963fe6d7cb88c5948543
java.lang.String.equals(java.lang.Object)boolean -1 graphSignature differs 240f841b413bb8bd2af4877cb3753eac11d3bdc482d702e067df992e72784ebb != 2d841e5f6ff33687ba2a8e89c73735b82c892266d476f740b43f9fc2b4d21873
java.lang.Byte.toUnsignedInt(byte)int -1 codeSignature differs ef53887b8aa24310d9482f8fff2e03d6f5088235fdd6794c9711e90d2fb316a1 != 13d5f6657504f424775e099bdc463c00fbb2dd5e93459aa3373cba81212b5a0d
java.util.KeyValueHolder.getKey()java.lang.Object -1 codeSignature differs 14be906eafbcd0e98db8607fd01b12de837039bcd06c460d0cf8f6394c8cff6d != da5cf171143f5513c1e4cdf5bb02fc95a3ea90774fedf9fb851ec26a1218a12f
java.util.KeyValueHolder.getValue()java.lang.Object -1 codeSignature differs 90f01eeb46d88d53d0e4e48ef19445eb3bdf8101a00c7dc3f717a337df9fb41f != c4651eecda0d588acaac43a9ae165ea6a40380899e75b0e7578d22406e0c012a
java.lang.module.ModuleDescriptor.packages()java.util.Set -1 codeSignature differs 1ec746d9657abb2124f404e47924197593986fc62346c6cd76072c08e29afddf != 454facf798c6644faed5619d9e1dae25408778409730f09c41b1c0c95518fd46
java.lang.module.ResolvedModule.reference()java.lang.module.ModuleReference -1 codeSignature differs 90f01eeb46d88d53d0e4e48ef19445eb3bdf8101a00c7dc3f717a337df9fb41f != c4651eecda0d588acaac43a9ae165ea6a40380899e75b0e7578d22406e0c012a
java.util.HashMap$Node.<init>(int, java.lang.Object, java.lang.Object, java.util.HashMap$Node)void -1 codeSignature differs ffa202106b6d7979832b43fff454afd502ad2726c705ce1c8e66bc8250a30358 != 1e7006ba1323d970942ed9ac2b9f6d2142e1b0c1612caef6a5b32fcd784b436b
java.lang.module.ModuleDescriptor$Version.toString()java.lang.String -1 codeSignature differs 14be906eafbcd0e98db8607fd01b12de837039bcd06c460d0cf8f6394c8cff6d != da5cf171143f5513c1e4cdf5bb02fc95a3ea90774fedf9fb851ec26a1218a12f
java.lang.AbstractStringBuilder.length()int -1 codeSignature differs d4ce072063a0e5d7b77fa03ca89aafb8f3e3ecf13c518dc1905e344d1e62c58a != e88b1ad01cee91360e4f1ac151ade0525982fae29bddccb8434060766b83fd62
java.util.HashMap.newNode(int, java.lang.Object, java.lang.Object, java.util.HashMap$Node)java.util.HashMap$Node -1 codeSignature differs 0b57ad3d0ea1b0de0d3ae4d1256f2a3bf2dacceb94022bee4e70d75bf1848358 != df85b2b14fb5de70af8f6a1aa6efa050fdaf0546a0197d26ebd4113543cc599e
java.util.HashMap.afterNodeInsertion(boolean)void -1 codeSignature differs fe534d3aac0502b22527b54e744892c09d7496fd765947a3ee3ec9a070d56f92 != b5ee38686824d688fb238521bf027287d22a9235c6ea851247456595ee3c4ca5
java.lang.module.ResolvedModule.configuration()java.lang.module.Configuration -1 codeSignature differs 14be906eafbcd0e98db8607fd01b12de837039bcd06c460d0cf8f6394c8cff6d != da5cf171143f5513c1e4cdf5bb02fc95a3ea90774fedf9fb851ec26a1218a12f
java.lang.module.ModuleDescriptor.isOpen()boolean -1 codeSignature differs 7251ebfc69511ba11260ce3e5fe8de41e1ee424c1c84ef382507a4b520f46599 != c4f3939346c24cd7625b42361349cb6733a9291eeffd7507e7bf858c000192f4
java.util.HashMap.size()int -1 codeSignature differs 55d12884885f16e44e8204f924f64617688caf405b709d32e1e72896f6c27c3d != 9a030125c16a396ec668abdad74e59397cb88f5e4ba93604e8c6b48c6233e93d
java.util.HashMap.resize()java.util.HashMap$Node[] -1 codeSignature differs 0bdca6125df1dc383cb882727095b41520c2cb1bd43f59ee10d25475e99eef22 != 407019e74de6eb528eaaf1b353f144b5fce58816d40e6ee8b953f1e7999a501a
java.util.HashMap.resize()java.util.HashMap$Node[] -1 graphSignature differs 8621339e67ed630b148c0b60d4ece2a8f5e4dc640c7e625f721a8babedbc3813 != 907f32e8439d3100299993dcad76560e08b0f705baa3a6e36f739c5640084aa9
Could not locate BlockSlowdown.json
Skipping Loading (this might cause a fatal crash if GTSlowdown is on)
java.util.zip.ZipCoder$UTF8ZipCoder.isUTF8()boolean -1 codeSignature differs 6e3a14458a0fca90e6a63285514a933585cea592cb622e79b33ddc5df6e0fb66 != 6fdd5e023f8b36c06ccfc437f07740607e2fd6af8789c2b6573b1f8e5aec4921
java.lang.invoke.MethodType.ptypes()java.lang.Class[] -1 codeSignature differs 90f01eeb46d88d53d0e4e48ef19445eb3bdf8101a00c7dc3f717a337df9fb41f != c4651eecda0d588acaac43a9ae165ea6a40380899e75b0e7578d22406e0c012a
jdk.internal.util.Preconditions.checkIndex(int, int, java.util.function.BiFunction)int -1 codeSignature differs 0537b0c8dc5fe868ee44de1817c0b047b24d886158549ad641b2b99126c678bb != 097cdde476e7d7a11441cfa0c37471ca0a888d4c4166d67eed1a7e5c4df66c77
java.nio.Buffer.limit()int -1 codeSignature differs 55d12884885f16e44e8204f924f64617688caf405b709d32e1e72896f6c27c3d != 9a030125c16a396ec668abdad74e59397cb88f5e4ba93604e8c6b48c6233e93d
jdk.internal.classfile.impl.AbstractPoolEntry.width()int -1 codeSignature differs 6e3a14458a0fca90e6a63285514a933585cea592cb622e79b33ddc5df6e0fb66 != 6fdd5e023f8b36c06ccfc437f07740607e2fd6af8789c2b6573b1f8e5aec4921
jdk.internal.classfile.impl.SplitConstantPool.size()int -1 codeSignature differs 1e851f5b2cbf37c0cd46831368dd889b60dff01d7b16161259960e24b264ceb1 != d37b0c203163b479a20ad6e2dad4e21eac1f1ad9b1ebc37e97f7861914a001ed
java.util.Properties$LineReader.readLine()int -1 codeSignature differs dcc7cd9c2f0ddf11074c051e8afb59f862ed303e922c9b76c143ff5089c172ec != 43961d71b71ba232ed2694d540aa571e36bd52adf8e4b027613a65dc317ee3ed
java.util.Properties$LineReader.readLine()int -1 graphSignature differs 2b486d112efd309f21b56eed8c0bb9d78dd9081f799ef08ff7c803bfde611f4a != 878ec244077db65df33a3f7d09ba7cba637998f872be81e8c5729e664e547e01
java.lang.AbstractStringBuilder.getValue()byte[] -1 codeSignature differs 5be282a10c496d4000571a6844c9c0bc109901813a12d3aea5364efad6a66c85 != 56a4ef2702ccb7a079a36c5f0ed4055a5908c2e7a9296eac6b3ffe2db37f4a2d
java.lang.Enum.name()java.lang.String -1 codeSignature differs 5be282a10c496d4000571a6844c9c0bc109901813a12d3aea5364efad6a66c85 != 56a4ef2702ccb7a079a36c5f0ed4055a5908c2e7a9296eac6b3ffe2db37f4a2d
jdk.internal.util.ArraysSupport.unsignedHashCode(int, byte[], int, int)int -1 codeSignature differs 6cf4fb7fd874e15c16cb0f5b0e5aea3b0fd58bc8fcf38c48c000e5c66e2ad6a8 != 4dd8a0d23b54449c010a38548a4ec34726658ad72759db6c8d42ad0645f343a2
jdk.internal.util.ArraysSupport.unsignedHashCode(int, byte[], int, int)int -1 graphSignature differs 19b74d2985bd215adc18bbf16eb571f75605eb5502bcec63b71bd357cc668d6e != ec48f9da76be66a6b56b9242fa5c79b96c5a2b790a5832893550f14895067602
sun.util.locale.BaseLocale.getLanguage()java.lang.String -1 codeSignature differs 90f01eeb46d88d53d0e4e48ef19445eb3bdf8101a00c7dc3f717a337df9fb41f != c4651eecda0d588acaac43a9ae165ea6a40380899e75b0e7578d22406e0c012a
java.util.LinkedHashMap.removeEldestEntry(java.util.Map$Entry)boolean -1 codeSignature differs d890ffc04cd03ec866061096d7d13d2670cacc5a2328b692374e3523d40574bd != 6120e833de16ceab3ef754d1b00c19883b3f73962ba2cdf17c59c3710ba02d36
java.util.concurrent.ConcurrentHashMap.tabAt(java.util.concurrent.ConcurrentHashMap$Node[], int)java.util.concurrent.ConcurrentHashMap$Node -1 codeSignature differs 71d647ba8c6a0b4ea5a8b561fe43e8bed960c9cb04034a7aef626c5d8360de6d != 822749e9eab55cf0ab08d112d11f644faf7767e7d7f602f22b2982e4341c74e7
jdk.internal.misc.Unsafe.getReferenceAcquire(java.lang.Object, long)java.lang.Object -1 codeSignature differs 0be5c2bda59735ac5470d27796a18d252d59667b906c14721265d97be8abdd5a != a748a0c1fa3d1b22da119249a3931a9411370dff9604e49b3d7ef522719454b3
java.lang.String.coder()byte -1 codeSignature differs f3a73f0f7ffcffdf8962f6b17b32b9d22dceb70a6321ad4e83f092ac924fb640 != 957313288ef4bdda0b4cd025d583dcf3b718c3f3a50464b737eb27e80ce0139f
java.security.Provider$Service.getType()java.lang.String -1 codeSignature differs 90f01eeb46d88d53d0e4e48ef19445eb3bdf8101a00c7dc3f717a337df9fb41f != c4651eecda0d588acaac43a9ae165ea6a40380899e75b0e7578d22406e0c012a
java.security.Provider$Service.getAlgorithm()java.lang.String -1 codeSignature differs 5be282a10c496d4000571a6844c9c0bc109901813a12d3aea5364efad6a66c85 != 56a4ef2702ccb7a079a36c5f0ed4055a5908c2e7a9296eac6b3ffe2db37f4a2d
java.security.Provider$Service.getAliases()java.util.List -1 codeSignature differs ec9959256dfdc1e5d707b10920cbff0d77d6151df3608588ba4900964b3e0488 != 48d94502b891e4704180e00ca37d65d0a704038e75c0e2368237a34efba54df3
jdk.internal.classfile.impl.RawBytecodeHelper.bci()int -1 codeSignature differs fe46e3fea17c2bcac25676024acf43715946ed13832c36004058f315d01e6ed3 != e2795d501a46b0bfb6e8c56434b112c0ea54a81c9e313ecde41f1f8b0f3deb09
jdk.internal.classfile.impl.AbstractPoolEntry.constantPool()java.lang.classfile.constantpool.ConstantPool -1 codeSignature differs 5be282a10c496d4000571a6844c9c0bc109901813a12d3aea5364efad6a66c85 != 56a4ef2702ccb7a079a36c5f0ed4055a5908c2e7a9296eac6b3ffe2db37f4a2d
jdk.internal.util.WeakReferenceKey.hashCode()int -1 codeSignature differs 55d12884885f16e44e8204f924f64617688caf405b709d32e1e72896f6c27c3d != 9a030125c16a396ec668abdad74e59397cb88f5e4ba93604e8c6b48c6233e93d
java.lang.String.value()byte[] -1 codeSignature differs 5be282a10c496d4000571a6844c9c0bc109901813a12d3aea5364efad6a66c85 != 56a4ef2702ccb7a079a36c5f0ed4055a5908c2e7a9296eac6b3ffe2db37f4a2d
java.lang.String.isLatin1()boolean -1 codeSignature differs 7fbdb74539501cf2e6eb2a3c4a15d0e6598aaf73df2e1a5e20fd95a35a58b24e != 3176213e3be72bb5e1b482eae8a1c07901556750cdd7d42ef0cea4727e1ff083
Starting Bounce benchmark ...
java.util.zip.Inflater$InflaterZStreamRef.address()long -1 codeSignature differs 6775e09a923d4a8abe8298f2b15f8be238b37428c67c56453b241b1ba16d6df1 != f3c65f65796504e8d1b5bcd4c700f1dfdf1da81415a7566e44557138e77310c4
java.lang.StringLatin1.equals(byte[], byte[])boolean -1 codeSignature differs df3b672c4faf9b8e9c81d37ba53892d5bb76d91b2605d923dadb481f79796d8a != 625a83ff75952a5d0a805a4c58b62ea8ac6fa4c2e347559de275b3de58e5cde6
java.lang.StringLatin1.equals(byte[], byte[])boolean -1 graphSignature differs f47d0b1647dabd6f0108a1c873e12c6a64939992dcc9e97f79a9e6e1f1af8649 != cda1bda6b067c21da86f5c9b00220a168b94ff95811df6ee0a57435eb4ec0473
jdk.internal.constant.ClassOrInterfaceDescImpl.descriptorString()java.lang.String -1 codeSignature differs 14be906eafbcd0e98db8607fd01b12de837039bcd06c460d0cf8f6394c8cff6d != da5cf171143f5513c1e4cdf5bb02fc95a3ea90774fedf9fb851ec26a1218a12f
Bounce$Ball.bounce()boolean -1 codeSignature differs 98d2dd64ef3a3038f4b63d6f074f75b9eab25817b1f24ee598046204a7641c4a != 8a1115b86df4919d45602ef5d90dbd5aee704c48ed19da0b119f0d5b76eadd09
Bounce.benchmark()java.lang.Object -1 codeSignature differs 1b81e4c6fc4c30f075b440eb2bce3970ae154734793e4dcf39648cca1b240181 != 767028857612b10a0d490475a07c9316f90638642af9d4ecc4fcab15a8d2df81
Bounce.benchmark()java.lang.Object -1 graphSignature differs e81acc8abb9a9fa80b5d18948063ae16b5d07c95aeb4862b3ce2fc105442bc59 != 47caeebf9655277a8eadb1c547eebc9ca90824b512e0033bd323521f2215e49e
java.lang.Integer.intValue()int -1 codeSignature differs d4ce072063a0e5d7b77fa03ca89aafb8f3e3ecf13c518dc1905e344d1e62c58a != e88b1ad01cee91360e4f1ac151ade0525982fae29bddccb8434060766b83fd62
Bounce.verifyResult(java.lang.Object)boolean -1 codeSignature differs d5008a10d6c2760faa65de0a55e8ea4f64598a0e78628e6146f1083b1bce1183 != ff757fe0a0b63ebd48fd631131b363d908ced90892b26d291db34cddcd384c62
java.lang.invoke.MethodHandle.type()java.lang.invoke.MethodType -1 codeSignature differs 90f01eeb46d88d53d0e4e48ef19445eb3bdf8101a00c7dc3f717a337df9fb41f != c4651eecda0d588acaac43a9ae165ea6a40380899e75b0e7578d22406e0c012a
jdk.internal.classfile.impl.BufWriterImpl.size()int -1 codeSignature differs fe46e3fea17c2bcac25676024acf43715946ed13832c36004058f315d01e6ed3 != e2795d501a46b0bfb6e8c56434b112c0ea54a81c9e313ecde41f1f8b0f3deb09
java.lang.invoke.MethodTypeForm.erasedType()java.lang.invoke.MethodType -1 codeSignature differs 90f01eeb46d88d53d0e4e48ef19445eb3bdf8101a00c7dc3f717a337df9fb41f != c4651eecda0d588acaac43a9ae165ea6a40380899e75b0e7578d22406e0c012a
jdk.internal.classfile.impl.AbstractDirectBuilder.constantPool()jdk.internal.classfile.impl.SplitConstantPool -1 codeSignature differs 14be906eafbcd0e98db8607fd01b12de837039bcd06c460d0cf8f6394c8cff6d != da5cf171143f5513c1e4cdf5bb02fc95a3ea90774fedf9fb851ec26a1218a12f
java.util.ArrayList.size()int -1 codeSignature differs fe46e3fea17c2bcac25676024acf43715946ed13832c36004058f315d01e6ed3 != e2795d501a46b0bfb6e8c56434b112c0ea54a81c9e313ecde41f1f8b0f3deb09
java.lang.String.length()int -1 codeSignature differs 5f2a9f3bb1f4f800ea4f2ad278553dedcfc789fe27a155b26df986828b30ede3 != c429f09bde0922a4e93c787fa5a5cdbca277237619ab7dc7eb3cc60d99b0f3aa
jdk.internal.constant.ClassOrInterfaceDescImpl.isClassOrInterface()boolean -1 codeSignature differs 6e3a14458a0fca90e6a63285514a933585cea592cb622e79b33ddc5df6e0fb66 != 6fdd5e023f8b36c06ccfc437f07740607e2fd6af8789c2b6573b1f8e5aec4921
jdk.internal.classfile.impl.AbstractPoolEntry.hashCode()int -1 codeSignature differs fe46e3fea17c2bcac25676024acf43715946ed13832c36004058f315d01e6ed3 != e2795d501a46b0bfb6e8c56434b112c0ea54a81c9e313ecde41f1f8b0f3deb09
Bounce: iterations=1 runtime: 177779us
Bounce: iterations=2 runtime: 140485us
Benchmark.innerBenchmarkLoop(int)boolean -1 codeSignature differs 5fdb6003e037258c9881dae8e8d30fa2825e7086dcff7e9005fa92a60685d08b != 9d8a2c0131834684422316009b717d70b21cc16e10b10dccca1fce8b31ef3e60
Benchmark.innerBenchmarkLoop(int)boolean -1 graphSignature differs 1ce67b4520d621e4561bd5caafb0ab7415b06e884406b68566c024003a4c6740 != 7a271abf22a1270f391e80a5947622a55c5b80f49b8c0efec707ed8306ff89bb
Bounce: iterations=3 runtime: 146220us
Bounce: iterations=4 runtime: 137952us
Bounce: iterations=5 runtime: 138119us
Bounce: iterations=6 runtime: 133938us
Bounce: iterations=7 runtime: 133549us
Bounce: iterations=8 runtime: 134322us
Bounce: iterations=9 runtime: 138169us
Bounce: iterations=10 runtime: 134604us
Bounce: iterations=11 runtime: 133358us
Bounce: iterations=12 runtime: 133487us
Bounce: iterations=13 runtime: 135229us
Bounce: iterations=14 runtime: 135837us
Bounce: iterations=15 runtime: 134537us
Bounce: iterations=16 runtime: 134263us
Bounce: iterations=17 runtime: 135564us
Bounce: iterations=18 runtime: 134370us
Bounce: iterations=19 runtime: 133083us
java.nio.Buffer.position()int -1 codeSignature differs 3f64cd4fafea8a3cef87601314961681d43f2aa75c3a358c1b0ce8d9a1c4731a != a754d4fbb14cb674813e5d56933661602e017cf332100c6f35524287a66eeea9
Bounce: iterations=20 runtime: 132530us
Bounce: iterations=21 runtime: 135187us
Bounce: iterations=22 runtime: 136899us
Bounce: iterations=23 runtime: 134799us
Bounce: iterations=24 runtime: 134454us
Bounce: iterations=25 runtime: 134418us
Bounce: iterations=26 runtime: 136074us
Bounce: iterations=27 runtime: 134416us
Bounce: iterations=28 runtime: 133928us
Bounce: iterations=29 runtime: 133784us
Bounce: iterations=30 runtime: 135470us
Bounce: iterations=31 runtime: 134378us
Bounce: iterations=32 runtime: 133474us
Bounce: iterations=33 runtime: 132924us
Bounce: iterations=34 runtime: 135208us
Bounce: iterations=35 runtime: 138625us
Bounce: iterations=36 runtime: 140437us
Bounce: iterations=37 runtime: 132716us
Bounce: iterations=38 runtime: 134891us
Bounce: iterations=39 runtime: 134958us
Bounce: iterations=40 runtime: 133963us
Bounce: iterations=41 runtime: 133622us
Bounce: iterations=42 runtime: 134849us
Bounce: iterations=43 runtime: 134555us
Bounce: iterations=44 runtime: 133605us
Bounce: iterations=45 runtime: 132839us
Bounce: iterations=46 runtime: 132930us
Bounce: iterations=47 runtime: 137383us
Bounce: iterations=48 runtime: 134161us
Bounce: iterations=49 runtime: 133413us
Bounce: iterations=50 runtime: 133165us
Bounce: iterations=51 runtime: 136413us
Bounce: iterations=52 runtime: 134386us
Bounce: iterations=53 runtime: 134329us
Bounce: iterations=54 runtime: 133748us
Bounce: iterations=55 runtime: 136305us
Bounce: iterations=56 runtime: 134035us
Bounce: iterations=57 runtime: 133421us
Bounce: iterations=58 runtime: 133462us
Bounce: iterations=59 runtime: 135359us
Bounce: iterations=60 runtime: 134522us
Bounce: iterations=61 runtime: 133711us
Bounce: iterations=62 runtime: 133760us
Bounce: iterations=63 runtime: 134792us
Bounce: iterations=64 runtime: 133670us
Bounce: iterations=65 runtime: 133374us
Bounce: iterations=66 runtime: 133032us
Bounce: iterations=67 runtime: 132985us
Bounce: iterations=68 runtime: 132733us
Bounce: iterations=69 runtime: 132635us
Bounce: iterations=70 runtime: 132413us
Bounce: iterations=71 runtime: 132596us
Bounce: iterations=72 runtime: 131908us
Bounce: iterations=73 runtime: 131670us
Bounce: iterations=74 runtime: 131937us
Bounce: iterations=75 runtime: 131531us
Bounce: iterations=76 runtime: 135921us
Bounce: iterations=77 runtime: 134366us
Bounce: iterations=78 runtime: 133786us
Bounce: iterations=79 runtime: 133760us
Bounce: iterations=80 runtime: 134171us
Bounce: iterations=81 runtime: 133435us
Bounce: iterations=82 runtime: 132977us
Bounce: iterations=83 runtime: 132856us
Bounce: iterations=84 runtime: 132626us
Bounce: iterations=85 runtime: 132055us
Bounce: iterations=86 runtime: 132151us
Bounce: iterations=87 runtime: 132030us
Bounce: iterations=88 runtime: 134329us
Bounce: iterations=89 runtime: 134304us
Bounce: iterations=90 runtime: 133798us
Could not locate BlockSlowdown.json
Skipping Loading (this might cause a fatal crash if GTSlowdown is on)
java.nio.Buffer.capacity()int -1 codeSignature differs 138bc711c3bed648b8548df225303894eec321dce856bde9fbb2267d74239e89 != 8366e168458356e9e2795362a66f19336b0e55f9e34ac8b5d6d37702a481c8da
Bounce: iterations=91 runtime: 133334us
Bounce: iterations=92 runtime: 136470us
Bounce: iterations=93 runtime: 133999us
Bounce: iterations=94 runtime: 133621us
Bounce: iterations=95 runtime: 133481us
Bounce: iterations=96 runtime: 133059us
Bounce: iterations=97 runtime: 132361us
Bounce: iterations=98 runtime: 132605us
Bounce: iterations=99 runtime: 133148us
Bounce: iterations=100 runtime: 132810us
Bounce: iterations=101 runtime: 136503us
Bounce: iterations=102 runtime: 135026us
Bounce: iterations=103 runtime: 133951us
Bounce: iterations=104 runtime: 133384us
Bounce: iterations=105 runtime: 135981us
Bounce: iterations=106 runtime: 134794us
Bounce: iterations=107 runtime: 134207us
Bounce: iterations=108 runtime: 134269us
Bounce: iterations=109 runtime: 136165us
Bounce: iterations=110 runtime: 134791us
Bounce: iterations=111 runtime: 134013us
Bounce: iterations=112 runtime: 133834us
Bounce: iterations=113 runtime: 135263us
Bounce: iterations=114 runtime: 134664us
Bounce: iterations=115 runtime: 133959us
Bounce: iterations=116 runtime: 133761us
Bounce: iterations=117 runtime: 135291us
Bounce: iterations=118 runtime: 135738us
Bounce: iterations=119 runtime: 135045us
Bounce: iterations=120 runtime: 134842us
Bounce: iterations=121 runtime: 135978us
Bounce: iterations=122 runtime: 135557us
Bounce: iterations=123 runtime: 134828us
Bounce: iterations=124 runtime: 134258us
Bounce: iterations=125 runtime: 134870us
Bounce: iterations=126 runtime: 135333us
Could not locate BlockSlowdown.json
Skipping Loading (this might cause a fatal crash if GTSlowdown is on)
java.nio.charset.CharsetEncoder.maxBytesPerChar()float -1 codeSignature differs d0dc63dd2361c2989cb14e4cf77bfb3442e0a43d3c92bbd78638646fefb8363f != fecc7851573229b2c1300c739298992122dcb58fa032d82e9692f06a80e3cdc4
Bounce: iterations=127 runtime: 133685us
Bounce: iterations=128 runtime: 136271us
Bounce: iterations=129 runtime: 134631us
Bounce: iterations=130 runtime: 136852us
Bounce: iterations=131 runtime: 135212us
Bounce: iterations=132 runtime: 134265us
Bounce: iterations=133 runtime: 133691us
Bounce: iterations=134 runtime: 136269us
Bounce: iterations=135 runtime: 134492us
Bounce: iterations=136 runtime: 133612us
Bounce: iterations=137 runtime: 133333us
Bounce: iterations=138 runtime: 133357us
Bounce: iterations=139 runtime: 132780us
Bounce: iterations=140 runtime: 132414us
Bounce: iterations=141 runtime: 132057us
Bounce: iterations=142 runtime: 134407us
Bounce: iterations=143 runtime: 134061us
Bounce: iterations=144 runtime: 133406us
Bounce: iterations=145 runtime: 133061us
Bounce: iterations=146 runtime: 134706us
Bounce: iterations=147 runtime: 135088us
Bounce: iterations=148 runtime: 134416us
Bounce: iterations=149 runtime: 133601us
Bounce: iterations=150 runtime: 134965us
Bounce: iterations=151 runtime: 135738us
Bounce: iterations=152 runtime: 134863us
Bounce: iterations=153 runtime: 134777us
Bounce: iterations=154 runtime: 134398us
Bounce: iterations=155 runtime: 136113us
Bounce: iterations=156 runtime: 133935us
Bounce: iterations=157 runtime: 133520us
Bounce: iterations=158 runtime: 133347us
Bounce: iterations=159 runtime: 135532us
Bounce: iterations=160 runtime: 133363us
Bounce: iterations=161 runtime: 132925us
Bounce: iterations=162 runtime: 132590us
Bounce: iterations=163 runtime: 135711us
Bounce: iterations=164 runtime: 133550us
Bounce: iterations=165 runtime: 132969us
Bounce: iterations=166 runtime: 132741us
Bounce: iterations=167 runtime: 135401us
Bounce: iterations=168 runtime: 134862us
Bounce: iterations=169 runtime: 133949us
Bounce: iterations=170 runtime: 133758us
Bounce: iterations=171 runtime: 135773us
Bounce: iterations=172 runtime: 135224us
Bounce: iterations=173 runtime: 134349us
Bounce: iterations=174 runtime: 133953us
Bounce: iterations=175 runtime: 134317us
Bounce: iterations=176 runtime: 133976us
Bounce: iterations=177 runtime: 133655us
Bounce: iterations=178 runtime: 133477us
Bounce: iterations=179 runtime: 134152us
Bounce: iterations=180 runtime: 133430us
Bounce: iterations=181 runtime: 133293us
Bounce: iterations=182 runtime: 133265us
Bounce: iterations=183 runtime: 133327us
Bounce: iterations=184 runtime: 136959us
Bounce: iterations=185 runtime: 135045us
Bounce: iterations=186 runtime: 134499us
Bounce: iterations=187 runtime: 134135us
Bounce: iterations=188 runtime: 136464us
Bounce: iterations=189 runtime: 135213us
Bounce: iterations=190 runtime: 134601us
Bounce: iterations=191 runtime: 134459us
Bounce: iterations=192 runtime: 136672us
Bounce: iterations=193 runtime: 135536us
Bounce: iterations=194 runtime: 134678us
Bounce: iterations=195 runtime: 133794us
Bounce: iterations=196 runtime: 135817us
Bounce: iterations=197 runtime: 134478us
Bounce: iterations=198 runtime: 133256us
Bounce: iterations=199 runtime: 133341us
Bounce: iterations=200 runtime: 134758us
Bounce: iterations=201 runtime: 134449us
Bounce: iterations=202 runtime: 133927us
Bounce: iterations=203 runtime: 140035us
Bounce: iterations=204 runtime: 138980us
Bounce: iterations=205 runtime: 135604us
Bounce: iterations=206 runtime: 134849us
Bounce: iterations=207 runtime: 134691us
Bounce: iterations=208 runtime: 134212us
Bounce: iterations=209 runtime: 136335us
Bounce: iterations=210 runtime: 133603us
Bounce: iterations=211 runtime: 132728us
Bounce: iterations=212 runtime: 132628us
Bounce: iterations=213 runtime: 136427us
Bounce: iterations=214 runtime: 134187us
Bounce: iterations=215 runtime: 133619us
Bounce: iterations=216 runtime: 133445us
Bounce: iterations=217 runtime: 133947us
Bounce: iterations=218 runtime: 132888us
Bounce: iterations=219 runtime: 132797us
Bounce: iterations=220 runtime: 132519us
Bounce: iterations=221 runtime: 132970us
Bounce: iterations=222 runtime: 132372us
Bounce: iterations=223 runtime: 132400us
Bounce: iterations=224 runtime: 132455us
Bounce: iterations=225 runtime: 132846us
Bounce: iterations=226 runtime: 132401us
Bounce: iterations=227 runtime: 132143us
Bounce: iterations=228 runtime: 132078us
Bounce: iterations=229 runtime: 133413us
Bounce: iterations=230 runtime: 134283us
Bounce: iterations=231 runtime: 133105us
Bounce: iterations=232 runtime: 132798us
Bounce: iterations=233 runtime: 133799us
Bounce: iterations=234 runtime: 135277us
Bounce: iterations=235 runtime: 134014us
Bounce: iterations=236 runtime: 133305us
Bounce: iterations=237 runtime: 133177us
Bounce: iterations=238 runtime: 135927us
Bounce: iterations=239 runtime: 134357us
Bounce: iterations=240 runtime: 133825us
Bounce: iterations=241 runtime: 133537us
Bounce: iterations=242 runtime: 135926us
Bounce: iterations=243 runtime: 134479us
Bounce: iterations=244 runtime: 134140us
Bounce: iterations=245 runtime: 133545us
Bounce: iterations=246 runtime: 135550us
Bounce: iterations=247 runtime: 134875us
Bounce: iterations=248 runtime: 134252us
Bounce: iterations=249 runtime: 133558us
Bounce: iterations=250 runtime: 136146us
Bounce: iterations=251 runtime: 136509us
Bounce: iterations=252 runtime: 135158us
Bounce: iterations=253 runtime: 134592us
Bounce: iterations=254 runtime: 135625us
Bounce: iterations=255 runtime: 135623us
Bounce: iterations=256 runtime: 134464us
Bounce: iterations=257 runtime: 134368us
Bounce: iterations=258 runtime: 134570us
Bounce: iterations=259 runtime: 134731us
Bounce: iterations=260 runtime: 133500us
Bounce: iterations=261 runtime: 132656us
Bounce: iterations=262 runtime: 132517us
Bounce: iterations=263 runtime: 135209us
Bounce: iterations=264 runtime: 133593us
Bounce: iterations=265 runtime: 133126us
Bounce: iterations=266 runtime: 133031us
Bounce: iterations=267 runtime: 133384us
Bounce: iterations=268 runtime: 132700us
Bounce: iterations=269 runtime: 132688us
Bounce: iterations=270 runtime: 132469us
Bounce: iterations=271 runtime: 135625us
Bounce: iterations=272 runtime: 134351us
Bounce: iterations=273 runtime: 133580us
Bounce: iterations=274 runtime: 133114us
Bounce: iterations=275 runtime: 135301us
Bounce: iterations=276 runtime: 134575us
Bounce: iterations=277 runtime: 133521us
Bounce: iterations=278 runtime: 133404us
Bounce: iterations=279 runtime: 135243us
Bounce: iterations=280 runtime: 135103us
Bounce: iterations=281 runtime: 134400us
Bounce: iterations=282 runtime: 134075us
Bounce: iterations=283 runtime: 135079us
Bounce: iterations=284 runtime: 134950us
Bounce: iterations=285 runtime: 133753us
Bounce: iterations=286 runtime: 133410us
Bounce: iterations=287 runtime: 133704us
Bounce: iterations=288 runtime: 135903us
Bounce: iterations=289 runtime: 134517us
Bounce: iterations=290 runtime: 133406us
Bounce: iterations=291 runtime: 133090us
Bounce: iterations=292 runtime: 135942us
Bounce: iterations=293 runtime: 133325us
Bounce: iterations=294 runtime: 132647us
Bounce: iterations=295 runtime: 132746us
Bounce: iterations=296 runtime: 135807us
Bounce: iterations=297 runtime: 134292us
Bounce: iterations=298 runtime: 133979us
Bounce: iterations=299 runtime: 133861us
Bounce: iterations=300 runtime: 135687us
Bounce: iterations=301 runtime: 135078us
Bounce: iterations=302 runtime: 134938us
Bounce: iterations=303 runtime: 134192us
Bounce: iterations=304 runtime: 134553us
Bounce: iterations=305 runtime: 133941us
Bounce: iterations=306 runtime: 133817us
Bounce: iterations=307 runtime: 133506us
Bounce: iterations=308 runtime: 134941us
Bounce: iterations=309 runtime: 134756us
Bounce: iterations=310 runtime: 133882us
Bounce: iterations=311 runtime: 139280us
Bounce: iterations=312 runtime: 133731us
Bounce: iterations=313 runtime: 134951us
Bounce: iterations=314 runtime: 133978us
Bounce: iterations=315 runtime: 133830us
Bounce: iterations=316 runtime: 133655us
Bounce: iterations=317 runtime: 136105us
Bounce: iterations=318 runtime: 134060us
Bounce: iterations=319 runtime: 133704us
Bounce: iterations=320 runtime: 133284us
Bounce: iterations=321 runtime: 136211us
Bounce: iterations=322 runtime: 134528us
Bounce: iterations=323 runtime: 133680us
Bounce: iterations=324 runtime: 133190us
Bounce: iterations=325 runtime: 136158us
Bounce: iterations=326 runtime: 135742us
Bounce: iterations=327 runtime: 134652us
Bounce: iterations=328 runtime: 134226us
Bounce: iterations=329 runtime: 135826us
Bounce: iterations=330 runtime: 135177us
Bounce: iterations=331 runtime: 134422us
Bounce: iterations=332 runtime: 133714us
Bounce: iterations=333 runtime: 135103us
Bounce: iterations=334 runtime: 134568us
Bounce: iterations=335 runtime: 133500us
Bounce: iterations=336 runtime: 132918us
Bounce: iterations=337 runtime: 133116us
Bounce: iterations=338 runtime: 132611us
Bounce: iterations=339 runtime: 132489us
Bounce: iterations=340 runtime: 132373us
Bounce: iterations=341 runtime: 132708us
Bounce: iterations=342 runtime: 132351us
Bounce: iterations=343 runtime: 132391us
Bounce: iterations=344 runtime: 132045us
Bounce: iterations=345 runtime: 132111us
Bounce: iterations=346 runtime: 132665us
Bounce: iterations=347 runtime: 132146us
Bounce: iterations=348 runtime: 132048us
Bounce: iterations=349 runtime: 131938us
Bounce: iterations=350 runtime: 135392us
Bounce: iterations=351 runtime: 133989us
Bounce: iterations=352 runtime: 133607us
Bounce: iterations=353 runtime: 133429us
Bounce: iterations=354 runtime: 135309us
Bounce: iterations=355 runtime: 134499us
Bounce: iterations=356 runtime: 133247us
Bounce: iterations=357 runtime: 133381us
Bounce: iterations=358 runtime: 135758us
Bounce: iterations=359 runtime: 135364us
Bounce: iterations=360 runtime: 134439us
Bounce: iterations=361 runtime: 133673us
Bounce: iterations=362 runtime: 134897us
Bounce: iterations=363 runtime: 135292us
Bounce: iterations=364 runtime: 134272us
Bounce: iterations=365 runtime: 133839us
Bounce: iterations=366 runtime: 134366us
Bounce: iterations=367 runtime: 135734us
Bounce: iterations=368 runtime: 134123us
Bounce: iterations=369 runtime: 133765us
Bounce: iterations=370 runtime: 133430us
Bounce: iterations=371 runtime: 136825us
Bounce: iterations=372 runtime: 135200us
Bounce: iterations=373 runtime: 134388us
Bounce: iterations=374 runtime: 134009us
Bounce: iterations=375 runtime: 135937us
Bounce: iterations=376 runtime: 134859us
Bounce: iterations=377 runtime: 134222us
Bounce: iterations=378 runtime: 133698us
Bounce: iterations=379 runtime: 136193us
Bounce: iterations=380 runtime: 135165us
Bounce: iterations=381 runtime: 134618us
Bounce: iterations=382 runtime: 134388us
Bounce: iterations=383 runtime: 135929us
Bounce: iterations=384 runtime: 134881us
Bounce: iterations=385 runtime: 134165us
Bounce: iterations=386 runtime: 133900us
Bounce: iterations=387 runtime: 135432us
Bounce: iterations=388 runtime: 134982us
Bounce: iterations=389 runtime: 133916us
Bounce: iterations=390 runtime: 133516us
Bounce: iterations=391 runtime: 134427us
Bounce: iterations=392 runtime: 134417us
Bounce: iterations=393 runtime: 133586us
Bounce: iterations=394 runtime: 133376us
Bounce: iterations=395 runtime: 133653us
Bounce: iterations=396 runtime: 137977us
Bounce: iterations=397 runtime: 134706us
Bounce: iterations=398 runtime: 133610us
Bounce: iterations=399 runtime: 133233us
Bounce: iterations=400 runtime: 136801us
Bounce: iterations=401 runtime: 134993us
Could not locate BlockSlowdown.json
Skipping Loading (this might cause a fatal crash if GTSlowdown is on)
java.lang.StringLatin1.inflate(byte[], int, char[], int, int)void -1 codeSignature differs db8012b016ca99189c62cfb7b913b1f5bdbe35a6c740579c3f7d75f8facc27c6 != 17fc64c9586f0ecf27e1468b2eeb1b40eb8569e6db2faf747d95dee3bfb3e1f0
java.lang.StringLatin1.inflate(byte[], int, char[], int, int)void -1 graphSignature differs 17e6f3ed6596e5d6840a8a77065c9470c41838c2630b4535538ec163efd33e69 != e838eb1809aadd841c1ff5fe2e7a1043b73670d291c51dcf64d0aae8eaa2b7e0
Bounce: iterations=402 runtime: 134448us
Bounce: iterations=403 runtime: 135484us
Bounce: iterations=404 runtime: 136283us
Bounce: iterations=405 runtime: 134382us
Bounce: iterations=406 runtime: 134189us
Bounce: iterations=407 runtime: 133662us
Bounce: iterations=408 runtime: 136108us
Bounce: iterations=409 runtime: 136272us
Bounce: iterations=410 runtime: 133901us
Bounce: iterations=411 runtime: 133276us
Bounce: iterations=412 runtime: 136436us
Bounce: iterations=413 runtime: 135416us
Bounce: iterations=414 runtime: 134438us
Bounce: iterations=415 runtime: 133638us
Bounce: iterations=416 runtime: 134620us
Bounce: iterations=417 runtime: 134599us
Bounce: iterations=418 runtime: 133524us
Bounce: iterations=419 runtime: 133148us
Bounce: iterations=420 runtime: 134189us
Bounce: iterations=421 runtime: 134921us
Bounce: iterations=422 runtime: 134211us
Bounce: iterations=423 runtime: 133035us
Bounce: iterations=424 runtime: 132936us
Bounce: iterations=425 runtime: 136077us
Bounce: iterations=426 runtime: 133828us
Bounce: iterations=427 runtime: 133595us
Bounce: iterations=428 runtime: 133422us
Bounce: iterations=429 runtime: 133470us
Bounce: iterations=430 runtime: 133357us
Bounce: iterations=431 runtime: 133180us
Bounce: iterations=432 runtime: 133092us
Bounce: iterations=433 runtime: 133434us
Bounce: iterations=434 runtime: 133007us
Bounce: iterations=435 runtime: 132820us
Bounce: iterations=436 runtime: 132704us
Bounce: iterations=437 runtime: 133068us
Bounce: iterations=438 runtime: 132559us
Bounce: iterations=439 runtime: 132700us
Bounce: iterations=440 runtime: 132456us
Bounce: iterations=441 runtime: 133144us
Bounce: iterations=442 runtime: 132766us
Bounce: iterations=443 runtime: 132763us
Bounce: iterations=444 runtime: 132778us
Bounce: iterations=445 runtime: 134062us
Bounce: iterations=446 runtime: 135142us
Bounce: iterations=447 runtime: 134189us
Bounce: iterations=448 runtime: 133707us
Bounce: iterations=449 runtime: 133606us
Bounce: iterations=450 runtime: 136242us
Bounce: iterations=451 runtime: 134566us
Bounce: iterations=452 runtime: 133702us
Bounce: iterations=453 runtime: 133725us
Bounce: iterations=454 runtime: 136813us
Bounce: iterations=455 runtime: 135433us
Bounce: iterations=456 runtime: 134534us
Bounce: iterations=457 runtime: 134105us
Bounce: iterations=458 runtime: 134616us
Bounce: iterations=459 runtime: 132839us
Bounce: iterations=460 runtime: 133296us
Bounce: iterations=461 runtime: 132722us
Bounce: iterations=462 runtime: 135135us
Bounce: iterations=463 runtime: 134549us
Bounce: iterations=464 runtime: 134074us
Bounce: iterations=465 runtime: 133750us
Bounce: iterations=466 runtime: 133801us
Bounce: iterations=467 runtime: 132977us
Bounce: iterations=468 runtime: 132901us
Bounce: iterations=469 runtime: 133140us
Bounce: iterations=470 runtime: 133436us
Bounce: iterations=471 runtime: 133330us
Bounce: iterations=472 runtime: 132985us
Bounce: iterations=473 runtime: 132399us
Bounce: iterations=474 runtime: 142904us
Bounce: iterations=475 runtime: 134524us
Bounce: iterations=476 runtime: 132341us
Bounce: iterations=477 runtime: 132318us
Bounce: iterations=478 runtime: 132477us
Bounce: iterations=479 runtime: 136101us
Bounce: iterations=480 runtime: 134311us
Bounce: iterations=481 runtime: 134168us
Bounce: iterations=482 runtime: 134144us
Bounce: iterations=483 runtime: 135409us
Bounce: iterations=484 runtime: 133643us
Bounce: iterations=485 runtime: 133098us
Bounce: iterations=486 runtime: 132744us
Bounce: iterations=487 runtime: 135691us
Bounce: iterations=488 runtime: 135063us
Bounce: iterations=489 runtime: 134230us
Bounce: iterations=490 runtime: 134204us
Bounce: iterations=491 runtime: 135944us
Bounce: iterations=492 runtime: 134959us
Bounce: iterations=493 runtime: 133985us
Bounce: iterations=494 runtime: 133944us
Bounce: iterations=495 runtime: 135508us
Bounce: iterations=496 runtime: 135193us
Bounce: iterations=497 runtime: 133878us
Bounce: iterations=498 runtime: 133588us
Bounce: iterations=499 runtime: 134483us
Bounce: iterations=500 runtime: 133672us
Could not locate BlockSlowdown.json
Skipping Loading (this might cause a fatal crash if GTSlowdown is on)
jdk.internal.constant.PrimitiveClassDescImpl.descriptorString()java.lang.String -1 codeSignature differs 7722674ec43cccc19227bd0fe31433696da3716816c65b03f1730e1c0254917a != d487d8a2503fc353385b06f3b95e8ab10a6fe5294aa12ef213c2f0b58f53bb2d
jdk.internal.classfile.impl.AbstractPoolEntry$ClassEntryImpl.tag()int -1 codeSignature differs 5404769be9f3dbc3cb72c5db1a8ad8dd44853cedba352c69c6db32de21c4dbb9 != 1c5cefc40a914f135a319bd8d405841fbf0f0e92dfa85c790bd1c66c2edacece
java.lang.Class.getComponentType()java.lang.Class -1 codeSignature differs b319d91a6485f244b602f37bbb015c7b083103cb0168540c8f7172a6f77fcdb4 != ca3e2776cb0744dcbd5af9f18a41221cfb7ea6616e2c92fa3282d7012b2bb32a
java.lang.constant.ClassDesc.isPrimitive()boolean -1 codeSignature differs d890ffc04cd03ec866061096d7d13d2670cacc5a2328b692374e3523d40574bd != 6120e833de16ceab3ef754d1b00c19883b3f73962ba2cdf17c59c3710ba02d36
java.lang.StringCoding.implEncodeAsciiArray(char[], int, byte[], int, int)int -1 codeSignature differs 50fc2ab147a0d1f774dbb7a40d02e9f4cb01533c3b2eb372b428b493e4359be7 != 726c589bc3028695e1ab333a2ffc6cdaf3378a0846f06129cd80bec52bf52833
java.lang.StringCoding.implEncodeAsciiArray(char[], int, byte[], int, int)int -1 graphSignature differs bc8f20c8c772d3cc0eaba9b68bcd84047d761ba16a7aeb64fe90c36d37dcccb7 != 3bdd078c3a9d60d7eff24b6603d8a355db817965321aded167eb2387bae94eb4
Bounce: iterations=500 average: 134349us total: 67174933us


java.lang.invoke.MethodTypeForm.parameterSlotCount()int -1 codeSignature differs ad156c9aebe2f06c30e3b5dbbec2e173bc1370acb4ba42d2464dda8cd03d5b04 != 631f1ee6b294c0668302aaa578afb6c4bc9eb79e5bdf6a7916a36c576b1ba42d
Total Runtime: 67174933us
Bubo.RDTSC.Harness.main Total RDTSC cycles: 222786487008
Comp 52 (java.util.ImmutableCollections$SetN$SetNIterator.next()) loops:
Found Encoding : 0:-1
└── Loop 0
  loop 0 Cycles: 375622 || Activation Count:0 | LoopCallCount: 0 |  Source: -at java.util.ImmutableCollections$SetN$SetNIterator.next(ImmutableCollections.java:1213) [bci: 21] | -at java.util.ImmutableCollections$SetN$SetNIterator.next(ImmutableCollections.java:1223) [bci: 65]
Comp 56 (java.util.HashMap.putVal(int,) loops:
Found Encoding : 0:-1
└── Loop 0
  loop 0 Cycles: 10704 || Activation Count:0 | LoopCallCount: 0 |  Source: -at java.util.HashMap.putVal(HashMap.java:648) [bci: 134] | -at java.util.HashMap.putVal(HashMap.java:649) [bci: 145]
Comp 57 (java.lang.String.equals(Object)) loops:
Found Encoding : 0:-1
└── Loop 0
  loop 0 Cycles: 9286 || Activation Count:0 | LoopCallCount: 0 |  Source: -at java.lang.StringLatin1.equals(StringLatin1.java:100) [bci: 9]
-at java.lang.String.equals(String.java:1926) [bci: 44] | -at java.lang.StringLatin1.equals(StringLatin1.java:105) [bci: 32]
-at java.lang.String.equals(String.java:1926) [bci: 44]
Comp 75 (java.util.HashMap.resize()) loops:
Found Encoding : 2:-1,0:-1,1:0
├── Loop 2
└── Loop 0
    └── Loop 1
  loop 0 Cycles: 29420 || Activation Count:0 | LoopCallCount: 0 |  Source: -at java.util.HashMap.resize(HashMap.java:714) [bci: 151] | -at java.util.HashMap.resize(HashMap.java:755) [bci: 353]
  loop 1 Cycles: 8830 || Activation Count:0 | LoopCallCount: 0 |  Source: -at java.util.HashMap.resize(HashMap.java:727) [bci: 235] | -at java.util.HashMap.resize(HashMap.java:743) [bci: 309]
  loop 2 Cycles: 16184 || Activation Count:0 | LoopCallCount: 0 |  Source: -at jdk.graal.compiler.hotspot.replacements.HotSpotAllocationSnippets.allocateArray(KlassPointer, int, int, int, AllocationSnippets$FillContent, int, boolean, boolean, boolean, boolean, HotSpotAllocationSnippets$HotSpotAllocationProfilingData, boolea
Comp 88 (java.util.Properties$LineReader.readLine()) loops:
Found Encoding : 5:-1,3:-1,4:3,0:-1,1:0,2:1
├── Loop 5
├── Loop 3
│   └── Loop 4
└── Loop 0
    └── Loop 1
        └── Loop 2
  loop 1 Cycles: 232082 || Activation Count:0 | LoopCallCount: 1 |  Source: -at java.util.Properties$LineReader.readLine(Properties.java:538) [bci: 219] | -at java.util.Properties$LineReader.readLine(Properties.java:543) [bci: 259]
  loop 2 Cycles: 16544 || Activation Count:0 | LoopCallCount: 0 |  Source: -at java.util.Properties$LineReader.readLine(Properties.java:540) [bci: 224] | -at java.util.Properties$LineReader.readLine(Properties.java:543) [bci: 259]
  loop 5 Cycles: 224 || Activation Count:0 | LoopCallCount: 0 |  Source: -at java.util.Properties$LineReader.readLine(Properties.java:540) [bci: 224] | -at java.util.Properties$LineReader.readLine(Properties.java:543) [bci: 259]
Comp 89 (java.util.Properties$LineReader.readLine()-Re-Comp) loops:
Found Encoding : 0:-1,1:0,2:1
└── Loop 0
    └── Loop 1
        └── Loop 2
  loop 0 Cycles: 550564 || Activation Count:0 | LoopCallCount: 2 |  Source: -at java.util.Properties$LineReader.readLine(Properties.java:504) [bci: 53] | -at java.util.Properties$LineReader.readLine(Properties.java:615) [bci: 577]
  loop 1 Cycles: 495438 || Activation Count:0 | LoopCallCount: 1 |  Source: -at java.util.Properties$LineReader.readLine(Properties.java:538) [bci: 219] | -at java.util.Properties$LineReader.readLine(Properties.java:543) [bci: 259]
  loop 2 Cycles: 142670 || Activation Count:0 | LoopCallCount: 0 |  Source: -at java.util.Properties$LineReader.readLine(Properties.java:540) [bci: 224] | -at java.util.Properties$LineReader.readLine(Properties.java:545) [bci: 262]
Comp 92 (jdk.internal.util.ArraysSupport.unsignedHashCode(int,) loops:
Found Encoding : 0:-1,1:-1,2:-1
├── Loop 0
├── Loop 1
└── Loop 2
  loop 0 Cycles: 55736 || Activation Count:0 | LoopCallCount: 0 |  Source: -at jdk.internal.util.ArraysSupport.unsignedHashCode(ArraysSupport.java:378) [bci: 8] | -at jdk.internal.util.ArraysSupport.unsignedHashCode(ArraysSupport.java:381) [bci: 34]
  loop 1 Cycles: 107744 || Activation Count:0 | LoopCallCount: 0 |  Source: Source Missing | -at jdk.internal.util.ArraysSupport.unsignedHashCode(ArraysSupport.java:381) [bci: 34]
  loop 2 Cycles: 90788 || Activation Count:0 | LoopCallCount: 0 |  Source: Source Missing | -at jdk.internal.util.ArraysSupport.unsignedHashCode(ArraysSupport.java:381) [bci: 34]
Comp 120 (java.lang.StringLatin1.equals(byte[],) loops:
Found Encoding : 0:-1
└── Loop 0
  loop 0 Cycles: 4442 || Activation Count:0 | LoopCallCount: 0 |  Source: -at java.lang.StringLatin1.equals(StringLatin1.java:100) [bci: 9] | -at java.lang.StringLatin1.equals(StringLatin1.java:105) [bci: 32]
Comp 125 (Bounce.benchmark()) loops:
Found Encoding : 2:-1,0:-1,1:0
├── Loop 2
└── Loop 0
    └── Loop 1
  loop 0 Cycles: 88330 || Activation Count:0 | LoopCallCount: 0 |  Source: -at Bounce.benchmark() [bci: 33] | -at Bounce.benchmark() [bci: 89]
  loop 1 Cycles: 84776 || Activation Count:0 | LoopCallCount: 0 |  Source: -at Bounce.benchmark() [bci: 52] | -at Bounce.benchmark() [bci: 83]
  loop 2 Cycles: 598 || Activation Count:0 | LoopCallCount: 0 |  Source: -at Bounce.benchmark() [bci: 52] | -at Bounce.benchmark() [bci: 83]
Comp 126 (Bounce.benchmark()-Re-Comp) loops:
Found Encoding : 3:-1,2:-1,0:-1,1:0
├── Loop 3
├── Loop 2
└── Loop 0
    └── Loop 1
  loop 0 Cycles: 208029770718 || Activation Count:0 | LoopCallCount: 0 |  Source: -at Bounce.benchmark() [bci: 33] | -at Bounce.benchmark() [bci: 89]
  loop 1 Cycles: 190838399058 || Activation Count:0 | LoopCallCount: 0 |  Source: -at Bounce.benchmark() [bci: 52] | -at Bounce.benchmark() [bci: 83]
  loop 2 Cycles: 12511784354 || Activation Count:0 | LoopCallCount: 1 |  Source: -at java.util.Arrays.setAll(Arrays.java:5097) [bci: 7]
-at Bounce.benchmark() [bci: 27] | -at java.util.Arrays.setAll(Arrays.java:5099) [bci: 29]
-at Bounce.benchmark() [bci: 27]
  loop 3 Cycles: 585418444 || Activation Count:0 | LoopCallCount: 0 |  Source: -at jdk.graal.compiler.hotspot.replacements.HotSpotAllocationSnippets.allocateArray(KlassPointer, int, int, int, AllocationSnippets$FillContent, int, boolean, boolean, boolean, boolean, HotSpotAllocationSnippets$HotSpotAllocationProfilingData, boole
Comp 143 (Benchmark.innerBenchmarkLoop(int)) loops:
Found Encoding : 0:-1
└── Loop 0
  loop 0 Cycles: 433561694 || Activation Count:0 | LoopCallCount: 1 |  Source: -at Benchmark.innerBenchmarkLoop(int) [bci: 2] | -at Benchmark.innerBenchmarkLoop(int) [bci: 26]
Comp 144 (Benchmark.innerBenchmarkLoop(int)-Re-Comp) loops:
Found Encoding : 0:-1
└── Loop 0
  loop 0 Cycles: 220922199600 || Activation Count:0 | LoopCallCount: 1 |  Source: -at Benchmark.innerBenchmarkLoop(int) [bci: 2] | -at Benchmark.innerBenchmarkLoop(int) [bci: 26]
Comp 152 (java.lang.StringLatin1.inflate(byte[],) loops:
Found Encoding : 0:-1,1:-1,2:-1
├── Loop 0
├── Loop 1
└── Loop 2
  loop 0 Cycles: 13432 || Activation Count:0 | LoopCallCount: 0 |  Source: -at java.lang.StringLatin1.inflate(StringLatin1.java:767) [bci: 3] | -at java.lang.StringLatin1.inflate(StringLatin1.java:770) [bci: 33]
  loop 1 Cycles: 21840 || Activation Count:0 | LoopCallCount: 0 |  Source: Source Missing | -at java.lang.StringLatin1.inflate(StringLatin1.java:770) [bci: 33]
  loop 2 Cycles: 17246 || Activation Count:0 | LoopCallCount: 0 |  Source: Source Missing | -at java.lang.StringLatin1.inflate(StringLatin1.java:770) [bci: 33]
Comp 161 (java.lang.StringCoding.implEncodeAsciiArray(char[],) loops:
Found Encoding : 0:-1
└── Loop 0
  loop 0 Cycles: 192 || Activation Count:0 | LoopCallCount: 0 |  Source: -at java.lang.StringCoding.implEncodeAsciiArray(StringCoding.java:118) [bci: 3] | -at java.lang.StringCoding.implEncodeAsciiArray(StringCoding.java:124) [bci: 44]
Comp 162 (java.lang.StringCoding.implEncodeAsciiArray(char[],-Re-Comp) loops:
Found Encoding : 0:-1
└── Loop 0
  loop 0 Cycles: 582 || Activation Count:0 | LoopCallCount: 0 |  Source: -at java.lang.StringCoding.implEncodeAsciiArray(StringCoding.java:118) [bci: 3] | -at java.lang.StringCoding.implEncodeAsciiArray(StringCoding.java:124) [bci: 44]

Finished Bounce BuboOn at Fri 23 Jan 13:56:25 GMT 2026
============================================================
