============================================================
Benchmark: Json
BuboLIRPhase: true
RUNS: 500
extra_args: 100
Replay file: /home/hb478/repos/GTSlowdownSchedular/FinalBuboTests/WithoutProbe/AWFY/Json/Json_CompilerReplay
Timestamp: Fri 23 Jan 13:54:31 GMT 2026

Could not locate BlockSlowdown.json
Skipping Loading (this might cause a fatal crash if GTSlowdown is on)
Could not locate BlockSlowdown.json
Skipping Loading (this might cause a fatal crash if GTSlowdown is on)
Starting Json benchmark ...
Json: iterations=1 runtime: 452992us
Json: iterations=2 runtime: 97283us
Json: iterations=3 runtime: 111166us
Json: iterations=4 runtime: 92952us
Json: iterations=5 runtime: 96245us
Json: iterations=6 runtime: 93291us
Json: iterations=7 runtime: 93159us
Json: iterations=8 runtime: 93153us
Json: iterations=9 runtime: 93140us
Json: iterations=10 runtime: 93111us
Json: iterations=11 runtime: 92865us
Json: iterations=12 runtime: 94642us
Json: iterations=13 runtime: 93092us
Json: iterations=14 runtime: 93191us
Json: iterations=15 runtime: 91882us
Json: iterations=16 runtime: 93975us
Json: iterations=17 runtime: 92834us
Json: iterations=18 runtime: 92811us
Json: iterations=19 runtime: 92681us
Json: iterations=20 runtime: 92582us
Json: iterations=21 runtime: 92719us
Json: iterations=22 runtime: 93217us
Json: iterations=23 runtime: 124233us
Json: iterations=24 runtime: 92831us
Json: iterations=25 runtime: 92629us
Json: iterations=26 runtime: 92461us
Json: iterations=27 runtime: 92585us
Json: iterations=28 runtime: 92510us
Json: iterations=29 runtime: 92583us
Json: iterations=30 runtime: 92395us
Json: iterations=31 runtime: 92547us
Json: iterations=32 runtime: 91734us
Json: iterations=33 runtime: 95408us
Json: iterations=34 runtime: 92550us
Json: iterations=35 runtime: 92390us
Json: iterations=36 runtime: 92568us
Json: iterations=37 runtime: 92328us
Json: iterations=38 runtime: 92321us
Json: iterations=39 runtime: 92351us
Json: iterations=40 runtime: 92514us
Json: iterations=41 runtime: 92425us
Json: iterations=42 runtime: 92198us
Json: iterations=43 runtime: 92386us
Json: iterations=44 runtime: 92497us
Json: iterations=45 runtime: 92075us
Json: iterations=46 runtime: 92139us
Json: iterations=47 runtime: 92230us
Json: iterations=48 runtime: 92345us
Json: iterations=49 runtime: 92139us
Json: iterations=50 runtime: 91630us
Json: iterations=51 runtime: 92075us
Json: iterations=52 runtime: 92165us
Json: iterations=53 runtime: 93589us
Json: iterations=54 runtime: 92580us
Json: iterations=55 runtime: 92251us
Json: iterations=56 runtime: 92074us
Json: iterations=57 runtime: 91975us
Json: iterations=58 runtime: 92198us
Json: iterations=59 runtime: 92335us
Json: iterations=60 runtime: 92288us
Json: iterations=61 runtime: 91957us
Json: iterations=62 runtime: 92105us
Json: iterations=63 runtime: 91932us
Json: iterations=64 runtime: 92231us
Json: iterations=65 runtime: 92120us
Json: iterations=66 runtime: 92046us
Json: iterations=67 runtime: 92047us
Could not locate BlockSlowdown.json
Skipping Loading (this might cause a fatal crash if GTSlowdown is on)
Json: iterations=68 runtime: 144825us
Json: iterations=69 runtime: 92108us
Json: iterations=70 runtime: 92082us
Json: iterations=71 runtime: 92130us
Json: iterations=72 runtime: 91991us
Json: iterations=73 runtime: 91864us
Json: iterations=74 runtime: 92195us
Json: iterations=75 runtime: 92030us
Json: iterations=76 runtime: 92064us
Json: iterations=77 runtime: 92027us
Json: iterations=78 runtime: 92022us
Json: iterations=79 runtime: 91984us
Json: iterations=80 runtime: 92138us
Json: iterations=81 runtime: 92154us
Json: iterations=82 runtime: 92027us
Json: iterations=83 runtime: 92022us
Json: iterations=84 runtime: 92031us
Json: iterations=85 runtime: 91933us
Json: iterations=86 runtime: 91475us
Json: iterations=87 runtime: 91961us
Json: iterations=88 runtime: 92054us
Json: iterations=89 runtime: 92048us
Json: iterations=90 runtime: 92460us
Could not locate BlockSlowdown.json
Skipping Loading (this might cause a fatal crash if GTSlowdown is on)
Json: iterations=91 runtime: 91973us
Json: iterations=92 runtime: 92468us
Json: iterations=93 runtime: 92024us
Json: iterations=94 runtime: 92171us
Json: iterations=95 runtime: 91982us
Json: iterations=96 runtime: 91967us
Json: iterations=97 runtime: 92106us
Json: iterations=98 runtime: 92386us
Json: iterations=99 runtime: 91981us
Json: iterations=100 runtime: 91898us
Json: iterations=101 runtime: 91905us
Json: iterations=102 runtime: 92028us
Json: iterations=103 runtime: 91596us
Json: iterations=104 runtime: 91905us
Json: iterations=105 runtime: 91969us
Json: iterations=106 runtime: 93230us
Json: iterations=107 runtime: 92338us
Json: iterations=108 runtime: 92278us
Json: iterations=109 runtime: 91849us
Json: iterations=110 runtime: 92037us
Json: iterations=111 runtime: 92414us
Json: iterations=112 runtime: 92009us
Json: iterations=113 runtime: 92096us
Json: iterations=114 runtime: 92087us
Json: iterations=115 runtime: 92046us
Json: iterations=116 runtime: 91937us
Json: iterations=117 runtime: 91959us
Json: iterations=118 runtime: 92045us
Json: iterations=119 runtime: 91872us
Json: iterations=120 runtime: 91972us
Json: iterations=121 runtime: 91440us
Json: iterations=122 runtime: 91948us
Json: iterations=123 runtime: 92249us
Json: iterations=124 runtime: 93144us
Json: iterations=125 runtime: 91985us
Json: iterations=126 runtime: 92072us
Could not locate BlockSlowdown.json
Skipping Loading (this might cause a fatal crash if GTSlowdown is on)
Json: iterations=127 runtime: 91953us
Json: iterations=128 runtime: 92075us
Json: iterations=129 runtime: 91973us
Json: iterations=130 runtime: 91966us
Json: iterations=131 runtime: 91906us
Json: iterations=132 runtime: 91880us
Json: iterations=133 runtime: 91943us
Json: iterations=134 runtime: 91863us
Json: iterations=135 runtime: 91953us
Json: iterations=136 runtime: 91971us
Json: iterations=137 runtime: 91880us
Json: iterations=138 runtime: 91972us
Json: iterations=139 runtime: 91505us
Json: iterations=140 runtime: 91901us
Json: iterations=141 runtime: 91918us
Json: iterations=142 runtime: 91877us
Json: iterations=143 runtime: 91925us
Json: iterations=144 runtime: 91886us
Json: iterations=145 runtime: 91826us
Json: iterations=146 runtime: 91894us
Json: iterations=147 runtime: 91949us
Json: iterations=148 runtime: 91910us
Json: iterations=149 runtime: 91868us
Json: iterations=150 runtime: 91926us
Json: iterations=151 runtime: 92477us
Json: iterations=152 runtime: 92049us
Json: iterations=153 runtime: 91836us
Json: iterations=154 runtime: 91883us
Json: iterations=155 runtime: 91885us
Json: iterations=156 runtime: 94457us
Json: iterations=157 runtime: 96546us
Json: iterations=158 runtime: 92247us
Json: iterations=159 runtime: 91917us
Json: iterations=160 runtime: 91889us
Json: iterations=161 runtime: 92139us
Json: iterations=162 runtime: 92529us
Json: iterations=163 runtime: 92183us
Json: iterations=164 runtime: 91922us
Json: iterations=165 runtime: 91955us
Json: iterations=166 runtime: 92141us
Json: iterations=167 runtime: 92367us
Json: iterations=168 runtime: 92000us
Json: iterations=169 runtime: 91902us
Json: iterations=170 runtime: 92219us
Json: iterations=171 runtime: 92251us
Json: iterations=172 runtime: 92442us
Json: iterations=173 runtime: 92286us
Json: iterations=174 runtime: 91528us
Json: iterations=175 runtime: 92404us
Json: iterations=176 runtime: 92378us
Json: iterations=177 runtime: 92427us
Json: iterations=178 runtime: 92642us
Json: iterations=179 runtime: 92351us
Json: iterations=180 runtime: 92413us
Json: iterations=181 runtime: 92435us
Json: iterations=182 runtime: 92367us
Json: iterations=183 runtime: 92298us
Json: iterations=184 runtime: 94261us
Json: iterations=185 runtime: 92323us
Json: iterations=186 runtime: 92291us
Json: iterations=187 runtime: 92320us
Json: iterations=188 runtime: 92414us
Json: iterations=189 runtime: 92314us
Json: iterations=190 runtime: 92504us
Json: iterations=191 runtime: 92323us
Json: iterations=192 runtime: 91517us
Json: iterations=193 runtime: 92369us
Json: iterations=194 runtime: 92363us
Json: iterations=195 runtime: 92416us
Json: iterations=196 runtime: 92380us
Json: iterations=197 runtime: 92368us
Json: iterations=198 runtime: 92246us
Json: iterations=199 runtime: 92280us
Json: iterations=200 runtime: 92370us
Json: iterations=201 runtime: 92397us
Json: iterations=202 runtime: 92532us
Json: iterations=203 runtime: 92400us
Json: iterations=204 runtime: 92220us
Could not locate BlockSlowdown.json
Skipping Loading (this might cause a fatal crash if GTSlowdown is on)
Json: iterations=205 runtime: 183658us
Json: iterations=206 runtime: 92332us
Json: iterations=207 runtime: 92158us
Json: iterations=208 runtime: 92257us
Json: iterations=209 runtime: 92421us
Json: iterations=210 runtime: 92609us
Json: iterations=211 runtime: 92408us
Json: iterations=212 runtime: 92342us
Json: iterations=213 runtime: 92162us
Json: iterations=214 runtime: 92262us
Json: iterations=215 runtime: 92220us
Json: iterations=216 runtime: 92342us
Json: iterations=217 runtime: 92037us
Json: iterations=218 runtime: 92022us
Json: iterations=219 runtime: 91792us
Json: iterations=220 runtime: 91899us
Json: iterations=221 runtime: 91859us
Json: iterations=222 runtime: 92032us
Json: iterations=223 runtime: 91931us
Json: iterations=224 runtime: 91937us
Json: iterations=225 runtime: 91844us
Json: iterations=226 runtime: 92062us
Json: iterations=227 runtime: 91954us
Json: iterations=228 runtime: 91535us
Json: iterations=229 runtime: 91898us
Json: iterations=230 runtime: 91965us
Json: iterations=231 runtime: 92044us
Json: iterations=232 runtime: 92045us
Json: iterations=233 runtime: 92025us
Json: iterations=234 runtime: 91933us
Json: iterations=235 runtime: 91940us
Json: iterations=236 runtime: 91885us
Json: iterations=237 runtime: 92011us
Json: iterations=238 runtime: 91871us
Json: iterations=239 runtime: 92033us
Json: iterations=240 runtime: 93031us
Json: iterations=241 runtime: 93214us
Json: iterations=242 runtime: 91893us
Json: iterations=243 runtime: 91865us
Json: iterations=244 runtime: 91882us
Json: iterations=245 runtime: 91459us
Json: iterations=246 runtime: 91986us
Json: iterations=247 runtime: 91888us
Json: iterations=248 runtime: 91870us
Json: iterations=249 runtime: 91965us
Json: iterations=250 runtime: 91905us
Json: iterations=251 runtime: 91889us
Json: iterations=252 runtime: 91949us
Json: iterations=253 runtime: 91914us
Json: iterations=254 runtime: 91906us
Json: iterations=255 runtime: 91847us
Json: iterations=256 runtime: 91840us
Json: iterations=257 runtime: 91924us
Json: iterations=258 runtime: 91837us
Json: iterations=259 runtime: 92036us
Json: iterations=260 runtime: 91810us
Json: iterations=261 runtime: 91857us
Json: iterations=262 runtime: 91799us
Json: iterations=263 runtime: 91522us
Json: iterations=264 runtime: 91933us
Json: iterations=265 runtime: 91918us
Json: iterations=266 runtime: 91785us
Json: iterations=267 runtime: 91863us
Json: iterations=268 runtime: 92013us
Json: iterations=269 runtime: 92114us
Json: iterations=270 runtime: 92137us
Json: iterations=271 runtime: 91922us
Json: iterations=272 runtime: 92054us
Json: iterations=273 runtime: 92204us
Json: iterations=274 runtime: 94766us
Json: iterations=275 runtime: 92028us
Json: iterations=276 runtime: 92002us
Json: iterations=277 runtime: 92040us
Json: iterations=278 runtime: 92071us
Json: iterations=279 runtime: 91874us
Json: iterations=280 runtime: 91929us
Json: iterations=281 runtime: 91597us
Json: iterations=282 runtime: 92000us
Json: iterations=283 runtime: 91951us
Json: iterations=284 runtime: 91843us
Json: iterations=285 runtime: 91906us
Json: iterations=286 runtime: 92564us
Json: iterations=287 runtime: 92016us
Json: iterations=288 runtime: 91850us
Json: iterations=289 runtime: 91910us
Json: iterations=290 runtime: 91859us
Json: iterations=291 runtime: 91862us
Json: iterations=292 runtime: 91942us
Json: iterations=293 runtime: 91906us
Json: iterations=294 runtime: 91889us
Json: iterations=295 runtime: 91880us
Json: iterations=296 runtime: 91945us
Json: iterations=297 runtime: 91912us
Json: iterations=298 runtime: 91485us
Json: iterations=299 runtime: 91885us
Json: iterations=300 runtime: 91974us
Json: iterations=301 runtime: 91818us
Json: iterations=302 runtime: 92676us
Json: iterations=303 runtime: 93392us
Json: iterations=304 runtime: 91903us
Json: iterations=305 runtime: 91917us
Json: iterations=306 runtime: 95326us
Json: iterations=307 runtime: 92459us
Json: iterations=308 runtime: 91875us
Json: iterations=309 runtime: 91904us
Json: iterations=310 runtime: 91851us
Json: iterations=311 runtime: 91934us
Json: iterations=312 runtime: 91847us
Json: iterations=313 runtime: 91945us
Json: iterations=314 runtime: 91866us
Json: iterations=315 runtime: 91860us
Json: iterations=316 runtime: 91455us
Json: iterations=317 runtime: 91925us
Json: iterations=318 runtime: 91872us
Json: iterations=319 runtime: 91865us
Json: iterations=320 runtime: 91846us
Json: iterations=321 runtime: 91981us
Json: iterations=322 runtime: 92001us
Json: iterations=323 runtime: 92448us
Json: iterations=324 runtime: 92187us
Json: iterations=325 runtime: 92034us
Json: iterations=326 runtime: 91993us
Json: iterations=327 runtime: 91969us
Json: iterations=328 runtime: 92028us
Json: iterations=329 runtime: 91994us
Json: iterations=330 runtime: 91893us
Json: iterations=331 runtime: 91907us
Json: iterations=332 runtime: 91921us
Json: iterations=333 runtime: 91903us
Json: iterations=334 runtime: 91454us
Json: iterations=335 runtime: 92007us
Json: iterations=336 runtime: 91909us
Json: iterations=337 runtime: 91964us
Json: iterations=338 runtime: 91924us
Json: iterations=339 runtime: 91871us
Json: iterations=340 runtime: 91892us
Json: iterations=341 runtime: 91930us
Json: iterations=342 runtime: 91846us
Json: iterations=343 runtime: 91824us
Json: iterations=344 runtime: 91941us
Json: iterations=345 runtime: 91931us
Json: iterations=346 runtime: 91950us
Json: iterations=347 runtime: 91800us
Json: iterations=348 runtime: 91950us
Json: iterations=349 runtime: 91825us
Json: iterations=350 runtime: 91981us
Json: iterations=351 runtime: 91998us
Json: iterations=352 runtime: 91536us
Json: iterations=353 runtime: 91942us
Json: iterations=354 runtime: 91966us
Json: iterations=355 runtime: 91972us
Json: iterations=356 runtime: 91891us
Json: iterations=357 runtime: 92015us
Json: iterations=358 runtime: 92011us
Json: iterations=359 runtime: 92076us
Json: iterations=360 runtime: 91959us
Json: iterations=361 runtime: 92061us
Json: iterations=362 runtime: 92000us
Json: iterations=363 runtime: 91965us
Json: iterations=364 runtime: 91890us
Json: iterations=365 runtime: 92048us
Json: iterations=366 runtime: 91848us
Json: iterations=367 runtime: 91827us
Json: iterations=368 runtime: 94064us
Json: iterations=369 runtime: 91465us
Json: iterations=370 runtime: 92117us
Json: iterations=371 runtime: 92223us
Json: iterations=372 runtime: 92227us
Json: iterations=373 runtime: 92079us
Json: iterations=374 runtime: 92026us
Json: iterations=375 runtime: 91934us
Json: iterations=376 runtime: 91920us
Json: iterations=377 runtime: 92447us
Json: iterations=378 runtime: 92308us
Json: iterations=379 runtime: 92134us
Json: iterations=380 runtime: 92114us
Json: iterations=381 runtime: 92119us
Json: iterations=382 runtime: 92159us
Json: iterations=383 runtime: 92080us
Json: iterations=384 runtime: 92083us
Json: iterations=385 runtime: 92094us
Json: iterations=386 runtime: 92006us
Json: iterations=387 runtime: 91497us
Json: iterations=388 runtime: 92074us
Json: iterations=389 runtime: 91896us
Json: iterations=390 runtime: 91944us
Json: iterations=391 runtime: 91873us
Json: iterations=392 runtime: 92010us
Json: iterations=393 runtime: 91891us
Json: iterations=394 runtime: 91991us
Json: iterations=395 runtime: 91878us
Json: iterations=396 runtime: 92023us
Json: iterations=397 runtime: 91869us
Json: iterations=398 runtime: 92023us
Json: iterations=399 runtime: 91813us
Json: iterations=400 runtime: 91980us
Json: iterations=401 runtime: 91936us
Json: iterations=402 runtime: 91939us
Json: iterations=403 runtime: 91817us
Json: iterations=404 runtime: 91882us
Json: iterations=405 runtime: 91578us
Json: iterations=406 runtime: 91851us
Json: iterations=407 runtime: 91905us
Json: iterations=408 runtime: 91848us
Json: iterations=409 runtime: 91865us
Json: iterations=410 runtime: 91818us
Json: iterations=411 runtime: 92070us
Json: iterations=412 runtime: 91868us
Json: iterations=413 runtime: 91921us
Json: iterations=414 runtime: 91903us
Json: iterations=415 runtime: 91966us
Json: iterations=416 runtime: 91905us
Json: iterations=417 runtime: 91828us
Json: iterations=418 runtime: 91995us
Json: iterations=419 runtime: 91831us
Json: iterations=420 runtime: 92090us
Json: iterations=421 runtime: 91893us
Json: iterations=422 runtime: 92003us
Json: iterations=423 runtime: 91448us
Json: iterations=424 runtime: 91946us
Json: iterations=425 runtime: 91883us
Json: iterations=426 runtime: 91978us
Json: iterations=427 runtime: 92089us
Json: iterations=428 runtime: 91940us
Json: iterations=429 runtime: 91972us
Could not locate BlockSlowdown.json
Skipping Loading (this might cause a fatal crash if GTSlowdown is on)
Json: iterations=430 runtime: 91888us
Json: iterations=431 runtime: 92495us
Json: iterations=432 runtime: 92451us
Json: iterations=433 runtime: 92017us
Json: iterations=434 runtime: 91891us
Json: iterations=435 runtime: 92319us
Json: iterations=436 runtime: 91891us
Json: iterations=437 runtime: 91976us
Json: iterations=438 runtime: 91975us
Json: iterations=439 runtime: 92079us
Json: iterations=440 runtime: 91447us
Json: iterations=441 runtime: 91984us
Json: iterations=442 runtime: 91887us
Json: iterations=443 runtime: 91848us
Json: iterations=444 runtime: 92026us
Json: iterations=445 runtime: 91842us
Json: iterations=446 runtime: 92424us
Json: iterations=447 runtime: 91872us
Json: iterations=448 runtime: 92224us
Json: iterations=449 runtime: 91889us
Json: iterations=450 runtime: 91860us
Json: iterations=451 runtime: 91812us
Json: iterations=452 runtime: 91770us
Json: iterations=453 runtime: 91940us
Json: iterations=454 runtime: 91836us
Json: iterations=455 runtime: 91869us
Json: iterations=456 runtime: 91822us
Json: iterations=457 runtime: 91790us
Json: iterations=458 runtime: 91447us
Json: iterations=459 runtime: 91868us
Json: iterations=460 runtime: 91912us
Json: iterations=461 runtime: 91775us
Json: iterations=462 runtime: 91861us
Json: iterations=463 runtime: 91854us
Json: iterations=464 runtime: 91844us
Json: iterations=465 runtime: 92417us
Json: iterations=466 runtime: 92432us
Json: iterations=467 runtime: 91904us
Json: iterations=468 runtime: 91882us
Json: iterations=469 runtime: 91931us
Json: iterations=470 runtime: 91989us
Json: iterations=471 runtime: 91939us
Json: iterations=472 runtime: 91990us
Json: iterations=473 runtime: 92006us
Json: iterations=474 runtime: 91948us
Json: iterations=475 runtime: 91970us
Json: iterations=476 runtime: 91532us
Json: iterations=477 runtime: 91914us
Json: iterations=478 runtime: 91994us
Json: iterations=479 runtime: 91866us
Json: iterations=480 runtime: 91940us
Json: iterations=481 runtime: 92040us
Json: iterations=482 runtime: 92538us
Json: iterations=483 runtime: 91960us
Json: iterations=484 runtime: 91896us
Json: iterations=485 runtime: 91974us
Json: iterations=486 runtime: 92192us
Json: iterations=487 runtime: 92033us
Json: iterations=488 runtime: 91888us
Json: iterations=489 runtime: 91933us
Json: iterations=490 runtime: 91858us
Json: iterations=491 runtime: 91893us
Json: iterations=492 runtime: 91935us
Json: iterations=493 runtime: 91513us
Json: iterations=494 runtime: 91918us
Json: iterations=495 runtime: 91887us
Json: iterations=496 runtime: 91915us
Json: iterations=497 runtime: 91866us
Json: iterations=498 runtime: 91962us
Json: iterations=499 runtime: 91832us
Json: iterations=500 runtime: 91901us
Could not locate BlockSlowdown.json
Skipping Loading (this might cause a fatal crash if GTSlowdown is on)
Json: iterations=500 average: 93248us total: 46624080us


Total Runtime: 46624080us
Bubo.RDTSC.Harness.main Total RDTSC cycles: 154690994344
Comp 52 (java.util.ImmutableCollections$SetN$SetNIterator.next()) loops:
Found Encoding : 0:-1
└── Loop 0
  loop 0 Cycles: 362282 || Activation Count:0 | LoopCallCount: 0 |  Source: -at java.util.ImmutableCollections$SetN$SetNIterator.next(ImmutableCollections.java:1213) [bci: 21] | -at java.util.ImmutableCollections$SetN$SetNIterator.next(ImmutableCollections.java:1223) [bci: 65]
Comp 56 (java.util.HashMap.putVal(int,) loops:
Found Encoding : 0:-1
└── Loop 0
  loop 0 Cycles: 11980 || Activation Count:0 | LoopCallCount: 0 |  Source: -at java.util.HashMap.putVal(HashMap.java:648) [bci: 134] | -at java.util.HashMap.putVal(HashMap.java:649) [bci: 145]
Comp 57 (java.lang.String.equals(Object)) loops:
Found Encoding : 0:-1
└── Loop 0
  loop 0 Cycles: 9456 || Activation Count:0 | LoopCallCount: 0 |  Source: -at java.lang.StringLatin1.equals(StringLatin1.java:100) [bci: 9]
-at java.lang.String.equals(String.java:1926) [bci: 44] | -at java.lang.StringLatin1.equals(StringLatin1.java:105) [bci: 32]
-at java.lang.String.equals(String.java:1926) [bci: 44]
Comp 70 (java.util.HashMap.resize()) loops:
Found Encoding : 2:-1,0:-1,1:0
├── Loop 2
└── Loop 0
    └── Loop 1
  loop 0 Cycles: 32638 || Activation Count:0 | LoopCallCount: 0 |  Source: -at java.util.HashMap.resize(HashMap.java:714) [bci: 151] | -at java.util.HashMap.resize(HashMap.java:755) [bci: 353]
  loop 1 Cycles: 9544 || Activation Count:0 | LoopCallCount: 0 |  Source: -at java.util.HashMap.resize(HashMap.java:727) [bci: 235] | -at java.util.HashMap.resize(HashMap.java:743) [bci: 309]
  loop 2 Cycles: 16236 || Activation Count:0 | LoopCallCount: 0 |  Source: -at jdk.graal.compiler.hotspot.replacements.HotSpotAllocationSnippets.allocateArray(KlassPointer, int, int, int, AllocationSnippets$FillContent, int, boolean, boolean, boolean, boolean, HotSpotAllocationSnippets$HotSpotAllocationProfilingData, boolea
Comp 88 (java.util.Properties$LineReader.readLine()) loops:
Found Encoding : 5:-1,3:-1,4:3,0:-1,1:0,2:1
├── Loop 5
├── Loop 3
│   └── Loop 4
└── Loop 0
    └── Loop 1
        └── Loop 2
  loop 1 Cycles: 241008 || Activation Count:0 | LoopCallCount: 1 |  Source: -at java.util.Properties$LineReader.readLine(Properties.java:538) [bci: 219] | -at java.util.Properties$LineReader.readLine(Properties.java:543) [bci: 259]
  loop 2 Cycles: 16870 || Activation Count:0 | LoopCallCount: 0 |  Source: -at java.util.Properties$LineReader.readLine(Properties.java:540) [bci: 224] | -at java.util.Properties$LineReader.readLine(Properties.java:543) [bci: 259]
  loop 5 Cycles: 220 || Activation Count:0 | LoopCallCount: 0 |  Source: -at java.util.Properties$LineReader.readLine(Properties.java:540) [bci: 224] | -at java.util.Properties$LineReader.readLine(Properties.java:543) [bci: 259]
Comp 89 (java.util.Properties$LineReader.readLine()-Re-Comp) loops:
Found Encoding : 0:-1,1:0,2:1
└── Loop 0
    └── Loop 1
        └── Loop 2
  loop 1 Cycles: 4186 || Activation Count:0 | LoopCallCount: 1 |  Source: -at java.util.Properties$LineReader.readLine(Properties.java:538) [bci: 219] | -at java.util.Properties$LineReader.readLine(Properties.java:543) [bci: 259]
  loop 2 Cycles: 2192 || Activation Count:0 | LoopCallCount: 0 |  Source: -at java.util.Properties$LineReader.readLine(Properties.java:540) [bci: 224] | -at java.util.Properties$LineReader.readLine(Properties.java:545) [bci: 262]
Comp 90 (java.util.Properties$LineReader.readLine()-Re-Comp) loops:
Found Encoding : 5:-1,3:-1,4:3,0:-1,1:0,2:1
├── Loop 5
├── Loop 3
│   └── Loop 4
└── Loop 0
    └── Loop 1
        └── Loop 2
  loop 0 Cycles: 67306 || Activation Count:0 | LoopCallCount: 2 |  Source: -at java.util.Properties$LineReader.readLine(Properties.java:504) [bci: 53] | -at java.util.Properties$LineReader.readLine(Properties.java:615) [bci: 577]
  loop 1 Cycles: 53836 || Activation Count:0 | LoopCallCount: 1 |  Source: -at java.util.Properties$LineReader.readLine(Properties.java:538) [bci: 219] | -at java.util.Properties$LineReader.readLine(Properties.java:543) [bci: 259]
  loop 2 Cycles: 21684 || Activation Count:0 | LoopCallCount: 0 |  Source: -at java.util.Properties$LineReader.readLine(Properties.java:540) [bci: 224] | -at java.util.Properties$LineReader.readLine(Properties.java:543) [bci: 259]
  loop 5 Cycles: 126 || Activation Count:0 | LoopCallCount: 0 |  Source: -at java.util.Properties$LineReader.readLine(Properties.java:540) [bci: 224] | -at java.util.Properties$LineReader.readLine(Properties.java:543) [bci: 259]
Comp 91 (java.util.Properties$LineReader.readLine()-Re-Comp) loops:
Found Encoding : 0:-1,1:0,2:1
└── Loop 0
    └── Loop 1
        └── Loop 2
  loop 0 Cycles: 352528 || Activation Count:0 | LoopCallCount: 2 |  Source: -at java.util.Properties$LineReader.readLine(Properties.java:504) [bci: 53] | -at java.util.Properties$LineReader.readLine(Properties.java:615) [bci: 577]
  loop 1 Cycles: 422780 || Activation Count:0 | LoopCallCount: 1 |  Source: -at java.util.Properties$LineReader.readLine(Properties.java:538) [bci: 219] | -at java.util.Properties$LineReader.readLine(Properties.java:543) [bci: 259]
  loop 2 Cycles: 66798 || Activation Count:0 | LoopCallCount: 0 |  Source: -at java.util.Properties$LineReader.readLine(Properties.java:540) [bci: 224] | -at java.util.Properties$LineReader.readLine(Properties.java:545) [bci: 262]
Comp 94 (jdk.internal.util.ArraysSupport.unsignedHashCode(int,) loops:
Found Encoding : 0:-1,1:-1,2:-1
├── Loop 0
├── Loop 1
└── Loop 2
  loop 0 Cycles: 51384 || Activation Count:0 | LoopCallCount: 0 |  Source: -at jdk.internal.util.ArraysSupport.unsignedHashCode(ArraysSupport.java:378) [bci: 8] | -at jdk.internal.util.ArraysSupport.unsignedHashCode(ArraysSupport.java:381) [bci: 34]
  loop 1 Cycles: 95634 || Activation Count:0 | LoopCallCount: 0 |  Source: Source Missing | -at jdk.internal.util.ArraysSupport.unsignedHashCode(ArraysSupport.java:381) [bci: 34]
  loop 2 Cycles: 82606 || Activation Count:0 | LoopCallCount: 0 |  Source: Source Missing | -at jdk.internal.util.ArraysSupport.unsignedHashCode(ArraysSupport.java:381) [bci: 34]
Comp 122 (java.lang.StringLatin1.equals(byte[],) loops:
Found Encoding : 0:-1
└── Loop 0
  loop 0 Cycles: 221744 || Activation Count:0 | LoopCallCount: 0 |  Source: -at java.lang.StringLatin1.equals(StringLatin1.java:100) [bci: 9] | -at java.lang.StringLatin1.equals(StringLatin1.java:105) [bci: 32]
Comp 127 (java.lang.String.equals(Object)-Re-Comp) loops:
Found Encoding : 0:-1
└── Loop 0
  loop 0 Cycles: 7273208 || Activation Count:0 | LoopCallCount: 0 |  Source: -at java.lang.StringLatin1.equals(StringLatin1.java:100) [bci: 9]
-at java.lang.String.equals(String.java:1926) [bci: 44] | -at java.lang.StringLatin1.equals(StringLatin1.java:105) [bci: 32]
-at java.lang.String.equals(String.java:1926) [bci: 44]
Comp 142 (json.JsonPureStringParser.subStringFromTo(int,) loops:
Found Encoding : 1:-1,0:-1
├── Loop 1
└── Loop 0
  loop 0 Cycles: 279672 || Activation Count:0 | LoopCallCount: 0 |  Source: -at json.JsonPureStringParser.subStringFromTo(int, int) [bci: 16] | -at json.JsonPureStringParser.subStringFromTo(int, int) [bci: 42]
  loop 1 Cycles: 235470 || Activation Count:0 | LoopCallCount: 0 |  Source: -at jdk.graal.compiler.hotspot.replacements.HotSpotAllocationSnippets.allocateArray(KlassPointer, int, int, int, AllocationSnippets$FillContent, int, boolean, boolean, boolean, boolean, HotSpotAllocationSnippets$HotSpotAllocationProfilingData, boole
Comp 143 (json.JsonPureStringParser.readStringInternal()) loops:
Found Encoding : 0:-1,3:-1,2:-1,1:-1
├── Loop 0
├── Loop 3
├── Loop 2
└── Loop 1
  loop 0 Cycles: 27749795570 || Activation Count:0 | LoopCallCount: 2 |  Source: -at json.JsonPureStringParser.readStringInternal() [bci: 8] | -at json.JsonPureStringParser.readStringInternal() [bci: 54]
  loop 1 Cycles: 6684530888 || Activation Count:0 | LoopCallCount: 0 |  Source: -at json.JsonPureStringParser.subStringFromTo(int, int) [bci: 16]
-at json.JsonPureStringParser.endCapture() [bci: 39]
-at json.JsonPureStringParser.readStringInternal() [bci: 55] | -at json.JsonPureStringParser.subStringFromTo(int, int) [bci: 42]
-
  loop 3 Cycles: 5483725696 || Activation Count:0 | LoopCallCount: 0 |  Source: -at jdk.graal.compiler.hotspot.replacements.HotSpotAllocationSnippets.allocateArray(KlassPointer, int, int, int, AllocationSnippets$FillContent, int, boolean, boolean, boolean, boolean, HotSpotAllocationSnippets$HotSpotAllocationProfilingData, boole
Comp 154 (json.JsonPureStringParser.readArray()) loops:
Found Encoding : 3:-1,2:-1,0:-1,1:-1
├── Loop 3
├── Loop 2
├── Loop 0
└── Loop 1
  loop 0 Cycles: 376418287756 || Activation Count:0 | LoopCallCount: 6 |  Source: -at json.JsonPureStringParser.readArray() [bci: 27] | -at json.JsonPureStringParser.readChar(String) [bci: 11]
-at json.JsonPureStringParser.readArray() [bci: 47]
  loop 1 Cycles: 46484674 || Activation Count:0 | LoopCallCount: 0 |  Source: -at jdk.graal.compiler.hotspot.replacements.HotSpotAllocationSnippets.allocateArray(KlassPointer, int, int, int, AllocationSnippets$FillContent, int, boolean, boolean, boolean, boolean, HotSpotAllocationSnippets$HotSpotAllocationProfilingData, boole
  loop 2 Cycles: 2178093614 || Activation Count:0 | LoopCallCount: 0 |  Source: -at jdk.graal.compiler.hotspot.replacements.HotSpotAllocationSnippets.allocateArray(KlassPointer, int, int, int, AllocationSnippets$FillContent, int, boolean, boolean, boolean, boolean, HotSpotAllocationSnippets$HotSpotAllocationProfilingData, boole
  loop 3 Cycles: 4441180 || Activation Count:0 | LoopCallCount: 0 |  Source: -at jdk.graal.compiler.hotspot.replacements.HotSpotAllocationSnippets.allocateArray(KlassPointer, int, int, int, AllocationSnippets$FillContent, int, boolean, boolean, boolean, boolean, HotSpotAllocationSnippets$HotSpotAllocationProfilingData, boole
Comp 156 (json.JsonPureStringParser.endCapture()) loops:
Found Encoding : 1:-1,0:-1
├── Loop 1
└── Loop 0
  loop 0 Cycles: 1978549354 || Activation Count:0 | LoopCallCount: 0 |  Source: -at json.JsonPureStringParser.subStringFromTo(int, int) [bci: 16]
-at json.JsonPureStringParser.endCapture() [bci: 39] | -at json.JsonPureStringParser.subStringFromTo(int, int) [bci: 42]
-at json.JsonPureStringParser.endCapture() [bci: 39]
  loop 1 Cycles: 1928342952 || Activation Count:0 | LoopCallCount: 0 |  Source: -at jdk.graal.compiler.hotspot.replacements.HotSpotAllocationSnippets.allocateArray(KlassPointer, int, int, int, AllocationSnippets$FillContent, int, boolean, boolean, boolean, boolean, HotSpotAllocationSnippets$HotSpotAllocationProfilingData, boole
Comp 157 (json.JsonPureStringParser.readNumber()) loops:
Found Encoding : 0:-1
└── Loop 0
  loop 0 Cycles: 6755408400 || Activation Count:0 | LoopCallCount: 3 |  Source: -at json.JsonPureStringParser.readNumber() [bci: 39] | -at json.JsonPureStringParser.readDigit() [bci: 7]
-at json.JsonPureStringParser.readNumber() [bci: 40]
Comp 165 (som.Vector.<init>()) loops:
Found Encoding : 0:-1
└── Loop 0
  loop 0 Cycles: 245084 || Activation Count:0 | LoopCallCount: 0 |  Source: -at jdk.graal.compiler.hotspot.replacements.HotSpotAllocationSnippets.allocateArray(KlassPointer, int, int, int, AllocationSnippets$FillContent, int, boolean, boolean, boolean, boolean, HotSpotAllocationSnippets$HotSpotAllocationProfilingData, boole
Comp 167 (json.JsonPureStringParser.readObject()) loops:
Found Encoding : 1:-1,4:-1,5:-1,0:-1,2:-1,3:-1
├── Loop 1
├── Loop 4
├── Loop 5
├── Loop 0
├── Loop 2
└── Loop 3
  loop 0 Cycles: 258551222814 || Activation Count:0 | LoopCallCount: 10 |  Source: -at json.JsonPureStringParser.readObject() [bci: 27] | -at json.JsonPureStringParser.readChar(String) [bci: 11]
-at json.JsonPureStringParser.readObject() [bci: 77]
  loop 1 Cycles: 545923882 || Activation Count:0 | LoopCallCount: 0 |  Source: -at jdk.graal.compiler.hotspot.replacements.HotSpotAllocationSnippets.allocateArray(KlassPointer, int, int, int, AllocationSnippets$FillContent, int, boolean, boolean, boolean, boolean, HotSpotAllocationSnippets$HotSpotAllocationProfilingData, boole
  loop 2 Cycles: 65742628 || Activation Count:0 | LoopCallCount: 0 |  Source: -at jdk.graal.compiler.hotspot.replacements.HotSpotAllocationSnippets.allocateArray(KlassPointer, int, int, int, AllocationSnippets$FillContent, int, boolean, boolean, boolean, boolean, HotSpotAllocationSnippets$HotSpotAllocationProfilingData, boole
  loop 3 Cycles: 67251604 || Activation Count:0 | LoopCallCount: 0 |  Source: -at jdk.graal.compiler.hotspot.replacements.HotSpotAllocationSnippets.allocateArray(KlassPointer, int, int, int, AllocationSnippets$FillContent, int, boolean, boolean, boolean, boolean, HotSpotAllocationSnippets$HotSpotAllocationProfilingData, boole
  loop 4 Cycles: 539367544 || Activation Count:0 | LoopCallCount: 0 |  Source: -at jdk.graal.compiler.hotspot.replacements.HotSpotAllocationSnippets.allocateArray(KlassPointer, int, int, int, AllocationSnippets$FillContent, int, boolean, boolean, boolean, boolean, HotSpotAllocationSnippets$HotSpotAllocationProfilingData, boole
  loop 5 Cycles: 539805708 || Activation Count:0 | LoopCallCount: 0 |  Source: -at jdk.graal.compiler.hotspot.replacements.HotSpotAllocationSnippets.allocateArray(KlassPointer, int, int, int, AllocationSnippets$FillContent, int, boolean, boolean, boolean, boolean, HotSpotAllocationSnippets$HotSpotAllocationProfilingData, boole
Comp 192 (java.util.Arrays.copyOf(Object[],) loops:
Found Encoding : 0:-1
└── Loop 0
  loop 0 Cycles: 16516774 || Activation Count:0 | LoopCallCount: 0 |  Source: -at jdk.graal.compiler.hotspot.replacements.HotSpotAllocationSnippets.allocateArray(KlassPointer, int, int, int, AllocationSnippets$FillContent, int, boolean, boolean, boolean, boolean, HotSpotAllocationSnippets$HotSpotAllocationProfilingData, boole
Comp 205 (Benchmark.innerBenchmarkLoop(int)) loops:
Found Encoding : 0:-1
└── Loop 0
  loop 0 Cycles: 54614902 || Activation Count:0 | LoopCallCount: 2 |  Source: -at Benchmark.innerBenchmarkLoop(int) [bci: 2] | -at Benchmark.innerBenchmarkLoop(int) [bci: 26]
Comp 206 (Benchmark.innerBenchmarkLoop(int)-Re-Comp) loops:
Found Encoding : 0:-1
└── Loop 0
  loop 0 Cycles: 88981588622 || Activation Count:0 | LoopCallCount: 2 |  Source: -at Benchmark.innerBenchmarkLoop(int) [bci: 2] | -at Benchmark.innerBenchmarkLoop(int) [bci: 26]
Comp 207 (java.lang.StringLatin1.inflate(byte[],) loops:
Found Encoding : 0:-1,1:-1,2:-1
├── Loop 0
├── Loop 1
└── Loop 2
  loop 0 Cycles: 11378 || Activation Count:0 | LoopCallCount: 0 |  Source: -at java.lang.StringLatin1.inflate(StringLatin1.java:767) [bci: 3] | -at java.lang.StringLatin1.inflate(StringLatin1.java:770) [bci: 33]
  loop 1 Cycles: 14316 || Activation Count:0 | LoopCallCount: 0 |  Source: Source Missing | -at java.lang.StringLatin1.inflate(StringLatin1.java:770) [bci: 33]
  loop 2 Cycles: 10090 || Activation Count:0 | LoopCallCount: 0 |  Source: Source Missing | -at java.lang.StringLatin1.inflate(StringLatin1.java:770) [bci: 33]

Finished Json BuboOn at Fri 23 Jan 13:55:17 GMT 2026
============================================================
