============================================================
Benchmark: Mandelbrot
BuboLIRPhase: false
RUNS: 500
extra_args: 750
Timestamp: Thu 22 Jan 15:15:56 GMT 2026

[WARN] Unknown argument: output
Could not locate BlockSlowdown.json
Skipping Loading (this might cause a fatal crash if GTSlowdown is on)
[Use -Djdk.graal.LogFile=<path> to redirect Graal log output to a file.]
java.lang.module.ModuleDescriptor.name()java.lang.String -1 codeSignature differs 5be282a10c496d4000571a6844c9c0bc109901813a12d3aea5364efad6a66c85 != 56a4ef2702ccb7a079a36c5f0ed4055a5908c2e7a9296eac6b3ffe2db37f4a2d
java.lang.module.ModuleReference.descriptor()java.lang.module.ModuleDescriptor -1 codeSignature differs 14be906eafbcd0e98db8607fd01b12de837039bcd06c460d0cf8f6394c8cff6d != da5cf171143f5513c1e4cdf5bb02fc95a3ea90774fedf9fb851ec26a1218a12f
java.lang.Enum.ordinal()int -1 codeSignature differs d4ce072063a0e5d7b77fa03ca89aafb8f3e3ecf13c518dc1905e344d1e62c58a != e88b1ad01cee91360e4f1ac151ade0525982fae29bddccb8434060766b83fd62
java.lang.Class.isPrimitive()boolean -1 codeSignature differs 98ab40cf2ebcc843a57e4548f9a42e2e9f3f439b3cfc72b2a9affe72c8d06a5f != 5b9fc3b01b5ff747850254186cdcc08e50c4f85fb4d4d68bc0989fcb181794f8
jdk.internal.util.StrongReferenceKey.get()java.lang.Object -1 codeSignature differs 14be906eafbcd0e98db8607fd01b12de837039bcd06c460d0cf8f6394c8cff6d != da5cf171143f5513c1e4cdf5bb02fc95a3ea90774fedf9fb851ec26a1218a12f
java.lang.Class.getClassLoader()java.lang.ClassLoader -1 codeSignature differs 1ec746d9657abb2124f404e47924197593986fc62346c6cd76072c08e29afddf != 454facf798c6644faed5619d9e1dae25408778409730f09c41b1c0c95518fd46
java.lang.invoke.MethodType.returnType()java.lang.Class -1 codeSignature differs 14be906eafbcd0e98db8607fd01b12de837039bcd06c460d0cf8f6394c8cff6d != da5cf171143f5513c1e4cdf5bb02fc95a3ea90774fedf9fb851ec26a1218a12f
jdk.internal.classfile.impl.AbstractPoolEntry.index()int -1 codeSignature differs d4ce072063a0e5d7b77fa03ca89aafb8f3e3ecf13c518dc1905e344d1e62c58a != e88b1ad01cee91360e4f1ac151ade0525982fae29bddccb8434060766b83fd62
java.lang.invoke.MemberName.getDeclaringClass()java.lang.Class -1 codeSignature differs b46e439bc51650ff335d2a7124f0b0154f260fe1af8ba145c6fd3cf5008c9e4e != de7d2501b6c4ceaef40260482daf6e5ea615f5f43bc71d4e0a42f41866056e09
java.lang.invoke.MethodType.form()java.lang.invoke.MethodTypeForm -1 codeSignature differs 5be282a10c496d4000571a6844c9c0bc109901813a12d3aea5364efad6a66c85 != 56a4ef2702ccb7a079a36c5f0ed4055a5908c2e7a9296eac6b3ffe2db37f4a2d
java.util.stream.FindOps$FindSink.cancellationRequested()boolean -1 codeSignature differs 55af0dc4b7688c78180d5f5b00584e4bf66cf93bd60716f9aab49e7a6fd64ac4 != d201d3c970d1bea0e5266b3abd2e0b5e37d50f57628f0f6798d16338d8e21f6a
java.lang.Object.<init>()void -1 codeSignature differs fe534d3aac0502b22527b54e744892c09d7496fd765947a3ee3ec9a070d56f92 != b5ee38686824d688fb238521bf027287d22a9235c6ea851247456595ee3c4ca5
java.lang.String.hashCode()int -1 codeSignature differs cd869c87835ef8242ee90410caccd8a61a63cd99231e11f83fcdc76366e70264 != aa1e9c2f9ea239d2fb15b2f7ff9a60f790f0544470df5bee9a657461c7ae39f8
jdk.internal.module.ModuleReferenceImpl.moduleResolution()jdk.internal.module.ModuleResolution -1 codeSignature differs b76db95b8fd3a055b26c3a6c15023743ea3cd488646d474319964a2e9e13b73e != c90e5cf05b5ed15b2ee4632b0f01daf8e8a827ca7e4e1d9f528d5eb553edbcfd
java.lang.module.ModuleDescriptor$Requires.modifiers()java.util.Set -1 codeSignature differs 14be906eafbcd0e98db8607fd01b12de837039bcd06c460d0cf8f6394c8cff6d != da5cf171143f5513c1e4cdf5bb02fc95a3ea90774fedf9fb851ec26a1218a12f
java.lang.module.ModuleDescriptor$Requires.name()java.lang.String -1 codeSignature differs 90f01eeb46d88d53d0e4e48ef19445eb3bdf8101a00c7dc3f717a337df9fb41f != c4651eecda0d588acaac43a9ae165ea6a40380899e75b0e7578d22406e0c012a
java.lang.module.ModuleDescriptor.requires()java.util.Set -1 codeSignature differs 50021c78154f047ad8f88f0733084203e726ca2f3911eed3f4e2615369ae39b2 != a12f6d231bab91ade119f5f7e87b83e28ce01e2d62fff01cc7676b635a92f884
java.lang.module.ModuleDescriptor.isAutomatic()boolean -1 codeSignature differs 2c5d9434fa6cbff1c0177053ad01774247e7a98383a3d0ee5c4dccbf56bf9e86 != 08dea6d6ec137b950a0343efb1bd030f87565d8e5b95eb64f025bd8e338928e2
java.util.HashMap$Node.getKey()java.lang.Object -1 codeSignature differs 90f01eeb46d88d53d0e4e48ef19445eb3bdf8101a00c7dc3f717a337df9fb41f != c4651eecda0d588acaac43a9ae165ea6a40380899e75b0e7578d22406e0c012a
java.util.HashMap$Node.getValue()java.lang.Object -1 codeSignature differs 5be282a10c496d4000571a6844c9c0bc109901813a12d3aea5364efad6a66c85 != 56a4ef2702ccb7a079a36c5f0ed4055a5908c2e7a9296eac6b3ffe2db37f4a2d
java.util.ImmutableCollections$Set12.isEmpty()boolean -1 codeSignature differs d890ffc04cd03ec866061096d7d13d2670cacc5a2328b692374e3523d40574bd != 6120e833de16ceab3ef754d1b00c19883b3f73962ba2cdf17c59c3710ba02d36
java.lang.module.ModuleDescriptor$Exports.source()java.lang.String -1 codeSignature differs 90f01eeb46d88d53d0e4e48ef19445eb3bdf8101a00c7dc3f717a337df9fb41f != c4651eecda0d588acaac43a9ae165ea6a40380899e75b0e7578d22406e0c012a
java.lang.module.ModuleDescriptor$Exports.targets()java.util.Set -1 codeSignature differs 5be282a10c496d4000571a6844c9c0bc109901813a12d3aea5364efad6a66c85 != 56a4ef2702ccb7a079a36c5f0ed4055a5908c2e7a9296eac6b3ffe2db37f4a2d
java.lang.module.ModuleDescriptor.provides()java.util.Set -1 codeSignature differs 309d9291f2d3c2a63becdec49b2c74b25af9d7fdc62dad05faf86a64889608fc != f5d85dfdf7fef12d65d210d402c44bf26eeb0fb3f9225e78ee6443caec31b619
java.lang.module.ModuleDescriptor.exports()java.util.Set -1 codeSignature differs 948d21eddb9ad191efbc24290e4e840a30aebb134151b75def9175ab54c0a48c != c3334e7c488922d9ee7281afad5b7ca4db54a4ab2b49cf0e755dc0a6c55854b4
java.lang.module.ModuleDescriptor.uses()java.util.Set -1 codeSignature differs e3ce51591a4fee3aaff0c687fbb639bc8c1569c92e84d989cdc906a081a3aa6f != 69f900c261d900c3a12e3d84961667caa75caf8ed42490b80edd3cdf23db4832
java.util.Objects.requireNonNull(java.lang.Object)java.lang.Object -1 codeSignature differs fab3390bacdc1c06ac727172609d32d56c9697db51c25bc06ba90803d6336aa7 != 5f34d305ad8c459e05cc78e8e67ce712079a25140f4444aee0bca43f73c4de02
java.util.ImmutableCollections$SetN$SetNIterator.hasNext()boolean -1 codeSignature differs 014069b9d29ae67f97f8d652b8d7a77d9057cdb393e4e32597c925d7a30bdc82 != 60575b8cd4d2a8242a8aab77fb607844ec4f52bcc97ca89e8880d7f6422024af
Requesting uncached profile for bci 32 in java.util.ImmutableCollections$SetN$SetNIterator.next()java.lang.Object method getBytecodeProfile
Requesting uncached profile for bci 32 in java.util.ImmutableCollections$SetN$SetNIterator.next()java.lang.Object method getBranchTakenProbability
java.util.ImmutableCollections$SetN$SetNIterator.next()java.lang.Object -1 codeSignature differs d04d29a4d240913660a8a573ea1849db7f36ff9c2f6104678d19dddc7e4448b5 != 3ebd7591a8a487390491b17f6bf1893dd8d3d0cbebb3582e4492c3d36ffe7e42
java.util.ImmutableCollections$SetN$SetNIterator.next()java.lang.Object -1 graphSignature differs dd493989519e7f328311cfecc7abfe1946186eaebdea7e8b59878a8ba9e25a26 != 920e12a7ee41cc3a0a3487d03bd48833bfc4e8d416bdbae7234f8ba199084b4d
java.util.HashMap.hash(java.lang.Object)int -1 codeSignature differs 19d742816aa56281bc6dc27c027b1e2a3c9dde62515ce60c687ff86d293b95a7 != 5b0761ed052bc7366fe2729a6d91da427a97a7093b869a0384f167d660650728
java.lang.module.ModuleDescriptor$Provides.service()java.lang.String -1 codeSignature differs 14be906eafbcd0e98db8607fd01b12de837039bcd06c460d0cf8f6394c8cff6d != da5cf171143f5513c1e4cdf5bb02fc95a3ea90774fedf9fb851ec26a1218a12f
java.lang.module.ModuleDescriptor$Exports.isQualified()boolean -1 codeSignature differs c61c85c2d2e4fd7373ea8abf2b58783cd0d93aed243366743c8022f0f75cb23e != 4564378fbc7dfc488db24814632e10c5c8678e8258ab69d4607911e3043b9e12
java.util.HashMap.putVal(int, java.lang.Object, java.lang.Object, boolean, boolean)java.lang.Object -1 codeSignature differs 486cd4704b7dc5e2dc8a8767af7ba4577b444949588729fccf48afa1748bbd70 != a8d7ee9d1fce84fc0519cae53e64f66affc01f025ae5d78b8e427fdfbe592f04
java.util.HashMap$Node.<init>(int, java.lang.Object, java.lang.Object, java.util.HashMap$Node)void -1 codeSignature differs 19909c01c191394a9b457a27246de3b28886aa407594fdd69243e105081fa52a != b69860c9d4b5471418086111ae0809e0c31340d5dd85e417b69437d56d9e74d9
java.lang.String.equals(java.lang.Object)boolean -1 codeSignature differs a6e309c433362d27e37b39c73cf8e578c064ab97bae8a3e01c77329c59654391 != 9d4deb1417e3dc3304e6e48d0050681b843c1c29f58a963fe6d7cb88c5948543
java.lang.Byte.toUnsignedInt(byte)int -1 codeSignature differs ef53887b8aa24310d9482f8fff2e03d6f5088235fdd6794c9711e90d2fb316a1 != 13d5f6657504f424775e099bdc463c00fbb2dd5e93459aa3373cba81212b5a0d
java.util.KeyValueHolder.getKey()java.lang.Object -1 codeSignature differs 14be906eafbcd0e98db8607fd01b12de837039bcd06c460d0cf8f6394c8cff6d != da5cf171143f5513c1e4cdf5bb02fc95a3ea90774fedf9fb851ec26a1218a12f
java.util.KeyValueHolder.getValue()java.lang.Object -1 codeSignature differs 90f01eeb46d88d53d0e4e48ef19445eb3bdf8101a00c7dc3f717a337df9fb41f != c4651eecda0d588acaac43a9ae165ea6a40380899e75b0e7578d22406e0c012a
java.lang.module.ModuleDescriptor.packages()java.util.Set -1 codeSignature differs 1ec746d9657abb2124f404e47924197593986fc62346c6cd76072c08e29afddf != 454facf798c6644faed5619d9e1dae25408778409730f09c41b1c0c95518fd46
java.lang.module.ResolvedModule.reference()java.lang.module.ModuleReference -1 codeSignature differs 90f01eeb46d88d53d0e4e48ef19445eb3bdf8101a00c7dc3f717a337df9fb41f != c4651eecda0d588acaac43a9ae165ea6a40380899e75b0e7578d22406e0c012a
java.lang.module.ModuleDescriptor$Version.toString()java.lang.String -1 codeSignature differs 14be906eafbcd0e98db8607fd01b12de837039bcd06c460d0cf8f6394c8cff6d != da5cf171143f5513c1e4cdf5bb02fc95a3ea90774fedf9fb851ec26a1218a12f
java.lang.AbstractStringBuilder.length()int -1 codeSignature differs d4ce072063a0e5d7b77fa03ca89aafb8f3e3ecf13c518dc1905e344d1e62c58a != e88b1ad01cee91360e4f1ac151ade0525982fae29bddccb8434060766b83fd62
java.util.HashMap.newNode(int, java.lang.Object, java.lang.Object, java.util.HashMap$Node)java.util.HashMap$Node -1 codeSignature differs 0b57ad3d0ea1b0de0d3ae4d1256f2a3bf2dacceb94022bee4e70d75bf1848358 != df85b2b14fb5de70af8f6a1aa6efa050fdaf0546a0197d26ebd4113543cc599e
java.util.HashMap.afterNodeInsertion(boolean)void -1 codeSignature differs fe534d3aac0502b22527b54e744892c09d7496fd765947a3ee3ec9a070d56f92 != b5ee38686824d688fb238521bf027287d22a9235c6ea851247456595ee3c4ca5
java.util.HashMap.resize()java.util.HashMap$Node[] -1 codeSignature differs a09be1041c178fd2555b2ae1db259b49621ac128ba2813cef5c1f3a122f9260e != 432daa38377321451325e8b1df744549fbc59ce1da32f6a4055dc486b26e98e9
java.lang.module.ResolvedModule.configuration()java.lang.module.Configuration -1 codeSignature differs 14be906eafbcd0e98db8607fd01b12de837039bcd06c460d0cf8f6394c8cff6d != da5cf171143f5513c1e4cdf5bb02fc95a3ea90774fedf9fb851ec26a1218a12f
java.lang.module.ModuleDescriptor.isOpen()boolean -1 codeSignature differs 7251ebfc69511ba11260ce3e5fe8de41e1ee424c1c84ef382507a4b520f46599 != c4f3939346c24cd7625b42361349cb6733a9291eeffd7507e7bf858c000192f4
java.util.HashMap.size()int -1 codeSignature differs 55d12884885f16e44e8204f924f64617688caf405b709d32e1e72896f6c27c3d != 9a030125c16a396ec668abdad74e59397cb88f5e4ba93604e8c6b48c6233e93d
Profiling started
Could not locate BlockSlowdown.json
Skipping Loading (this might cause a fatal crash if GTSlowdown is on)
java.util.zip.ZipCoder$UTF8ZipCoder.isUTF8()boolean -1 codeSignature differs 6e3a14458a0fca90e6a63285514a933585cea592cb622e79b33ddc5df6e0fb66 != 6fdd5e023f8b36c06ccfc437f07740607e2fd6af8789c2b6573b1f8e5aec4921
java.lang.invoke.MethodType.ptypes()java.lang.Class[] -1 codeSignature differs 90f01eeb46d88d53d0e4e48ef19445eb3bdf8101a00c7dc3f717a337df9fb41f != c4651eecda0d588acaac43a9ae165ea6a40380899e75b0e7578d22406e0c012a
jdk.internal.util.Preconditions.checkIndex(int, int, java.util.function.BiFunction)int -1 codeSignature differs 0537b0c8dc5fe868ee44de1817c0b047b24d886158549ad641b2b99126c678bb != 097cdde476e7d7a11441cfa0c37471ca0a888d4c4166d67eed1a7e5c4df66c77
java.nio.Buffer.limit()int -1 codeSignature differs 55d12884885f16e44e8204f924f64617688caf405b709d32e1e72896f6c27c3d != 9a030125c16a396ec668abdad74e59397cb88f5e4ba93604e8c6b48c6233e93d
jdk.internal.classfile.impl.AbstractPoolEntry.width()int -1 codeSignature differs 6e3a14458a0fca90e6a63285514a933585cea592cb622e79b33ddc5df6e0fb66 != 6fdd5e023f8b36c06ccfc437f07740607e2fd6af8789c2b6573b1f8e5aec4921
jdk.internal.classfile.impl.SplitConstantPool.size()int -1 codeSignature differs 1e851f5b2cbf37c0cd46831368dd889b60dff01d7b16161259960e24b264ceb1 != d37b0c203163b479a20ad6e2dad4e21eac1f1ad9b1ebc37e97f7861914a001ed
java.util.Properties$LineReader.readLine()int -1 codeSignature differs 3fba3e9edd5e4cedb96278d46b6cff483f2d1c092dec2e534b016b1ac2ec9479 != 43961d71b71ba232ed2694d540aa571e36bd52adf8e4b027613a65dc317ee3ed
java.lang.AbstractStringBuilder.getValue()byte[] -1 codeSignature differs 5be282a10c496d4000571a6844c9c0bc109901813a12d3aea5364efad6a66c85 != 56a4ef2702ccb7a079a36c5f0ed4055a5908c2e7a9296eac6b3ffe2db37f4a2d
java.lang.Enum.name()java.lang.String -1 codeSignature differs 5be282a10c496d4000571a6844c9c0bc109901813a12d3aea5364efad6a66c85 != 56a4ef2702ccb7a079a36c5f0ed4055a5908c2e7a9296eac6b3ffe2db37f4a2d
jdk.internal.util.ArraysSupport.unsignedHashCode(int, byte[], int, int)int -1 codeSignature differs 4d5957074f035392f4f1040fa7b9c8e8516cc366cc99a9663ff8e211636027cb != 4dd8a0d23b54449c010a38548a4ec34726658ad72759db6c8d42ad0645f343a2
sun.util.locale.BaseLocale.getLanguage()java.lang.String -1 codeSignature differs 90f01eeb46d88d53d0e4e48ef19445eb3bdf8101a00c7dc3f717a337df9fb41f != c4651eecda0d588acaac43a9ae165ea6a40380899e75b0e7578d22406e0c012a
java.util.LinkedHashMap.removeEldestEntry(java.util.Map$Entry)boolean -1 codeSignature differs d890ffc04cd03ec866061096d7d13d2670cacc5a2328b692374e3523d40574bd != 6120e833de16ceab3ef754d1b00c19883b3f73962ba2cdf17c59c3710ba02d36
java.util.concurrent.ConcurrentHashMap.tabAt(java.util.concurrent.ConcurrentHashMap$Node[], int)java.util.concurrent.ConcurrentHashMap$Node -1 codeSignature differs 71d647ba8c6a0b4ea5a8b561fe43e8bed960c9cb04034a7aef626c5d8360de6d != 822749e9eab55cf0ab08d112d11f644faf7767e7d7f602f22b2982e4341c74e7
jdk.internal.misc.Unsafe.getReferenceAcquire(java.lang.Object, long)java.lang.Object -1 codeSignature differs 0be5c2bda59735ac5470d27796a18d252d59667b906c14721265d97be8abdd5a != a748a0c1fa3d1b22da119249a3931a9411370dff9604e49b3d7ef522719454b3
java.lang.String.coder()byte -1 codeSignature differs f3a73f0f7ffcffdf8962f6b17b32b9d22dceb70a6321ad4e83f092ac924fb640 != 957313288ef4bdda0b4cd025d583dcf3b718c3f3a50464b737eb27e80ce0139f
java.security.Provider$Service.getType()java.lang.String -1 codeSignature differs 90f01eeb46d88d53d0e4e48ef19445eb3bdf8101a00c7dc3f717a337df9fb41f != c4651eecda0d588acaac43a9ae165ea6a40380899e75b0e7578d22406e0c012a
java.security.Provider$Service.getAlgorithm()java.lang.String -1 codeSignature differs 5be282a10c496d4000571a6844c9c0bc109901813a12d3aea5364efad6a66c85 != 56a4ef2702ccb7a079a36c5f0ed4055a5908c2e7a9296eac6b3ffe2db37f4a2d
java.security.Provider$Service.getAliases()java.util.List -1 codeSignature differs ec9959256dfdc1e5d707b10920cbff0d77d6151df3608588ba4900964b3e0488 != 48d94502b891e4704180e00ca37d65d0a704038e75c0e2368237a34efba54df3
jdk.internal.classfile.impl.RawBytecodeHelper.bci()int -1 codeSignature differs fe46e3fea17c2bcac25676024acf43715946ed13832c36004058f315d01e6ed3 != e2795d501a46b0bfb6e8c56434b112c0ea54a81c9e313ecde41f1f8b0f3deb09
jdk.internal.classfile.impl.AbstractPoolEntry.constantPool()java.lang.classfile.constantpool.ConstantPool -1 codeSignature differs 5be282a10c496d4000571a6844c9c0bc109901813a12d3aea5364efad6a66c85 != 56a4ef2702ccb7a079a36c5f0ed4055a5908c2e7a9296eac6b3ffe2db37f4a2d
jdk.internal.util.WeakReferenceKey.hashCode()int -1 codeSignature differs 55d12884885f16e44e8204f924f64617688caf405b709d32e1e72896f6c27c3d != 9a030125c16a396ec668abdad74e59397cb88f5e4ba93604e8c6b48c6233e93d
java.lang.String.value()byte[] -1 codeSignature differs 5be282a10c496d4000571a6844c9c0bc109901813a12d3aea5364efad6a66c85 != 56a4ef2702ccb7a079a36c5f0ed4055a5908c2e7a9296eac6b3ffe2db37f4a2d
java.lang.String.isLatin1()boolean -1 codeSignature differs 7fbdb74539501cf2e6eb2a3c4a15d0e6598aaf73df2e1a5e20fd95a35a58b24e != 3176213e3be72bb5e1b482eae8a1c07901556750cdd7d42ef0cea4727e1ff083
Starting Mandelbrot benchmark ...
Mandelbrot.mandelbrot(int)int -1 codeSignature differs 79ac060838680dd35d74365fe46f4f2de5e468a38cecde6879e4265005ad18fb != 7017040bae67abdb9360ae2c0459a5f7444b546e7bbddb3c2343a514eb62cf8e
jdk.internal.constant.ClassOrInterfaceDescImpl.descriptorString()java.lang.String -1 codeSignature differs 14be906eafbcd0e98db8607fd01b12de837039bcd06c460d0cf8f6394c8cff6d != da5cf171143f5513c1e4cdf5bb02fc95a3ea90774fedf9fb851ec26a1218a12f
jdk.internal.classfile.impl.BufWriterImpl.size()int -1 codeSignature differs fe46e3fea17c2bcac25676024acf43715946ed13832c36004058f315d01e6ed3 != e2795d501a46b0bfb6e8c56434b112c0ea54a81c9e313ecde41f1f8b0f3deb09
java.lang.invoke.MethodTypeForm.erasedType()java.lang.invoke.MethodType -1 codeSignature differs 90f01eeb46d88d53d0e4e48ef19445eb3bdf8101a00c7dc3f717a337df9fb41f != c4651eecda0d588acaac43a9ae165ea6a40380899e75b0e7578d22406e0c012a
jdk.internal.classfile.impl.AbstractDirectBuilder.constantPool()jdk.internal.classfile.impl.SplitConstantPool -1 codeSignature differs 14be906eafbcd0e98db8607fd01b12de837039bcd06c460d0cf8f6394c8cff6d != da5cf171143f5513c1e4cdf5bb02fc95a3ea90774fedf9fb851ec26a1218a12f
java.lang.StringLatin1.equals(byte[], byte[])boolean -1 codeSignature differs ce6957fde94989d8dfb9f657cd698acb12bd0f01e407ce68915647520f63bd02 != 625a83ff75952a5d0a805a4c58b62ea8ac6fa4c2e347559de275b3de58e5cde6
java.lang.invoke.MethodHandle.type()java.lang.invoke.MethodType -1 codeSignature differs 90f01eeb46d88d53d0e4e48ef19445eb3bdf8101a00c7dc3f717a337df9fb41f != c4651eecda0d588acaac43a9ae165ea6a40380899e75b0e7578d22406e0c012a
java.util.ArrayList.size()int -1 codeSignature differs fe46e3fea17c2bcac25676024acf43715946ed13832c36004058f315d01e6ed3 != e2795d501a46b0bfb6e8c56434b112c0ea54a81c9e313ecde41f1f8b0f3deb09
Mandelbrot: iterations=1 runtime: 250626us
Mandelbrot: iterations=2 runtime: 216253us
Mandelbrot: iterations=3 runtime: 214679us
Mandelbrot: iterations=4 runtime: 215164us
Mandelbrot: iterations=5 runtime: 215369us
Mandelbrot: iterations=6 runtime: 215427us
Mandelbrot: iterations=7 runtime: 215492us
Mandelbrot: iterations=8 runtime: 214672us
Mandelbrot: iterations=9 runtime: 215382us
Mandelbrot: iterations=10 runtime: 215233us
Mandelbrot: iterations=11 runtime: 217074us
java.lang.String.length()int -1 codeSignature differs 5f2a9f3bb1f4f800ea4f2ad278553dedcfc789fe27a155b26df986828b30ede3 != c429f09bde0922a4e93c787fa5a5cdbca277237619ab7dc7eb3cc60d99b0f3aa
Mandelbrot: iterations=12 runtime: 217000us
Mandelbrot: iterations=13 runtime: 216972us
Mandelbrot: iterations=14 runtime: 214948us
Mandelbrot: iterations=15 runtime: 218069us
Mandelbrot: iterations=16 runtime: 216203us
Mandelbrot: iterations=17 runtime: 215986us
Mandelbrot: iterations=18 runtime: 214702us
Mandelbrot: iterations=19 runtime: 215131us
Could not locate BlockSlowdown.json
Skipping Loading (this might cause a fatal crash if GTSlowdown is on)
java.nio.Buffer.position()int -1 codeSignature differs 3f64cd4fafea8a3cef87601314961681d43f2aa75c3a358c1b0ce8d9a1c4731a != a754d4fbb14cb674813e5d56933661602e017cf332100c6f35524287a66eeea9
Mandelbrot: iterations=20 runtime: 215213us
Mandelbrot: iterations=21 runtime: 217825us
Mandelbrot: iterations=22 runtime: 217213us
Mandelbrot: iterations=23 runtime: 216004us
Mandelbrot: iterations=24 runtime: 215484us
Mandelbrot: iterations=25 runtime: 215429us
Mandelbrot: iterations=26 runtime: 215645us
Mandelbrot: iterations=27 runtime: 215391us
Mandelbrot: iterations=28 runtime: 215503us
Mandelbrot: iterations=29 runtime: 215838us
Mandelbrot: iterations=30 runtime: 216275us
Mandelbrot: iterations=31 runtime: 216413us
Mandelbrot: iterations=32 runtime: 215681us
Mandelbrot: iterations=33 runtime: 216099us
Mandelbrot: iterations=34 runtime: 216686us
Mandelbrot: iterations=35 runtime: 217615us
Mandelbrot: iterations=36 runtime: 215515us
Mandelbrot: iterations=37 runtime: 215581us
Mandelbrot: iterations=38 runtime: 215209us
Mandelbrot: iterations=39 runtime: 215509us
Mandelbrot: iterations=40 runtime: 216915us
Mandelbrot: iterations=41 runtime: 216174us
Mandelbrot: iterations=42 runtime: 216227us
Mandelbrot: iterations=43 runtime: 216292us
Mandelbrot: iterations=44 runtime: 216021us
Mandelbrot: iterations=45 runtime: 215979us
Mandelbrot: iterations=46 runtime: 216208us
Mandelbrot: iterations=47 runtime: 216088us
Mandelbrot: iterations=48 runtime: 215262us
Mandelbrot: iterations=49 runtime: 215781us
Mandelbrot: iterations=50 runtime: 215790us
Mandelbrot: iterations=51 runtime: 216098us
Mandelbrot: iterations=52 runtime: 216050us
Mandelbrot: iterations=53 runtime: 215765us
Mandelbrot: iterations=54 runtime: 215398us
Mandelbrot: iterations=55 runtime: 215077us
Mandelbrot: iterations=56 runtime: 215714us
Mandelbrot: iterations=57 runtime: 215814us
Mandelbrot: iterations=58 runtime: 217491us
Mandelbrot: iterations=59 runtime: 215831us
Mandelbrot: iterations=60 runtime: 216142us
Mandelbrot: iterations=61 runtime: 215380us
Mandelbrot: iterations=62 runtime: 215375us
Mandelbrot: iterations=63 runtime: 216031us
Mandelbrot: iterations=64 runtime: 214859us
Mandelbrot: iterations=65 runtime: 215044us
Mandelbrot: iterations=66 runtime: 214488us
Mandelbrot: iterations=67 runtime: 216220us
Mandelbrot: iterations=68 runtime: 217002us
Mandelbrot: iterations=69 runtime: 216371us
Mandelbrot: iterations=70 runtime: 215548us
Mandelbrot: iterations=71 runtime: 216370us
Mandelbrot: iterations=72 runtime: 215608us
Mandelbrot: iterations=73 runtime: 215284us
Mandelbrot: iterations=74 runtime: 215317us
Mandelbrot: iterations=75 runtime: 215181us
Mandelbrot: iterations=76 runtime: 216484us
Mandelbrot: iterations=77 runtime: 214191us
Mandelbrot: iterations=78 runtime: 214436us
Mandelbrot: iterations=79 runtime: 215307us
Mandelbrot: iterations=80 runtime: 214957us
Mandelbrot: iterations=81 runtime: 216803us
Mandelbrot: iterations=82 runtime: 215064us
Mandelbrot: iterations=83 runtime: 215952us
Mandelbrot: iterations=84 runtime: 214817us
Mandelbrot: iterations=85 runtime: 215595us
Mandelbrot: iterations=86 runtime: 215613us
Mandelbrot: iterations=87 runtime: 214734us
Mandelbrot: iterations=88 runtime: 214221us
Mandelbrot: iterations=89 runtime: 215317us
Mandelbrot: iterations=90 runtime: 215418us
Could not locate BlockSlowdown.json
Skipping Loading (this might cause a fatal crash if GTSlowdown is on)
java.nio.Buffer.capacity()int -1 codeSignature differs 138bc711c3bed648b8548df225303894eec321dce856bde9fbb2267d74239e89 != 8366e168458356e9e2795362a66f19336b0e55f9e34ac8b5d6d37702a481c8da
Mandelbrot: iterations=91 runtime: 215629us
Mandelbrot: iterations=92 runtime: 216704us
Mandelbrot: iterations=93 runtime: 216026us
Mandelbrot: iterations=94 runtime: 216323us
Mandelbrot: iterations=95 runtime: 215678us
Mandelbrot: iterations=96 runtime: 214472us
Mandelbrot: iterations=97 runtime: 215749us
Mandelbrot: iterations=98 runtime: 214082us
Mandelbrot: iterations=99 runtime: 214981us
Mandelbrot: iterations=100 runtime: 214819us
Mandelbrot: iterations=101 runtime: 214916us
Mandelbrot: iterations=102 runtime: 214796us
Mandelbrot: iterations=103 runtime: 214799us
Mandelbrot: iterations=104 runtime: 217198us
Mandelbrot: iterations=105 runtime: 216743us
Mandelbrot: iterations=106 runtime: 215726us
Mandelbrot: iterations=107 runtime: 215190us
Mandelbrot: iterations=108 runtime: 215428us
Mandelbrot: iterations=109 runtime: 215286us
Mandelbrot: iterations=110 runtime: 215377us
Mandelbrot: iterations=111 runtime: 215153us
Mandelbrot: iterations=112 runtime: 213703us
Mandelbrot: iterations=113 runtime: 215976us
Mandelbrot: iterations=114 runtime: 214488us
Mandelbrot: iterations=115 runtime: 215305us
Mandelbrot: iterations=116 runtime: 215174us
Mandelbrot: iterations=117 runtime: 216095us
Mandelbrot: iterations=118 runtime: 215689us
Mandelbrot: iterations=119 runtime: 214868us
Mandelbrot: iterations=120 runtime: 215210us
Mandelbrot: iterations=121 runtime: 219264us
Mandelbrot: iterations=122 runtime: 217286us
Mandelbrot: iterations=123 runtime: 216318us
Mandelbrot: iterations=124 runtime: 215200us
Mandelbrot: iterations=125 runtime: 215367us
Mandelbrot: iterations=126 runtime: 215968us
Could not locate BlockSlowdown.json
Skipping Loading (this might cause a fatal crash if GTSlowdown is on)
java.nio.charset.CharsetEncoder.maxBytesPerChar()float -1 codeSignature differs d0dc63dd2361c2989cb14e4cf77bfb3442e0a43d3c92bbd78638646fefb8363f != fecc7851573229b2c1300c739298992122dcb58fa032d82e9692f06a80e3cdc4
Mandelbrot: iterations=127 runtime: 216773us
Mandelbrot: iterations=128 runtime: 218277us
Mandelbrot: iterations=129 runtime: 215161us
Mandelbrot: iterations=130 runtime: 214775us
Mandelbrot: iterations=131 runtime: 215057us
Mandelbrot: iterations=132 runtime: 216106us
Mandelbrot: iterations=133 runtime: 215627us
Mandelbrot: iterations=134 runtime: 216129us
Mandelbrot: iterations=135 runtime: 215903us
Mandelbrot: iterations=136 runtime: 214859us
Mandelbrot: iterations=137 runtime: 215194us
Mandelbrot: iterations=138 runtime: 215653us
Mandelbrot: iterations=139 runtime: 215890us
Mandelbrot: iterations=140 runtime: 215935us
Mandelbrot: iterations=141 runtime: 216406us
Mandelbrot: iterations=142 runtime: 215982us
Mandelbrot: iterations=143 runtime: 215553us
Mandelbrot: iterations=144 runtime: 215789us
Mandelbrot: iterations=145 runtime: 214892us
Mandelbrot: iterations=146 runtime: 214782us
Mandelbrot: iterations=147 runtime: 215117us
Mandelbrot: iterations=148 runtime: 215361us
Mandelbrot: iterations=149 runtime: 215855us
Mandelbrot: iterations=150 runtime: 216729us
Mandelbrot: iterations=151 runtime: 216506us
Mandelbrot: iterations=152 runtime: 214270us
Mandelbrot: iterations=153 runtime: 215264us
Mandelbrot: iterations=154 runtime: 214770us
Mandelbrot: iterations=155 runtime: 215496us
Mandelbrot: iterations=156 runtime: 216880us
Mandelbrot: iterations=157 runtime: 215295us
Mandelbrot: iterations=158 runtime: 214798us
Mandelbrot: iterations=159 runtime: 215554us
Mandelbrot: iterations=160 runtime: 216159us
Mandelbrot: iterations=161 runtime: 216065us
Mandelbrot: iterations=162 runtime: 215485us
Mandelbrot: iterations=163 runtime: 215523us
Mandelbrot: iterations=164 runtime: 214622us
Mandelbrot: iterations=165 runtime: 215387us
Mandelbrot: iterations=166 runtime: 215746us
Mandelbrot: iterations=167 runtime: 215266us
Mandelbrot: iterations=168 runtime: 216119us
Mandelbrot: iterations=169 runtime: 216587us
Mandelbrot: iterations=170 runtime: 215897us
Mandelbrot: iterations=171 runtime: 215840us
Mandelbrot: iterations=172 runtime: 215209us
Mandelbrot: iterations=173 runtime: 216458us
Mandelbrot: iterations=174 runtime: 216487us
Mandelbrot: iterations=175 runtime: 216562us
Mandelbrot: iterations=176 runtime: 216179us
Mandelbrot: iterations=177 runtime: 215457us
Mandelbrot: iterations=178 runtime: 216230us
Mandelbrot: iterations=179 runtime: 216404us
Mandelbrot: iterations=180 runtime: 215018us
Mandelbrot: iterations=181 runtime: 214921us
Mandelbrot: iterations=182 runtime: 215623us
Mandelbrot: iterations=183 runtime: 215509us
Mandelbrot: iterations=184 runtime: 215974us
Mandelbrot: iterations=185 runtime: 215721us
Mandelbrot: iterations=186 runtime: 215200us
Mandelbrot: iterations=187 runtime: 216568us
Mandelbrot: iterations=188 runtime: 214791us
Mandelbrot: iterations=189 runtime: 214479us
Mandelbrot: iterations=190 runtime: 215930us
Mandelbrot: iterations=191 runtime: 215175us
Mandelbrot: iterations=192 runtime: 215770us
Mandelbrot: iterations=193 runtime: 215698us
Mandelbrot: iterations=194 runtime: 215652us
Mandelbrot: iterations=195 runtime: 215489us
Mandelbrot: iterations=196 runtime: 215576us
Mandelbrot: iterations=197 runtime: 216952us
Mandelbrot: iterations=198 runtime: 214826us
Mandelbrot: iterations=199 runtime: 215083us
Mandelbrot: iterations=200 runtime: 214740us
Mandelbrot: iterations=201 runtime: 216277us
Mandelbrot: iterations=202 runtime: 216147us
Mandelbrot: iterations=203 runtime: 216578us
Mandelbrot: iterations=204 runtime: 215180us
Mandelbrot: iterations=205 runtime: 216848us
Mandelbrot: iterations=206 runtime: 219117us
Mandelbrot: iterations=207 runtime: 216947us
Mandelbrot: iterations=208 runtime: 216022us
Mandelbrot: iterations=209 runtime: 215619us
Mandelbrot: iterations=210 runtime: 219920us
Mandelbrot: iterations=211 runtime: 233382us
Mandelbrot: iterations=212 runtime: 213392us
Mandelbrot: iterations=213 runtime: 212979us
Mandelbrot: iterations=214 runtime: 214056us
Mandelbrot: iterations=215 runtime: 214168us
Mandelbrot: iterations=216 runtime: 215185us
Mandelbrot: iterations=217 runtime: 223437us
Mandelbrot: iterations=218 runtime: 217172us
Mandelbrot: iterations=219 runtime: 223006us
Mandelbrot: iterations=220 runtime: 247201us
Mandelbrot: iterations=221 runtime: 224461us
Mandelbrot: iterations=222 runtime: 219147us
Mandelbrot: iterations=223 runtime: 227611us
Mandelbrot: iterations=224 runtime: 223801us
Mandelbrot: iterations=225 runtime: 222635us
Mandelbrot: iterations=226 runtime: 241844us
Mandelbrot: iterations=227 runtime: 221209us
Mandelbrot: iterations=228 runtime: 230760us
Mandelbrot: iterations=229 runtime: 218232us
Mandelbrot: iterations=230 runtime: 222093us
Mandelbrot: iterations=231 runtime: 223319us
Mandelbrot: iterations=232 runtime: 225316us
Mandelbrot: iterations=233 runtime: 237035us
Mandelbrot: iterations=234 runtime: 223541us
Mandelbrot: iterations=235 runtime: 216996us
Mandelbrot: iterations=236 runtime: 219581us
Mandelbrot: iterations=237 runtime: 225995us
Mandelbrot: iterations=238 runtime: 217762us
Mandelbrot: iterations=239 runtime: 219263us
Mandelbrot: iterations=240 runtime: 238843us
Mandelbrot: iterations=241 runtime: 240450us
Mandelbrot: iterations=242 runtime: 293470us
Mandelbrot: iterations=243 runtime: 278686us
Mandelbrot: iterations=244 runtime: 267576us
Mandelbrot: iterations=245 runtime: 269435us
Mandelbrot: iterations=246 runtime: 249510us
Mandelbrot: iterations=247 runtime: 281637us
Mandelbrot: iterations=248 runtime: 284666us
Mandelbrot: iterations=249 runtime: 252632us
Mandelbrot: iterations=250 runtime: 251187us
Mandelbrot: iterations=251 runtime: 257257us
Mandelbrot: iterations=252 runtime: 232607us
Mandelbrot: iterations=253 runtime: 237735us
Mandelbrot: iterations=254 runtime: 257054us
Mandelbrot: iterations=255 runtime: 244762us
Mandelbrot: iterations=256 runtime: 222786us
Mandelbrot: iterations=257 runtime: 224014us
Mandelbrot: iterations=258 runtime: 220763us
Mandelbrot: iterations=259 runtime: 217373us
Mandelbrot: iterations=260 runtime: 219122us
Mandelbrot: iterations=261 runtime: 219072us
Mandelbrot: iterations=262 runtime: 220607us
Mandelbrot: iterations=263 runtime: 217509us
Mandelbrot: iterations=264 runtime: 219656us
Mandelbrot: iterations=265 runtime: 218309us
Mandelbrot: iterations=266 runtime: 228234us
Mandelbrot: iterations=267 runtime: 221502us
Mandelbrot: iterations=268 runtime: 215996us
Mandelbrot: iterations=269 runtime: 219979us
Mandelbrot: iterations=270 runtime: 215142us
Mandelbrot: iterations=271 runtime: 215022us
Mandelbrot: iterations=272 runtime: 215306us
Mandelbrot: iterations=273 runtime: 215824us
Mandelbrot: iterations=274 runtime: 215552us
Mandelbrot: iterations=275 runtime: 217906us
Mandelbrot: iterations=276 runtime: 216628us
Mandelbrot: iterations=277 runtime: 215965us
Mandelbrot: iterations=278 runtime: 215884us
Mandelbrot: iterations=279 runtime: 216009us
Mandelbrot: iterations=280 runtime: 217768us
Mandelbrot: iterations=281 runtime: 216113us
Mandelbrot: iterations=282 runtime: 221439us
Mandelbrot: iterations=283 runtime: 217454us
Mandelbrot: iterations=284 runtime: 220560us
Mandelbrot: iterations=285 runtime: 219774us
Mandelbrot: iterations=286 runtime: 218817us
Mandelbrot: iterations=287 runtime: 216596us
Mandelbrot: iterations=288 runtime: 220440us
Mandelbrot: iterations=289 runtime: 219538us
Mandelbrot: iterations=290 runtime: 218885us
Mandelbrot: iterations=291 runtime: 217080us
Mandelbrot: iterations=292 runtime: 215074us
Mandelbrot: iterations=293 runtime: 214725us
Mandelbrot: iterations=294 runtime: 214553us
Mandelbrot: iterations=295 runtime: 214704us
Mandelbrot: iterations=296 runtime: 214511us
Mandelbrot: iterations=297 runtime: 214501us
Mandelbrot: iterations=298 runtime: 214535us
Mandelbrot: iterations=299 runtime: 215032us
Mandelbrot: iterations=300 runtime: 214612us
Mandelbrot: iterations=301 runtime: 214277us
Mandelbrot: iterations=302 runtime: 214776us
Mandelbrot: iterations=303 runtime: 215144us
Mandelbrot: iterations=304 runtime: 214943us
Mandelbrot: iterations=305 runtime: 215210us
Mandelbrot: iterations=306 runtime: 215188us
Mandelbrot: iterations=307 runtime: 215213us
Mandelbrot: iterations=308 runtime: 216697us
Mandelbrot: iterations=309 runtime: 215006us
Mandelbrot: iterations=310 runtime: 214665us
Mandelbrot: iterations=311 runtime: 216055us
Mandelbrot: iterations=312 runtime: 214623us
Mandelbrot: iterations=313 runtime: 214782us
Mandelbrot: iterations=314 runtime: 216006us
Mandelbrot: iterations=315 runtime: 214974us
Mandelbrot: iterations=316 runtime: 214418us
Mandelbrot: iterations=317 runtime: 215099us
Mandelbrot: iterations=318 runtime: 215219us
Mandelbrot: iterations=319 runtime: 214083us
Mandelbrot: iterations=320 runtime: 214418us
Mandelbrot: iterations=321 runtime: 215238us
Mandelbrot: iterations=322 runtime: 216342us
Mandelbrot: iterations=323 runtime: 214289us
Mandelbrot: iterations=324 runtime: 215114us
Mandelbrot: iterations=325 runtime: 214868us
Mandelbrot: iterations=326 runtime: 214548us
Mandelbrot: iterations=327 runtime: 215143us
Mandelbrot: iterations=328 runtime: 215212us
Mandelbrot: iterations=329 runtime: 214464us
Mandelbrot: iterations=330 runtime: 214370us
Mandelbrot: iterations=331 runtime: 216338us
Mandelbrot: iterations=332 runtime: 215765us
Mandelbrot: iterations=333 runtime: 214627us
Mandelbrot: iterations=334 runtime: 213859us
Mandelbrot: iterations=335 runtime: 214650us
Mandelbrot: iterations=336 runtime: 214411us
Mandelbrot: iterations=337 runtime: 215663us
Mandelbrot: iterations=338 runtime: 214099us
Mandelbrot: iterations=339 runtime: 215701us
Mandelbrot: iterations=340 runtime: 215072us
Mandelbrot: iterations=341 runtime: 214211us
Mandelbrot: iterations=342 runtime: 214371us
Mandelbrot: iterations=343 runtime: 214327us
Mandelbrot: iterations=344 runtime: 214329us
Mandelbrot: iterations=345 runtime: 214747us
Mandelbrot: iterations=346 runtime: 213438us
Mandelbrot: iterations=347 runtime: 213043us
Mandelbrot: iterations=348 runtime: 214330us
Mandelbrot: iterations=349 runtime: 214165us
Mandelbrot: iterations=350 runtime: 215379us
Mandelbrot: iterations=351 runtime: 214155us
Mandelbrot: iterations=352 runtime: 215502us
Mandelbrot: iterations=353 runtime: 214932us
Mandelbrot: iterations=354 runtime: 215776us
Mandelbrot: iterations=355 runtime: 216752us
Mandelbrot: iterations=356 runtime: 215470us
Mandelbrot: iterations=357 runtime: 215352us
Mandelbrot: iterations=358 runtime: 215525us
Mandelbrot: iterations=359 runtime: 215391us
Mandelbrot: iterations=360 runtime: 217242us
Mandelbrot: iterations=361 runtime: 215581us
Mandelbrot: iterations=362 runtime: 216081us
Mandelbrot: iterations=363 runtime: 215510us
Mandelbrot: iterations=364 runtime: 216126us
Mandelbrot: iterations=365 runtime: 217365us
Mandelbrot: iterations=366 runtime: 216781us
Mandelbrot: iterations=367 runtime: 215720us
Mandelbrot: iterations=368 runtime: 215641us
Mandelbrot: iterations=369 runtime: 214889us
Mandelbrot: iterations=370 runtime: 215660us
Mandelbrot: iterations=371 runtime: 215460us
Mandelbrot: iterations=372 runtime: 215315us
Mandelbrot: iterations=373 runtime: 215266us
Mandelbrot: iterations=374 runtime: 215369us
Mandelbrot: iterations=375 runtime: 215616us
Mandelbrot: iterations=376 runtime: 215393us
Mandelbrot: iterations=377 runtime: 216356us
Mandelbrot: iterations=378 runtime: 218069us
Mandelbrot: iterations=379 runtime: 216072us
Mandelbrot: iterations=380 runtime: 216889us
Mandelbrot: iterations=381 runtime: 216067us
Mandelbrot: iterations=382 runtime: 214691us
Mandelbrot: iterations=383 runtime: 216829us
Mandelbrot: iterations=384 runtime: 216248us
Mandelbrot: iterations=385 runtime: 215463us
Mandelbrot: iterations=386 runtime: 215151us
Mandelbrot: iterations=387 runtime: 221313us
Mandelbrot: iterations=388 runtime: 215732us
Mandelbrot: iterations=389 runtime: 215852us
Mandelbrot: iterations=390 runtime: 215122us
Mandelbrot: iterations=391 runtime: 213664us
Mandelbrot: iterations=392 runtime: 214036us
Mandelbrot: iterations=393 runtime: 214692us
Mandelbrot: iterations=394 runtime: 215199us
Mandelbrot: iterations=395 runtime: 214178us
Mandelbrot: iterations=396 runtime: 214459us
Mandelbrot: iterations=397 runtime: 216653us
Mandelbrot: iterations=398 runtime: 214732us
Mandelbrot: iterations=399 runtime: 214206us
Mandelbrot: iterations=400 runtime: 214912us
Mandelbrot: iterations=401 runtime: 215494us
Mandelbrot: iterations=402 runtime: 214240us
Mandelbrot: iterations=403 runtime: 214403us
Mandelbrot: iterations=404 runtime: 214685us
Mandelbrot: iterations=405 runtime: 215469us
Mandelbrot: iterations=406 runtime: 217115us
Mandelbrot: iterations=407 runtime: 215321us
Mandelbrot: iterations=408 runtime: 214106us
Mandelbrot: iterations=409 runtime: 212731us
Mandelbrot: iterations=410 runtime: 213991us
Mandelbrot: iterations=411 runtime: 214687us
Mandelbrot: iterations=412 runtime: 214775us
Mandelbrot: iterations=413 runtime: 214289us
Mandelbrot: iterations=414 runtime: 214013us
Mandelbrot: iterations=415 runtime: 215127us
Mandelbrot: iterations=416 runtime: 214147us
Mandelbrot: iterations=417 runtime: 213705us
Mandelbrot: iterations=418 runtime: 214380us
Mandelbrot: iterations=419 runtime: 214335us
Mandelbrot: iterations=420 runtime: 215327us
Mandelbrot: iterations=421 runtime: 214270us
Mandelbrot: iterations=422 runtime: 213856us
Mandelbrot: iterations=423 runtime: 213233us
Mandelbrot: iterations=424 runtime: 217006us
Mandelbrot: iterations=425 runtime: 216603us
Mandelbrot: iterations=426 runtime: 215408us
Mandelbrot: iterations=427 runtime: 215035us
Mandelbrot: iterations=428 runtime: 214078us
Mandelbrot: iterations=429 runtime: 216176us
Mandelbrot: iterations=430 runtime: 216046us
Mandelbrot: iterations=431 runtime: 213638us
Mandelbrot: iterations=432 runtime: 215588us
Mandelbrot: iterations=433 runtime: 215489us
Could not locate BlockSlowdown.json
Skipping Loading (this might cause a fatal crash if GTSlowdown is on)
java.lang.StringLatin1.inflate(byte[], int, char[], int, int)void -1 codeSignature differs 7229d185807c5eb1f821125a028c07df1ddeaa104c27495e511e6ad0d767c33a != 17fc64c9586f0ecf27e1468b2eeb1b40eb8569e6db2faf747d95dee3bfb3e1f0
Mandelbrot: iterations=434 runtime: 215355us
Mandelbrot: iterations=435 runtime: 216802us
Mandelbrot: iterations=436 runtime: 215242us
Mandelbrot: iterations=437 runtime: 214324us
Mandelbrot: iterations=438 runtime: 214631us
Mandelbrot: iterations=439 runtime: 213866us
Mandelbrot: iterations=440 runtime: 214274us
Mandelbrot: iterations=441 runtime: 214983us
Mandelbrot: iterations=442 runtime: 214104us
Mandelbrot: iterations=443 runtime: 214150us
Mandelbrot: iterations=444 runtime: 215037us
Mandelbrot: iterations=445 runtime: 213797us
Mandelbrot: iterations=446 runtime: 214087us
Mandelbrot: iterations=447 runtime: 216394us
Mandelbrot: iterations=448 runtime: 215594us
Mandelbrot: iterations=449 runtime: 216333us
Mandelbrot: iterations=450 runtime: 215721us
Mandelbrot: iterations=451 runtime: 215627us
Mandelbrot: iterations=452 runtime: 216451us
Mandelbrot: iterations=453 runtime: 215803us
Mandelbrot: iterations=454 runtime: 215000us
Mandelbrot: iterations=455 runtime: 214519us
Mandelbrot: iterations=456 runtime: 214021us
Could not locate BlockSlowdown.json
Skipping Loading (this might cause a fatal crash if GTSlowdown is on)
java.lang.StringCoding.implEncodeAsciiArray(char[], int, byte[], int, int)int -1 codeSignature differs d55fbea694761fc922a42e91b2b98c835dce3c3f298c1fe7d5ce8aa936963d2d != 726c589bc3028695e1ab333a2ffc6cdaf3378a0846f06129cd80bec52bf52833
Mandelbrot: iterations=457 runtime: 214382us
Mandelbrot: iterations=458 runtime: 217560us
Mandelbrot: iterations=459 runtime: 214491us
Mandelbrot: iterations=460 runtime: 214018us
Mandelbrot: iterations=461 runtime: 214894us
Mandelbrot: iterations=462 runtime: 214696us
Mandelbrot: iterations=463 runtime: 215194us
Mandelbrot: iterations=464 runtime: 214517us
Mandelbrot: iterations=465 runtime: 213872us
Mandelbrot: iterations=466 runtime: 214502us
Mandelbrot: iterations=467 runtime: 214230us
Mandelbrot: iterations=468 runtime: 215117us
Mandelbrot: iterations=469 runtime: 218528us
Mandelbrot: iterations=470 runtime: 216056us
Mandelbrot: iterations=471 runtime: 215634us
Mandelbrot: iterations=472 runtime: 214809us
Mandelbrot: iterations=473 runtime: 216575us
Mandelbrot: iterations=474 runtime: 214720us
Mandelbrot: iterations=475 runtime: 216201us
Mandelbrot: iterations=476 runtime: 217314us
Mandelbrot: iterations=477 runtime: 214915us
Mandelbrot: iterations=478 runtime: 214780us
Mandelbrot: iterations=479 runtime: 214930us
Mandelbrot: iterations=480 runtime: 215320us
Mandelbrot: iterations=481 runtime: 214043us
Mandelbrot: iterations=482 runtime: 215005us
Mandelbrot: iterations=483 runtime: 214828us
Mandelbrot: iterations=484 runtime: 215607us
Mandelbrot: iterations=485 runtime: 215999us
Mandelbrot: iterations=486 runtime: 215099us
Mandelbrot: iterations=487 runtime: 215621us
Mandelbrot: iterations=488 runtime: 215418us
Mandelbrot: iterations=489 runtime: 216181us
Mandelbrot: iterations=490 runtime: 214772us
Mandelbrot: iterations=491 runtime: 214700us
Mandelbrot: iterations=492 runtime: 216689us
Mandelbrot: iterations=493 runtime: 217070us
Mandelbrot: iterations=494 runtime: 221613us
Mandelbrot: iterations=495 runtime: 215029us
Mandelbrot: iterations=496 runtime: 215534us
Mandelbrot: iterations=497 runtime: 215111us
Mandelbrot: iterations=498 runtime: 215604us
Mandelbrot: iterations=499 runtime: 216867us
Mandelbrot: iterations=500 runtime: 216897us
Could not locate BlockSlowdown.json
Skipping Loading (this might cause a fatal crash if GTSlowdown is on)
jdk.internal.constant.ClassOrInterfaceDescImpl.isClassOrInterface()boolean -1 codeSignature differs 6e3a14458a0fca90e6a63285514a933585cea592cb622e79b33ddc5df6e0fb66 != 6fdd5e023f8b36c06ccfc437f07740607e2fd6af8789c2b6573b1f8e5aec4921
jdk.internal.classfile.impl.AbstractPoolEntry.hashCode()int -1 codeSignature differs fe46e3fea17c2bcac25676024acf43715946ed13832c36004058f315d01e6ed3 != e2795d501a46b0bfb6e8c56434b112c0ea54a81c9e313ecde41f1f8b0f3deb09
jdk.internal.constant.PrimitiveClassDescImpl.descriptorString()java.lang.String -1 codeSignature differs 7722674ec43cccc19227bd0fe31433696da3716816c65b03f1730e1c0254917a != d487d8a2503fc353385b06f3b95e8ab10a6fe5294aa12ef213c2f0b58f53bb2d
jdk.internal.classfile.impl.AbstractPoolEntry$ClassEntryImpl.tag()int -1 codeSignature differs 5404769be9f3dbc3cb72c5db1a8ad8dd44853cedba352c69c6db32de21c4dbb9 != 1c5cefc40a914f135a319bd8d405841fbf0f0e92dfa85c790bd1c66c2edacece
java.lang.Class.getComponentType()java.lang.Class -1 codeSignature differs b319d91a6485f244b602f37bbb015c7b083103cb0168540c8f7172a6f77fcdb4 != ca3e2776cb0744dcbd5af9f18a41221cfb7ea6616e2c92fa3282d7012b2bb32a
Mandelbrot: iterations=500 average: 217604us total: 108802414us


java.lang.invoke.MethodTypeForm.parameterSlotCount()int -1 codeSignature differs ad156c9aebe2f06c30e3b5dbbec2e173bc1370acb4ba42d2464dda8cd03d5b04 != 631f1ee6b294c0668302aaa578afb6c4bc9eb79e5bdf6a7916a36c576b1ba42d
Total Runtime: 108802414us
Bubo.RDTSC.Harness.main Total RDTSC cycles: 361261975488

Finished Mandelbrot BuboOff at Thu 22 Jan 15:17:45 GMT 2026
============================================================
