============================================================
Benchmark: Sieve
BuboLIRPhase: true
RUNS: 500
extra_args: 10000
Timestamp: Thu 22 Jan 15:05:57 GMT 2026

[WARN] Unknown argument: output
Could not locate BlockSlowdown.json
Skipping Loading (this might cause a fatal crash if GTSlowdown is on)
[Use -Djdk.graal.LogFile=<path> to redirect Graal log output to a file.]
java.lang.module.ModuleDescriptor.name()java.lang.String -1 codeSignature differs 5be282a10c496d4000571a6844c9c0bc109901813a12d3aea5364efad6a66c85 != 56a4ef2702ccb7a079a36c5f0ed4055a5908c2e7a9296eac6b3ffe2db37f4a2d
java.lang.module.ModuleReference.descriptor()java.lang.module.ModuleDescriptor -1 codeSignature differs 14be906eafbcd0e98db8607fd01b12de837039bcd06c460d0cf8f6394c8cff6d != da5cf171143f5513c1e4cdf5bb02fc95a3ea90774fedf9fb851ec26a1218a12f
java.lang.Enum.ordinal()int -1 codeSignature differs d4ce072063a0e5d7b77fa03ca89aafb8f3e3ecf13c518dc1905e344d1e62c58a != e88b1ad01cee91360e4f1ac151ade0525982fae29bddccb8434060766b83fd62
java.lang.Class.isPrimitive()boolean -1 codeSignature differs 98ab40cf2ebcc843a57e4548f9a42e2e9f3f439b3cfc72b2a9affe72c8d06a5f != 5b9fc3b01b5ff747850254186cdcc08e50c4f85fb4d4d68bc0989fcb181794f8
jdk.internal.util.StrongReferenceKey.get()java.lang.Object -1 codeSignature differs 14be906eafbcd0e98db8607fd01b12de837039bcd06c460d0cf8f6394c8cff6d != da5cf171143f5513c1e4cdf5bb02fc95a3ea90774fedf9fb851ec26a1218a12f
java.lang.Class.getClassLoader()java.lang.ClassLoader -1 codeSignature differs 1ec746d9657abb2124f404e47924197593986fc62346c6cd76072c08e29afddf != 454facf798c6644faed5619d9e1dae25408778409730f09c41b1c0c95518fd46
java.lang.invoke.MethodType.returnType()java.lang.Class -1 codeSignature differs 14be906eafbcd0e98db8607fd01b12de837039bcd06c460d0cf8f6394c8cff6d != da5cf171143f5513c1e4cdf5bb02fc95a3ea90774fedf9fb851ec26a1218a12f
jdk.internal.classfile.impl.AbstractPoolEntry.index()int -1 codeSignature differs d4ce072063a0e5d7b77fa03ca89aafb8f3e3ecf13c518dc1905e344d1e62c58a != e88b1ad01cee91360e4f1ac151ade0525982fae29bddccb8434060766b83fd62
java.lang.invoke.MemberName.getDeclaringClass()java.lang.Class -1 codeSignature differs b46e439bc51650ff335d2a7124f0b0154f260fe1af8ba145c6fd3cf5008c9e4e != de7d2501b6c4ceaef40260482daf6e5ea615f5f43bc71d4e0a42f41866056e09
java.lang.invoke.MethodType.form()java.lang.invoke.MethodTypeForm -1 codeSignature differs 5be282a10c496d4000571a6844c9c0bc109901813a12d3aea5364efad6a66c85 != 56a4ef2702ccb7a079a36c5f0ed4055a5908c2e7a9296eac6b3ffe2db37f4a2d
java.util.stream.FindOps$FindSink.cancellationRequested()boolean -1 codeSignature differs 55af0dc4b7688c78180d5f5b00584e4bf66cf93bd60716f9aab49e7a6fd64ac4 != d201d3c970d1bea0e5266b3abd2e0b5e37d50f57628f0f6798d16338d8e21f6a
java.lang.Object.<init>()void -1 codeSignature differs fe534d3aac0502b22527b54e744892c09d7496fd765947a3ee3ec9a070d56f92 != b5ee38686824d688fb238521bf027287d22a9235c6ea851247456595ee3c4ca5
java.lang.String.hashCode()int -1 codeSignature differs cd869c87835ef8242ee90410caccd8a61a63cd99231e11f83fcdc76366e70264 != aa1e9c2f9ea239d2fb15b2f7ff9a60f790f0544470df5bee9a657461c7ae39f8
jdk.internal.module.ModuleReferenceImpl.moduleResolution()jdk.internal.module.ModuleResolution -1 codeSignature differs b76db95b8fd3a055b26c3a6c15023743ea3cd488646d474319964a2e9e13b73e != c90e5cf05b5ed15b2ee4632b0f01daf8e8a827ca7e4e1d9f528d5eb553edbcfd
java.lang.module.ModuleDescriptor$Requires.modifiers()java.util.Set -1 codeSignature differs 14be906eafbcd0e98db8607fd01b12de837039bcd06c460d0cf8f6394c8cff6d != da5cf171143f5513c1e4cdf5bb02fc95a3ea90774fedf9fb851ec26a1218a12f
java.lang.module.ModuleDescriptor$Requires.name()java.lang.String -1 codeSignature differs 90f01eeb46d88d53d0e4e48ef19445eb3bdf8101a00c7dc3f717a337df9fb41f != c4651eecda0d588acaac43a9ae165ea6a40380899e75b0e7578d22406e0c012a
java.lang.module.ModuleDescriptor.requires()java.util.Set -1 codeSignature differs 50021c78154f047ad8f88f0733084203e726ca2f3911eed3f4e2615369ae39b2 != a12f6d231bab91ade119f5f7e87b83e28ce01e2d62fff01cc7676b635a92f884
java.lang.module.ModuleDescriptor.isAutomatic()boolean -1 codeSignature differs 2c5d9434fa6cbff1c0177053ad01774247e7a98383a3d0ee5c4dccbf56bf9e86 != 08dea6d6ec137b950a0343efb1bd030f87565d8e5b95eb64f025bd8e338928e2
java.util.HashMap$Node.getKey()java.lang.Object -1 codeSignature differs 90f01eeb46d88d53d0e4e48ef19445eb3bdf8101a00c7dc3f717a337df9fb41f != c4651eecda0d588acaac43a9ae165ea6a40380899e75b0e7578d22406e0c012a
java.util.HashMap$Node.getValue()java.lang.Object -1 codeSignature differs 5be282a10c496d4000571a6844c9c0bc109901813a12d3aea5364efad6a66c85 != 56a4ef2702ccb7a079a36c5f0ed4055a5908c2e7a9296eac6b3ffe2db37f4a2d
java.util.ImmutableCollections$Set12.isEmpty()boolean -1 codeSignature differs d890ffc04cd03ec866061096d7d13d2670cacc5a2328b692374e3523d40574bd != 6120e833de16ceab3ef754d1b00c19883b3f73962ba2cdf17c59c3710ba02d36
java.lang.module.ModuleDescriptor$Exports.source()java.lang.String -1 codeSignature differs 90f01eeb46d88d53d0e4e48ef19445eb3bdf8101a00c7dc3f717a337df9fb41f != c4651eecda0d588acaac43a9ae165ea6a40380899e75b0e7578d22406e0c012a
java.lang.module.ModuleDescriptor$Exports.targets()java.util.Set -1 codeSignature differs 5be282a10c496d4000571a6844c9c0bc109901813a12d3aea5364efad6a66c85 != 56a4ef2702ccb7a079a36c5f0ed4055a5908c2e7a9296eac6b3ffe2db37f4a2d
java.lang.module.ModuleDescriptor.provides()java.util.Set -1 codeSignature differs 309d9291f2d3c2a63becdec49b2c74b25af9d7fdc62dad05faf86a64889608fc != f5d85dfdf7fef12d65d210d402c44bf26eeb0fb3f9225e78ee6443caec31b619
java.lang.module.ModuleDescriptor.exports()java.util.Set -1 codeSignature differs 948d21eddb9ad191efbc24290e4e840a30aebb134151b75def9175ab54c0a48c != c3334e7c488922d9ee7281afad5b7ca4db54a4ab2b49cf0e755dc0a6c55854b4
java.lang.module.ModuleDescriptor.uses()java.util.Set -1 codeSignature differs e3ce51591a4fee3aaff0c687fbb639bc8c1569c92e84d989cdc906a081a3aa6f != 69f900c261d900c3a12e3d84961667caa75caf8ed42490b80edd3cdf23db4832
java.util.Objects.requireNonNull(java.lang.Object)java.lang.Object -1 codeSignature differs fab3390bacdc1c06ac727172609d32d56c9697db51c25bc06ba90803d6336aa7 != 5f34d305ad8c459e05cc78e8e67ce712079a25140f4444aee0bca43f73c4de02
java.util.ImmutableCollections$SetN$SetNIterator.hasNext()boolean -1 codeSignature differs 014069b9d29ae67f97f8d652b8d7a77d9057cdb393e4e32597c925d7a30bdc82 != 60575b8cd4d2a8242a8aab77fb607844ec4f52bcc97ca89e8880d7f6422024af
java.util.ImmutableCollections$SetN$SetNIterator.next()java.lang.Object -1 codeSignature differs 1cd7ec404b399886be917d4acb08e03556fd7c60be9bbc5d21c5aa5961bdaded != 3ebd7591a8a487390491b17f6bf1893dd8d3d0cbebb3582e4492c3d36ffe7e42
java.util.ImmutableCollections$SetN$SetNIterator.next()java.lang.Object -1 graphSignature differs cc325e064e7585e0e6736addc07d3b5b1a1e9ec52f960e7777496af159b5096f != 920e12a7ee41cc3a0a3487d03bd48833bfc4e8d416bdbae7234f8ba199084b4d
java.util.HashMap.hash(java.lang.Object)int -1 codeSignature differs e110d5ce0ef196524bbe246d8613cf6348cea8e378c29c2641dd1d890d2fa75c != d40bd27b2c4bdc2b6b785c7daff9fd6dc1db999177ec266ca4d91fc3e8f049df
java.lang.module.ModuleDescriptor$Provides.service()java.lang.String -1 codeSignature differs 14be906eafbcd0e98db8607fd01b12de837039bcd06c460d0cf8f6394c8cff6d != da5cf171143f5513c1e4cdf5bb02fc95a3ea90774fedf9fb851ec26a1218a12f
java.lang.module.ModuleDescriptor$Exports.isQualified()boolean -1 codeSignature differs 5ae553f9513ff9766431ab3b56d85414814d5eb542e4fd73cbf56619af36a781 != 9230ab0a96a002830ad644be83e9a1e9c0f6099bf3bd7741dd8182cd09f05efb
java.util.HashMap.putVal(int, java.lang.Object, java.lang.Object, boolean, boolean)java.lang.Object -1 codeSignature differs 9cb28b9a54a60d441b0ceed726a4c5db4f487c83f2bf9edb55fd9e94bd2c720a != bec508ed65b4e92cc6d54adbf8553bd5845f97e1b6d376eb75cae468a3c08fba
java.util.HashMap.putVal(int, java.lang.Object, java.lang.Object, boolean, boolean)java.lang.Object -1 graphSignature differs 71c7befc4bcc50903c01cb500806055811a71080bd754d077284439fcd10103c != 5a74e12f320f5360d51b0bb3946f087ce2dce5afa144b15d312a3acc1621c4cf
java.util.HashMap$Node.<init>(int, java.lang.Object, java.lang.Object, java.util.HashMap$Node)void -1 codeSignature differs 59f3ceead0285ba573e9dd17abb91357c0a500ed9ed02d21ff8c76f230b9da89 != a2d63fce582075e41dbc901882dbb2768b8ed33f258823f0bcfface585dec9a0
java.lang.String.equals(java.lang.Object)boolean -1 codeSignature differs 1b81cb89f6505a5995dbabe425a69a03531cfa5e9b0bad05edda29235b5071d3 != 9d4deb1417e3dc3304e6e48d0050681b843c1c29f58a963fe6d7cb88c5948543
java.lang.String.equals(java.lang.Object)boolean -1 graphSignature differs 240f841b413bb8bd2af4877cb3753eac11d3bdc482d702e067df992e72784ebb != 2d841e5f6ff33687ba2a8e89c73735b82c892266d476f740b43f9fc2b4d21873
java.lang.Byte.toUnsignedInt(byte)int -1 codeSignature differs ef53887b8aa24310d9482f8fff2e03d6f5088235fdd6794c9711e90d2fb316a1 != 13d5f6657504f424775e099bdc463c00fbb2dd5e93459aa3373cba81212b5a0d
java.util.KeyValueHolder.getKey()java.lang.Object -1 codeSignature differs 14be906eafbcd0e98db8607fd01b12de837039bcd06c460d0cf8f6394c8cff6d != da5cf171143f5513c1e4cdf5bb02fc95a3ea90774fedf9fb851ec26a1218a12f
java.util.KeyValueHolder.getValue()java.lang.Object -1 codeSignature differs 90f01eeb46d88d53d0e4e48ef19445eb3bdf8101a00c7dc3f717a337df9fb41f != c4651eecda0d588acaac43a9ae165ea6a40380899e75b0e7578d22406e0c012a
java.lang.module.ModuleDescriptor.packages()java.util.Set -1 codeSignature differs 1ec746d9657abb2124f404e47924197593986fc62346c6cd76072c08e29afddf != 454facf798c6644faed5619d9e1dae25408778409730f09c41b1c0c95518fd46
java.lang.module.ResolvedModule.reference()java.lang.module.ModuleReference -1 codeSignature differs 90f01eeb46d88d53d0e4e48ef19445eb3bdf8101a00c7dc3f717a337df9fb41f != c4651eecda0d588acaac43a9ae165ea6a40380899e75b0e7578d22406e0c012a
java.lang.module.ModuleDescriptor$Version.toString()java.lang.String -1 codeSignature differs 14be906eafbcd0e98db8607fd01b12de837039bcd06c460d0cf8f6394c8cff6d != da5cf171143f5513c1e4cdf5bb02fc95a3ea90774fedf9fb851ec26a1218a12f
java.lang.AbstractStringBuilder.length()int -1 codeSignature differs d4ce072063a0e5d7b77fa03ca89aafb8f3e3ecf13c518dc1905e344d1e62c58a != e88b1ad01cee91360e4f1ac151ade0525982fae29bddccb8434060766b83fd62
java.util.HashMap.newNode(int, java.lang.Object, java.lang.Object, java.util.HashMap$Node)java.util.HashMap$Node -1 codeSignature differs 0b57ad3d0ea1b0de0d3ae4d1256f2a3bf2dacceb94022bee4e70d75bf1848358 != df85b2b14fb5de70af8f6a1aa6efa050fdaf0546a0197d26ebd4113543cc599e
java.util.HashMap.afterNodeInsertion(boolean)void -1 codeSignature differs fe534d3aac0502b22527b54e744892c09d7496fd765947a3ee3ec9a070d56f92 != b5ee38686824d688fb238521bf027287d22a9235c6ea851247456595ee3c4ca5
java.util.HashMap.resize()java.util.HashMap$Node[] -1 codeSignature differs c9b73c867a18a6a3cb4624762341d41e2478ff61635444a61c52958c14b97d19 != 9ecdc82662c26a54fb96c75b700492e9a5f3d31d579eb7fec087acf3e46e1a52
java.util.HashMap.resize()java.util.HashMap$Node[] -1 graphSignature differs 8621339e67ed630b148c0b60d4ece2a8f5e4dc640c7e625f721a8babedbc3813 != 907f32e8439d3100299993dcad76560e08b0f705baa3a6e36f739c5640084aa9
java.lang.module.ResolvedModule.configuration()java.lang.module.Configuration -1 codeSignature differs 14be906eafbcd0e98db8607fd01b12de837039bcd06c460d0cf8f6394c8cff6d != da5cf171143f5513c1e4cdf5bb02fc95a3ea90774fedf9fb851ec26a1218a12f
java.lang.module.ModuleDescriptor.isOpen()boolean -1 codeSignature differs 7251ebfc69511ba11260ce3e5fe8de41e1ee424c1c84ef382507a4b520f46599 != c4f3939346c24cd7625b42361349cb6733a9291eeffd7507e7bf858c000192f4
java.util.HashMap.size()int -1 codeSignature differs 55d12884885f16e44e8204f924f64617688caf405b709d32e1e72896f6c27c3d != 9a030125c16a396ec668abdad74e59397cb88f5e4ba93604e8c6b48c6233e93d
Profiling started
Could not locate BlockSlowdown.json
Skipping Loading (this might cause a fatal crash if GTSlowdown is on)
java.util.zip.ZipCoder$UTF8ZipCoder.isUTF8()boolean -1 codeSignature differs 6e3a14458a0fca90e6a63285514a933585cea592cb622e79b33ddc5df6e0fb66 != 6fdd5e023f8b36c06ccfc437f07740607e2fd6af8789c2b6573b1f8e5aec4921
java.lang.invoke.MethodType.ptypes()java.lang.Class[] -1 codeSignature differs 90f01eeb46d88d53d0e4e48ef19445eb3bdf8101a00c7dc3f717a337df9fb41f != c4651eecda0d588acaac43a9ae165ea6a40380899e75b0e7578d22406e0c012a
jdk.internal.util.Preconditions.checkIndex(int, int, java.util.function.BiFunction)int -1 codeSignature differs 0537b0c8dc5fe868ee44de1817c0b047b24d886158549ad641b2b99126c678bb != 097cdde476e7d7a11441cfa0c37471ca0a888d4c4166d67eed1a7e5c4df66c77
java.nio.Buffer.limit()int -1 codeSignature differs 55d12884885f16e44e8204f924f64617688caf405b709d32e1e72896f6c27c3d != 9a030125c16a396ec668abdad74e59397cb88f5e4ba93604e8c6b48c6233e93d
jdk.internal.classfile.impl.AbstractPoolEntry.width()int -1 codeSignature differs 6e3a14458a0fca90e6a63285514a933585cea592cb622e79b33ddc5df6e0fb66 != 6fdd5e023f8b36c06ccfc437f07740607e2fd6af8789c2b6573b1f8e5aec4921
jdk.internal.classfile.impl.SplitConstantPool.size()int -1 codeSignature differs 1e851f5b2cbf37c0cd46831368dd889b60dff01d7b16161259960e24b264ceb1 != d37b0c203163b479a20ad6e2dad4e21eac1f1ad9b1ebc37e97f7861914a001ed
java.util.Properties$LineReader.readLine()int -1 codeSignature differs dcc7cd9c2f0ddf11074c051e8afb59f862ed303e922c9b76c143ff5089c172ec != 43961d71b71ba232ed2694d540aa571e36bd52adf8e4b027613a65dc317ee3ed
java.util.Properties$LineReader.readLine()int -1 graphSignature differs 2b486d112efd309f21b56eed8c0bb9d78dd9081f799ef08ff7c803bfde611f4a != 878ec244077db65df33a3f7d09ba7cba637998f872be81e8c5729e664e547e01
java.lang.AbstractStringBuilder.getValue()byte[] -1 codeSignature differs 5be282a10c496d4000571a6844c9c0bc109901813a12d3aea5364efad6a66c85 != 56a4ef2702ccb7a079a36c5f0ed4055a5908c2e7a9296eac6b3ffe2db37f4a2d
java.lang.Enum.name()java.lang.String -1 codeSignature differs 5be282a10c496d4000571a6844c9c0bc109901813a12d3aea5364efad6a66c85 != 56a4ef2702ccb7a079a36c5f0ed4055a5908c2e7a9296eac6b3ffe2db37f4a2d
jdk.internal.util.ArraysSupport.unsignedHashCode(int, byte[], int, int)int -1 codeSignature differs 6cf4fb7fd874e15c16cb0f5b0e5aea3b0fd58bc8fcf38c48c000e5c66e2ad6a8 != 4dd8a0d23b54449c010a38548a4ec34726658ad72759db6c8d42ad0645f343a2
jdk.internal.util.ArraysSupport.unsignedHashCode(int, byte[], int, int)int -1 graphSignature differs 19b74d2985bd215adc18bbf16eb571f75605eb5502bcec63b71bd357cc668d6e != ec48f9da76be66a6b56b9242fa5c79b96c5a2b790a5832893550f14895067602
sun.util.locale.BaseLocale.getLanguage()java.lang.String -1 codeSignature differs 90f01eeb46d88d53d0e4e48ef19445eb3bdf8101a00c7dc3f717a337df9fb41f != c4651eecda0d588acaac43a9ae165ea6a40380899e75b0e7578d22406e0c012a
java.util.LinkedHashMap.removeEldestEntry(java.util.Map$Entry)boolean -1 codeSignature differs d890ffc04cd03ec866061096d7d13d2670cacc5a2328b692374e3523d40574bd != 6120e833de16ceab3ef754d1b00c19883b3f73962ba2cdf17c59c3710ba02d36
java.util.concurrent.ConcurrentHashMap.tabAt(java.util.concurrent.ConcurrentHashMap$Node[], int)java.util.concurrent.ConcurrentHashMap$Node -1 codeSignature differs 71d647ba8c6a0b4ea5a8b561fe43e8bed960c9cb04034a7aef626c5d8360de6d != 822749e9eab55cf0ab08d112d11f644faf7767e7d7f602f22b2982e4341c74e7
jdk.internal.misc.Unsafe.getReferenceAcquire(java.lang.Object, long)java.lang.Object -1 codeSignature differs 0be5c2bda59735ac5470d27796a18d252d59667b906c14721265d97be8abdd5a != a748a0c1fa3d1b22da119249a3931a9411370dff9604e49b3d7ef522719454b3
java.lang.String.coder()byte -1 codeSignature differs f3a73f0f7ffcffdf8962f6b17b32b9d22dceb70a6321ad4e83f092ac924fb640 != 957313288ef4bdda0b4cd025d583dcf3b718c3f3a50464b737eb27e80ce0139f
java.security.Provider$Service.getType()java.lang.String -1 codeSignature differs 90f01eeb46d88d53d0e4e48ef19445eb3bdf8101a00c7dc3f717a337df9fb41f != c4651eecda0d588acaac43a9ae165ea6a40380899e75b0e7578d22406e0c012a
java.security.Provider$Service.getAlgorithm()java.lang.String -1 codeSignature differs 5be282a10c496d4000571a6844c9c0bc109901813a12d3aea5364efad6a66c85 != 56a4ef2702ccb7a079a36c5f0ed4055a5908c2e7a9296eac6b3ffe2db37f4a2d
java.security.Provider$Service.getAliases()java.util.List -1 codeSignature differs ec9959256dfdc1e5d707b10920cbff0d77d6151df3608588ba4900964b3e0488 != 48d94502b891e4704180e00ca37d65d0a704038e75c0e2368237a34efba54df3
jdk.internal.classfile.impl.RawBytecodeHelper.bci()int -1 codeSignature differs fe46e3fea17c2bcac25676024acf43715946ed13832c36004058f315d01e6ed3 != e2795d501a46b0bfb6e8c56434b112c0ea54a81c9e313ecde41f1f8b0f3deb09
jdk.internal.classfile.impl.AbstractPoolEntry.constantPool()java.lang.classfile.constantpool.ConstantPool -1 codeSignature differs 5be282a10c496d4000571a6844c9c0bc109901813a12d3aea5364efad6a66c85 != 56a4ef2702ccb7a079a36c5f0ed4055a5908c2e7a9296eac6b3ffe2db37f4a2d
jdk.internal.util.WeakReferenceKey.hashCode()int -1 codeSignature differs 55d12884885f16e44e8204f924f64617688caf405b709d32e1e72896f6c27c3d != 9a030125c16a396ec668abdad74e59397cb88f5e4ba93604e8c6b48c6233e93d
java.lang.String.value()byte[] -1 codeSignature differs 5be282a10c496d4000571a6844c9c0bc109901813a12d3aea5364efad6a66c85 != 56a4ef2702ccb7a079a36c5f0ed4055a5908c2e7a9296eac6b3ffe2db37f4a2d
java.lang.String.isLatin1()boolean -1 codeSignature differs 7fbdb74539501cf2e6eb2a3c4a15d0e6598aaf73df2e1a5e20fd95a35a58b24e != 3176213e3be72bb5e1b482eae8a1c07901556750cdd7d42ef0cea4727e1ff083
Starting Sieve benchmark ...
Sieve.sieve(boolean[], int)int -1 codeSignature differs 546ba2d9215cecd02a6d1f235f34c25d533c76c7a6e31f752ce52ef0083ac27e != 12dc0122171ceea55c7c5277e3c3000497dab3e0abae768269ff1ccc4cd70435
Sieve.sieve(boolean[], int)int -1 graphSignature differs 7e80be8bbcc8a8a6f17a8d0826d356ddfb5cd73960fb46deca61c5687b5abb64 != 6029b634320fdd81ec6cbb2a6caea4c407b4bdb34400037c446a7fbf01308e6b
java.util.Arrays.fill(boolean[], boolean)void -1 codeSignature differs eac96c83314979c5d73b80dea5c74505a990100ed1de6fc4923e41beb996e797 != 2131355f24c2a27d3878459f354275eaa17fa8de2828fcf37111b33b2c21b4f2
java.util.Arrays.fill(boolean[], boolean)void -1 graphSignature differs 34c65a99dad784f8475d0a0590f31f7beeccd5751317745069f001ca1031865a != a28f18271125eb94137ad7c1a3e2e4244ab9031c2d30046bd52be26f376558b0
java.lang.Integer.intValue()int -1 codeSignature differs d4ce072063a0e5d7b77fa03ca89aafb8f3e3ecf13c518dc1905e344d1e62c58a != e88b1ad01cee91360e4f1ac151ade0525982fae29bddccb8434060766b83fd62
java.lang.Integer.valueOf(int)java.lang.Integer -1 codeSignature differs e0bdf367389f697e76db20cb1fe98adbe7132cb141d63b04e461c04c324cb0d2 != 932de8bb2d151f755c5a79b69142cc7057d04b54361f2479095c1f1a2328565c
Sieve.benchmark()java.lang.Object -1 codeSignature differs 4efcfea0b6a174798edf456a147b00ac4e43bd46e7e0cb35969faa3c19675791 != cecbe5526482adc1d93f0688823cbf45a0ee13007105fef6d0dd464aebb32c59
Sieve.benchmark()java.lang.Object -1 graphSignature differs 2af187699012e02080174113549163ae2fddf9373304b8b653759e970c3df0f7 != 32232ce9e7eafe14d16fcf0dfe7ead77c3067a89b585332a1d1d809d8fbceb30
Sieve.verifyResult(java.lang.Object)boolean -1 codeSignature differs 5955de86fceb691c76819a5a1ea0fd61d322500c6071fef14924702097167bfa != de8ef35bbcf491c2f835fd8ea7f89f8ce7f79abc7e87b84cbbb615860dafa3b1
jdk.internal.constant.ClassOrInterfaceDescImpl.descriptorString()java.lang.String -1 codeSignature differs 14be906eafbcd0e98db8607fd01b12de837039bcd06c460d0cf8f6394c8cff6d != da5cf171143f5513c1e4cdf5bb02fc95a3ea90774fedf9fb851ec26a1218a12f
jdk.internal.classfile.impl.BufWriterImpl.size()int -1 codeSignature differs fe46e3fea17c2bcac25676024acf43715946ed13832c36004058f315d01e6ed3 != e2795d501a46b0bfb6e8c56434b112c0ea54a81c9e313ecde41f1f8b0f3deb09
java.lang.invoke.MethodTypeForm.erasedType()java.lang.invoke.MethodType -1 codeSignature differs 90f01eeb46d88d53d0e4e48ef19445eb3bdf8101a00c7dc3f717a337df9fb41f != c4651eecda0d588acaac43a9ae165ea6a40380899e75b0e7578d22406e0c012a
jdk.internal.classfile.impl.AbstractDirectBuilder.constantPool()jdk.internal.classfile.impl.SplitConstantPool -1 codeSignature differs 14be906eafbcd0e98db8607fd01b12de837039bcd06c460d0cf8f6394c8cff6d != da5cf171143f5513c1e4cdf5bb02fc95a3ea90774fedf9fb851ec26a1218a12f
java.lang.StringLatin1.equals(byte[], byte[])boolean -1 codeSignature differs df3b672c4faf9b8e9c81d37ba53892d5bb76d91b2605d923dadb481f79796d8a != 625a83ff75952a5d0a805a4c58b62ea8ac6fa4c2e347559de275b3de58e5cde6
java.lang.StringLatin1.equals(byte[], byte[])boolean -1 graphSignature differs f47d0b1647dabd6f0108a1c873e12c6a64939992dcc9e97f79a9e6e1f1af8649 != cda1bda6b067c21da86f5c9b00220a168b94ff95811df6ee0a57435eb4ec0473
java.lang.invoke.MethodHandle.type()java.lang.invoke.MethodType -1 codeSignature differs 90f01eeb46d88d53d0e4e48ef19445eb3bdf8101a00c7dc3f717a337df9fb41f != c4651eecda0d588acaac43a9ae165ea6a40380899e75b0e7578d22406e0c012a
java.util.ArrayList.size()int -1 codeSignature differs fe46e3fea17c2bcac25676024acf43715946ed13832c36004058f315d01e6ed3 != e2795d501a46b0bfb6e8c56434b112c0ea54a81c9e313ecde41f1f8b0f3deb09
Sieve: iterations=1 runtime: 608590us
Sieve: iterations=2 runtime: 552288us
Benchmark.innerBenchmarkLoop(int)boolean -1 codeSignature differs 93c203a130267b18b2cb301e06bc65156c4cdb6e50697a6029f4ac3b93022e91 != 427bbd8ce6fde8630ac9d94e796978b5bf3fffd19ece3326485b1a91764463a5
Benchmark.innerBenchmarkLoop(int)boolean -1 graphSignature differs 6f88abe42320b21e82d5b69e59d9cc23048b2436cdcb2afc38b324a1f78d1f16 != 9e04699f9293fc9b63c57138e02cc685adffec6db96bf023308ca622870a9133
Sieve: iterations=3 runtime: 621406us
Sieve: iterations=4 runtime: 558458us
Sieve: iterations=5 runtime: 551758us
Sieve: iterations=6 runtime: 553120us
Sieve: iterations=7 runtime: 559004us
Sieve: iterations=8 runtime: 554581us
Sieve: iterations=9 runtime: 552851us
Sieve: iterations=10 runtime: 557996us
Could not locate BlockSlowdown.json
Skipping Loading (this might cause a fatal crash if GTSlowdown is on)
java.lang.String.length()int -1 codeSignature differs 5f2a9f3bb1f4f800ea4f2ad278553dedcfc789fe27a155b26df986828b30ede3 != c429f09bde0922a4e93c787fa5a5cdbca277237619ab7dc7eb3cc60d99b0f3aa
Sieve: iterations=11 runtime: 558229us
Sieve: iterations=12 runtime: 555941us
Sieve: iterations=13 runtime: 558461us
Sieve: iterations=14 runtime: 552923us
Sieve: iterations=15 runtime: 552516us
Sieve: iterations=16 runtime: 556377us
Sieve: iterations=17 runtime: 552225us
Sieve: iterations=18 runtime: 551993us
Sieve: iterations=19 runtime: 557139us
Could not locate BlockSlowdown.json
Skipping Loading (this might cause a fatal crash if GTSlowdown is on)
java.nio.Buffer.position()int -1 codeSignature differs 3f64cd4fafea8a3cef87601314961681d43f2aa75c3a358c1b0ce8d9a1c4731a != a754d4fbb14cb674813e5d56933661602e017cf332100c6f35524287a66eeea9
Sieve: iterations=20 runtime: 557508us
Sieve: iterations=21 runtime: 556623us
Sieve: iterations=22 runtime: 557757us
Sieve: iterations=23 runtime: 551916us
Sieve: iterations=24 runtime: 551771us
Sieve: iterations=25 runtime: 557661us
Sieve: iterations=26 runtime: 554422us
Sieve: iterations=27 runtime: 552883us
Sieve: iterations=28 runtime: 560271us
Sieve: iterations=29 runtime: 556253us
Sieve: iterations=30 runtime: 553659us
Sieve: iterations=31 runtime: 556229us
Sieve: iterations=32 runtime: 548849us
Sieve: iterations=33 runtime: 546950us
Sieve: iterations=34 runtime: 554892us
Sieve: iterations=35 runtime: 550005us
Sieve: iterations=36 runtime: 550379us
Sieve: iterations=37 runtime: 555272us
Sieve: iterations=38 runtime: 552123us
Sieve: iterations=39 runtime: 551352us
Sieve: iterations=40 runtime: 556408us
Sieve: iterations=41 runtime: 561232us
Sieve: iterations=42 runtime: 552706us
Sieve: iterations=43 runtime: 557243us
Sieve: iterations=44 runtime: 552439us
Sieve: iterations=45 runtime: 551521us
Sieve: iterations=46 runtime: 559918us
Sieve: iterations=47 runtime: 554843us
Sieve: iterations=48 runtime: 550912us
Sieve: iterations=49 runtime: 557611us
Sieve: iterations=50 runtime: 550725us
Sieve: iterations=51 runtime: 552291us
Sieve: iterations=52 runtime: 557351us
Sieve: iterations=53 runtime: 550568us
Sieve: iterations=54 runtime: 551577us
Sieve: iterations=55 runtime: 556403us
Sieve: iterations=56 runtime: 554445us
Sieve: iterations=57 runtime: 549914us
Sieve: iterations=58 runtime: 557488us
Sieve: iterations=59 runtime: 551822us
Sieve: iterations=60 runtime: 550627us
Sieve: iterations=61 runtime: 556306us
Sieve: iterations=62 runtime: 551194us
Sieve: iterations=63 runtime: 550348us
Sieve: iterations=64 runtime: 556369us
Sieve: iterations=65 runtime: 553933us
Sieve: iterations=66 runtime: 551301us
Sieve: iterations=67 runtime: 554961us
Sieve: iterations=68 runtime: 552081us
Sieve: iterations=69 runtime: 553375us
Sieve: iterations=70 runtime: 556482us
Sieve: iterations=71 runtime: 553859us
Sieve: iterations=72 runtime: 550770us
Sieve: iterations=73 runtime: 554524us
Sieve: iterations=74 runtime: 554459us
Sieve: iterations=75 runtime: 550306us
Sieve: iterations=76 runtime: 555131us
Sieve: iterations=77 runtime: 550678us
Sieve: iterations=78 runtime: 550214us
Sieve: iterations=79 runtime: 554355us
Sieve: iterations=80 runtime: 550570us
Sieve: iterations=81 runtime: 551139us
Sieve: iterations=82 runtime: 567309us
Sieve: iterations=83 runtime: 556375us
Sieve: iterations=84 runtime: 552056us
Sieve: iterations=85 runtime: 555061us
Sieve: iterations=86 runtime: 551491us
Sieve: iterations=87 runtime: 551997us
Sieve: iterations=88 runtime: 554863us
Sieve: iterations=89 runtime: 551741us
Sieve: iterations=90 runtime: 550091us
Could not locate BlockSlowdown.json
Skipping Loading (this might cause a fatal crash if GTSlowdown is on)
java.nio.Buffer.capacity()int -1 codeSignature differs 138bc711c3bed648b8548df225303894eec321dce856bde9fbb2267d74239e89 != 8366e168458356e9e2795362a66f19336b0e55f9e34ac8b5d6d37702a481c8da
Sieve: iterations=91 runtime: 554193us
Sieve: iterations=92 runtime: 556790us
Sieve: iterations=93 runtime: 553399us
Sieve: iterations=94 runtime: 554860us
Sieve: iterations=95 runtime: 553392us
Sieve: iterations=96 runtime: 553948us
Sieve: iterations=97 runtime: 554331us
Sieve: iterations=98 runtime: 553048us
Sieve: iterations=99 runtime: 552884us
Sieve: iterations=100 runtime: 552523us
Sieve: iterations=101 runtime: 554967us
Sieve: iterations=102 runtime: 552389us
Sieve: iterations=103 runtime: 553141us
Sieve: iterations=104 runtime: 552321us
Sieve: iterations=105 runtime: 551118us
Sieve: iterations=106 runtime: 552112us
Sieve: iterations=107 runtime: 556261us
Sieve: iterations=108 runtime: 552284us
Sieve: iterations=109 runtime: 554763us
Sieve: iterations=110 runtime: 556421us
Sieve: iterations=111 runtime: 558875us
Sieve: iterations=112 runtime: 555539us
Sieve: iterations=113 runtime: 548742us
Sieve: iterations=114 runtime: 548003us
Sieve: iterations=115 runtime: 549317us
Sieve: iterations=116 runtime: 549758us
Sieve: iterations=117 runtime: 548744us
Sieve: iterations=118 runtime: 549926us
Sieve: iterations=119 runtime: 551016us
Sieve: iterations=120 runtime: 548700us
Sieve: iterations=121 runtime: 546499us
Sieve: iterations=122 runtime: 556112us
Sieve: iterations=123 runtime: 548883us
Sieve: iterations=124 runtime: 548661us
Sieve: iterations=125 runtime: 554378us
Sieve: iterations=126 runtime: 548338us
Could not locate BlockSlowdown.json
Skipping Loading (this might cause a fatal crash if GTSlowdown is on)
java.nio.charset.CharsetEncoder.maxBytesPerChar()float -1 codeSignature differs d0dc63dd2361c2989cb14e4cf77bfb3442e0a43d3c92bbd78638646fefb8363f != fecc7851573229b2c1300c739298992122dcb58fa032d82e9692f06a80e3cdc4
Sieve: iterations=127 runtime: 546553us
Sieve: iterations=128 runtime: 556898us
Sieve: iterations=129 runtime: 552245us
Sieve: iterations=130 runtime: 552163us
Sieve: iterations=131 runtime: 554831us
Sieve: iterations=132 runtime: 551836us
Sieve: iterations=133 runtime: 551252us
Sieve: iterations=134 runtime: 556871us
Sieve: iterations=135 runtime: 553380us
Sieve: iterations=136 runtime: 551281us
Sieve: iterations=137 runtime: 557035us
Sieve: iterations=138 runtime: 553309us
Sieve: iterations=139 runtime: 552519us
Sieve: iterations=140 runtime: 555162us
Sieve: iterations=141 runtime: 551876us
Sieve: iterations=142 runtime: 550446us
Sieve: iterations=143 runtime: 554392us
Sieve: iterations=144 runtime: 551583us
Sieve: iterations=145 runtime: 550789us
Sieve: iterations=146 runtime: 557590us
Sieve: iterations=147 runtime: 553286us
Sieve: iterations=148 runtime: 552425us
Sieve: iterations=149 runtime: 555008us
Sieve: iterations=150 runtime: 551708us
Sieve: iterations=151 runtime: 549973us
Sieve: iterations=152 runtime: 563040us
Sieve: iterations=153 runtime: 559431us
Sieve: iterations=154 runtime: 550578us
Sieve: iterations=155 runtime: 556931us
Sieve: iterations=156 runtime: 551572us
Sieve: iterations=157 runtime: 550260us
Sieve: iterations=158 runtime: 555615us
Sieve: iterations=159 runtime: 552721us
Sieve: iterations=160 runtime: 551428us
Sieve: iterations=161 runtime: 555330us
Sieve: iterations=162 runtime: 551627us
Sieve: iterations=163 runtime: 552103us
Sieve: iterations=164 runtime: 556229us
Sieve: iterations=165 runtime: 551134us
Sieve: iterations=166 runtime: 551587us
Sieve: iterations=167 runtime: 555399us
Sieve: iterations=168 runtime: 554624us
Sieve: iterations=169 runtime: 550840us
Sieve: iterations=170 runtime: 552917us
Sieve: iterations=171 runtime: 547677us
Sieve: iterations=172 runtime: 549648us
Sieve: iterations=173 runtime: 552988us
Sieve: iterations=174 runtime: 552082us
Sieve: iterations=175 runtime: 550326us
Sieve: iterations=176 runtime: 551862us
Sieve: iterations=177 runtime: 549734us
Sieve: iterations=178 runtime: 548969us
Sieve: iterations=179 runtime: 553315us
Sieve: iterations=180 runtime: 548948us
Sieve: iterations=181 runtime: 548747us
Sieve: iterations=182 runtime: 551582us
Sieve: iterations=183 runtime: 551440us
Sieve: iterations=184 runtime: 549376us
Sieve: iterations=185 runtime: 551877us
Sieve: iterations=186 runtime: 549099us
Sieve: iterations=187 runtime: 547560us
Sieve: iterations=188 runtime: 551431us
Sieve: iterations=189 runtime: 546164us
Sieve: iterations=190 runtime: 548252us
Sieve: iterations=191 runtime: 551951us
Sieve: iterations=192 runtime: 551896us
Sieve: iterations=193 runtime: 561136us
Sieve: iterations=194 runtime: 553594us
Sieve: iterations=195 runtime: 551981us
Sieve: iterations=196 runtime: 549468us
Sieve: iterations=197 runtime: 553311us
Sieve: iterations=198 runtime: 550156us
Sieve: iterations=199 runtime: 550359us
Sieve: iterations=200 runtime: 554974us
Sieve: iterations=201 runtime: 552105us
Sieve: iterations=202 runtime: 550502us
Sieve: iterations=203 runtime: 551868us
Sieve: iterations=204 runtime: 557242us
Sieve: iterations=205 runtime: 550913us
Sieve: iterations=206 runtime: 550854us
Sieve: iterations=207 runtime: 556183us
Sieve: iterations=208 runtime: 551745us
Sieve: iterations=209 runtime: 553802us
Sieve: iterations=210 runtime: 556736us
Sieve: iterations=211 runtime: 552536us
Sieve: iterations=212 runtime: 553191us
Sieve: iterations=213 runtime: 556046us
Sieve: iterations=214 runtime: 552067us
Sieve: iterations=215 runtime: 552847us
Sieve: iterations=216 runtime: 556207us
Sieve: iterations=217 runtime: 551200us
Sieve: iterations=218 runtime: 554872us
Sieve: iterations=219 runtime: 557251us
Sieve: iterations=220 runtime: 559979us
Sieve: iterations=221 runtime: 552338us
Sieve: iterations=222 runtime: 556411us
Sieve: iterations=223 runtime: 553122us
Sieve: iterations=224 runtime: 553375us
Sieve: iterations=225 runtime: 556389us
Sieve: iterations=226 runtime: 552060us
Sieve: iterations=227 runtime: 554506us
Sieve: iterations=228 runtime: 555348us
Sieve: iterations=229 runtime: 552187us
Sieve: iterations=230 runtime: 552750us
Sieve: iterations=231 runtime: 555336us
Sieve: iterations=232 runtime: 552161us
Sieve: iterations=233 runtime: 551842us
Sieve: iterations=234 runtime: 556620us
Sieve: iterations=235 runtime: 553532us
Sieve: iterations=236 runtime: 552507us
Sieve: iterations=237 runtime: 556468us
Sieve: iterations=238 runtime: 553981us
Sieve: iterations=239 runtime: 553743us
Sieve: iterations=240 runtime: 555621us
Sieve: iterations=241 runtime: 551284us
Sieve: iterations=242 runtime: 552896us
Sieve: iterations=243 runtime: 555328us
Sieve: iterations=244 runtime: 553169us
Sieve: iterations=245 runtime: 552026us
Sieve: iterations=246 runtime: 555014us
Sieve: iterations=247 runtime: 552602us
Sieve: iterations=248 runtime: 552421us
Sieve: iterations=249 runtime: 554148us
Sieve: iterations=250 runtime: 549933us
Sieve: iterations=251 runtime: 550936us
Sieve: iterations=252 runtime: 554378us
Sieve: iterations=253 runtime: 551952us
Sieve: iterations=254 runtime: 552741us
Sieve: iterations=255 runtime: 556513us
Sieve: iterations=256 runtime: 551892us
Sieve: iterations=257 runtime: 550997us
Sieve: iterations=258 runtime: 554868us
Sieve: iterations=259 runtime: 551974us
Sieve: iterations=260 runtime: 551456us
Sieve: iterations=261 runtime: 555325us
Sieve: iterations=262 runtime: 565044us
Sieve: iterations=263 runtime: 554823us
Sieve: iterations=264 runtime: 553089us
Sieve: iterations=265 runtime: 548510us
Sieve: iterations=266 runtime: 549810us
Sieve: iterations=267 runtime: 550679us
Sieve: iterations=268 runtime: 547932us
Sieve: iterations=269 runtime: 546126us
Sieve: iterations=270 runtime: 548313us
Sieve: iterations=271 runtime: 548697us
Sieve: iterations=272 runtime: 548669us
Sieve: iterations=273 runtime: 553377us
Sieve: iterations=274 runtime: 550877us
Sieve: iterations=275 runtime: 550648us
Sieve: iterations=276 runtime: 549582us
Sieve: iterations=277 runtime: 547825us
Sieve: iterations=278 runtime: 547549us
Sieve: iterations=279 runtime: 548660us
Sieve: iterations=280 runtime: 551284us
Sieve: iterations=281 runtime: 550963us
Sieve: iterations=282 runtime: 556167us
Sieve: iterations=283 runtime: 548278us
Sieve: iterations=284 runtime: 548159us
Sieve: iterations=285 runtime: 547533us
Sieve: iterations=286 runtime: 555813us
Sieve: iterations=287 runtime: 550341us
Sieve: iterations=288 runtime: 549207us
Sieve: iterations=289 runtime: 555726us
Sieve: iterations=290 runtime: 547601us
Sieve: iterations=291 runtime: 550936us
Sieve: iterations=292 runtime: 554565us
Sieve: iterations=293 runtime: 552324us
Sieve: iterations=294 runtime: 548108us
Sieve: iterations=295 runtime: 556545us
Sieve: iterations=296 runtime: 550737us
Sieve: iterations=297 runtime: 549260us
Sieve: iterations=298 runtime: 554559us
Sieve: iterations=299 runtime: 548769us
Sieve: iterations=300 runtime: 551396us
Sieve: iterations=301 runtime: 554101us
Sieve: iterations=302 runtime: 552989us
Sieve: iterations=303 runtime: 560136us
Sieve: iterations=304 runtime: 555130us
Sieve: iterations=305 runtime: 551219us
Sieve: iterations=306 runtime: 550643us
Sieve: iterations=307 runtime: 553533us
Sieve: iterations=308 runtime: 550732us
Sieve: iterations=309 runtime: 552737us
Sieve: iterations=310 runtime: 554661us
Sieve: iterations=311 runtime: 552462us
Sieve: iterations=312 runtime: 548857us
Sieve: iterations=313 runtime: 554459us
Sieve: iterations=314 runtime: 549907us
Sieve: iterations=315 runtime: 550661us
Sieve: iterations=316 runtime: 554657us
Sieve: iterations=317 runtime: 550803us
Sieve: iterations=318 runtime: 551957us
Sieve: iterations=319 runtime: 553043us
Sieve: iterations=320 runtime: 552700us
Sieve: iterations=321 runtime: 550449us
Sieve: iterations=322 runtime: 554845us
Sieve: iterations=323 runtime: 550717us
Sieve: iterations=324 runtime: 550152us
Sieve: iterations=325 runtime: 553014us
Sieve: iterations=326 runtime: 551523us
Sieve: iterations=327 runtime: 552069us
Sieve: iterations=328 runtime: 557379us
Sieve: iterations=329 runtime: 557157us
Sieve: iterations=330 runtime: 550911us
Sieve: iterations=331 runtime: 555898us
Sieve: iterations=332 runtime: 552269us
Sieve: iterations=333 runtime: 553150us
Sieve: iterations=334 runtime: 554651us
Sieve: iterations=335 runtime: 551131us
Sieve: iterations=336 runtime: 552496us
Sieve: iterations=337 runtime: 554474us
Sieve: iterations=338 runtime: 552472us
Sieve: iterations=339 runtime: 551259us
Sieve: iterations=340 runtime: 553982us
Sieve: iterations=341 runtime: 552134us
Sieve: iterations=342 runtime: 549797us
Sieve: iterations=343 runtime: 551800us
Sieve: iterations=344 runtime: 550430us
Sieve: iterations=345 runtime: 552371us
Sieve: iterations=346 runtime: 552617us
Sieve: iterations=347 runtime: 553304us
Sieve: iterations=348 runtime: 550993us
Sieve: iterations=349 runtime: 553752us
Sieve: iterations=350 runtime: 551465us
Sieve: iterations=351 runtime: 551270us
Sieve: iterations=352 runtime: 552568us
Sieve: iterations=353 runtime: 552305us
Sieve: iterations=354 runtime: 553630us
Sieve: iterations=355 runtime: 552650us
Sieve: iterations=356 runtime: 550732us
Sieve: iterations=357 runtime: 549802us
Sieve: iterations=358 runtime: 553931us
Sieve: iterations=359 runtime: 550589us
Sieve: iterations=360 runtime: 549033us
Sieve: iterations=361 runtime: 551501us
Sieve: iterations=362 runtime: 553515us
Sieve: iterations=363 runtime: 553708us
Sieve: iterations=364 runtime: 553248us
Sieve: iterations=365 runtime: 551580us
Sieve: iterations=366 runtime: 556239us
Sieve: iterations=367 runtime: 556702us
Sieve: iterations=368 runtime: 556560us
Sieve: iterations=369 runtime: 552619us
Sieve: iterations=370 runtime: 551616us
Sieve: iterations=371 runtime: 554080us
Sieve: iterations=372 runtime: 551597us
Sieve: iterations=373 runtime: 549976us
Sieve: iterations=374 runtime: 556106us
Sieve: iterations=375 runtime: 551146us
Sieve: iterations=376 runtime: 551433us
Sieve: iterations=377 runtime: 555305us
Sieve: iterations=378 runtime: 552458us
Sieve: iterations=379 runtime: 551248us
Sieve: iterations=380 runtime: 555923us
Sieve: iterations=381 runtime: 552309us
Sieve: iterations=382 runtime: 551263us
Sieve: iterations=383 runtime: 555830us
Sieve: iterations=384 runtime: 550800us
Sieve: iterations=385 runtime: 550847us
Sieve: iterations=386 runtime: 554273us
Sieve: iterations=387 runtime: 551213us
Sieve: iterations=388 runtime: 549766us
Sieve: iterations=389 runtime: 551229us
Sieve: iterations=390 runtime: 550938us
Sieve: iterations=391 runtime: 551311us
Sieve: iterations=392 runtime: 555837us
Sieve: iterations=393 runtime: 551000us
Sieve: iterations=394 runtime: 550072us
Sieve: iterations=395 runtime: 555209us
Sieve: iterations=396 runtime: 551660us
Sieve: iterations=397 runtime: 549149us
Sieve: iterations=398 runtime: 552374us
Sieve: iterations=399 runtime: 551704us
Sieve: iterations=400 runtime: 552841us
Sieve: iterations=401 runtime: 554686us
Sieve: iterations=402 runtime: 551432us
Sieve: iterations=403 runtime: 550056us
Sieve: iterations=404 runtime: 553356us
Sieve: iterations=405 runtime: 551406us
Sieve: iterations=406 runtime: 549429us
Sieve: iterations=407 runtime: 555088us
Sieve: iterations=408 runtime: 563955us
Sieve: iterations=409 runtime: 551554us
Sieve: iterations=410 runtime: 553995us
Sieve: iterations=411 runtime: 551054us
Could not locate BlockSlowdown.json
Skipping Loading (this might cause a fatal crash if GTSlowdown is on)
java.lang.StringLatin1.inflate(byte[], int, char[], int, int)void -1 codeSignature differs db8012b016ca99189c62cfb7b913b1f5bdbe35a6c740579c3f7d75f8facc27c6 != 17fc64c9586f0ecf27e1468b2eeb1b40eb8569e6db2faf747d95dee3bfb3e1f0
java.lang.StringLatin1.inflate(byte[], int, char[], int, int)void -1 graphSignature differs 17e6f3ed6596e5d6840a8a77065c9470c41838c2630b4535538ec163efd33e69 != e838eb1809aadd841c1ff5fe2e7a1043b73670d291c51dcf64d0aae8eaa2b7e0
Sieve: iterations=412 runtime: 550457us
Sieve: iterations=413 runtime: 554998us
Sieve: iterations=414 runtime: 550408us
Sieve: iterations=415 runtime: 550618us
Sieve: iterations=416 runtime: 553688us
Sieve: iterations=417 runtime: 552560us
Sieve: iterations=418 runtime: 552445us
Sieve: iterations=419 runtime: 553593us
Sieve: iterations=420 runtime: 550678us
Sieve: iterations=421 runtime: 551571us
Sieve: iterations=422 runtime: 552784us
Sieve: iterations=423 runtime: 551046us
Sieve: iterations=424 runtime: 549657us
Sieve: iterations=425 runtime: 553526us
Sieve: iterations=426 runtime: 552466us
Sieve: iterations=427 runtime: 550961us
Sieve: iterations=428 runtime: 550925us
Sieve: iterations=429 runtime: 547742us
Sieve: iterations=430 runtime: 547774us
Sieve: iterations=431 runtime: 551393us
Sieve: iterations=432 runtime: 550507us
Sieve: iterations=433 runtime: 549471us
Sieve: iterations=434 runtime: 551345us
Sieve: iterations=435 runtime: 548406us
Sieve: iterations=436 runtime: 554181us
Sieve: iterations=437 runtime: 557427us
Sieve: iterations=438 runtime: 552333us
Sieve: iterations=439 runtime: 549744us
Sieve: iterations=440 runtime: 550667us
Sieve: iterations=441 runtime: 549503us
Sieve: iterations=442 runtime: 548590us
Sieve: iterations=443 runtime: 550397us
Sieve: iterations=444 runtime: 548194us
Sieve: iterations=445 runtime: 553306us
Sieve: iterations=446 runtime: 552590us
Sieve: iterations=447 runtime: 550781us
Sieve: iterations=448 runtime: 550516us
Sieve: iterations=449 runtime: 550063us
Sieve: iterations=450 runtime: 551405us
Sieve: iterations=451 runtime: 549840us
Sieve: iterations=452 runtime: 550269us
Sieve: iterations=453 runtime: 556387us
Sieve: iterations=454 runtime: 553580us
Sieve: iterations=455 runtime: 551456us
Sieve: iterations=456 runtime: 554574us
Sieve: iterations=457 runtime: 549528us
Sieve: iterations=458 runtime: 549949us
Sieve: iterations=459 runtime: 554681us
Sieve: iterations=460 runtime: 549498us
Sieve: iterations=461 runtime: 550165us
Sieve: iterations=462 runtime: 555332us
Sieve: iterations=463 runtime: 553473us
Sieve: iterations=464 runtime: 550655us
Sieve: iterations=465 runtime: 556164us
Sieve: iterations=466 runtime: 550911us
Sieve: iterations=467 runtime: 550230us
Sieve: iterations=468 runtime: 554895us
Sieve: iterations=469 runtime: 551304us
Sieve: iterations=470 runtime: 551260us
Sieve: iterations=471 runtime: 555465us
Sieve: iterations=472 runtime: 553615us
Sieve: iterations=473 runtime: 550347us
Sieve: iterations=474 runtime: 554095us
Sieve: iterations=475 runtime: 549435us
Sieve: iterations=476 runtime: 549060us
Sieve: iterations=477 runtime: 554533us
Sieve: iterations=478 runtime: 552877us
Sieve: iterations=479 runtime: 563389us
Sieve: iterations=480 runtime: 554600us
Sieve: iterations=481 runtime: 553802us
Sieve: iterations=482 runtime: 550300us
Sieve: iterations=483 runtime: 553889us
Sieve: iterations=484 runtime: 547084us
Sieve: iterations=485 runtime: 548006us
Sieve: iterations=486 runtime: 552818us
Sieve: iterations=487 runtime: 547935us
Sieve: iterations=488 runtime: 548163us
Sieve: iterations=489 runtime: 551970us
Sieve: iterations=490 runtime: 552047us
Sieve: iterations=491 runtime: 547324us
Sieve: iterations=492 runtime: 553177us
Sieve: iterations=493 runtime: 550620us
Sieve: iterations=494 runtime: 549391us
Sieve: iterations=495 runtime: 552230us
Sieve: iterations=496 runtime: 552490us
Sieve: iterations=497 runtime: 549478us
Sieve: iterations=498 runtime: 553277us
Sieve: iterations=499 runtime: 550520us
Sieve: iterations=500 runtime: 549684us
Could not locate BlockSlowdown.json
Skipping Loading (this might cause a fatal crash if GTSlowdown is on)
jdk.internal.constant.ClassOrInterfaceDescImpl.isClassOrInterface()boolean -1 codeSignature differs 6e3a14458a0fca90e6a63285514a933585cea592cb622e79b33ddc5df6e0fb66 != 6fdd5e023f8b36c06ccfc437f07740607e2fd6af8789c2b6573b1f8e5aec4921
jdk.internal.classfile.impl.AbstractPoolEntry.hashCode()int -1 codeSignature differs fe46e3fea17c2bcac25676024acf43715946ed13832c36004058f315d01e6ed3 != e2795d501a46b0bfb6e8c56434b112c0ea54a81c9e313ecde41f1f8b0f3deb09
jdk.internal.constant.PrimitiveClassDescImpl.descriptorString()java.lang.String -1 codeSignature differs 7722674ec43cccc19227bd0fe31433696da3716816c65b03f1730e1c0254917a != d487d8a2503fc353385b06f3b95e8ab10a6fe5294aa12ef213c2f0b58f53bb2d
jdk.internal.classfile.impl.AbstractPoolEntry$ClassEntryImpl.tag()int -1 codeSignature differs 5404769be9f3dbc3cb72c5db1a8ad8dd44853cedba352c69c6db32de21c4dbb9 != 1c5cefc40a914f135a319bd8d405841fbf0f0e92dfa85c790bd1c66c2edacece
java.lang.Class.getComponentType()java.lang.Class -1 codeSignature differs b319d91a6485f244b602f37bbb015c7b083103cb0168540c8f7172a6f77fcdb4 != ca3e2776cb0744dcbd5af9f18a41221cfb7ea6616e2c92fa3282d7012b2bb32a
Sieve: iterations=500 average: 552888us total: 276444349us


java.lang.invoke.MethodTypeForm.parameterSlotCount()int -1 codeSignature differs ad156c9aebe2f06c30e3b5dbbec2e173bc1370acb4ba42d2464dda8cd03d5b04 != 631f1ee6b294c0668302aaa578afb6c4bc9eb79e5bdf6a7916a36c576b1ba42d
Total Runtime: 276444349us
Bubo.RDTSC.Harness.main Total RDTSC cycles: 916566978096
Comp 52 (java.util.ImmutableCollections$SetN$SetNIterator.next()) loops:
Found Encoding : 0:-1
└── Loop 0
  loop 0 Cycles: 371968 || Activation Count:0 | LoopCallCount: 0 |  Source: -at java.util.ImmutableCollections$SetN$SetNIterator.next(ImmutableCollections.java:1213) [bci: 21] | -at java.util.ImmutableCollections$SetN$SetNIterator.next(ImmutableCollections.java:1223) [bci: 65]
Comp 56 (java.util.HashMap.putVal(int,) loops:
Found Encoding : 0:-1
└── Loop 0
  loop 0 Cycles: 12048 || Activation Count:0 | LoopCallCount: 0 |  Source: -at java.util.HashMap.putVal(HashMap.java:648) [bci: 134] | -at java.util.HashMap.putVal(HashMap.java:649) [bci: 145]
Comp 58 (java.lang.String.equals(Object)) loops:
Found Encoding : 0:-1
└── Loop 0
  loop 0 Cycles: 9494 || Activation Count:0 | LoopCallCount: 0 |  Source: -at java.lang.StringLatin1.equals(StringLatin1.java:100) [bci: 9]
-at java.lang.String.equals(String.java:1926) [bci: 44] | -at java.lang.StringLatin1.equals(StringLatin1.java:105) [bci: 32]
-at java.lang.String.equals(String.java:1926) [bci: 44]
Comp 69 (java.util.HashMap.resize()) loops:
Found Encoding : 2:-1,0:-1,1:0
├── Loop 2
└── Loop 0
    └── Loop 1
  loop 0 Cycles: 66982 || Activation Count:0 | LoopCallCount: 0 |  Source: -at java.util.HashMap.resize(HashMap.java:714) [bci: 151] | -at java.util.HashMap.resize(HashMap.java:755) [bci: 353]
  loop 1 Cycles: 11404 || Activation Count:0 | LoopCallCount: 0 |  Source: -at java.util.HashMap.resize(HashMap.java:727) [bci: 235] | -at java.util.HashMap.resize(HashMap.java:743) [bci: 309]
  loop 2 Cycles: 16414 || Activation Count:0 | LoopCallCount: 0 |  Source: -at jdk.graal.compiler.hotspot.replacements.HotSpotAllocationSnippets.allocateArray(KlassPointer, int, int, int, AllocationSnippets$FillContent, int, boolean, boolean, boolean, boolean, HotSpotAllocationSnippets$HotSpotAllocationProfilingData, boolea
Comp 88 (java.util.Properties$LineReader.readLine()) loops:
Found Encoding : 5:-1,3:-1,4:3,0:-1,1:0,2:1
├── Loop 5
├── Loop 3
│   └── Loop 4
└── Loop 0
    └── Loop 1
        └── Loop 2
  loop 1 Cycles: 592288 || Activation Count:0 | LoopCallCount: 1 |  Source: -at java.util.Properties$LineReader.readLine(Properties.java:538) [bci: 219] | -at java.util.Properties$LineReader.readLine(Properties.java:543) [bci: 259]
  loop 2 Cycles: 16886 || Activation Count:0 | LoopCallCount: 0 |  Source: -at java.util.Properties$LineReader.readLine(Properties.java:540) [bci: 224] | -at java.util.Properties$LineReader.readLine(Properties.java:543) [bci: 259]
  loop 5 Cycles: 446 || Activation Count:0 | LoopCallCount: 0 |  Source: -at java.util.Properties$LineReader.readLine(Properties.java:540) [bci: 224] | -at java.util.Properties$LineReader.readLine(Properties.java:543) [bci: 259]
Comp 89 (java.util.Properties$LineReader.readLine()-Re-Comp) loops:
Found Encoding : 0:-1,1:0,2:1
└── Loop 0
    └── Loop 1
        └── Loop 2
  loop 0 Cycles: 1462602 || Activation Count:0 | LoopCallCount: 2 |  Source: -at java.util.Properties$LineReader.readLine(Properties.java:504) [bci: 53] | -at java.util.Properties$LineReader.readLine(Properties.java:615) [bci: 577]
  loop 1 Cycles: 1189100 || Activation Count:0 | LoopCallCount: 1 |  Source: -at java.util.Properties$LineReader.readLine(Properties.java:538) [bci: 219] | -at java.util.Properties$LineReader.readLine(Properties.java:543) [bci: 259]
  loop 2 Cycles: 194182 || Activation Count:0 | LoopCallCount: 0 |  Source: -at java.util.Properties$LineReader.readLine(Properties.java:540) [bci: 224] | -at java.util.Properties$LineReader.readLine(Properties.java:545) [bci: 262]
Comp 92 (jdk.internal.util.ArraysSupport.unsignedHashCode(int,) loops:
Found Encoding : 0:-1,1:-1,2:-1
├── Loop 0
├── Loop 1
└── Loop 2
  loop 0 Cycles: 257522 || Activation Count:0 | LoopCallCount: 0 |  Source: -at jdk.internal.util.ArraysSupport.unsignedHashCode(ArraysSupport.java:378) [bci: 8] | -at jdk.internal.util.ArraysSupport.unsignedHashCode(ArraysSupport.java:381) [bci: 34]
  loop 1 Cycles: 197014 || Activation Count:0 | LoopCallCount: 0 |  Source: Source Missing | -at jdk.internal.util.ArraysSupport.unsignedHashCode(ArraysSupport.java:381) [bci: 34]
  loop 2 Cycles: 145478 || Activation Count:0 | LoopCallCount: 0 |  Source: Source Missing | -at jdk.internal.util.ArraysSupport.unsignedHashCode(ArraysSupport.java:381) [bci: 34]
Comp 119 (Sieve.sieve(boolean[],) loops:
Found Encoding : 1:-1,0:-1,2:0
├── Loop 1
└── Loop 0
    └── Loop 2
  loop 0 Cycles: 169702 || Activation Count:0 | LoopCallCount: 0 |  Source: -at Sieve.sieve(boolean[], int) [bci: 5] | -at Sieve.sieve(boolean[], int) [bci: 59]
  loop 1 Cycles: 2828 || Activation Count:0 | LoopCallCount: 0 |  Source: Source Missing | -at Sieve.sieve(boolean[], int) [bci: 53]
  loop 2 Cycles: 94292 || Activation Count:0 | LoopCallCount: 0 |  Source: Source Missing | -at Sieve.sieve(boolean[], int) [bci: 53]
Comp 120 (Sieve.sieve(boolean[],-Re-Comp) loops:
Found Encoding : 0:-1,1:0
└── Loop 0
    └── Loop 1
  loop 0 Cycles: 1038912250 || Activation Count:0 | LoopCallCount: 0 |  Source: -at Sieve.sieve(boolean[], int) [bci: 5] | -at Sieve.sieve(boolean[], int) [bci: 59]
  loop 1 Cycles: 495150842 || Activation Count:0 | LoopCallCount: 0 |  Source: -at Sieve.sieve(boolean[], int) [bci: 30] | -at Sieve.sieve(boolean[], int) [bci: 53]
Comp 121 (java.util.Arrays.fill(boolean[],) loops:
Found Encoding : 0:-1,1:-1,2:-1
├── Loop 0
├── Loop 1
└── Loop 2
  loop 0 Cycles: 72 || Activation Count:0 | LoopCallCount: 0 |  Source: Source Missing | -at java.util.Arrays.fill(Arrays.java:3320) [bci: 20]
  loop 1 Cycles: 5278 || Activation Count:0 | LoopCallCount: 0 |  Source: Source Missing | -at java.util.Arrays.fill(Arrays.java:3320) [bci: 20]
  loop 2 Cycles: 116 || Activation Count:0 | LoopCallCount: 0 |  Source: Source Missing | -at java.util.Arrays.fill(Arrays.java:3320) [bci: 20]
Comp 122 (java.util.Arrays.fill(boolean[],-Re-Comp) loops:
Found Encoding : 0:-1,1:-1,2:-1
├── Loop 0
├── Loop 1
└── Loop 2
  loop 0 Cycles: 633438 || Activation Count:0 | LoopCallCount: 0 |  Source: -at java.util.Arrays.fill(Arrays.java:3318) [bci: 5] | -at java.util.Arrays.fill(Arrays.java:3320) [bci: 20]
  loop 1 Cycles: 63000418 || Activation Count:0 | LoopCallCount: 0 |  Source: Source Missing | -at java.util.Arrays.fill(Arrays.java:3320) [bci: 20]
  loop 2 Cycles: 839680 || Activation Count:0 | LoopCallCount: 0 |  Source: Source Missing | -at java.util.Arrays.fill(Arrays.java:3320) [bci: 20]
Comp 125 (Sieve.benchmark()) loops:
Found Encoding : 0:-1,3:-1,4:-1,1:-1,2:1
├── Loop 0
├── Loop 3
├── Loop 4
└── Loop 1
    └── Loop 2
  loop 0 Cycles: 1228428 || Activation Count:0 | LoopCallCount: 0 |  Source: -at java.util.Arrays.fill(Arrays.java:3318) [bci: 5]
-at Sieve.benchmark() [bci: 8] | -at java.util.Arrays.fill(Arrays.java:3320) [bci: 20]
-at Sieve.benchmark() [bci: 8]
  loop 1 Cycles: 2348893082 || Activation Count:0 | LoopCallCount: 0 |  Source: -at Sieve.sieve(boolean[], int) [bci: 5]
-at Sieve.benchmark() [bci: 16] | -at Sieve.sieve(boolean[], int) [bci: 59]
-at Sieve.benchmark() [bci: 16]
  loop 2 Cycles: 1241207562 || Activation Count:0 | LoopCallCount: 0 |  Source: -at Sieve.sieve(boolean[], int) [bci: 30]
-at Sieve.benchmark() [bci: 16] | -at Sieve.sieve(boolean[], int) [bci: 53]
-at Sieve.benchmark() [bci: 16]
  loop 3 Cycles: 119942174 || Activation Count:0 | LoopCallCount: 0 |  Source: Source Missing | -at java.util.Arrays.fill(Arrays.java:3320) [bci: 20]
-at Sieve.benchmark() [bci: 8]
  loop 4 Cycles: 1467308 || Activation Count:0 | LoopCallCount: 0 |  Source: Source Missing | -at java.util.Arrays.fill(Arrays.java:3320) [bci: 20]
-at Sieve.benchmark() [bci: 8]
Comp 136 (java.lang.StringLatin1.equals(byte[],) loops:
Found Encoding : 0:-1
└── Loop 0
  loop 0 Cycles: 3068 || Activation Count:0 | LoopCallCount: 0 |  Source: -at java.lang.StringLatin1.equals(StringLatin1.java:100) [bci: 9] | -at java.lang.StringLatin1.equals(StringLatin1.java:105) [bci: 32]
Comp 140 (Benchmark.innerBenchmarkLoop(int)) loops:
Found Encoding : 1:-1,7:-1,8:-1,2:-1,3:2,0:-1,4:0,9:0,10:0,5:0,6:5
├── Loop 1
├── Loop 7
├── Loop 8
├── Loop 2
│   └── Loop 3
└── Loop 0
    ├── Loop 4
    ├── Loop 9
    ├── Loop 10
    └── Loop 5
        └── Loop 6
  loop 0 Cycles: 1789064912 || Activation Count:0 | LoopCallCount: 1 |  Source: -at Benchmark.innerBenchmarkLoop(int) [bci: 2] | -at Benchmark.innerBenchmarkLoop(int) [bci: 26]
  loop 1 Cycles: 72 || Activation Count:0 | LoopCallCount: 0 |  Source: -at java.util.Arrays.fill(Arrays.java:3318) [bci: 5]
-at Sieve.benchmark() [bci: 8]
-at Benchmark.innerBenchmarkLoop(int) [bci: 9] | -at java.util.Arrays.fill(Arrays.java:3320) [bci: 20]
-at Sieve.benchmark() [bci: 8]
-at Benchmark.innerBenchmarkLoo
  loop 2 Cycles: 205306 || Activation Count:0 | LoopCallCount: 0 |  Source: -at Sieve.sieve(boolean[], int) [bci: 5]
-at Sieve.benchmark() [bci: 16]
-at Benchmark.innerBenchmarkLoop(int) [bci: 9] | -at Sieve.sieve(boolean[], int) [bci: 59]
-at Sieve.benchmark() [bci: 16]
-at Benchmark.innerBenchmarkLoop(int) [bci: 9]
  loop 3 Cycles: 95518 || Activation Count:0 | LoopCallCount: 0 |  Source: -at Sieve.sieve(boolean[], int) [bci: 30]
-at Sieve.benchmark() [bci: 16]
-at Benchmark.innerBenchmarkLoop(int) [bci: 9] | -at Sieve.sieve(boolean[], int) [bci: 53]
-at Sieve.benchmark() [bci: 16]
-at Benchmark.innerBenchmarkLoop(int) [bci: 9]
  loop 4 Cycles: 862350 || Activation Count:0 | LoopCallCount: 0 |  Source: -at java.util.Arrays.fill(Arrays.java:3318) [bci: 5]
-at Sieve.benchmark() [bci: 8]
-at Benchmark.innerBenchmarkLoop(int) [bci: 9] | -at java.util.Arrays.fill(Arrays.java:3320) [bci: 20]
-at Sieve.benchmark() [bci: 8]
-at Benchmark.innerBenchmarkLoo
  loop 5 Cycles: 1682798164 || Activation Count:0 | LoopCallCount: 0 |  Source: -at Sieve.sieve(boolean[], int) [bci: 5]
-at Sieve.benchmark() [bci: 16]
-at Benchmark.innerBenchmarkLoop(int) [bci: 9] | -at Sieve.sieve(boolean[], int) [bci: 59]
-at Sieve.benchmark() [bci: 16]
-at Benchmark.innerBenchmarkLoop(int) [bci: 9]
  loop 6 Cycles: 875940620 || Activation Count:0 | LoopCallCount: 0 |  Source: -at Sieve.sieve(boolean[], int) [bci: 30]
-at Sieve.benchmark() [bci: 16]
-at Benchmark.innerBenchmarkLoop(int) [bci: 9] | -at Sieve.sieve(boolean[], int) [bci: 53]
-at Sieve.benchmark() [bci: 16]
-at Benchmark.innerBenchmarkLoop(int) [bci: 9]
  loop 7 Cycles: 5104 || Activation Count:0 | LoopCallCount: 0 |  Source: Source Missing | -at java.util.Arrays.fill(Arrays.java:3320) [bci: 20]
-at Sieve.benchmark() [bci: 8]
-at Benchmark.innerBenchmarkLoop(int) [bci: 9]
  loop 8 Cycles: 120 || Activation Count:0 | LoopCallCount: 0 |  Source: Source Missing | -at java.util.Arrays.fill(Arrays.java:3320) [bci: 20]
-at Sieve.benchmark() [bci: 8]
-at Benchmark.innerBenchmarkLoop(int) [bci: 9]
  loop 9 Cycles: 82137192 || Activation Count:0 | LoopCallCount: 0 |  Source: Source Missing | -at java.util.Arrays.fill(Arrays.java:3320) [bci: 20]
-at Sieve.benchmark() [bci: 8]
-at Benchmark.innerBenchmarkLoop(int) [bci: 9]
  loop 10 Cycles: 836124 || Activation Count:0 | LoopCallCount: 0 |  Source: Source Missing | -at java.util.Arrays.fill(Arrays.java:3320) [bci: 20]
-at Sieve.benchmark() [bci: 8]
-at Benchmark.innerBenchmarkLoop(int) [bci: 9]
Comp 141 (Benchmark.innerBenchmarkLoop(int)-Re-Comp) loops:
Found Encoding : 0:-1,1:0,4:0,5:0,2:0,3:2
└── Loop 0
    ├── Loop 1
    ├── Loop 4
    ├── Loop 5
    └── Loop 2
        └── Loop 3
  loop 0 Cycles: 909678503338 || Activation Count:0 | LoopCallCount: 1 |  Source: -at Benchmark.innerBenchmarkLoop(int) [bci: 2] | -at Benchmark.innerBenchmarkLoop(int) [bci: 26]
  loop 1 Cycles: 429114762 || Activation Count:0 | LoopCallCount: 0 |  Source: -at java.util.Arrays.fill(Arrays.java:3318) [bci: 5]
-at Sieve.benchmark() [bci: 8]
-at Benchmark.innerBenchmarkLoop(int) [bci: 9] | -at java.util.Arrays.fill(Arrays.java:3320) [bci: 20]
-at Sieve.benchmark() [bci: 8]
-at Benchmark.innerBenchmarkLoo
  loop 2 Cycles: 855163280548 || Activation Count:0 | LoopCallCount: 0 |  Source: -at Sieve.sieve(boolean[], int) [bci: 5]
-at Sieve.benchmark() [bci: 16]
-at Benchmark.innerBenchmarkLoop(int) [bci: 9] | -at Sieve.sieve(boolean[], int) [bci: 59]
-at Sieve.benchmark() [bci: 16]
-at Benchmark.innerBenchmarkLoop(int) [bci: 9]
  loop 3 Cycles: 448705347388 || Activation Count:0 | LoopCallCount: 0 |  Source: -at Sieve.sieve(boolean[], int) [bci: 30]
-at Sieve.benchmark() [bci: 16]
-at Benchmark.innerBenchmarkLoop(int) [bci: 9] | -at Sieve.sieve(boolean[], int) [bci: 53]
-at Sieve.benchmark() [bci: 16]
-at Benchmark.innerBenchmarkLoop(int) [bci: 9]
  loop 4 Cycles: 43572968098 || Activation Count:0 | LoopCallCount: 0 |  Source: Source Missing | -at java.util.Arrays.fill(Arrays.java:3320) [bci: 20]
-at Sieve.benchmark() [bci: 8]
-at Benchmark.innerBenchmarkLoop(int) [bci: 9]
  loop 5 Cycles: 486771366 || Activation Count:0 | LoopCallCount: 0 |  Source: Source Missing | -at java.util.Arrays.fill(Arrays.java:3320) [bci: 20]
-at Sieve.benchmark() [bci: 8]
-at Benchmark.innerBenchmarkLoop(int) [bci: 9]
Comp 150 (java.lang.StringLatin1.inflate(byte[],) loops:
Found Encoding : 0:-1,1:-1,2:-1
├── Loop 0
├── Loop 1
└── Loop 2
  loop 0 Cycles: 68830 || Activation Count:0 | LoopCallCount: 0 |  Source: -at java.lang.StringLatin1.inflate(StringLatin1.java:767) [bci: 3] | -at java.lang.StringLatin1.inflate(StringLatin1.java:770) [bci: 33]
  loop 1 Cycles: 71134 || Activation Count:0 | LoopCallCount: 0 |  Source: Source Missing | -at java.lang.StringLatin1.inflate(StringLatin1.java:770) [bci: 33]
  loop 2 Cycles: 39700 || Activation Count:0 | LoopCallCount: 0 |  Source: Source Missing | -at java.lang.StringLatin1.inflate(StringLatin1.java:770) [bci: 33]

Finished Sieve BuboOn at Thu 22 Jan 15:10:35 GMT 2026
============================================================
