============================================================
Benchmark: Sieve
BuboLIRPhase: false
RUNS: 500
extra_args: 10000
Timestamp: Thu 22 Jan 15:10:35 GMT 2026

[WARN] Unknown argument: output
Could not locate BlockSlowdown.json
Skipping Loading (this might cause a fatal crash if GTSlowdown is on)
[Use -Djdk.graal.LogFile=<path> to redirect Graal log output to a file.]
java.lang.module.ModuleDescriptor.name()java.lang.String -1 codeSignature differs 5be282a10c496d4000571a6844c9c0bc109901813a12d3aea5364efad6a66c85 != 56a4ef2702ccb7a079a36c5f0ed4055a5908c2e7a9296eac6b3ffe2db37f4a2d
java.lang.module.ModuleReference.descriptor()java.lang.module.ModuleDescriptor -1 codeSignature differs 14be906eafbcd0e98db8607fd01b12de837039bcd06c460d0cf8f6394c8cff6d != da5cf171143f5513c1e4cdf5bb02fc95a3ea90774fedf9fb851ec26a1218a12f
java.lang.Enum.ordinal()int -1 codeSignature differs d4ce072063a0e5d7b77fa03ca89aafb8f3e3ecf13c518dc1905e344d1e62c58a != e88b1ad01cee91360e4f1ac151ade0525982fae29bddccb8434060766b83fd62
java.lang.Class.isPrimitive()boolean -1 codeSignature differs 98ab40cf2ebcc843a57e4548f9a42e2e9f3f439b3cfc72b2a9affe72c8d06a5f != 5b9fc3b01b5ff747850254186cdcc08e50c4f85fb4d4d68bc0989fcb181794f8
jdk.internal.util.StrongReferenceKey.get()java.lang.Object -1 codeSignature differs 14be906eafbcd0e98db8607fd01b12de837039bcd06c460d0cf8f6394c8cff6d != da5cf171143f5513c1e4cdf5bb02fc95a3ea90774fedf9fb851ec26a1218a12f
java.lang.Class.getClassLoader()java.lang.ClassLoader -1 codeSignature differs 1ec746d9657abb2124f404e47924197593986fc62346c6cd76072c08e29afddf != 454facf798c6644faed5619d9e1dae25408778409730f09c41b1c0c95518fd46
java.lang.invoke.MethodType.returnType()java.lang.Class -1 codeSignature differs 14be906eafbcd0e98db8607fd01b12de837039bcd06c460d0cf8f6394c8cff6d != da5cf171143f5513c1e4cdf5bb02fc95a3ea90774fedf9fb851ec26a1218a12f
jdk.internal.classfile.impl.AbstractPoolEntry.index()int -1 codeSignature differs d4ce072063a0e5d7b77fa03ca89aafb8f3e3ecf13c518dc1905e344d1e62c58a != e88b1ad01cee91360e4f1ac151ade0525982fae29bddccb8434060766b83fd62
java.lang.invoke.MemberName.getDeclaringClass()java.lang.Class -1 codeSignature differs b46e439bc51650ff335d2a7124f0b0154f260fe1af8ba145c6fd3cf5008c9e4e != de7d2501b6c4ceaef40260482daf6e5ea615f5f43bc71d4e0a42f41866056e09
java.lang.invoke.MethodType.form()java.lang.invoke.MethodTypeForm -1 codeSignature differs 5be282a10c496d4000571a6844c9c0bc109901813a12d3aea5364efad6a66c85 != 56a4ef2702ccb7a079a36c5f0ed4055a5908c2e7a9296eac6b3ffe2db37f4a2d
java.util.stream.FindOps$FindSink.cancellationRequested()boolean -1 codeSignature differs 55af0dc4b7688c78180d5f5b00584e4bf66cf93bd60716f9aab49e7a6fd64ac4 != d201d3c970d1bea0e5266b3abd2e0b5e37d50f57628f0f6798d16338d8e21f6a
java.lang.Object.<init>()void -1 codeSignature differs fe534d3aac0502b22527b54e744892c09d7496fd765947a3ee3ec9a070d56f92 != b5ee38686824d688fb238521bf027287d22a9235c6ea851247456595ee3c4ca5
java.lang.String.hashCode()int -1 codeSignature differs cd869c87835ef8242ee90410caccd8a61a63cd99231e11f83fcdc76366e70264 != aa1e9c2f9ea239d2fb15b2f7ff9a60f790f0544470df5bee9a657461c7ae39f8
jdk.internal.module.ModuleReferenceImpl.moduleResolution()jdk.internal.module.ModuleResolution -1 codeSignature differs b76db95b8fd3a055b26c3a6c15023743ea3cd488646d474319964a2e9e13b73e != c90e5cf05b5ed15b2ee4632b0f01daf8e8a827ca7e4e1d9f528d5eb553edbcfd
java.lang.module.ModuleDescriptor$Requires.modifiers()java.util.Set -1 codeSignature differs 14be906eafbcd0e98db8607fd01b12de837039bcd06c460d0cf8f6394c8cff6d != da5cf171143f5513c1e4cdf5bb02fc95a3ea90774fedf9fb851ec26a1218a12f
java.lang.module.ModuleDescriptor$Requires.name()java.lang.String -1 codeSignature differs 90f01eeb46d88d53d0e4e48ef19445eb3bdf8101a00c7dc3f717a337df9fb41f != c4651eecda0d588acaac43a9ae165ea6a40380899e75b0e7578d22406e0c012a
java.lang.module.ModuleDescriptor.requires()java.util.Set -1 codeSignature differs 50021c78154f047ad8f88f0733084203e726ca2f3911eed3f4e2615369ae39b2 != a12f6d231bab91ade119f5f7e87b83e28ce01e2d62fff01cc7676b635a92f884
java.lang.module.ModuleDescriptor.isAutomatic()boolean -1 codeSignature differs 2c5d9434fa6cbff1c0177053ad01774247e7a98383a3d0ee5c4dccbf56bf9e86 != 08dea6d6ec137b950a0343efb1bd030f87565d8e5b95eb64f025bd8e338928e2
java.util.HashMap$Node.getKey()java.lang.Object -1 codeSignature differs 90f01eeb46d88d53d0e4e48ef19445eb3bdf8101a00c7dc3f717a337df9fb41f != c4651eecda0d588acaac43a9ae165ea6a40380899e75b0e7578d22406e0c012a
java.util.HashMap$Node.getValue()java.lang.Object -1 codeSignature differs 5be282a10c496d4000571a6844c9c0bc109901813a12d3aea5364efad6a66c85 != 56a4ef2702ccb7a079a36c5f0ed4055a5908c2e7a9296eac6b3ffe2db37f4a2d
java.util.ImmutableCollections$Set12.isEmpty()boolean -1 codeSignature differs d890ffc04cd03ec866061096d7d13d2670cacc5a2328b692374e3523d40574bd != 6120e833de16ceab3ef754d1b00c19883b3f73962ba2cdf17c59c3710ba02d36
java.lang.module.ModuleDescriptor$Exports.source()java.lang.String -1 codeSignature differs 90f01eeb46d88d53d0e4e48ef19445eb3bdf8101a00c7dc3f717a337df9fb41f != c4651eecda0d588acaac43a9ae165ea6a40380899e75b0e7578d22406e0c012a
java.lang.module.ModuleDescriptor$Exports.targets()java.util.Set -1 codeSignature differs 5be282a10c496d4000571a6844c9c0bc109901813a12d3aea5364efad6a66c85 != 56a4ef2702ccb7a079a36c5f0ed4055a5908c2e7a9296eac6b3ffe2db37f4a2d
java.lang.module.ModuleDescriptor.provides()java.util.Set -1 codeSignature differs 309d9291f2d3c2a63becdec49b2c74b25af9d7fdc62dad05faf86a64889608fc != f5d85dfdf7fef12d65d210d402c44bf26eeb0fb3f9225e78ee6443caec31b619
java.lang.module.ModuleDescriptor.exports()java.util.Set -1 codeSignature differs 948d21eddb9ad191efbc24290e4e840a30aebb134151b75def9175ab54c0a48c != c3334e7c488922d9ee7281afad5b7ca4db54a4ab2b49cf0e755dc0a6c55854b4
java.lang.module.ModuleDescriptor.uses()java.util.Set -1 codeSignature differs e3ce51591a4fee3aaff0c687fbb639bc8c1569c92e84d989cdc906a081a3aa6f != 69f900c261d900c3a12e3d84961667caa75caf8ed42490b80edd3cdf23db4832
java.util.Objects.requireNonNull(java.lang.Object)java.lang.Object -1 codeSignature differs fab3390bacdc1c06ac727172609d32d56c9697db51c25bc06ba90803d6336aa7 != 5f34d305ad8c459e05cc78e8e67ce712079a25140f4444aee0bca43f73c4de02
java.util.ImmutableCollections$SetN$SetNIterator.hasNext()boolean -1 codeSignature differs 014069b9d29ae67f97f8d652b8d7a77d9057cdb393e4e32597c925d7a30bdc82 != 60575b8cd4d2a8242a8aab77fb607844ec4f52bcc97ca89e8880d7f6422024af
java.util.ImmutableCollections$SetN$SetNIterator.next()java.lang.Object -1 codeSignature differs 19f633def369057e0f3d5ef4b17db18d49e95f181218302fbf3185223e5d2d12 != 3ebd7591a8a487390491b17f6bf1893dd8d3d0cbebb3582e4492c3d36ffe7e42
java.util.HashMap.hash(java.lang.Object)int -1 codeSignature differs e2023fa85478dbe80815f386f544396968f5d405974467f53fad9deb682dc4d4 != d40bd27b2c4bdc2b6b785c7daff9fd6dc1db999177ec266ca4d91fc3e8f049df
java.lang.module.ModuleDescriptor$Provides.service()java.lang.String -1 codeSignature differs 14be906eafbcd0e98db8607fd01b12de837039bcd06c460d0cf8f6394c8cff6d != da5cf171143f5513c1e4cdf5bb02fc95a3ea90774fedf9fb851ec26a1218a12f
java.lang.module.ModuleDescriptor$Exports.isQualified()boolean -1 codeSignature differs a258cd04fe5c9d6a46bc7e9b9bfa337e97f23e7f8bc989230943113ec1f502df != 9230ab0a96a002830ad644be83e9a1e9c0f6099bf3bd7741dd8182cd09f05efb
java.util.HashMap.putVal(int, java.lang.Object, java.lang.Object, boolean, boolean)java.lang.Object -1 codeSignature differs c760c853279ad347d96b6009df58f6e3a749fbddf1373a1d945e91aac58fb218 != bec508ed65b4e92cc6d54adbf8553bd5845f97e1b6d376eb75cae468a3c08fba
java.util.HashMap.putVal(int, java.lang.Object, java.lang.Object, boolean, boolean)java.lang.Object -1 graphSignature differs 27ba10a12906ca5a4eaa0ddbdb8cdbd97a0a183d21916ae0dce244a079058c87 != 5a74e12f320f5360d51b0bb3946f087ce2dce5afa144b15d312a3acc1621c4cf
java.util.HashMap$Node.<init>(int, java.lang.Object, java.lang.Object, java.util.HashMap$Node)void -1 codeSignature differs 504d2801659fcc6d5b8815ef3041dd44b6a42d80dfbfc4743d0a4be0f4cf69b3 != a2d63fce582075e41dbc901882dbb2768b8ed33f258823f0bcfface585dec9a0
java.lang.String.equals(java.lang.Object)boolean -1 codeSignature differs a6e309c433362d27e37b39c73cf8e578c064ab97bae8a3e01c77329c59654391 != 9d4deb1417e3dc3304e6e48d0050681b843c1c29f58a963fe6d7cb88c5948543
java.lang.Byte.toUnsignedInt(byte)int -1 codeSignature differs ef53887b8aa24310d9482f8fff2e03d6f5088235fdd6794c9711e90d2fb316a1 != 13d5f6657504f424775e099bdc463c00fbb2dd5e93459aa3373cba81212b5a0d
java.util.KeyValueHolder.getKey()java.lang.Object -1 codeSignature differs 14be906eafbcd0e98db8607fd01b12de837039bcd06c460d0cf8f6394c8cff6d != da5cf171143f5513c1e4cdf5bb02fc95a3ea90774fedf9fb851ec26a1218a12f
java.util.KeyValueHolder.getValue()java.lang.Object -1 codeSignature differs 90f01eeb46d88d53d0e4e48ef19445eb3bdf8101a00c7dc3f717a337df9fb41f != c4651eecda0d588acaac43a9ae165ea6a40380899e75b0e7578d22406e0c012a
java.lang.module.ModuleDescriptor.packages()java.util.Set -1 codeSignature differs 1ec746d9657abb2124f404e47924197593986fc62346c6cd76072c08e29afddf != 454facf798c6644faed5619d9e1dae25408778409730f09c41b1c0c95518fd46
java.lang.module.ResolvedModule.reference()java.lang.module.ModuleReference -1 codeSignature differs 90f01eeb46d88d53d0e4e48ef19445eb3bdf8101a00c7dc3f717a337df9fb41f != c4651eecda0d588acaac43a9ae165ea6a40380899e75b0e7578d22406e0c012a
java.lang.module.ModuleDescriptor$Version.toString()java.lang.String -1 codeSignature differs 14be906eafbcd0e98db8607fd01b12de837039bcd06c460d0cf8f6394c8cff6d != da5cf171143f5513c1e4cdf5bb02fc95a3ea90774fedf9fb851ec26a1218a12f
java.lang.AbstractStringBuilder.length()int -1 codeSignature differs d4ce072063a0e5d7b77fa03ca89aafb8f3e3ecf13c518dc1905e344d1e62c58a != e88b1ad01cee91360e4f1ac151ade0525982fae29bddccb8434060766b83fd62
java.util.HashMap.newNode(int, java.lang.Object, java.lang.Object, java.util.HashMap$Node)java.util.HashMap$Node -1 codeSignature differs 0b57ad3d0ea1b0de0d3ae4d1256f2a3bf2dacceb94022bee4e70d75bf1848358 != df85b2b14fb5de70af8f6a1aa6efa050fdaf0546a0197d26ebd4113543cc599e
java.util.HashMap.afterNodeInsertion(boolean)void -1 codeSignature differs fe534d3aac0502b22527b54e744892c09d7496fd765947a3ee3ec9a070d56f92 != b5ee38686824d688fb238521bf027287d22a9235c6ea851247456595ee3c4ca5
java.lang.module.ResolvedModule.configuration()java.lang.module.Configuration -1 codeSignature differs 14be906eafbcd0e98db8607fd01b12de837039bcd06c460d0cf8f6394c8cff6d != da5cf171143f5513c1e4cdf5bb02fc95a3ea90774fedf9fb851ec26a1218a12f
java.util.HashMap.resize()java.util.HashMap$Node[] -1 codeSignature differs be70e6c92bb10a00ab0f86168b71a694dfe33bac97dd5a1e1898fc127783d78a != 9ecdc82662c26a54fb96c75b700492e9a5f3d31d579eb7fec087acf3e46e1a52
java.lang.module.ModuleDescriptor.isOpen()boolean -1 codeSignature differs 7251ebfc69511ba11260ce3e5fe8de41e1ee424c1c84ef382507a4b520f46599 != c4f3939346c24cd7625b42361349cb6733a9291eeffd7507e7bf858c000192f4
java.util.HashMap.size()int -1 codeSignature differs 55d12884885f16e44e8204f924f64617688caf405b709d32e1e72896f6c27c3d != 9a030125c16a396ec668abdad74e59397cb88f5e4ba93604e8c6b48c6233e93d
Profiling started
Could not locate BlockSlowdown.json
Skipping Loading (this might cause a fatal crash if GTSlowdown is on)
java.util.zip.ZipCoder$UTF8ZipCoder.isUTF8()boolean -1 codeSignature differs 6e3a14458a0fca90e6a63285514a933585cea592cb622e79b33ddc5df6e0fb66 != 6fdd5e023f8b36c06ccfc437f07740607e2fd6af8789c2b6573b1f8e5aec4921
java.lang.invoke.MethodType.ptypes()java.lang.Class[] -1 codeSignature differs 90f01eeb46d88d53d0e4e48ef19445eb3bdf8101a00c7dc3f717a337df9fb41f != c4651eecda0d588acaac43a9ae165ea6a40380899e75b0e7578d22406e0c012a
jdk.internal.util.Preconditions.checkIndex(int, int, java.util.function.BiFunction)int -1 codeSignature differs 0537b0c8dc5fe868ee44de1817c0b047b24d886158549ad641b2b99126c678bb != 097cdde476e7d7a11441cfa0c37471ca0a888d4c4166d67eed1a7e5c4df66c77
java.nio.Buffer.limit()int -1 codeSignature differs 55d12884885f16e44e8204f924f64617688caf405b709d32e1e72896f6c27c3d != 9a030125c16a396ec668abdad74e59397cb88f5e4ba93604e8c6b48c6233e93d
jdk.internal.classfile.impl.AbstractPoolEntry.width()int -1 codeSignature differs 6e3a14458a0fca90e6a63285514a933585cea592cb622e79b33ddc5df6e0fb66 != 6fdd5e023f8b36c06ccfc437f07740607e2fd6af8789c2b6573b1f8e5aec4921
jdk.internal.classfile.impl.SplitConstantPool.size()int -1 codeSignature differs 1e851f5b2cbf37c0cd46831368dd889b60dff01d7b16161259960e24b264ceb1 != d37b0c203163b479a20ad6e2dad4e21eac1f1ad9b1ebc37e97f7861914a001ed
java.util.Properties$LineReader.readLine()int -1 codeSignature differs 3fba3e9edd5e4cedb96278d46b6cff483f2d1c092dec2e534b016b1ac2ec9479 != 43961d71b71ba232ed2694d540aa571e36bd52adf8e4b027613a65dc317ee3ed
java.lang.AbstractStringBuilder.getValue()byte[] -1 codeSignature differs 5be282a10c496d4000571a6844c9c0bc109901813a12d3aea5364efad6a66c85 != 56a4ef2702ccb7a079a36c5f0ed4055a5908c2e7a9296eac6b3ffe2db37f4a2d
java.lang.Enum.name()java.lang.String -1 codeSignature differs 5be282a10c496d4000571a6844c9c0bc109901813a12d3aea5364efad6a66c85 != 56a4ef2702ccb7a079a36c5f0ed4055a5908c2e7a9296eac6b3ffe2db37f4a2d
jdk.internal.util.ArraysSupport.unsignedHashCode(int, byte[], int, int)int -1 codeSignature differs 4d5957074f035392f4f1040fa7b9c8e8516cc366cc99a9663ff8e211636027cb != 4dd8a0d23b54449c010a38548a4ec34726658ad72759db6c8d42ad0645f343a2
sun.util.locale.BaseLocale.getLanguage()java.lang.String -1 codeSignature differs 90f01eeb46d88d53d0e4e48ef19445eb3bdf8101a00c7dc3f717a337df9fb41f != c4651eecda0d588acaac43a9ae165ea6a40380899e75b0e7578d22406e0c012a
java.util.LinkedHashMap.removeEldestEntry(java.util.Map$Entry)boolean -1 codeSignature differs d890ffc04cd03ec866061096d7d13d2670cacc5a2328b692374e3523d40574bd != 6120e833de16ceab3ef754d1b00c19883b3f73962ba2cdf17c59c3710ba02d36
java.util.concurrent.ConcurrentHashMap.tabAt(java.util.concurrent.ConcurrentHashMap$Node[], int)java.util.concurrent.ConcurrentHashMap$Node -1 codeSignature differs 71d647ba8c6a0b4ea5a8b561fe43e8bed960c9cb04034a7aef626c5d8360de6d != 822749e9eab55cf0ab08d112d11f644faf7767e7d7f602f22b2982e4341c74e7
jdk.internal.misc.Unsafe.getReferenceAcquire(java.lang.Object, long)java.lang.Object -1 codeSignature differs 0be5c2bda59735ac5470d27796a18d252d59667b906c14721265d97be8abdd5a != a748a0c1fa3d1b22da119249a3931a9411370dff9604e49b3d7ef522719454b3
java.lang.String.coder()byte -1 codeSignature differs f3a73f0f7ffcffdf8962f6b17b32b9d22dceb70a6321ad4e83f092ac924fb640 != 957313288ef4bdda0b4cd025d583dcf3b718c3f3a50464b737eb27e80ce0139f
java.security.Provider$Service.getType()java.lang.String -1 codeSignature differs 90f01eeb46d88d53d0e4e48ef19445eb3bdf8101a00c7dc3f717a337df9fb41f != c4651eecda0d588acaac43a9ae165ea6a40380899e75b0e7578d22406e0c012a
java.security.Provider$Service.getAlgorithm()java.lang.String -1 codeSignature differs 5be282a10c496d4000571a6844c9c0bc109901813a12d3aea5364efad6a66c85 != 56a4ef2702ccb7a079a36c5f0ed4055a5908c2e7a9296eac6b3ffe2db37f4a2d
java.security.Provider$Service.getAliases()java.util.List -1 codeSignature differs ec9959256dfdc1e5d707b10920cbff0d77d6151df3608588ba4900964b3e0488 != 48d94502b891e4704180e00ca37d65d0a704038e75c0e2368237a34efba54df3
jdk.internal.classfile.impl.RawBytecodeHelper.bci()int -1 codeSignature differs fe46e3fea17c2bcac25676024acf43715946ed13832c36004058f315d01e6ed3 != e2795d501a46b0bfb6e8c56434b112c0ea54a81c9e313ecde41f1f8b0f3deb09
jdk.internal.classfile.impl.AbstractPoolEntry.constantPool()java.lang.classfile.constantpool.ConstantPool -1 codeSignature differs 5be282a10c496d4000571a6844c9c0bc109901813a12d3aea5364efad6a66c85 != 56a4ef2702ccb7a079a36c5f0ed4055a5908c2e7a9296eac6b3ffe2db37f4a2d
jdk.internal.util.WeakReferenceKey.hashCode()int -1 codeSignature differs 55d12884885f16e44e8204f924f64617688caf405b709d32e1e72896f6c27c3d != 9a030125c16a396ec668abdad74e59397cb88f5e4ba93604e8c6b48c6233e93d
java.lang.String.value()byte[] -1 codeSignature differs 5be282a10c496d4000571a6844c9c0bc109901813a12d3aea5364efad6a66c85 != 56a4ef2702ccb7a079a36c5f0ed4055a5908c2e7a9296eac6b3ffe2db37f4a2d
java.lang.String.isLatin1()boolean -1 codeSignature differs 7fbdb74539501cf2e6eb2a3c4a15d0e6598aaf73df2e1a5e20fd95a35a58b24e != 3176213e3be72bb5e1b482eae8a1c07901556750cdd7d42ef0cea4727e1ff083
Starting Sieve benchmark ...
Sieve.sieve(boolean[], int)int -1 codeSignature differs e79310bbd77ac154603f69efa3833337738c186a7ca3b58e35b45d9d4d340b64 != 12dc0122171ceea55c7c5277e3c3000497dab3e0abae768269ff1ccc4cd70435
java.util.Arrays.fill(boolean[], boolean)void -1 codeSignature differs 4b34df0777d342b924463286277831803728b2de1aaf423ac53ef59f431fd355 != 2131355f24c2a27d3878459f354275eaa17fa8de2828fcf37111b33b2c21b4f2
java.lang.Integer.intValue()int -1 codeSignature differs d4ce072063a0e5d7b77fa03ca89aafb8f3e3ecf13c518dc1905e344d1e62c58a != e88b1ad01cee91360e4f1ac151ade0525982fae29bddccb8434060766b83fd62
java.lang.Integer.valueOf(int)java.lang.Integer -1 codeSignature differs e0bdf367389f697e76db20cb1fe98adbe7132cb141d63b04e461c04c324cb0d2 != 932de8bb2d151f755c5a79b69142cc7057d04b54361f2479095c1f1a2328565c
Sieve.benchmark()java.lang.Object -1 codeSignature differs f01bc6a6b9610dfcd722381bedcc1fb4d3e40379e46f929684349e2f1f8d170d != cecbe5526482adc1d93f0688823cbf45a0ee13007105fef6d0dd464aebb32c59
Sieve.verifyResult(java.lang.Object)boolean -1 codeSignature differs 1689f41294fb406c5ce6762f4b07b7c8d701f6964d9efb67c4771d75481ebaad != de8ef35bbcf491c2f835fd8ea7f89f8ce7f79abc7e87b84cbbb615860dafa3b1
jdk.internal.constant.ClassOrInterfaceDescImpl.descriptorString()java.lang.String -1 codeSignature differs 14be906eafbcd0e98db8607fd01b12de837039bcd06c460d0cf8f6394c8cff6d != da5cf171143f5513c1e4cdf5bb02fc95a3ea90774fedf9fb851ec26a1218a12f
jdk.internal.classfile.impl.BufWriterImpl.size()int -1 codeSignature differs fe46e3fea17c2bcac25676024acf43715946ed13832c36004058f315d01e6ed3 != e2795d501a46b0bfb6e8c56434b112c0ea54a81c9e313ecde41f1f8b0f3deb09
java.lang.invoke.MethodTypeForm.erasedType()java.lang.invoke.MethodType -1 codeSignature differs 90f01eeb46d88d53d0e4e48ef19445eb3bdf8101a00c7dc3f717a337df9fb41f != c4651eecda0d588acaac43a9ae165ea6a40380899e75b0e7578d22406e0c012a
jdk.internal.classfile.impl.AbstractDirectBuilder.constantPool()jdk.internal.classfile.impl.SplitConstantPool -1 codeSignature differs 14be906eafbcd0e98db8607fd01b12de837039bcd06c460d0cf8f6394c8cff6d != da5cf171143f5513c1e4cdf5bb02fc95a3ea90774fedf9fb851ec26a1218a12f
java.lang.StringLatin1.equals(byte[], byte[])boolean -1 codeSignature differs ce6957fde94989d8dfb9f657cd698acb12bd0f01e407ce68915647520f63bd02 != 625a83ff75952a5d0a805a4c58b62ea8ac6fa4c2e347559de275b3de58e5cde6
java.lang.invoke.MethodHandle.type()java.lang.invoke.MethodType -1 codeSignature differs 90f01eeb46d88d53d0e4e48ef19445eb3bdf8101a00c7dc3f717a337df9fb41f != c4651eecda0d588acaac43a9ae165ea6a40380899e75b0e7578d22406e0c012a
java.util.ArrayList.size()int -1 codeSignature differs fe46e3fea17c2bcac25676024acf43715946ed13832c36004058f315d01e6ed3 != e2795d501a46b0bfb6e8c56434b112c0ea54a81c9e313ecde41f1f8b0f3deb09
Sieve: iterations=1 runtime: 396231us
Sieve: iterations=2 runtime: 330365us
Benchmark.innerBenchmarkLoop(int)boolean -1 codeSignature differs 07da52c0d6d5056c6ea237a8d47f2193d8fa3f23bbc8b00ec03506a7912c32c2 != 427bbd8ce6fde8630ac9d94e796978b5bf3fffd19ece3326485b1a91764463a5
Sieve: iterations=3 runtime: 385755us
Sieve: iterations=4 runtime: 353015us
Sieve: iterations=5 runtime: 347757us
Sieve: iterations=6 runtime: 347636us
Sieve: iterations=7 runtime: 351831us
Sieve: iterations=8 runtime: 346756us
Sieve: iterations=9 runtime: 344405us
Sieve: iterations=10 runtime: 351460us
Could not locate BlockSlowdown.json
Skipping Loading (this might cause a fatal crash if GTSlowdown is on)
java.lang.String.length()int -1 codeSignature differs 5f2a9f3bb1f4f800ea4f2ad278553dedcfc789fe27a155b26df986828b30ede3 != c429f09bde0922a4e93c787fa5a5cdbca277237619ab7dc7eb3cc60d99b0f3aa
Sieve: iterations=11 runtime: 346927us
Sieve: iterations=12 runtime: 348532us
Sieve: iterations=13 runtime: 350128us
Sieve: iterations=14 runtime: 345514us
Sieve: iterations=15 runtime: 344198us
Sieve: iterations=16 runtime: 351616us
Sieve: iterations=17 runtime: 346157us
Sieve: iterations=18 runtime: 345406us
Sieve: iterations=19 runtime: 350547us
Could not locate BlockSlowdown.json
Skipping Loading (this might cause a fatal crash if GTSlowdown is on)
java.nio.Buffer.position()int -1 codeSignature differs 3f64cd4fafea8a3cef87601314961681d43f2aa75c3a358c1b0ce8d9a1c4731a != a754d4fbb14cb674813e5d56933661602e017cf332100c6f35524287a66eeea9
Sieve: iterations=20 runtime: 345323us
Sieve: iterations=21 runtime: 348917us
Sieve: iterations=22 runtime: 350968us
Sieve: iterations=23 runtime: 346307us
Sieve: iterations=24 runtime: 347164us
Sieve: iterations=25 runtime: 350412us
Sieve: iterations=26 runtime: 345892us
Sieve: iterations=27 runtime: 346484us
Sieve: iterations=28 runtime: 350646us
Sieve: iterations=29 runtime: 352791us
Sieve: iterations=30 runtime: 353535us
Sieve: iterations=31 runtime: 350432us
Sieve: iterations=32 runtime: 345119us
Sieve: iterations=33 runtime: 345716us
Sieve: iterations=34 runtime: 350257us
Sieve: iterations=35 runtime: 345541us
Sieve: iterations=36 runtime: 346602us
Sieve: iterations=37 runtime: 351465us
Sieve: iterations=38 runtime: 345847us
Sieve: iterations=39 runtime: 349904us
Sieve: iterations=40 runtime: 351732us
Sieve: iterations=41 runtime: 345650us
Sieve: iterations=42 runtime: 345220us
Sieve: iterations=43 runtime: 350647us
Sieve: iterations=44 runtime: 345518us
Sieve: iterations=45 runtime: 346782us
Sieve: iterations=46 runtime: 351367us
Sieve: iterations=47 runtime: 345367us
Sieve: iterations=48 runtime: 345898us
Sieve: iterations=49 runtime: 350454us
Sieve: iterations=50 runtime: 347183us
Sieve: iterations=51 runtime: 344637us
Sieve: iterations=52 runtime: 349533us
Sieve: iterations=53 runtime: 349434us
Sieve: iterations=54 runtime: 347454us
Sieve: iterations=55 runtime: 348936us
Sieve: iterations=56 runtime: 347869us
Sieve: iterations=57 runtime: 345641us
Sieve: iterations=58 runtime: 350777us
Sieve: iterations=59 runtime: 347369us
Sieve: iterations=60 runtime: 346123us
Sieve: iterations=61 runtime: 350105us
Sieve: iterations=62 runtime: 347277us
Sieve: iterations=63 runtime: 346008us
Sieve: iterations=64 runtime: 349409us
Sieve: iterations=65 runtime: 346937us
Sieve: iterations=66 runtime: 347186us
Sieve: iterations=67 runtime: 351064us
Sieve: iterations=68 runtime: 346412us
Sieve: iterations=69 runtime: 346883us
Sieve: iterations=70 runtime: 357056us
Sieve: iterations=71 runtime: 346789us
Sieve: iterations=72 runtime: 346981us
Sieve: iterations=73 runtime: 349841us
Sieve: iterations=74 runtime: 347312us
Sieve: iterations=75 runtime: 346192us
Sieve: iterations=76 runtime: 349369us
Sieve: iterations=77 runtime: 348318us
Sieve: iterations=78 runtime: 346653us
Sieve: iterations=79 runtime: 349833us
Sieve: iterations=80 runtime: 346662us
Sieve: iterations=81 runtime: 347312us
Sieve: iterations=82 runtime: 352125us
Sieve: iterations=83 runtime: 346304us
Sieve: iterations=84 runtime: 347808us
Sieve: iterations=85 runtime: 350601us
Sieve: iterations=86 runtime: 346838us
Sieve: iterations=87 runtime: 346126us
Sieve: iterations=88 runtime: 348986us
Sieve: iterations=89 runtime: 348521us
Sieve: iterations=90 runtime: 347936us
Could not locate BlockSlowdown.json
Skipping Loading (this might cause a fatal crash if GTSlowdown is on)
java.nio.Buffer.capacity()int -1 codeSignature differs 138bc711c3bed648b8548df225303894eec321dce856bde9fbb2267d74239e89 != 8366e168458356e9e2795362a66f19336b0e55f9e34ac8b5d6d37702a481c8da
Sieve: iterations=91 runtime: 349754us
Sieve: iterations=92 runtime: 348508us
Sieve: iterations=93 runtime: 346848us
Sieve: iterations=94 runtime: 349249us
Sieve: iterations=95 runtime: 348367us
Sieve: iterations=96 runtime: 348051us
Sieve: iterations=97 runtime: 349505us
Sieve: iterations=98 runtime: 347176us
Sieve: iterations=99 runtime: 346556us
Sieve: iterations=100 runtime: 348266us
Sieve: iterations=101 runtime: 347026us
Sieve: iterations=102 runtime: 348497us
Sieve: iterations=103 runtime: 348193us
Sieve: iterations=104 runtime: 347099us
Sieve: iterations=105 runtime: 347585us
Sieve: iterations=106 runtime: 349160us
Sieve: iterations=107 runtime: 347567us
Sieve: iterations=108 runtime: 347852us
Sieve: iterations=109 runtime: 349189us
Sieve: iterations=110 runtime: 347736us
Sieve: iterations=111 runtime: 345834us
Sieve: iterations=112 runtime: 348998us
Sieve: iterations=113 runtime: 346971us
Sieve: iterations=114 runtime: 346687us
Sieve: iterations=115 runtime: 348269us
Sieve: iterations=116 runtime: 347461us
Sieve: iterations=117 runtime: 346353us
Sieve: iterations=118 runtime: 348409us
Sieve: iterations=119 runtime: 347996us
Sieve: iterations=120 runtime: 347650us
Sieve: iterations=121 runtime: 347610us
Sieve: iterations=122 runtime: 351321us
Sieve: iterations=123 runtime: 347144us
Sieve: iterations=124 runtime: 348122us
Sieve: iterations=125 runtime: 351321us
Sieve: iterations=126 runtime: 346347us
Could not locate BlockSlowdown.json
Skipping Loading (this might cause a fatal crash if GTSlowdown is on)
java.nio.charset.CharsetEncoder.maxBytesPerChar()float -1 codeSignature differs d0dc63dd2361c2989cb14e4cf77bfb3442e0a43d3c92bbd78638646fefb8363f != fecc7851573229b2c1300c739298992122dcb58fa032d82e9692f06a80e3cdc4
Sieve: iterations=127 runtime: 347632us
Sieve: iterations=128 runtime: 351314us
Sieve: iterations=129 runtime: 347275us
Sieve: iterations=130 runtime: 346717us
Sieve: iterations=131 runtime: 350893us
Sieve: iterations=132 runtime: 348694us
Sieve: iterations=133 runtime: 347759us
Sieve: iterations=134 runtime: 350882us
Sieve: iterations=135 runtime: 362293us
Sieve: iterations=136 runtime: 346869us
Sieve: iterations=137 runtime: 350044us
Sieve: iterations=138 runtime: 347295us
Sieve: iterations=139 runtime: 348376us
Sieve: iterations=140 runtime: 350298us
Sieve: iterations=141 runtime: 346773us
Sieve: iterations=142 runtime: 346722us
Sieve: iterations=143 runtime: 350195us
Sieve: iterations=144 runtime: 347036us
Sieve: iterations=145 runtime: 347061us
Sieve: iterations=146 runtime: 349224us
Sieve: iterations=147 runtime: 348137us
Sieve: iterations=148 runtime: 346814us
Sieve: iterations=149 runtime: 354837us
Sieve: iterations=150 runtime: 346655us
Sieve: iterations=151 runtime: 346359us
Sieve: iterations=152 runtime: 349449us
Sieve: iterations=153 runtime: 349619us
Sieve: iterations=154 runtime: 347061us
Sieve: iterations=155 runtime: 350062us
Sieve: iterations=156 runtime: 348568us
Sieve: iterations=157 runtime: 348154us
Sieve: iterations=158 runtime: 349978us
Sieve: iterations=159 runtime: 348340us
Sieve: iterations=160 runtime: 347025us
Sieve: iterations=161 runtime: 349069us
Sieve: iterations=162 runtime: 346308us
Sieve: iterations=163 runtime: 348066us
Sieve: iterations=164 runtime: 350203us
Sieve: iterations=165 runtime: 346623us
Sieve: iterations=166 runtime: 346654us
Sieve: iterations=167 runtime: 350083us
Sieve: iterations=168 runtime: 349236us
Sieve: iterations=169 runtime: 347500us
Sieve: iterations=170 runtime: 349958us
Sieve: iterations=171 runtime: 348956us
Sieve: iterations=172 runtime: 348112us
Sieve: iterations=173 runtime: 350302us
Sieve: iterations=174 runtime: 346736us
Sieve: iterations=175 runtime: 347598us
Sieve: iterations=176 runtime: 349899us
Sieve: iterations=177 runtime: 348970us
Sieve: iterations=178 runtime: 347049us
Sieve: iterations=179 runtime: 348810us
Sieve: iterations=180 runtime: 346525us
Sieve: iterations=181 runtime: 346812us
Sieve: iterations=182 runtime: 351009us
Sieve: iterations=183 runtime: 347760us
Sieve: iterations=184 runtime: 347651us
Sieve: iterations=185 runtime: 348497us
Sieve: iterations=186 runtime: 348608us
Sieve: iterations=187 runtime: 347896us
Sieve: iterations=188 runtime: 348835us
Sieve: iterations=189 runtime: 345642us
Sieve: iterations=190 runtime: 347328us
Sieve: iterations=191 runtime: 349679us
Sieve: iterations=192 runtime: 348288us
Sieve: iterations=193 runtime: 346515us
Sieve: iterations=194 runtime: 349350us
Sieve: iterations=195 runtime: 347569us
Sieve: iterations=196 runtime: 347441us
Sieve: iterations=197 runtime: 348158us
Sieve: iterations=198 runtime: 360932us
Sieve: iterations=199 runtime: 348198us
Sieve: iterations=200 runtime: 348797us
Sieve: iterations=201 runtime: 347196us
Sieve: iterations=202 runtime: 346963us
Sieve: iterations=203 runtime: 346850us
Sieve: iterations=204 runtime: 351788us
Sieve: iterations=205 runtime: 347100us
Sieve: iterations=206 runtime: 346772us
Sieve: iterations=207 runtime: 350550us
Sieve: iterations=208 runtime: 346637us
Sieve: iterations=209 runtime: 347201us
Sieve: iterations=210 runtime: 350561us
Sieve: iterations=211 runtime: 348269us
Sieve: iterations=212 runtime: 347218us
Sieve: iterations=213 runtime: 352238us
Sieve: iterations=214 runtime: 347632us
Sieve: iterations=215 runtime: 346706us
Sieve: iterations=216 runtime: 349953us
Sieve: iterations=217 runtime: 348739us
Sieve: iterations=218 runtime: 346964us
Sieve: iterations=219 runtime: 349136us
Sieve: iterations=220 runtime: 347314us
Sieve: iterations=221 runtime: 347321us
Sieve: iterations=222 runtime: 349378us
Sieve: iterations=223 runtime: 348008us
Sieve: iterations=224 runtime: 346641us
Sieve: iterations=225 runtime: 351844us
Sieve: iterations=226 runtime: 347870us
Sieve: iterations=227 runtime: 346667us
Sieve: iterations=228 runtime: 349512us
Sieve: iterations=229 runtime: 347126us
Sieve: iterations=230 runtime: 346072us
Sieve: iterations=231 runtime: 349950us
Sieve: iterations=232 runtime: 347310us
Sieve: iterations=233 runtime: 346979us
Sieve: iterations=234 runtime: 349662us
Sieve: iterations=235 runtime: 347745us
Sieve: iterations=236 runtime: 347771us
Sieve: iterations=237 runtime: 349511us
Sieve: iterations=238 runtime: 348235us
Sieve: iterations=239 runtime: 348679us
Sieve: iterations=240 runtime: 348961us
Sieve: iterations=241 runtime: 347674us
Sieve: iterations=242 runtime: 354017us
Sieve: iterations=243 runtime: 349021us
Sieve: iterations=244 runtime: 347817us
Sieve: iterations=245 runtime: 346832us
Sieve: iterations=246 runtime: 348317us
Sieve: iterations=247 runtime: 347409us
Sieve: iterations=248 runtime: 347498us
Sieve: iterations=249 runtime: 348388us
Sieve: iterations=250 runtime: 347440us
Sieve: iterations=251 runtime: 346056us
Sieve: iterations=252 runtime: 349652us
Sieve: iterations=253 runtime: 347239us
Sieve: iterations=254 runtime: 347753us
Sieve: iterations=255 runtime: 349798us
Sieve: iterations=256 runtime: 347670us
Sieve: iterations=257 runtime: 346999us
Sieve: iterations=258 runtime: 349013us
Sieve: iterations=259 runtime: 347927us
Sieve: iterations=260 runtime: 347372us
Sieve: iterations=261 runtime: 349238us
Sieve: iterations=262 runtime: 347248us
Sieve: iterations=263 runtime: 347542us
Sieve: iterations=264 runtime: 348516us
Sieve: iterations=265 runtime: 347727us
Sieve: iterations=266 runtime: 347281us
Sieve: iterations=267 runtime: 348875us
Sieve: iterations=268 runtime: 349345us
Sieve: iterations=269 runtime: 346745us
Sieve: iterations=270 runtime: 348840us
Sieve: iterations=271 runtime: 348479us
Sieve: iterations=272 runtime: 347326us
Sieve: iterations=273 runtime: 349254us
Sieve: iterations=274 runtime: 347270us
Sieve: iterations=275 runtime: 347878us
Sieve: iterations=276 runtime: 349004us
Sieve: iterations=277 runtime: 348435us
Sieve: iterations=278 runtime: 347438us
Sieve: iterations=279 runtime: 348782us
Sieve: iterations=280 runtime: 347626us
Sieve: iterations=281 runtime: 346725us
Sieve: iterations=282 runtime: 350237us
Sieve: iterations=283 runtime: 348585us
Sieve: iterations=284 runtime: 347142us
Sieve: iterations=285 runtime: 346708us
Sieve: iterations=286 runtime: 350364us
Sieve: iterations=287 runtime: 346073us
Sieve: iterations=288 runtime: 346366us
Sieve: iterations=289 runtime: 350009us
Sieve: iterations=290 runtime: 347976us
Sieve: iterations=291 runtime: 346088us
Sieve: iterations=292 runtime: 350150us
Sieve: iterations=293 runtime: 346534us
Sieve: iterations=294 runtime: 345965us
Sieve: iterations=295 runtime: 349546us
Sieve: iterations=296 runtime: 347137us
Sieve: iterations=297 runtime: 347652us
Sieve: iterations=298 runtime: 350233us
Sieve: iterations=299 runtime: 345580us
Sieve: iterations=300 runtime: 345429us
Sieve: iterations=301 runtime: 350026us
Sieve: iterations=302 runtime: 347110us
Sieve: iterations=303 runtime: 346958us
Sieve: iterations=304 runtime: 349627us
Sieve: iterations=305 runtime: 345303us
Sieve: iterations=306 runtime: 347095us
Sieve: iterations=307 runtime: 363542us
Sieve: iterations=308 runtime: 346500us
Sieve: iterations=309 runtime: 346146us
Sieve: iterations=310 runtime: 349698us
Sieve: iterations=311 runtime: 349205us
Sieve: iterations=312 runtime: 346361us
Sieve: iterations=313 runtime: 349930us
Sieve: iterations=314 runtime: 346157us
Sieve: iterations=315 runtime: 346043us
Sieve: iterations=316 runtime: 349589us
Sieve: iterations=317 runtime: 346657us
Sieve: iterations=318 runtime: 347072us
Sieve: iterations=319 runtime: 349986us
Sieve: iterations=320 runtime: 346257us
Sieve: iterations=321 runtime: 345839us
Sieve: iterations=322 runtime: 348975us
Sieve: iterations=323 runtime: 347620us
Sieve: iterations=324 runtime: 346527us
Sieve: iterations=325 runtime: 349770us
Sieve: iterations=326 runtime: 348344us
Sieve: iterations=327 runtime: 346451us
Sieve: iterations=328 runtime: 349055us
Sieve: iterations=329 runtime: 347318us
Sieve: iterations=330 runtime: 345997us
Sieve: iterations=331 runtime: 350185us
Sieve: iterations=332 runtime: 347039us
Sieve: iterations=333 runtime: 346121us
Sieve: iterations=334 runtime: 348740us
Sieve: iterations=335 runtime: 346176us
Sieve: iterations=336 runtime: 346834us
Sieve: iterations=337 runtime: 348006us
Sieve: iterations=338 runtime: 347129us
Sieve: iterations=339 runtime: 346881us
Sieve: iterations=340 runtime: 349989us
Sieve: iterations=341 runtime: 347278us
Sieve: iterations=342 runtime: 346658us
Sieve: iterations=343 runtime: 348699us
Sieve: iterations=344 runtime: 347573us
Sieve: iterations=345 runtime: 345299us
Sieve: iterations=346 runtime: 348383us
Sieve: iterations=347 runtime: 348214us
Sieve: iterations=348 runtime: 347146us
Sieve: iterations=349 runtime: 349774us
Sieve: iterations=350 runtime: 347105us
Sieve: iterations=351 runtime: 346068us
Sieve: iterations=352 runtime: 349561us
Sieve: iterations=353 runtime: 346398us
Sieve: iterations=354 runtime: 348596us
Sieve: iterations=355 runtime: 347853us
Sieve: iterations=356 runtime: 348266us
Sieve: iterations=357 runtime: 346833us
Sieve: iterations=358 runtime: 347314us
Sieve: iterations=359 runtime: 347641us
Sieve: iterations=360 runtime: 346186us
Sieve: iterations=361 runtime: 348059us
Sieve: iterations=362 runtime: 348054us
Sieve: iterations=363 runtime: 346217us
Sieve: iterations=364 runtime: 347441us
Sieve: iterations=365 runtime: 347861us
Sieve: iterations=366 runtime: 346640us
Sieve: iterations=367 runtime: 346118us
Sieve: iterations=368 runtime: 351345us
Sieve: iterations=369 runtime: 349374us
Sieve: iterations=370 runtime: 347170us
Sieve: iterations=371 runtime: 350579us
Sieve: iterations=372 runtime: 346537us
Sieve: iterations=373 runtime: 360674us
Sieve: iterations=374 runtime: 351909us
Sieve: iterations=375 runtime: 348189us
Sieve: iterations=376 runtime: 347154us
Sieve: iterations=377 runtime: 350327us
Sieve: iterations=378 runtime: 348127us
Sieve: iterations=379 runtime: 346435us
Sieve: iterations=380 runtime: 349942us
Sieve: iterations=381 runtime: 347745us
Sieve: iterations=382 runtime: 347991us
Sieve: iterations=383 runtime: 350627us
Sieve: iterations=384 runtime: 346473us
Sieve: iterations=385 runtime: 347030us
Sieve: iterations=386 runtime: 349056us
Sieve: iterations=387 runtime: 347813us
Sieve: iterations=388 runtime: 347320us
Sieve: iterations=389 runtime: 349825us
Sieve: iterations=390 runtime: 346290us
Sieve: iterations=391 runtime: 346162us
Sieve: iterations=392 runtime: 349126us
Sieve: iterations=393 runtime: 346692us
Sieve: iterations=394 runtime: 347252us
Sieve: iterations=395 runtime: 349574us
Sieve: iterations=396 runtime: 346847us
Sieve: iterations=397 runtime: 347792us
Sieve: iterations=398 runtime: 349005us
Sieve: iterations=399 runtime: 346586us
Sieve: iterations=400 runtime: 346710us
Sieve: iterations=401 runtime: 350286us
Sieve: iterations=402 runtime: 347933us
Sieve: iterations=403 runtime: 349505us
Sieve: iterations=404 runtime: 348869us
Sieve: iterations=405 runtime: 348259us
Sieve: iterations=406 runtime: 348165us
Sieve: iterations=407 runtime: 349926us
Sieve: iterations=408 runtime: 348167us
Sieve: iterations=409 runtime: 348432us
Sieve: iterations=410 runtime: 349401us
Sieve: iterations=411 runtime: 347811us
Could not locate BlockSlowdown.json
Skipping Loading (this might cause a fatal crash if GTSlowdown is on)
java.lang.StringLatin1.inflate(byte[], int, char[], int, int)void -1 codeSignature differs 7229d185807c5eb1f821125a028c07df1ddeaa104c27495e511e6ad0d767c33a != 17fc64c9586f0ecf27e1468b2eeb1b40eb8569e6db2faf747d95dee3bfb3e1f0
Sieve: iterations=412 runtime: 347581us
Sieve: iterations=413 runtime: 350064us
Sieve: iterations=414 runtime: 355237us
Sieve: iterations=415 runtime: 347179us
Sieve: iterations=416 runtime: 349851us
Sieve: iterations=417 runtime: 347962us
Sieve: iterations=418 runtime: 347994us
Sieve: iterations=419 runtime: 349211us
Sieve: iterations=420 runtime: 346869us
Sieve: iterations=421 runtime: 348414us
Sieve: iterations=422 runtime: 349330us
Sieve: iterations=423 runtime: 346728us
Sieve: iterations=424 runtime: 347469us
Sieve: iterations=425 runtime: 348667us
Sieve: iterations=426 runtime: 348850us
Sieve: iterations=427 runtime: 347504us
Sieve: iterations=428 runtime: 348940us
Sieve: iterations=429 runtime: 347782us
Sieve: iterations=430 runtime: 347697us
Sieve: iterations=431 runtime: 349149us
Sieve: iterations=432 runtime: 347865us
Sieve: iterations=433 runtime: 347849us
Sieve: iterations=434 runtime: 349381us
Sieve: iterations=435 runtime: 346392us
Sieve: iterations=436 runtime: 346362us
Sieve: iterations=437 runtime: 348854us
Sieve: iterations=438 runtime: 347374us
Sieve: iterations=439 runtime: 346106us
Sieve: iterations=440 runtime: 349510us
Sieve: iterations=441 runtime: 346597us
Sieve: iterations=442 runtime: 346723us
Sieve: iterations=443 runtime: 348684us
Sieve: iterations=444 runtime: 346100us
Sieve: iterations=445 runtime: 346478us
Sieve: iterations=446 runtime: 347194us
Sieve: iterations=447 runtime: 346348us
Sieve: iterations=448 runtime: 346627us
Sieve: iterations=449 runtime: 348219us
Sieve: iterations=450 runtime: 346624us
Sieve: iterations=451 runtime: 348101us
Sieve: iterations=452 runtime: 346640us
Sieve: iterations=453 runtime: 351033us
Sieve: iterations=454 runtime: 346969us
Sieve: iterations=455 runtime: 348439us
Sieve: iterations=456 runtime: 351242us
Sieve: iterations=457 runtime: 347310us
Sieve: iterations=458 runtime: 347558us
Sieve: iterations=459 runtime: 350506us
Sieve: iterations=460 runtime: 346298us
Sieve: iterations=461 runtime: 346191us
Sieve: iterations=462 runtime: 350328us
Sieve: iterations=463 runtime: 348243us
Sieve: iterations=464 runtime: 347802us
Sieve: iterations=465 runtime: 350537us
Sieve: iterations=466 runtime: 347258us
Sieve: iterations=467 runtime: 345462us
Sieve: iterations=468 runtime: 349618us
Sieve: iterations=469 runtime: 347954us
Sieve: iterations=470 runtime: 346060us
Sieve: iterations=471 runtime: 350209us
Sieve: iterations=472 runtime: 347614us
Sieve: iterations=473 runtime: 347008us
Sieve: iterations=474 runtime: 349871us
Sieve: iterations=475 runtime: 347640us
Sieve: iterations=476 runtime: 347643us
Sieve: iterations=477 runtime: 349237us
Sieve: iterations=478 runtime: 348008us
Sieve: iterations=479 runtime: 361399us
Sieve: iterations=480 runtime: 349207us
Sieve: iterations=481 runtime: 347073us
Sieve: iterations=482 runtime: 346258us
Sieve: iterations=483 runtime: 350661us
Sieve: iterations=484 runtime: 347206us
Sieve: iterations=485 runtime: 346004us
Sieve: iterations=486 runtime: 350071us
Sieve: iterations=487 runtime: 346807us
Sieve: iterations=488 runtime: 347487us
Sieve: iterations=489 runtime: 348939us
Sieve: iterations=490 runtime: 346368us
Sieve: iterations=491 runtime: 347170us
Sieve: iterations=492 runtime: 348493us
Sieve: iterations=493 runtime: 345940us
Sieve: iterations=494 runtime: 346022us
Sieve: iterations=495 runtime: 348933us
Sieve: iterations=496 runtime: 346007us
Sieve: iterations=497 runtime: 347682us
Sieve: iterations=498 runtime: 349680us
Sieve: iterations=499 runtime: 347319us
Sieve: iterations=500 runtime: 345709us
Could not locate BlockSlowdown.json
Skipping Loading (this might cause a fatal crash if GTSlowdown is on)
jdk.internal.constant.ClassOrInterfaceDescImpl.isClassOrInterface()boolean -1 codeSignature differs 6e3a14458a0fca90e6a63285514a933585cea592cb622e79b33ddc5df6e0fb66 != 6fdd5e023f8b36c06ccfc437f07740607e2fd6af8789c2b6573b1f8e5aec4921
jdk.internal.classfile.impl.AbstractPoolEntry.hashCode()int -1 codeSignature differs fe46e3fea17c2bcac25676024acf43715946ed13832c36004058f315d01e6ed3 != e2795d501a46b0bfb6e8c56434b112c0ea54a81c9e313ecde41f1f8b0f3deb09
jdk.internal.constant.PrimitiveClassDescImpl.descriptorString()java.lang.String -1 codeSignature differs 7722674ec43cccc19227bd0fe31433696da3716816c65b03f1730e1c0254917a != d487d8a2503fc353385b06f3b95e8ab10a6fe5294aa12ef213c2f0b58f53bb2d
jdk.internal.classfile.impl.AbstractPoolEntry$ClassEntryImpl.tag()int -1 codeSignature differs 5404769be9f3dbc3cb72c5db1a8ad8dd44853cedba352c69c6db32de21c4dbb9 != 1c5cefc40a914f135a319bd8d405841fbf0f0e92dfa85c790bd1c66c2edacece
java.lang.Class.getComponentType()java.lang.Class -1 codeSignature differs b319d91a6485f244b602f37bbb015c7b083103cb0168540c8f7172a6f77fcdb4 != ca3e2776cb0744dcbd5af9f18a41221cfb7ea6616e2c92fa3282d7012b2bb32a
Sieve: iterations=500 average: 348359us total: 174179875us


java.lang.invoke.MethodTypeForm.parameterSlotCount()int -1 codeSignature differs ad156c9aebe2f06c30e3b5dbbec2e173bc1370acb4ba42d2464dda8cd03d5b04 != 631f1ee6b294c0668302aaa578afb6c4bc9eb79e5bdf6a7916a36c576b1ba42d
Total Runtime: 174179875us
Bubo.RDTSC.Harness.main Total RDTSC cycles: 577852777656

Finished Sieve BuboOff at Thu 22 Jan 15:13:30 GMT 2026
============================================================
