============================================================
Benchmark: Bounce
BuboLIRPhase: true
RUNS: 500
extra_args: 10000
Replay file: /home/hb478/repos/GTSlowdownSchedular/FinalBuboTests/WithoutProbe/AWFY/Bounce/Bounce_CompilerReplay
Timestamp: Fri 23 Jan 14:12:16 GMT 2026

Could not locate BlockSlowdown.json
Skipping Loading (this might cause a fatal crash if GTSlowdown is on)
[Use -Djdk.graal.LogFile=<path> to redirect Graal log output to a file.]
java.lang.module.ModuleDescriptor.name()java.lang.String -1 codeSignature differs 5be282a10c496d4000571a6844c9c0bc109901813a12d3aea5364efad6a66c85 != 56a4ef2702ccb7a079a36c5f0ed4055a5908c2e7a9296eac6b3ffe2db37f4a2d
java.lang.module.ModuleReference.descriptor()java.lang.module.ModuleDescriptor -1 codeSignature differs 14be906eafbcd0e98db8607fd01b12de837039bcd06c460d0cf8f6394c8cff6d != da5cf171143f5513c1e4cdf5bb02fc95a3ea90774fedf9fb851ec26a1218a12f
java.lang.Enum.ordinal()int -1 codeSignature differs d4ce072063a0e5d7b77fa03ca89aafb8f3e3ecf13c518dc1905e344d1e62c58a != e88b1ad01cee91360e4f1ac151ade0525982fae29bddccb8434060766b83fd62
java.lang.Class.isPrimitive()boolean -1 codeSignature differs 98ab40cf2ebcc843a57e4548f9a42e2e9f3f439b3cfc72b2a9affe72c8d06a5f != 5b9fc3b01b5ff747850254186cdcc08e50c4f85fb4d4d68bc0989fcb181794f8
jdk.internal.util.StrongReferenceKey.get()java.lang.Object -1 codeSignature differs 14be906eafbcd0e98db8607fd01b12de837039bcd06c460d0cf8f6394c8cff6d != da5cf171143f5513c1e4cdf5bb02fc95a3ea90774fedf9fb851ec26a1218a12f
java.lang.Class.getClassLoader()java.lang.ClassLoader -1 codeSignature differs 1ec746d9657abb2124f404e47924197593986fc62346c6cd76072c08e29afddf != 454facf798c6644faed5619d9e1dae25408778409730f09c41b1c0c95518fd46
java.lang.invoke.MethodType.returnType()java.lang.Class -1 codeSignature differs 14be906eafbcd0e98db8607fd01b12de837039bcd06c460d0cf8f6394c8cff6d != da5cf171143f5513c1e4cdf5bb02fc95a3ea90774fedf9fb851ec26a1218a12f
jdk.internal.classfile.impl.AbstractPoolEntry.index()int -1 codeSignature differs d4ce072063a0e5d7b77fa03ca89aafb8f3e3ecf13c518dc1905e344d1e62c58a != e88b1ad01cee91360e4f1ac151ade0525982fae29bddccb8434060766b83fd62
java.lang.invoke.MemberName.getDeclaringClass()java.lang.Class -1 codeSignature differs b46e439bc51650ff335d2a7124f0b0154f260fe1af8ba145c6fd3cf5008c9e4e != de7d2501b6c4ceaef40260482daf6e5ea615f5f43bc71d4e0a42f41866056e09
java.lang.invoke.MethodType.form()java.lang.invoke.MethodTypeForm -1 codeSignature differs 5be282a10c496d4000571a6844c9c0bc109901813a12d3aea5364efad6a66c85 != 56a4ef2702ccb7a079a36c5f0ed4055a5908c2e7a9296eac6b3ffe2db37f4a2d
java.util.stream.FindOps$FindSink.cancellationRequested()boolean -1 codeSignature differs 55af0dc4b7688c78180d5f5b00584e4bf66cf93bd60716f9aab49e7a6fd64ac4 != d201d3c970d1bea0e5266b3abd2e0b5e37d50f57628f0f6798d16338d8e21f6a
java.lang.Object.<init>()void -1 codeSignature differs fe534d3aac0502b22527b54e744892c09d7496fd765947a3ee3ec9a070d56f92 != b5ee38686824d688fb238521bf027287d22a9235c6ea851247456595ee3c4ca5
java.lang.String.hashCode()int -1 codeSignature differs cd869c87835ef8242ee90410caccd8a61a63cd99231e11f83fcdc76366e70264 != aa1e9c2f9ea239d2fb15b2f7ff9a60f790f0544470df5bee9a657461c7ae39f8
jdk.internal.module.ModuleReferenceImpl.moduleResolution()jdk.internal.module.ModuleResolution -1 codeSignature differs b76db95b8fd3a055b26c3a6c15023743ea3cd488646d474319964a2e9e13b73e != c90e5cf05b5ed15b2ee4632b0f01daf8e8a827ca7e4e1d9f528d5eb553edbcfd
java.lang.module.ModuleDescriptor$Requires.modifiers()java.util.Set -1 codeSignature differs 14be906eafbcd0e98db8607fd01b12de837039bcd06c460d0cf8f6394c8cff6d != da5cf171143f5513c1e4cdf5bb02fc95a3ea90774fedf9fb851ec26a1218a12f
java.lang.module.ModuleDescriptor$Requires.name()java.lang.String -1 codeSignature differs 90f01eeb46d88d53d0e4e48ef19445eb3bdf8101a00c7dc3f717a337df9fb41f != c4651eecda0d588acaac43a9ae165ea6a40380899e75b0e7578d22406e0c012a
java.lang.module.ModuleDescriptor.requires()java.util.Set -1 codeSignature differs 50021c78154f047ad8f88f0733084203e726ca2f3911eed3f4e2615369ae39b2 != a12f6d231bab91ade119f5f7e87b83e28ce01e2d62fff01cc7676b635a92f884
java.lang.module.ModuleDescriptor.isAutomatic()boolean -1 codeSignature differs 2c5d9434fa6cbff1c0177053ad01774247e7a98383a3d0ee5c4dccbf56bf9e86 != 08dea6d6ec137b950a0343efb1bd030f87565d8e5b95eb64f025bd8e338928e2
java.util.HashMap$Node.getKey()java.lang.Object -1 codeSignature differs 90f01eeb46d88d53d0e4e48ef19445eb3bdf8101a00c7dc3f717a337df9fb41f != c4651eecda0d588acaac43a9ae165ea6a40380899e75b0e7578d22406e0c012a
java.util.HashMap$Node.getValue()java.lang.Object -1 codeSignature differs 5be282a10c496d4000571a6844c9c0bc109901813a12d3aea5364efad6a66c85 != 56a4ef2702ccb7a079a36c5f0ed4055a5908c2e7a9296eac6b3ffe2db37f4a2d
java.util.ImmutableCollections$Set12.isEmpty()boolean -1 codeSignature differs d890ffc04cd03ec866061096d7d13d2670cacc5a2328b692374e3523d40574bd != 6120e833de16ceab3ef754d1b00c19883b3f73962ba2cdf17c59c3710ba02d36
java.lang.module.ModuleDescriptor$Exports.source()java.lang.String -1 codeSignature differs 90f01eeb46d88d53d0e4e48ef19445eb3bdf8101a00c7dc3f717a337df9fb41f != c4651eecda0d588acaac43a9ae165ea6a40380899e75b0e7578d22406e0c012a
java.lang.module.ModuleDescriptor$Exports.targets()java.util.Set -1 codeSignature differs 5be282a10c496d4000571a6844c9c0bc109901813a12d3aea5364efad6a66c85 != 56a4ef2702ccb7a079a36c5f0ed4055a5908c2e7a9296eac6b3ffe2db37f4a2d
java.lang.module.ModuleDescriptor.provides()java.util.Set -1 codeSignature differs 309d9291f2d3c2a63becdec49b2c74b25af9d7fdc62dad05faf86a64889608fc != f5d85dfdf7fef12d65d210d402c44bf26eeb0fb3f9225e78ee6443caec31b619
java.lang.module.ModuleDescriptor.exports()java.util.Set -1 codeSignature differs 948d21eddb9ad191efbc24290e4e840a30aebb134151b75def9175ab54c0a48c != c3334e7c488922d9ee7281afad5b7ca4db54a4ab2b49cf0e755dc0a6c55854b4
java.lang.module.ModuleDescriptor.uses()java.util.Set -1 codeSignature differs e3ce51591a4fee3aaff0c687fbb639bc8c1569c92e84d989cdc906a081a3aa6f != 69f900c261d900c3a12e3d84961667caa75caf8ed42490b80edd3cdf23db4832
java.util.Objects.requireNonNull(java.lang.Object)java.lang.Object -1 codeSignature differs fab3390bacdc1c06ac727172609d32d56c9697db51c25bc06ba90803d6336aa7 != 5f34d305ad8c459e05cc78e8e67ce712079a25140f4444aee0bca43f73c4de02
java.util.ImmutableCollections$SetN$SetNIterator.hasNext()boolean -1 codeSignature differs 014069b9d29ae67f97f8d652b8d7a77d9057cdb393e4e32597c925d7a30bdc82 != 60575b8cd4d2a8242a8aab77fb607844ec4f52bcc97ca89e8880d7f6422024af
java.util.ImmutableCollections$SetN$SetNIterator.next()java.lang.Object -1 codeSignature differs f6a7d58bb4b33e7926d50e691b8e75ec1724faf98af5ebdf7ab9e188633b194c != 829478485a428303739a297a306f34a5f6d0fd7d0f8daa29efba1f814b054675
java.util.ImmutableCollections$SetN$SetNIterator.next()java.lang.Object -1 graphSignature differs b05d592371fcce917a90fc28debaf21f7e7532d4836b1c9812ac396e129c7095 != dd493989519e7f328311cfecc7abfe1946186eaebdea7e8b59878a8ba9e25a26
java.util.HashMap.hash(java.lang.Object)int -1 codeSignature differs 4e173c290b3299affc70273e09801ffb87255b414249cdea2224ff90746ed22f != 6280bc7c7756ee94066dd19acd0bc991cd2a27f73cb6f17423b147483a4cf0dd
java.lang.module.ModuleDescriptor$Provides.service()java.lang.String -1 codeSignature differs 14be906eafbcd0e98db8607fd01b12de837039bcd06c460d0cf8f6394c8cff6d != da5cf171143f5513c1e4cdf5bb02fc95a3ea90774fedf9fb851ec26a1218a12f
java.lang.module.ModuleDescriptor$Exports.isQualified()boolean -1 codeSignature differs 558c22a71744e20abbf2495ccc5b9a19798b0864a52a0ab0295c73a356a4fdc9 != fb43efb3c0e02558fff6106d516dcaae6a6d83ddb9cad8bc0fdc8c7d3a0cdeca
java.util.HashMap.putVal(int, java.lang.Object, java.lang.Object, boolean, boolean)java.lang.Object -1 codeSignature differs f4ef97fb791b6c0a202eb51462e15080d6c2a17673536fc32a24b3f124b87dcf != 9031271016667e4d5bc3b16ace5026a942c7acd6083c3f04e319358f030cad9b
java.util.HashMap.putVal(int, java.lang.Object, java.lang.Object, boolean, boolean)java.lang.Object -1 graphSignature differs 71c7befc4bcc50903c01cb500806055811a71080bd754d077284439fcd10103c != 5a74e12f320f5360d51b0bb3946f087ce2dce5afa144b15d312a3acc1621c4cf
java.lang.String.equals(java.lang.Object)boolean -1 codeSignature differs 1b81cb89f6505a5995dbabe425a69a03531cfa5e9b0bad05edda29235b5071d3 != 9d4deb1417e3dc3304e6e48d0050681b843c1c29f58a963fe6d7cb88c5948543
java.lang.String.equals(java.lang.Object)boolean -1 graphSignature differs 240f841b413bb8bd2af4877cb3753eac11d3bdc482d702e067df992e72784ebb != 2d841e5f6ff33687ba2a8e89c73735b82c892266d476f740b43f9fc2b4d21873
java.lang.Byte.toUnsignedInt(byte)int -1 codeSignature differs ef53887b8aa24310d9482f8fff2e03d6f5088235fdd6794c9711e90d2fb316a1 != 13d5f6657504f424775e099bdc463c00fbb2dd5e93459aa3373cba81212b5a0d
java.util.KeyValueHolder.getKey()java.lang.Object -1 codeSignature differs 14be906eafbcd0e98db8607fd01b12de837039bcd06c460d0cf8f6394c8cff6d != da5cf171143f5513c1e4cdf5bb02fc95a3ea90774fedf9fb851ec26a1218a12f
java.util.KeyValueHolder.getValue()java.lang.Object -1 codeSignature differs 90f01eeb46d88d53d0e4e48ef19445eb3bdf8101a00c7dc3f717a337df9fb41f != c4651eecda0d588acaac43a9ae165ea6a40380899e75b0e7578d22406e0c012a
java.lang.module.ModuleDescriptor.packages()java.util.Set -1 codeSignature differs 1ec746d9657abb2124f404e47924197593986fc62346c6cd76072c08e29afddf != 454facf798c6644faed5619d9e1dae25408778409730f09c41b1c0c95518fd46
java.lang.module.ResolvedModule.reference()java.lang.module.ModuleReference -1 codeSignature differs 90f01eeb46d88d53d0e4e48ef19445eb3bdf8101a00c7dc3f717a337df9fb41f != c4651eecda0d588acaac43a9ae165ea6a40380899e75b0e7578d22406e0c012a
java.util.HashMap$Node.<init>(int, java.lang.Object, java.lang.Object, java.util.HashMap$Node)void -1 codeSignature differs 9b6ffa157b7576ad99f72eb2462984e2bdd2e30f4a91d90630f8f0d6792457d9 != 1e7006ba1323d970942ed9ac2b9f6d2142e1b0c1612caef6a5b32fcd784b436b
java.lang.module.ModuleDescriptor$Version.toString()java.lang.String -1 codeSignature differs 14be906eafbcd0e98db8607fd01b12de837039bcd06c460d0cf8f6394c8cff6d != da5cf171143f5513c1e4cdf5bb02fc95a3ea90774fedf9fb851ec26a1218a12f
java.lang.AbstractStringBuilder.length()int -1 codeSignature differs d4ce072063a0e5d7b77fa03ca89aafb8f3e3ecf13c518dc1905e344d1e62c58a != e88b1ad01cee91360e4f1ac151ade0525982fae29bddccb8434060766b83fd62
java.util.HashMap.newNode(int, java.lang.Object, java.lang.Object, java.util.HashMap$Node)java.util.HashMap$Node -1 codeSignature differs 0b57ad3d0ea1b0de0d3ae4d1256f2a3bf2dacceb94022bee4e70d75bf1848358 != df85b2b14fb5de70af8f6a1aa6efa050fdaf0546a0197d26ebd4113543cc599e
java.util.HashMap.afterNodeInsertion(boolean)void -1 codeSignature differs fe534d3aac0502b22527b54e744892c09d7496fd765947a3ee3ec9a070d56f92 != b5ee38686824d688fb238521bf027287d22a9235c6ea851247456595ee3c4ca5
java.lang.module.ResolvedModule.configuration()java.lang.module.Configuration -1 codeSignature differs 14be906eafbcd0e98db8607fd01b12de837039bcd06c460d0cf8f6394c8cff6d != da5cf171143f5513c1e4cdf5bb02fc95a3ea90774fedf9fb851ec26a1218a12f
java.lang.module.ModuleDescriptor.isOpen()boolean -1 codeSignature differs 7251ebfc69511ba11260ce3e5fe8de41e1ee424c1c84ef382507a4b520f46599 != c4f3939346c24cd7625b42361349cb6733a9291eeffd7507e7bf858c000192f4
java.util.HashMap.size()int -1 codeSignature differs 55d12884885f16e44e8204f924f64617688caf405b709d32e1e72896f6c27c3d != 9a030125c16a396ec668abdad74e59397cb88f5e4ba93604e8c6b48c6233e93d
java.util.HashMap.resize()java.util.HashMap$Node[] -1 codeSignature differs 30c4bcd96d4f49f30d9656ae0d6303e65d0f4c3d6dde23008c3750b5e7ee6055 != 407019e74de6eb528eaaf1b353f144b5fce58816d40e6ee8b953f1e7999a501a
java.util.HashMap.resize()java.util.HashMap$Node[] -1 graphSignature differs 8621339e67ed630b148c0b60d4ece2a8f5e4dc640c7e625f721a8babedbc3813 != 907f32e8439d3100299993dcad76560e08b0f705baa3a6e36f739c5640084aa9
Could not locate BlockSlowdown.json
Skipping Loading (this might cause a fatal crash if GTSlowdown is on)
java.util.zip.ZipCoder$UTF8ZipCoder.isUTF8()boolean -1 codeSignature differs 6e3a14458a0fca90e6a63285514a933585cea592cb622e79b33ddc5df6e0fb66 != 6fdd5e023f8b36c06ccfc437f07740607e2fd6af8789c2b6573b1f8e5aec4921
java.lang.invoke.MethodType.ptypes()java.lang.Class[] -1 codeSignature differs 90f01eeb46d88d53d0e4e48ef19445eb3bdf8101a00c7dc3f717a337df9fb41f != c4651eecda0d588acaac43a9ae165ea6a40380899e75b0e7578d22406e0c012a
jdk.internal.util.Preconditions.checkIndex(int, int, java.util.function.BiFunction)int -1 codeSignature differs 0537b0c8dc5fe868ee44de1817c0b047b24d886158549ad641b2b99126c678bb != 097cdde476e7d7a11441cfa0c37471ca0a888d4c4166d67eed1a7e5c4df66c77
java.nio.Buffer.limit()int -1 codeSignature differs 55d12884885f16e44e8204f924f64617688caf405b709d32e1e72896f6c27c3d != 9a030125c16a396ec668abdad74e59397cb88f5e4ba93604e8c6b48c6233e93d
jdk.internal.classfile.impl.AbstractPoolEntry.width()int -1 codeSignature differs 6e3a14458a0fca90e6a63285514a933585cea592cb622e79b33ddc5df6e0fb66 != 6fdd5e023f8b36c06ccfc437f07740607e2fd6af8789c2b6573b1f8e5aec4921
jdk.internal.classfile.impl.SplitConstantPool.size()int -1 codeSignature differs 1e851f5b2cbf37c0cd46831368dd889b60dff01d7b16161259960e24b264ceb1 != d37b0c203163b479a20ad6e2dad4e21eac1f1ad9b1ebc37e97f7861914a001ed
java.util.Properties$LineReader.readLine()int -1 codeSignature differs dcc7cd9c2f0ddf11074c051e8afb59f862ed303e922c9b76c143ff5089c172ec != 43961d71b71ba232ed2694d540aa571e36bd52adf8e4b027613a65dc317ee3ed
java.util.Properties$LineReader.readLine()int -1 graphSignature differs 2b486d112efd309f21b56eed8c0bb9d78dd9081f799ef08ff7c803bfde611f4a != 878ec244077db65df33a3f7d09ba7cba637998f872be81e8c5729e664e547e01
java.lang.AbstractStringBuilder.getValue()byte[] -1 codeSignature differs 5be282a10c496d4000571a6844c9c0bc109901813a12d3aea5364efad6a66c85 != 56a4ef2702ccb7a079a36c5f0ed4055a5908c2e7a9296eac6b3ffe2db37f4a2d
java.lang.Enum.name()java.lang.String -1 codeSignature differs 5be282a10c496d4000571a6844c9c0bc109901813a12d3aea5364efad6a66c85 != 56a4ef2702ccb7a079a36c5f0ed4055a5908c2e7a9296eac6b3ffe2db37f4a2d
jdk.internal.util.ArraysSupport.unsignedHashCode(int, byte[], int, int)int -1 codeSignature differs 6cf4fb7fd874e15c16cb0f5b0e5aea3b0fd58bc8fcf38c48c000e5c66e2ad6a8 != 4dd8a0d23b54449c010a38548a4ec34726658ad72759db6c8d42ad0645f343a2
jdk.internal.util.ArraysSupport.unsignedHashCode(int, byte[], int, int)int -1 graphSignature differs 19b74d2985bd215adc18bbf16eb571f75605eb5502bcec63b71bd357cc668d6e != ec48f9da76be66a6b56b9242fa5c79b96c5a2b790a5832893550f14895067602
sun.util.locale.BaseLocale.getLanguage()java.lang.String -1 codeSignature differs 90f01eeb46d88d53d0e4e48ef19445eb3bdf8101a00c7dc3f717a337df9fb41f != c4651eecda0d588acaac43a9ae165ea6a40380899e75b0e7578d22406e0c012a
java.util.LinkedHashMap.removeEldestEntry(java.util.Map$Entry)boolean -1 codeSignature differs d890ffc04cd03ec866061096d7d13d2670cacc5a2328b692374e3523d40574bd != 6120e833de16ceab3ef754d1b00c19883b3f73962ba2cdf17c59c3710ba02d36
java.util.concurrent.ConcurrentHashMap.tabAt(java.util.concurrent.ConcurrentHashMap$Node[], int)java.util.concurrent.ConcurrentHashMap$Node -1 codeSignature differs 71d647ba8c6a0b4ea5a8b561fe43e8bed960c9cb04034a7aef626c5d8360de6d != 822749e9eab55cf0ab08d112d11f644faf7767e7d7f602f22b2982e4341c74e7
jdk.internal.misc.Unsafe.getReferenceAcquire(java.lang.Object, long)java.lang.Object -1 codeSignature differs 0be5c2bda59735ac5470d27796a18d252d59667b906c14721265d97be8abdd5a != a748a0c1fa3d1b22da119249a3931a9411370dff9604e49b3d7ef522719454b3
java.lang.String.coder()byte -1 codeSignature differs f3a73f0f7ffcffdf8962f6b17b32b9d22dceb70a6321ad4e83f092ac924fb640 != 957313288ef4bdda0b4cd025d583dcf3b718c3f3a50464b737eb27e80ce0139f
java.security.Provider$Service.getType()java.lang.String -1 codeSignature differs 90f01eeb46d88d53d0e4e48ef19445eb3bdf8101a00c7dc3f717a337df9fb41f != c4651eecda0d588acaac43a9ae165ea6a40380899e75b0e7578d22406e0c012a
java.security.Provider$Service.getAlgorithm()java.lang.String -1 codeSignature differs 5be282a10c496d4000571a6844c9c0bc109901813a12d3aea5364efad6a66c85 != 56a4ef2702ccb7a079a36c5f0ed4055a5908c2e7a9296eac6b3ffe2db37f4a2d
java.security.Provider$Service.getAliases()java.util.List -1 codeSignature differs ec9959256dfdc1e5d707b10920cbff0d77d6151df3608588ba4900964b3e0488 != 48d94502b891e4704180e00ca37d65d0a704038e75c0e2368237a34efba54df3
jdk.internal.classfile.impl.RawBytecodeHelper.bci()int -1 codeSignature differs fe46e3fea17c2bcac25676024acf43715946ed13832c36004058f315d01e6ed3 != e2795d501a46b0bfb6e8c56434b112c0ea54a81c9e313ecde41f1f8b0f3deb09
jdk.internal.classfile.impl.AbstractPoolEntry.constantPool()java.lang.classfile.constantpool.ConstantPool -1 codeSignature differs 5be282a10c496d4000571a6844c9c0bc109901813a12d3aea5364efad6a66c85 != 56a4ef2702ccb7a079a36c5f0ed4055a5908c2e7a9296eac6b3ffe2db37f4a2d
jdk.internal.util.WeakReferenceKey.hashCode()int -1 codeSignature differs 55d12884885f16e44e8204f924f64617688caf405b709d32e1e72896f6c27c3d != 9a030125c16a396ec668abdad74e59397cb88f5e4ba93604e8c6b48c6233e93d
java.lang.String.value()byte[] -1 codeSignature differs 5be282a10c496d4000571a6844c9c0bc109901813a12d3aea5364efad6a66c85 != 56a4ef2702ccb7a079a36c5f0ed4055a5908c2e7a9296eac6b3ffe2db37f4a2d
java.lang.String.isLatin1()boolean -1 codeSignature differs 7fbdb74539501cf2e6eb2a3c4a15d0e6598aaf73df2e1a5e20fd95a35a58b24e != 3176213e3be72bb5e1b482eae8a1c07901556750cdd7d42ef0cea4727e1ff083
Starting Bounce benchmark ...
java.util.zip.Inflater$InflaterZStreamRef.address()long -1 codeSignature differs 6775e09a923d4a8abe8298f2b15f8be238b37428c67c56453b241b1ba16d6df1 != f3c65f65796504e8d1b5bcd4c700f1dfdf1da81415a7566e44557138e77310c4
java.lang.StringLatin1.equals(byte[], byte[])boolean -1 codeSignature differs df3b672c4faf9b8e9c81d37ba53892d5bb76d91b2605d923dadb481f79796d8a != 625a83ff75952a5d0a805a4c58b62ea8ac6fa4c2e347559de275b3de58e5cde6
java.lang.StringLatin1.equals(byte[], byte[])boolean -1 graphSignature differs f47d0b1647dabd6f0108a1c873e12c6a64939992dcc9e97f79a9e6e1f1af8649 != cda1bda6b067c21da86f5c9b00220a168b94ff95811df6ee0a57435eb4ec0473
jdk.internal.constant.ClassOrInterfaceDescImpl.descriptorString()java.lang.String -1 codeSignature differs 14be906eafbcd0e98db8607fd01b12de837039bcd06c460d0cf8f6394c8cff6d != da5cf171143f5513c1e4cdf5bb02fc95a3ea90774fedf9fb851ec26a1218a12f
Bounce$Ball.bounce()boolean -1 codeSignature differs 98d2dd64ef3a3038f4b63d6f074f75b9eab25817b1f24ee598046204a7641c4a != 8a1115b86df4919d45602ef5d90dbd5aee704c48ed19da0b119f0d5b76eadd09
Bounce.benchmark()java.lang.Object -1 codeSignature differs e6bbe7568173eabe1bd978618dee6c2221698840f55a7b73f8337dd90960d80a != 767028857612b10a0d490475a07c9316f90638642af9d4ecc4fcab15a8d2df81
Bounce.benchmark()java.lang.Object -1 graphSignature differs e81acc8abb9a9fa80b5d18948063ae16b5d07c95aeb4862b3ce2fc105442bc59 != 47caeebf9655277a8eadb1c547eebc9ca90824b512e0033bd323521f2215e49e
java.lang.Integer.intValue()int -1 codeSignature differs d4ce072063a0e5d7b77fa03ca89aafb8f3e3ecf13c518dc1905e344d1e62c58a != e88b1ad01cee91360e4f1ac151ade0525982fae29bddccb8434060766b83fd62
Bounce.verifyResult(java.lang.Object)boolean -1 codeSignature differs 316bd18869efe67759d472f2bda21cee1f11e45e30c47f42553e63a16b6d1ec2 != ff757fe0a0b63ebd48fd631131b363d908ced90892b26d291db34cddcd384c62
java.lang.invoke.MethodHandle.type()java.lang.invoke.MethodType -1 codeSignature differs 90f01eeb46d88d53d0e4e48ef19445eb3bdf8101a00c7dc3f717a337df9fb41f != c4651eecda0d588acaac43a9ae165ea6a40380899e75b0e7578d22406e0c012a
jdk.internal.classfile.impl.BufWriterImpl.size()int -1 codeSignature differs fe46e3fea17c2bcac25676024acf43715946ed13832c36004058f315d01e6ed3 != e2795d501a46b0bfb6e8c56434b112c0ea54a81c9e313ecde41f1f8b0f3deb09
java.lang.invoke.MethodTypeForm.erasedType()java.lang.invoke.MethodType -1 codeSignature differs 90f01eeb46d88d53d0e4e48ef19445eb3bdf8101a00c7dc3f717a337df9fb41f != c4651eecda0d588acaac43a9ae165ea6a40380899e75b0e7578d22406e0c012a
jdk.internal.classfile.impl.AbstractDirectBuilder.constantPool()jdk.internal.classfile.impl.SplitConstantPool -1 codeSignature differs 14be906eafbcd0e98db8607fd01b12de837039bcd06c460d0cf8f6394c8cff6d != da5cf171143f5513c1e4cdf5bb02fc95a3ea90774fedf9fb851ec26a1218a12f
java.util.ArrayList.size()int -1 codeSignature differs fe46e3fea17c2bcac25676024acf43715946ed13832c36004058f315d01e6ed3 != e2795d501a46b0bfb6e8c56434b112c0ea54a81c9e313ecde41f1f8b0f3deb09
java.lang.String.length()int -1 codeSignature differs 5f2a9f3bb1f4f800ea4f2ad278553dedcfc789fe27a155b26df986828b30ede3 != c429f09bde0922a4e93c787fa5a5cdbca277237619ab7dc7eb3cc60d99b0f3aa
jdk.internal.constant.ClassOrInterfaceDescImpl.isClassOrInterface()boolean -1 codeSignature differs 6e3a14458a0fca90e6a63285514a933585cea592cb622e79b33ddc5df6e0fb66 != 6fdd5e023f8b36c06ccfc437f07740607e2fd6af8789c2b6573b1f8e5aec4921
jdk.internal.classfile.impl.AbstractPoolEntry.hashCode()int -1 codeSignature differs fe46e3fea17c2bcac25676024acf43715946ed13832c36004058f315d01e6ed3 != e2795d501a46b0bfb6e8c56434b112c0ea54a81c9e313ecde41f1f8b0f3deb09
Bounce: iterations=1 runtime: 175667us
Bounce: iterations=2 runtime: 139132us
Benchmark.innerBenchmarkLoop(int)boolean -1 codeSignature differs 8e9ddadb73391ace1e7b4a0e3672741c1a2b758892266c3687641d3994830350 != 9d8a2c0131834684422316009b717d70b21cc16e10b10dccca1fce8b31ef3e60
Benchmark.innerBenchmarkLoop(int)boolean -1 graphSignature differs 1ce67b4520d621e4561bd5caafb0ab7415b06e884406b68566c024003a4c6740 != 7a271abf22a1270f391e80a5947622a55c5b80f49b8c0efec707ed8306ff89bb
Bounce: iterations=3 runtime: 148432us
Bounce: iterations=4 runtime: 136514us
Bounce: iterations=5 runtime: 138938us
Bounce: iterations=6 runtime: 134683us
Bounce: iterations=7 runtime: 133924us
Bounce: iterations=8 runtime: 134504us
Bounce: iterations=9 runtime: 138440us
Bounce: iterations=10 runtime: 134596us
Bounce: iterations=11 runtime: 134054us
Bounce: iterations=12 runtime: 133612us
Bounce: iterations=13 runtime: 135499us
Bounce: iterations=14 runtime: 134391us
Bounce: iterations=15 runtime: 133907us
Bounce: iterations=16 runtime: 133359us
Bounce: iterations=17 runtime: 134784us
Bounce: iterations=18 runtime: 135141us
Bounce: iterations=19 runtime: 133670us
java.nio.Buffer.position()int -1 codeSignature differs 3f64cd4fafea8a3cef87601314961681d43f2aa75c3a358c1b0ce8d9a1c4731a != a754d4fbb14cb674813e5d56933661602e017cf332100c6f35524287a66eeea9
Bounce: iterations=20 runtime: 133409us
Bounce: iterations=21 runtime: 135207us
Bounce: iterations=22 runtime: 137121us
Bounce: iterations=23 runtime: 134220us
Bounce: iterations=24 runtime: 133867us
Bounce: iterations=25 runtime: 133960us
Bounce: iterations=26 runtime: 137606us
Bounce: iterations=27 runtime: 134997us
Bounce: iterations=28 runtime: 134677us
Bounce: iterations=29 runtime: 134233us
Bounce: iterations=30 runtime: 137074us
Bounce: iterations=31 runtime: 135542us
Bounce: iterations=32 runtime: 134738us
Bounce: iterations=33 runtime: 134298us
Bounce: iterations=34 runtime: 137010us
Bounce: iterations=35 runtime: 135763us
Bounce: iterations=36 runtime: 134298us
Bounce: iterations=37 runtime: 133616us
Bounce: iterations=38 runtime: 135175us
Bounce: iterations=39 runtime: 135458us
Bounce: iterations=40 runtime: 133894us
Bounce: iterations=41 runtime: 133259us
Bounce: iterations=42 runtime: 135253us
Bounce: iterations=43 runtime: 135165us
Bounce: iterations=44 runtime: 133804us
Bounce: iterations=45 runtime: 133039us
Bounce: iterations=46 runtime: 136258us
Bounce: iterations=47 runtime: 144352us
Bounce: iterations=48 runtime: 133627us
Bounce: iterations=49 runtime: 133679us
Bounce: iterations=50 runtime: 133587us
Bounce: iterations=51 runtime: 137662us
Bounce: iterations=52 runtime: 135812us
Bounce: iterations=53 runtime: 134752us
Bounce: iterations=54 runtime: 134562us
Bounce: iterations=55 runtime: 136656us
Bounce: iterations=56 runtime: 134867us
Bounce: iterations=57 runtime: 134083us
Bounce: iterations=58 runtime: 133827us
Bounce: iterations=59 runtime: 136573us
Bounce: iterations=60 runtime: 134713us
Bounce: iterations=61 runtime: 133988us
Bounce: iterations=62 runtime: 133544us
Bounce: iterations=63 runtime: 137362us
Bounce: iterations=64 runtime: 136210us
Bounce: iterations=65 runtime: 135683us
Bounce: iterations=66 runtime: 135210us
Bounce: iterations=67 runtime: 135808us
Bounce: iterations=68 runtime: 134828us
Bounce: iterations=69 runtime: 133992us
Bounce: iterations=70 runtime: 133761us
Bounce: iterations=71 runtime: 134581us
Bounce: iterations=72 runtime: 135182us
Bounce: iterations=73 runtime: 134037us
Bounce: iterations=74 runtime: 133486us
Bounce: iterations=75 runtime: 132484us
Bounce: iterations=76 runtime: 136978us
Bounce: iterations=77 runtime: 134073us
Bounce: iterations=78 runtime: 133664us
Bounce: iterations=79 runtime: 133417us
Bounce: iterations=80 runtime: 136228us
Bounce: iterations=81 runtime: 134748us
Bounce: iterations=82 runtime: 134319us
Bounce: iterations=83 runtime: 133964us
Bounce: iterations=84 runtime: 135140us
Bounce: iterations=85 runtime: 133514us
Bounce: iterations=86 runtime: 132730us
Bounce: iterations=87 runtime: 132704us
Bounce: iterations=88 runtime: 135249us
Bounce: iterations=89 runtime: 135035us
Bounce: iterations=90 runtime: 134208us
Could not locate BlockSlowdown.json
Skipping Loading (this might cause a fatal crash if GTSlowdown is on)
java.nio.Buffer.capacity()int -1 codeSignature differs 138bc711c3bed648b8548df225303894eec321dce856bde9fbb2267d74239e89 != 8366e168458356e9e2795362a66f19336b0e55f9e34ac8b5d6d37702a481c8da
Bounce: iterations=91 runtime: 133971us
Bounce: iterations=92 runtime: 137976us
Bounce: iterations=93 runtime: 134153us
Bounce: iterations=94 runtime: 133456us
Bounce: iterations=95 runtime: 133155us
Bounce: iterations=96 runtime: 133899us
Bounce: iterations=97 runtime: 133942us
Bounce: iterations=98 runtime: 132731us
Bounce: iterations=99 runtime: 132548us
Bounce: iterations=100 runtime: 132352us
Bounce: iterations=101 runtime: 136394us
Bounce: iterations=102 runtime: 134718us
Bounce: iterations=103 runtime: 133700us
Bounce: iterations=104 runtime: 133762us
Bounce: iterations=105 runtime: 137374us
Bounce: iterations=106 runtime: 135278us
Bounce: iterations=107 runtime: 134704us
Bounce: iterations=108 runtime: 133959us
Bounce: iterations=109 runtime: 136227us
Bounce: iterations=110 runtime: 134601us
Bounce: iterations=111 runtime: 134092us
Bounce: iterations=112 runtime: 133446us
Bounce: iterations=113 runtime: 135738us
Bounce: iterations=114 runtime: 134331us
Bounce: iterations=115 runtime: 133010us
Bounce: iterations=116 runtime: 133084us
Bounce: iterations=117 runtime: 135095us
Bounce: iterations=118 runtime: 134540us
Bounce: iterations=119 runtime: 134205us
Bounce: iterations=120 runtime: 134093us
Bounce: iterations=121 runtime: 135454us
Bounce: iterations=122 runtime: 135032us
Bounce: iterations=123 runtime: 134193us
Bounce: iterations=124 runtime: 134286us
Bounce: iterations=125 runtime: 135251us
Bounce: iterations=126 runtime: 134747us
Could not locate BlockSlowdown.json
Skipping Loading (this might cause a fatal crash if GTSlowdown is on)
java.nio.charset.CharsetEncoder.maxBytesPerChar()float -1 codeSignature differs d0dc63dd2361c2989cb14e4cf77bfb3442e0a43d3c92bbd78638646fefb8363f != fecc7851573229b2c1300c739298992122dcb58fa032d82e9692f06a80e3cdc4
Bounce: iterations=127 runtime: 134008us
Bounce: iterations=128 runtime: 135307us
Bounce: iterations=129 runtime: 133466us
Bounce: iterations=130 runtime: 136397us
Bounce: iterations=131 runtime: 133969us
Bounce: iterations=132 runtime: 133310us
Bounce: iterations=133 runtime: 133067us
Bounce: iterations=134 runtime: 135187us
Bounce: iterations=135 runtime: 133721us
Bounce: iterations=136 runtime: 133228us
Bounce: iterations=137 runtime: 132996us
Bounce: iterations=138 runtime: 135734us
Bounce: iterations=139 runtime: 133648us
Bounce: iterations=140 runtime: 132895us
Bounce: iterations=141 runtime: 132932us
Bounce: iterations=142 runtime: 135461us
Bounce: iterations=143 runtime: 134425us
Bounce: iterations=144 runtime: 134031us
Bounce: iterations=145 runtime: 133768us
Bounce: iterations=146 runtime: 133578us
Bounce: iterations=147 runtime: 133319us
Bounce: iterations=148 runtime: 133200us
Bounce: iterations=149 runtime: 132768us
Bounce: iterations=150 runtime: 134128us
Bounce: iterations=151 runtime: 135436us
Bounce: iterations=152 runtime: 134612us
Bounce: iterations=153 runtime: 134380us
Bounce: iterations=154 runtime: 134250us
Bounce: iterations=155 runtime: 134439us
Bounce: iterations=156 runtime: 133197us
Bounce: iterations=157 runtime: 133473us
Bounce: iterations=158 runtime: 133147us
Bounce: iterations=159 runtime: 137374us
Bounce: iterations=160 runtime: 135490us
Bounce: iterations=161 runtime: 134879us
Bounce: iterations=162 runtime: 134604us
Bounce: iterations=163 runtime: 134592us
Bounce: iterations=164 runtime: 134128us
Bounce: iterations=165 runtime: 133822us
Bounce: iterations=166 runtime: 133875us
Bounce: iterations=167 runtime: 135519us
Bounce: iterations=168 runtime: 134652us
Bounce: iterations=169 runtime: 133652us
Bounce: iterations=170 runtime: 133055us
Bounce: iterations=171 runtime: 135152us
Bounce: iterations=172 runtime: 134855us
Bounce: iterations=173 runtime: 134326us
Bounce: iterations=174 runtime: 133668us
Bounce: iterations=175 runtime: 135206us
Bounce: iterations=176 runtime: 135672us
Bounce: iterations=177 runtime: 134414us
Bounce: iterations=178 runtime: 134113us
Bounce: iterations=179 runtime: 134477us
Bounce: iterations=180 runtime: 133736us
Bounce: iterations=181 runtime: 133488us
Bounce: iterations=182 runtime: 133399us
Bounce: iterations=183 runtime: 133573us
Bounce: iterations=184 runtime: 136377us
Bounce: iterations=185 runtime: 134350us
Bounce: iterations=186 runtime: 133342us
Bounce: iterations=187 runtime: 133393us
Bounce: iterations=188 runtime: 135876us
Bounce: iterations=189 runtime: 134416us
Bounce: iterations=190 runtime: 133910us
Bounce: iterations=191 runtime: 133544us
Bounce: iterations=192 runtime: 135232us
Bounce: iterations=193 runtime: 133468us
Bounce: iterations=194 runtime: 133082us
Bounce: iterations=195 runtime: 133004us
Bounce: iterations=196 runtime: 133515us
Bounce: iterations=197 runtime: 132442us
Bounce: iterations=198 runtime: 132256us
Bounce: iterations=199 runtime: 132234us
Bounce: iterations=200 runtime: 132607us
Bounce: iterations=201 runtime: 132063us
Bounce: iterations=202 runtime: 131935us
Bounce: iterations=203 runtime: 132047us
Bounce: iterations=204 runtime: 132472us
Bounce: iterations=205 runtime: 132164us
Bounce: iterations=206 runtime: 132158us
Bounce: iterations=207 runtime: 131574us
Bounce: iterations=208 runtime: 131612us
Bounce: iterations=209 runtime: 132272us
Bounce: iterations=210 runtime: 131864us
Bounce: iterations=211 runtime: 132010us
Bounce: iterations=212 runtime: 132053us
Bounce: iterations=213 runtime: 134743us
Bounce: iterations=214 runtime: 133750us
Bounce: iterations=215 runtime: 132986us
Bounce: iterations=216 runtime: 132621us
Bounce: iterations=217 runtime: 132916us
Bounce: iterations=218 runtime: 139875us
Bounce: iterations=219 runtime: 135289us
Bounce: iterations=220 runtime: 131528us
Bounce: iterations=221 runtime: 134459us
Bounce: iterations=222 runtime: 134037us
Bounce: iterations=223 runtime: 133239us
Bounce: iterations=224 runtime: 132682us
Bounce: iterations=225 runtime: 133368us
Bounce: iterations=226 runtime: 131868us
Bounce: iterations=227 runtime: 131942us
Bounce: iterations=228 runtime: 132198us
Bounce: iterations=229 runtime: 134151us
Bounce: iterations=230 runtime: 134731us
Bounce: iterations=231 runtime: 133502us
Bounce: iterations=232 runtime: 133121us
Bounce: iterations=233 runtime: 133403us
Bounce: iterations=234 runtime: 132649us
Bounce: iterations=235 runtime: 132480us
Bounce: iterations=236 runtime: 132576us
Bounce: iterations=237 runtime: 132539us
Bounce: iterations=238 runtime: 133167us
Bounce: iterations=239 runtime: 132332us
Bounce: iterations=240 runtime: 132425us
Bounce: iterations=241 runtime: 132159us
Bounce: iterations=242 runtime: 132841us
Bounce: iterations=243 runtime: 132389us
Bounce: iterations=244 runtime: 132482us
Bounce: iterations=245 runtime: 132324us
Bounce: iterations=246 runtime: 155403us
Bounce: iterations=247 runtime: 134123us
Bounce: iterations=248 runtime: 133631us
Bounce: iterations=249 runtime: 133004us
Bounce: iterations=250 runtime: 135465us
Bounce: iterations=251 runtime: 134900us
Bounce: iterations=252 runtime: 133906us
Bounce: iterations=253 runtime: 133637us
Bounce: iterations=254 runtime: 135101us
Bounce: iterations=255 runtime: 136008us
Bounce: iterations=256 runtime: 135381us
Bounce: iterations=257 runtime: 134718us
Bounce: iterations=258 runtime: 135088us
Bounce: iterations=259 runtime: 133835us
Bounce: iterations=260 runtime: 134009us
Bounce: iterations=261 runtime: 133773us
Bounce: iterations=262 runtime: 133520us
Bounce: iterations=263 runtime: 136148us
Bounce: iterations=264 runtime: 134101us
Bounce: iterations=265 runtime: 133602us
Bounce: iterations=266 runtime: 133033us
Bounce: iterations=267 runtime: 133655us
Bounce: iterations=268 runtime: 132720us
Bounce: iterations=269 runtime: 132716us
Bounce: iterations=270 runtime: 132540us
Bounce: iterations=271 runtime: 136729us
Bounce: iterations=272 runtime: 136229us
Bounce: iterations=273 runtime: 135565us
Bounce: iterations=274 runtime: 135160us
Bounce: iterations=275 runtime: 135441us
Bounce: iterations=276 runtime: 134450us
Bounce: iterations=277 runtime: 134048us
Bounce: iterations=278 runtime: 134216us
Bounce: iterations=279 runtime: 134855us
Bounce: iterations=280 runtime: 133930us
Bounce: iterations=281 runtime: 133992us
Bounce: iterations=282 runtime: 133631us
Bounce: iterations=283 runtime: 134830us
Bounce: iterations=284 runtime: 135350us
Bounce: iterations=285 runtime: 134937us
Bounce: iterations=286 runtime: 134716us
Bounce: iterations=287 runtime: 135043us
Bounce: iterations=288 runtime: 135139us
Bounce: iterations=289 runtime: 133749us
Bounce: iterations=290 runtime: 133643us
Bounce: iterations=291 runtime: 133347us
Bounce: iterations=292 runtime: 134146us
Bounce: iterations=293 runtime: 133426us
Bounce: iterations=294 runtime: 133424us
Bounce: iterations=295 runtime: 133372us
Bounce: iterations=296 runtime: 136429us
Bounce: iterations=297 runtime: 134981us
Bounce: iterations=298 runtime: 133817us
Bounce: iterations=299 runtime: 133446us
Bounce: iterations=300 runtime: 133984us
Bounce: iterations=301 runtime: 133324us
Bounce: iterations=302 runtime: 132886us
Bounce: iterations=303 runtime: 132795us
Bounce: iterations=304 runtime: 133415us
Bounce: iterations=305 runtime: 133142us
Bounce: iterations=306 runtime: 133113us
Bounce: iterations=307 runtime: 132797us
Bounce: iterations=308 runtime: 134757us
Bounce: iterations=309 runtime: 135623us
Bounce: iterations=310 runtime: 134612us
Bounce: iterations=311 runtime: 134356us
Bounce: iterations=312 runtime: 135312us
Bounce: iterations=313 runtime: 136376us
Bounce: iterations=314 runtime: 135691us
Bounce: iterations=315 runtime: 135107us
Bounce: iterations=316 runtime: 134884us
Bounce: iterations=317 runtime: 137285us
Bounce: iterations=318 runtime: 135149us
Bounce: iterations=319 runtime: 134114us
Bounce: iterations=320 runtime: 133895us
Bounce: iterations=321 runtime: 136842us
Bounce: iterations=322 runtime: 135484us
Bounce: iterations=323 runtime: 140269us
Bounce: iterations=324 runtime: 133381us
Bounce: iterations=325 runtime: 135835us
Bounce: iterations=326 runtime: 134983us
Bounce: iterations=327 runtime: 134387us
Bounce: iterations=328 runtime: 133906us
Bounce: iterations=329 runtime: 135809us
Bounce: iterations=330 runtime: 134792us
Bounce: iterations=331 runtime: 133687us
Bounce: iterations=332 runtime: 133682us
Bounce: iterations=333 runtime: 135641us
Bounce: iterations=334 runtime: 135745us
Bounce: iterations=335 runtime: 133872us
Bounce: iterations=336 runtime: 133651us
Bounce: iterations=337 runtime: 135168us
Bounce: iterations=338 runtime: 134742us
Bounce: iterations=339 runtime: 134139us
Bounce: iterations=340 runtime: 133789us
Bounce: iterations=341 runtime: 134030us
Bounce: iterations=342 runtime: 134931us
Bounce: iterations=343 runtime: 134473us
Bounce: iterations=344 runtime: 134354us
Bounce: iterations=345 runtime: 134076us
Bounce: iterations=346 runtime: 136426us
Bounce: iterations=347 runtime: 135056us
Bounce: iterations=348 runtime: 141424us
Bounce: iterations=349 runtime: 134720us
Bounce: iterations=350 runtime: 134041us
Bounce: iterations=351 runtime: 133007us
Bounce: iterations=352 runtime: 132735us
Bounce: iterations=353 runtime: 132390us
Bounce: iterations=354 runtime: 132856us
Bounce: iterations=355 runtime: 132160us
Bounce: iterations=356 runtime: 132433us
Bounce: iterations=357 runtime: 132536us
Bounce: iterations=358 runtime: 134665us
Bounce: iterations=359 runtime: 134483us
Bounce: iterations=360 runtime: 133888us
Bounce: iterations=361 runtime: 133633us
Bounce: iterations=362 runtime: 133936us
Bounce: iterations=363 runtime: 133119us
Bounce: iterations=364 runtime: 132931us
Bounce: iterations=365 runtime: 132996us
Bounce: iterations=366 runtime: 133538us
Bounce: iterations=367 runtime: 132812us
Bounce: iterations=368 runtime: 132750us
Bounce: iterations=369 runtime: 132326us
Bounce: iterations=370 runtime: 132275us
Bounce: iterations=371 runtime: 137118us
Bounce: iterations=372 runtime: 134363us
Bounce: iterations=373 runtime: 133781us
Bounce: iterations=374 runtime: 133628us
Bounce: iterations=375 runtime: 136283us
Bounce: iterations=376 runtime: 134768us
Bounce: iterations=377 runtime: 134413us
Bounce: iterations=378 runtime: 134521us
Bounce: iterations=379 runtime: 134716us
Bounce: iterations=380 runtime: 133626us
Bounce: iterations=381 runtime: 133690us
Bounce: iterations=382 runtime: 133581us
Bounce: iterations=383 runtime: 134193us
Bounce: iterations=384 runtime: 133349us
Bounce: iterations=385 runtime: 133039us
Bounce: iterations=386 runtime: 133416us
Bounce: iterations=387 runtime: 135008us
Bounce: iterations=388 runtime: 135129us
Bounce: iterations=389 runtime: 134131us
Bounce: iterations=390 runtime: 133572us
Bounce: iterations=391 runtime: 134822us
Bounce: iterations=392 runtime: 135568us
Bounce: iterations=393 runtime: 134283us
Bounce: iterations=394 runtime: 133887us
Bounce: iterations=395 runtime: 134478us
Bounce: iterations=396 runtime: 135579us
Bounce: iterations=397 runtime: 134166us
Bounce: iterations=398 runtime: 133625us
Bounce: iterations=399 runtime: 133498us
Bounce: iterations=400 runtime: 133938us
Bounce: iterations=401 runtime: 132494us
Could not locate BlockSlowdown.json
Skipping Loading (this might cause a fatal crash if GTSlowdown is on)
java.lang.StringLatin1.inflate(byte[], int, char[], int, int)void -1 codeSignature differs db8012b016ca99189c62cfb7b913b1f5bdbe35a6c740579c3f7d75f8facc27c6 != 17fc64c9586f0ecf27e1468b2eeb1b40eb8569e6db2faf747d95dee3bfb3e1f0
java.lang.StringLatin1.inflate(byte[], int, char[], int, int)void -1 graphSignature differs 17e6f3ed6596e5d6840a8a77065c9470c41838c2630b4535538ec163efd33e69 != e838eb1809aadd841c1ff5fe2e7a1043b73670d291c51dcf64d0aae8eaa2b7e0
Bounce: iterations=402 runtime: 132344us
Bounce: iterations=403 runtime: 135806us
Bounce: iterations=404 runtime: 136705us
Bounce: iterations=405 runtime: 135180us
Bounce: iterations=406 runtime: 134771us
Bounce: iterations=407 runtime: 134387us
Bounce: iterations=408 runtime: 134342us
Bounce: iterations=409 runtime: 133617us
Bounce: iterations=410 runtime: 133262us
Bounce: iterations=411 runtime: 133069us
Bounce: iterations=412 runtime: 135413us
Bounce: iterations=413 runtime: 134548us
Bounce: iterations=414 runtime: 134010us
Bounce: iterations=415 runtime: 135538us
Bounce: iterations=416 runtime: 157060us
Bounce: iterations=417 runtime: 133856us
Bounce: iterations=418 runtime: 133268us
Bounce: iterations=419 runtime: 133142us
Bounce: iterations=420 runtime: 133386us
Bounce: iterations=421 runtime: 132842us
Bounce: iterations=422 runtime: 132565us
Bounce: iterations=423 runtime: 132554us
Bounce: iterations=424 runtime: 132762us
Bounce: iterations=425 runtime: 133317us
Bounce: iterations=426 runtime: 132812us
Bounce: iterations=427 runtime: 132476us
Bounce: iterations=428 runtime: 132441us
Bounce: iterations=429 runtime: 136037us
Bounce: iterations=430 runtime: 135108us
Bounce: iterations=431 runtime: 134229us
Bounce: iterations=432 runtime: 133783us
Bounce: iterations=433 runtime: 134424us
Bounce: iterations=434 runtime: 133594us
Bounce: iterations=435 runtime: 133178us
Bounce: iterations=436 runtime: 133033us
Bounce: iterations=437 runtime: 136049us
Bounce: iterations=438 runtime: 135910us
Bounce: iterations=439 runtime: 135353us
Bounce: iterations=440 runtime: 135155us
Bounce: iterations=441 runtime: 135871us
Bounce: iterations=442 runtime: 133974us
Bounce: iterations=443 runtime: 132982us
Bounce: iterations=444 runtime: 132471us
Bounce: iterations=445 runtime: 133128us
Bounce: iterations=446 runtime: 132789us
Bounce: iterations=447 runtime: 132339us
Bounce: iterations=448 runtime: 132138us
Bounce: iterations=449 runtime: 133180us
Bounce: iterations=450 runtime: 134712us
Bounce: iterations=451 runtime: 133684us
Bounce: iterations=452 runtime: 133216us
Bounce: iterations=453 runtime: 132965us
Bounce: iterations=454 runtime: 136087us
Bounce: iterations=455 runtime: 134172us
Bounce: iterations=456 runtime: 133755us
Bounce: iterations=457 runtime: 133538us
Bounce: iterations=458 runtime: 136166us
Bounce: iterations=459 runtime: 134396us
Bounce: iterations=460 runtime: 133857us
Bounce: iterations=461 runtime: 133682us
Bounce: iterations=462 runtime: 133928us
Bounce: iterations=463 runtime: 133038us
Bounce: iterations=464 runtime: 132923us
Bounce: iterations=465 runtime: 132711us
Bounce: iterations=466 runtime: 133463us
Bounce: iterations=467 runtime: 132979us
Bounce: iterations=468 runtime: 132668us
Bounce: iterations=469 runtime: 132943us
Bounce: iterations=470 runtime: 133616us
Bounce: iterations=471 runtime: 132573us
Bounce: iterations=472 runtime: 132336us
Bounce: iterations=473 runtime: 132185us
Bounce: iterations=474 runtime: 133263us
Bounce: iterations=475 runtime: 134796us
Bounce: iterations=476 runtime: 133551us
Bounce: iterations=477 runtime: 133043us
Bounce: iterations=478 runtime: 133067us
Bounce: iterations=479 runtime: 133449us
Bounce: iterations=480 runtime: 132505us
Bounce: iterations=481 runtime: 143176us
Bounce: iterations=482 runtime: 134902us
Bounce: iterations=483 runtime: 134718us
Bounce: iterations=484 runtime: 133364us
Bounce: iterations=485 runtime: 133036us
Bounce: iterations=486 runtime: 133028us
Bounce: iterations=487 runtime: 135711us
Bounce: iterations=488 runtime: 134796us
Bounce: iterations=489 runtime: 134248us
Bounce: iterations=490 runtime: 133932us
Bounce: iterations=491 runtime: 135030us
Bounce: iterations=492 runtime: 137588us
Bounce: iterations=493 runtime: 140349us
Bounce: iterations=494 runtime: 132222us
Bounce: iterations=495 runtime: 134233us
Bounce: iterations=496 runtime: 134530us
Bounce: iterations=497 runtime: 134040us
Bounce: iterations=498 runtime: 133605us
Bounce: iterations=499 runtime: 134507us
Bounce: iterations=500 runtime: 134681us
Could not locate BlockSlowdown.json
Skipping Loading (this might cause a fatal crash if GTSlowdown is on)
jdk.internal.constant.PrimitiveClassDescImpl.descriptorString()java.lang.String -1 codeSignature differs 7722674ec43cccc19227bd0fe31433696da3716816c65b03f1730e1c0254917a != d487d8a2503fc353385b06f3b95e8ab10a6fe5294aa12ef213c2f0b58f53bb2d
jdk.internal.classfile.impl.AbstractPoolEntry$ClassEntryImpl.tag()int -1 codeSignature differs 5404769be9f3dbc3cb72c5db1a8ad8dd44853cedba352c69c6db32de21c4dbb9 != 1c5cefc40a914f135a319bd8d405841fbf0f0e92dfa85c790bd1c66c2edacece
java.lang.Class.getComponentType()java.lang.Class -1 codeSignature differs b319d91a6485f244b602f37bbb015c7b083103cb0168540c8f7172a6f77fcdb4 != ca3e2776cb0744dcbd5af9f18a41221cfb7ea6616e2c92fa3282d7012b2bb32a
java.lang.constant.ClassDesc.isPrimitive()boolean -1 codeSignature differs d890ffc04cd03ec866061096d7d13d2670cacc5a2328b692374e3523d40574bd != 6120e833de16ceab3ef754d1b00c19883b3f73962ba2cdf17c59c3710ba02d36
java.lang.StringCoding.implEncodeAsciiArray(char[], int, byte[], int, int)int -1 codeSignature differs 50fc2ab147a0d1f774dbb7a40d02e9f4cb01533c3b2eb372b428b493e4359be7 != 726c589bc3028695e1ab333a2ffc6cdaf3378a0846f06129cd80bec52bf52833
java.lang.StringCoding.implEncodeAsciiArray(char[], int, byte[], int, int)int -1 graphSignature differs bc8f20c8c772d3cc0eaba9b68bcd84047d761ba16a7aeb64fe90c36d37dcccb7 != 3bdd078c3a9d60d7eff24b6603d8a355db817965321aded167eb2387bae94eb4
Bounce: iterations=500 average: 134422us total: 67211109us


java.lang.invoke.MethodTypeForm.parameterSlotCount()int -1 codeSignature differs ad156c9aebe2f06c30e3b5dbbec2e173bc1370acb4ba42d2464dda8cd03d5b04 != 631f1ee6b294c0668302aaa578afb6c4bc9eb79e5bdf6a7916a36c576b1ba42d
Total Runtime: 67211109us
Bubo.RDTSC.Harness.main Total RDTSC cycles: 222904647508
Comp 52 (java.util.ImmutableCollections$SetN$SetNIterator.next()) loops:
Found Encoding : 0:-1
└── Loop 0
  loop 0 Cycles: 356892 || Activation Count:0 | LoopCallCount: 0 |  Source: -at java.util.ImmutableCollections$SetN$SetNIterator.next(ImmutableCollections.java:1213) [bci: 21] | -at java.util.ImmutableCollections$SetN$SetNIterator.next(ImmutableCollections.java:1223) [bci: 65]
Comp 56 (java.util.HashMap.putVal(int,) loops:
Found Encoding : 0:-1
└── Loop 0
  loop 0 Cycles: 11110 || Activation Count:0 | LoopCallCount: 0 |  Source: -at java.util.HashMap.putVal(HashMap.java:648) [bci: 134] | -at java.util.HashMap.putVal(HashMap.java:649) [bci: 145]
Comp 57 (java.lang.String.equals(Object)) loops:
Found Encoding : 0:-1
└── Loop 0
  loop 0 Cycles: 8882 || Activation Count:0 | LoopCallCount: 0 |  Source: -at java.lang.StringLatin1.equals(StringLatin1.java:100) [bci: 9]
-at java.lang.String.equals(String.java:1926) [bci: 44] | -at java.lang.StringLatin1.equals(StringLatin1.java:105) [bci: 32]
-at java.lang.String.equals(String.java:1926) [bci: 44]
Comp 75 (java.util.HashMap.resize()) loops:
Found Encoding : 2:-1,0:-1,1:0
├── Loop 2
└── Loop 0
    └── Loop 1
  loop 0 Cycles: 30836 || Activation Count:0 | LoopCallCount: 0 |  Source: -at java.util.HashMap.resize(HashMap.java:714) [bci: 151] | -at java.util.HashMap.resize(HashMap.java:755) [bci: 353]
  loop 1 Cycles: 9100 || Activation Count:0 | LoopCallCount: 0 |  Source: -at java.util.HashMap.resize(HashMap.java:727) [bci: 235] | -at java.util.HashMap.resize(HashMap.java:743) [bci: 309]
  loop 2 Cycles: 16330 || Activation Count:0 | LoopCallCount: 0 |  Source: -at jdk.graal.compiler.hotspot.replacements.HotSpotAllocationSnippets.allocateArray(KlassPointer, int, int, int, AllocationSnippets$FillContent, int, boolean, boolean, boolean, boolean, HotSpotAllocationSnippets$HotSpotAllocationProfilingData, boolea
Comp 88 (java.util.Properties$LineReader.readLine()) loops:
Found Encoding : 5:-1,3:-1,4:3,0:-1,1:0,2:1
├── Loop 5
├── Loop 3
│   └── Loop 4
└── Loop 0
    └── Loop 1
        └── Loop 2
  loop 1 Cycles: 268384 || Activation Count:0 | LoopCallCount: 1 |  Source: -at java.util.Properties$LineReader.readLine(Properties.java:538) [bci: 219] | -at java.util.Properties$LineReader.readLine(Properties.java:543) [bci: 259]
  loop 2 Cycles: 16744 || Activation Count:0 | LoopCallCount: 0 |  Source: -at java.util.Properties$LineReader.readLine(Properties.java:540) [bci: 224] | -at java.util.Properties$LineReader.readLine(Properties.java:543) [bci: 259]
  loop 5 Cycles: 444 || Activation Count:0 | LoopCallCount: 0 |  Source: -at java.util.Properties$LineReader.readLine(Properties.java:540) [bci: 224] | -at java.util.Properties$LineReader.readLine(Properties.java:543) [bci: 259]
Comp 89 (java.util.Properties$LineReader.readLine()-Re-Comp) loops:
Found Encoding : 0:-1,1:0,2:1
└── Loop 0
    └── Loop 1
        └── Loop 2
  loop 0 Cycles: 548210 || Activation Count:0 | LoopCallCount: 2 |  Source: -at java.util.Properties$LineReader.readLine(Properties.java:504) [bci: 53] | -at java.util.Properties$LineReader.readLine(Properties.java:615) [bci: 577]
  loop 1 Cycles: 492668 || Activation Count:0 | LoopCallCount: 1 |  Source: -at java.util.Properties$LineReader.readLine(Properties.java:538) [bci: 219] | -at java.util.Properties$LineReader.readLine(Properties.java:543) [bci: 259]
  loop 2 Cycles: 143066 || Activation Count:0 | LoopCallCount: 0 |  Source: -at java.util.Properties$LineReader.readLine(Properties.java:540) [bci: 224] | -at java.util.Properties$LineReader.readLine(Properties.java:545) [bci: 262]
Comp 92 (jdk.internal.util.ArraysSupport.unsignedHashCode(int,) loops:
Found Encoding : 0:-1,1:-1,2:-1
├── Loop 0
├── Loop 1
└── Loop 2
  loop 0 Cycles: 55736 || Activation Count:0 | LoopCallCount: 0 |  Source: -at jdk.internal.util.ArraysSupport.unsignedHashCode(ArraysSupport.java:378) [bci: 8] | -at jdk.internal.util.ArraysSupport.unsignedHashCode(ArraysSupport.java:381) [bci: 34]
  loop 1 Cycles: 107068 || Activation Count:0 | LoopCallCount: 0 |  Source: Source Missing | -at jdk.internal.util.ArraysSupport.unsignedHashCode(ArraysSupport.java:381) [bci: 34]
  loop 2 Cycles: 91402 || Activation Count:0 | LoopCallCount: 0 |  Source: Source Missing | -at jdk.internal.util.ArraysSupport.unsignedHashCode(ArraysSupport.java:381) [bci: 34]
Comp 120 (java.lang.StringLatin1.equals(byte[],) loops:
Found Encoding : 0:-1
└── Loop 0
  loop 0 Cycles: 4296 || Activation Count:0 | LoopCallCount: 0 |  Source: -at java.lang.StringLatin1.equals(StringLatin1.java:100) [bci: 9] | -at java.lang.StringLatin1.equals(StringLatin1.java:105) [bci: 32]
Comp 125 (Bounce.benchmark()) loops:
Found Encoding : 2:-1,0:-1,1:0
├── Loop 2
└── Loop 0
    └── Loop 1
  loop 0 Cycles: 88794 || Activation Count:0 | LoopCallCount: 0 |  Source: -at Bounce.benchmark() [bci: 33] | -at Bounce.benchmark() [bci: 89]
  loop 1 Cycles: 85200 || Activation Count:0 | LoopCallCount: 0 |  Source: -at Bounce.benchmark() [bci: 52] | -at Bounce.benchmark() [bci: 83]
  loop 2 Cycles: 628 || Activation Count:0 | LoopCallCount: 0 |  Source: -at Bounce.benchmark() [bci: 52] | -at Bounce.benchmark() [bci: 83]
Comp 126 (Bounce.benchmark()-Re-Comp) loops:
Found Encoding : 3:-1,2:-1,0:-1,1:0
├── Loop 3
├── Loop 2
└── Loop 0
    └── Loop 1
  loop 0 Cycles: 208093207426 || Activation Count:0 | LoopCallCount: 0 |  Source: -at Bounce.benchmark() [bci: 33] | -at Bounce.benchmark() [bci: 89]
  loop 1 Cycles: 190906887620 || Activation Count:0 | LoopCallCount: 0 |  Source: -at Bounce.benchmark() [bci: 52] | -at Bounce.benchmark() [bci: 83]
  loop 2 Cycles: 12568181570 || Activation Count:0 | LoopCallCount: 1 |  Source: -at java.util.Arrays.setAll(Arrays.java:5097) [bci: 7]
-at Bounce.benchmark() [bci: 27] | -at java.util.Arrays.setAll(Arrays.java:5099) [bci: 29]
-at Bounce.benchmark() [bci: 27]
  loop 3 Cycles: 585273880 || Activation Count:0 | LoopCallCount: 0 |  Source: -at jdk.graal.compiler.hotspot.replacements.HotSpotAllocationSnippets.allocateArray(KlassPointer, int, int, int, AllocationSnippets$FillContent, int, boolean, boolean, boolean, boolean, HotSpotAllocationSnippets$HotSpotAllocationProfilingData, boole
Comp 143 (Benchmark.innerBenchmarkLoop(int)) loops:
Found Encoding : 0:-1
└── Loop 0
  loop 0 Cycles: 430422246 || Activation Count:0 | LoopCallCount: 1 |  Source: -at Benchmark.innerBenchmarkLoop(int) [bci: 2] | -at Benchmark.innerBenchmarkLoop(int) [bci: 26]
Comp 144 (Benchmark.innerBenchmarkLoop(int)-Re-Comp) loops:
Found Encoding : 0:-1
└── Loop 0
  loop 0 Cycles: 221046312320 || Activation Count:0 | LoopCallCount: 1 |  Source: -at Benchmark.innerBenchmarkLoop(int) [bci: 2] | -at Benchmark.innerBenchmarkLoop(int) [bci: 26]
Comp 152 (java.lang.StringLatin1.inflate(byte[],) loops:
Found Encoding : 0:-1,1:-1,2:-1
├── Loop 0
├── Loop 1
└── Loop 2
  loop 0 Cycles: 13592 || Activation Count:0 | LoopCallCount: 0 |  Source: -at java.lang.StringLatin1.inflate(StringLatin1.java:767) [bci: 3] | -at java.lang.StringLatin1.inflate(StringLatin1.java:770) [bci: 33]
  loop 1 Cycles: 22020 || Activation Count:0 | LoopCallCount: 0 |  Source: Source Missing | -at java.lang.StringLatin1.inflate(StringLatin1.java:770) [bci: 33]
  loop 2 Cycles: 16350 || Activation Count:0 | LoopCallCount: 0 |  Source: Source Missing | -at java.lang.StringLatin1.inflate(StringLatin1.java:770) [bci: 33]
Comp 161 (java.lang.StringCoding.implEncodeAsciiArray(char[],) loops:
Found Encoding : 0:-1
└── Loop 0
  loop 0 Cycles: 188 || Activation Count:0 | LoopCallCount: 0 |  Source: -at java.lang.StringCoding.implEncodeAsciiArray(StringCoding.java:118) [bci: 3] | -at java.lang.StringCoding.implEncodeAsciiArray(StringCoding.java:124) [bci: 44]
Comp 162 (java.lang.StringCoding.implEncodeAsciiArray(char[],-Re-Comp) loops:
Found Encoding : 0:-1
└── Loop 0
  loop 0 Cycles: 628 || Activation Count:0 | LoopCallCount: 0 |  Source: -at java.lang.StringCoding.implEncodeAsciiArray(StringCoding.java:118) [bci: 3] | -at java.lang.StringCoding.implEncodeAsciiArray(StringCoding.java:124) [bci: 44]

Finished Bounce BuboOn at Fri 23 Jan 14:13:23 GMT 2026
============================================================
