============================================================
Benchmark: Json
BuboLIRPhase: true
RUNS: 500
extra_args: 100
Replay file: /home/hb478/repos/GTSlowdownSchedular/FinalBuboTests/WithoutProbe/AWFY/Json/Json_CompilerReplay
Timestamp: Fri 23 Jan 14:11:29 GMT 2026

Could not locate BlockSlowdown.json
Skipping Loading (this might cause a fatal crash if GTSlowdown is on)
Could not locate BlockSlowdown.json
Skipping Loading (this might cause a fatal crash if GTSlowdown is on)
Starting Json benchmark ...
Json: iterations=1 runtime: 449541us
Json: iterations=2 runtime: 97425us
Json: iterations=3 runtime: 111284us
Json: iterations=4 runtime: 93403us
Json: iterations=5 runtime: 96667us
Json: iterations=6 runtime: 93396us
Json: iterations=7 runtime: 93245us
Json: iterations=8 runtime: 93159us
Json: iterations=9 runtime: 93132us
Json: iterations=10 runtime: 93080us
Json: iterations=11 runtime: 93025us
Json: iterations=12 runtime: 94448us
Json: iterations=13 runtime: 93214us
Json: iterations=14 runtime: 93288us
Json: iterations=15 runtime: 92118us
Json: iterations=16 runtime: 94297us
Json: iterations=17 runtime: 94247us
Json: iterations=18 runtime: 92997us
Json: iterations=19 runtime: 92987us
Json: iterations=20 runtime: 92948us
Json: iterations=21 runtime: 93196us
Json: iterations=22 runtime: 93492us
Json: iterations=23 runtime: 124260us
Json: iterations=24 runtime: 92922us
Json: iterations=25 runtime: 92815us
Json: iterations=26 runtime: 92719us
Json: iterations=27 runtime: 92862us
Json: iterations=28 runtime: 92702us
Json: iterations=29 runtime: 92665us
Json: iterations=30 runtime: 92732us
Json: iterations=31 runtime: 92632us
Json: iterations=32 runtime: 91935us
Json: iterations=33 runtime: 95406us
Json: iterations=34 runtime: 92831us
Json: iterations=35 runtime: 92615us
Json: iterations=36 runtime: 92414us
Json: iterations=37 runtime: 92484us
Json: iterations=38 runtime: 92448us
Json: iterations=39 runtime: 92431us
Json: iterations=40 runtime: 92435us
Json: iterations=41 runtime: 92527us
Json: iterations=42 runtime: 92433us
Json: iterations=43 runtime: 92520us
Json: iterations=44 runtime: 92554us
Json: iterations=45 runtime: 92415us
Json: iterations=46 runtime: 92409us
Json: iterations=47 runtime: 92415us
Json: iterations=48 runtime: 92416us
Json: iterations=49 runtime: 92098us
Json: iterations=50 runtime: 91661us
Json: iterations=51 runtime: 92128us
Json: iterations=52 runtime: 92308us
Json: iterations=53 runtime: 92316us
Json: iterations=54 runtime: 92141us
Json: iterations=55 runtime: 92216us
Json: iterations=56 runtime: 92369us
Json: iterations=57 runtime: 92469us
Json: iterations=58 runtime: 92342us
Json: iterations=59 runtime: 92438us
Json: iterations=60 runtime: 92489us
Json: iterations=61 runtime: 92366us
Json: iterations=62 runtime: 92315us
Json: iterations=63 runtime: 92161us
Json: iterations=64 runtime: 92124us
Json: iterations=65 runtime: 92374us
Json: iterations=66 runtime: 92392us
Json: iterations=67 runtime: 92410us
Could not locate BlockSlowdown.json
Skipping Loading (this might cause a fatal crash if GTSlowdown is on)
Json: iterations=68 runtime: 144272us
Json: iterations=69 runtime: 92126us
Json: iterations=70 runtime: 92232us
Json: iterations=71 runtime: 92524us
Json: iterations=72 runtime: 92523us
Json: iterations=73 runtime: 92266us
Json: iterations=74 runtime: 92526us
Json: iterations=75 runtime: 92512us
Json: iterations=76 runtime: 92520us
Json: iterations=77 runtime: 92350us
Json: iterations=78 runtime: 92309us
Json: iterations=79 runtime: 92554us
Json: iterations=80 runtime: 92380us
Json: iterations=81 runtime: 92321us
Json: iterations=82 runtime: 92314us
Json: iterations=83 runtime: 92273us
Json: iterations=84 runtime: 92179us
Json: iterations=85 runtime: 92298us
Json: iterations=86 runtime: 91518us
Json: iterations=87 runtime: 92250us
Json: iterations=88 runtime: 92132us
Json: iterations=89 runtime: 92392us
Json: iterations=90 runtime: 92269us
Could not locate BlockSlowdown.json
Skipping Loading (this might cause a fatal crash if GTSlowdown is on)
Json: iterations=91 runtime: 92243us
Json: iterations=92 runtime: 92535us
Json: iterations=93 runtime: 92347us
Json: iterations=94 runtime: 92314us
Json: iterations=95 runtime: 92172us
Json: iterations=96 runtime: 92224us
Json: iterations=97 runtime: 92071us
Json: iterations=98 runtime: 92187us
Json: iterations=99 runtime: 92320us
Json: iterations=100 runtime: 92018us
Json: iterations=101 runtime: 92271us
Json: iterations=102 runtime: 92426us
Json: iterations=103 runtime: 91664us
Json: iterations=104 runtime: 92448us
Json: iterations=105 runtime: 92449us
Json: iterations=106 runtime: 92353us
Json: iterations=107 runtime: 92489us
Json: iterations=108 runtime: 92606us
Json: iterations=109 runtime: 92273us
Json: iterations=110 runtime: 92291us
Json: iterations=111 runtime: 92355us
Json: iterations=112 runtime: 92439us
Json: iterations=113 runtime: 92150us
Json: iterations=114 runtime: 92293us
Json: iterations=115 runtime: 92253us
Json: iterations=116 runtime: 92211us
Json: iterations=117 runtime: 91965us
Json: iterations=118 runtime: 92079us
Json: iterations=119 runtime: 92190us
Json: iterations=120 runtime: 92229us
Json: iterations=121 runtime: 92082us
Json: iterations=122 runtime: 92196us
Json: iterations=123 runtime: 92359us
Json: iterations=124 runtime: 92647us
Json: iterations=125 runtime: 92636us
Json: iterations=126 runtime: 92572us
Could not locate BlockSlowdown.json
Skipping Loading (this might cause a fatal crash if GTSlowdown is on)
Json: iterations=127 runtime: 92384us
Json: iterations=128 runtime: 92666us
Json: iterations=129 runtime: 92431us
Json: iterations=130 runtime: 92664us
Json: iterations=131 runtime: 92440us
Json: iterations=132 runtime: 92224us
Json: iterations=133 runtime: 92409us
Json: iterations=134 runtime: 92491us
Json: iterations=135 runtime: 92485us
Json: iterations=136 runtime: 92233us
Json: iterations=137 runtime: 92173us
Json: iterations=138 runtime: 92405us
Json: iterations=139 runtime: 91621us
Json: iterations=140 runtime: 92288us
Json: iterations=141 runtime: 92155us
Json: iterations=142 runtime: 92448us
Json: iterations=143 runtime: 92186us
Json: iterations=144 runtime: 92381us
Json: iterations=145 runtime: 92455us
Json: iterations=146 runtime: 92211us
Json: iterations=147 runtime: 92185us
Json: iterations=148 runtime: 92347us
Json: iterations=149 runtime: 92531us
Json: iterations=150 runtime: 92012us
Json: iterations=151 runtime: 92293us
Json: iterations=152 runtime: 92260us
Json: iterations=153 runtime: 92451us
Json: iterations=154 runtime: 92163us
Json: iterations=155 runtime: 92332us
Json: iterations=156 runtime: 92265us
Json: iterations=157 runtime: 91610us
Json: iterations=158 runtime: 92198us
Json: iterations=159 runtime: 92312us
Json: iterations=160 runtime: 92310us
Json: iterations=161 runtime: 92316us
Json: iterations=162 runtime: 92264us
Json: iterations=163 runtime: 92046us
Json: iterations=164 runtime: 92036us
Json: iterations=165 runtime: 92075us
Json: iterations=166 runtime: 92224us
Json: iterations=167 runtime: 92377us
Json: iterations=168 runtime: 92208us
Json: iterations=169 runtime: 92150us
Json: iterations=170 runtime: 92232us
Json: iterations=171 runtime: 92454us
Json: iterations=172 runtime: 92491us
Json: iterations=173 runtime: 98052us
Json: iterations=174 runtime: 94530us
Json: iterations=175 runtime: 92431us
Json: iterations=176 runtime: 92157us
Json: iterations=177 runtime: 92301us
Json: iterations=178 runtime: 92365us
Json: iterations=179 runtime: 92624us
Json: iterations=180 runtime: 92405us
Json: iterations=181 runtime: 92334us
Json: iterations=182 runtime: 92365us
Json: iterations=183 runtime: 92081us
Json: iterations=184 runtime: 92212us
Json: iterations=185 runtime: 93226us
Json: iterations=186 runtime: 92112us
Json: iterations=187 runtime: 92040us
Json: iterations=188 runtime: 92129us
Json: iterations=189 runtime: 92198us
Json: iterations=190 runtime: 92052us
Json: iterations=191 runtime: 92662us
Json: iterations=192 runtime: 91583us
Json: iterations=193 runtime: 92035us
Json: iterations=194 runtime: 92220us
Json: iterations=195 runtime: 92015us
Json: iterations=196 runtime: 92020us
Json: iterations=197 runtime: 92309us
Json: iterations=198 runtime: 92067us
Json: iterations=199 runtime: 92014us
Json: iterations=200 runtime: 92144us
Json: iterations=201 runtime: 92142us
Json: iterations=202 runtime: 92315us
Json: iterations=203 runtime: 92171us
Json: iterations=204 runtime: 92037us
Could not locate BlockSlowdown.json
Skipping Loading (this might cause a fatal crash if GTSlowdown is on)
Json: iterations=205 runtime: 183146us
Json: iterations=206 runtime: 92241us
Json: iterations=207 runtime: 91980us
Json: iterations=208 runtime: 92285us
Json: iterations=209 runtime: 92013us
Json: iterations=210 runtime: 91601us
Json: iterations=211 runtime: 91910us
Json: iterations=212 runtime: 91991us
Json: iterations=213 runtime: 91984us
Json: iterations=214 runtime: 92166us
Json: iterations=215 runtime: 92064us
Json: iterations=216 runtime: 92237us
Json: iterations=217 runtime: 92128us
Json: iterations=218 runtime: 91925us
Json: iterations=219 runtime: 92115us
Json: iterations=220 runtime: 92170us
Json: iterations=221 runtime: 92100us
Json: iterations=222 runtime: 92188us
Json: iterations=223 runtime: 92189us
Json: iterations=224 runtime: 92035us
Json: iterations=225 runtime: 92080us
Json: iterations=226 runtime: 92159us
Json: iterations=227 runtime: 92076us
Json: iterations=228 runtime: 91580us
Json: iterations=229 runtime: 92152us
Json: iterations=230 runtime: 92172us
Json: iterations=231 runtime: 92060us
Json: iterations=232 runtime: 92815us
Json: iterations=233 runtime: 92526us
Json: iterations=234 runtime: 92100us
Json: iterations=235 runtime: 92279us
Json: iterations=236 runtime: 92388us
Json: iterations=237 runtime: 92478us
Json: iterations=238 runtime: 92471us
Json: iterations=239 runtime: 92408us
Json: iterations=240 runtime: 92446us
Json: iterations=241 runtime: 92513us
Json: iterations=242 runtime: 92346us
Json: iterations=243 runtime: 92401us
Json: iterations=244 runtime: 92386us
Json: iterations=245 runtime: 91530us
Json: iterations=246 runtime: 92600us
Json: iterations=247 runtime: 92292us
Json: iterations=248 runtime: 92378us
Json: iterations=249 runtime: 92355us
Json: iterations=250 runtime: 92450us
Json: iterations=251 runtime: 92157us
Json: iterations=252 runtime: 92313us
Json: iterations=253 runtime: 92291us
Json: iterations=254 runtime: 92397us
Json: iterations=255 runtime: 92470us
Json: iterations=256 runtime: 92384us
Json: iterations=257 runtime: 92420us
Json: iterations=258 runtime: 92339us
Json: iterations=259 runtime: 92317us
Json: iterations=260 runtime: 92350us
Json: iterations=261 runtime: 92348us
Json: iterations=262 runtime: 92342us
Json: iterations=263 runtime: 91572us
Json: iterations=264 runtime: 92340us
Json: iterations=265 runtime: 92431us
Json: iterations=266 runtime: 92359us
Json: iterations=267 runtime: 92281us
Json: iterations=268 runtime: 92359us
Json: iterations=269 runtime: 92244us
Json: iterations=270 runtime: 92406us
Json: iterations=271 runtime: 92362us
Json: iterations=272 runtime: 92398us
Json: iterations=273 runtime: 93707us
Json: iterations=274 runtime: 92294us
Json: iterations=275 runtime: 92338us
Json: iterations=276 runtime: 92408us
Json: iterations=277 runtime: 92314us
Json: iterations=278 runtime: 92362us
Json: iterations=279 runtime: 92682us
Json: iterations=280 runtime: 92455us
Json: iterations=281 runtime: 91573us
Json: iterations=282 runtime: 92437us
Json: iterations=283 runtime: 92438us
Json: iterations=284 runtime: 92375us
Json: iterations=285 runtime: 92398us
Json: iterations=286 runtime: 92410us
Json: iterations=287 runtime: 92430us
Json: iterations=288 runtime: 92335us
Json: iterations=289 runtime: 92532us
Json: iterations=290 runtime: 92429us
Json: iterations=291 runtime: 92319us
Json: iterations=292 runtime: 92481us
Json: iterations=293 runtime: 92292us
Json: iterations=294 runtime: 92400us
Json: iterations=295 runtime: 92240us
Json: iterations=296 runtime: 92325us
Json: iterations=297 runtime: 92346us
Json: iterations=298 runtime: 91554us
Json: iterations=299 runtime: 92091us
Json: iterations=300 runtime: 92273us
Json: iterations=301 runtime: 92346us
Json: iterations=302 runtime: 92324us
Json: iterations=303 runtime: 92380us
Json: iterations=304 runtime: 92341us
Json: iterations=305 runtime: 92189us
Json: iterations=306 runtime: 92326us
Json: iterations=307 runtime: 92175us
Json: iterations=308 runtime: 92347us
Json: iterations=309 runtime: 92188us
Json: iterations=310 runtime: 92239us
Json: iterations=311 runtime: 92325us
Json: iterations=312 runtime: 92420us
Json: iterations=313 runtime: 92230us
Json: iterations=314 runtime: 92112us
Json: iterations=315 runtime: 92147us
Json: iterations=316 runtime: 91752us
Json: iterations=317 runtime: 92154us
Json: iterations=318 runtime: 92139us
Json: iterations=319 runtime: 91871us
Json: iterations=320 runtime: 92040us
Json: iterations=321 runtime: 91975us
Json: iterations=322 runtime: 92020us
Json: iterations=323 runtime: 93925us
Json: iterations=324 runtime: 94176us
Json: iterations=325 runtime: 92086us
Json: iterations=326 runtime: 91965us
Json: iterations=327 runtime: 92022us
Json: iterations=328 runtime: 92022us
Json: iterations=329 runtime: 91954us
Json: iterations=330 runtime: 92007us
Json: iterations=331 runtime: 91944us
Json: iterations=332 runtime: 91942us
Json: iterations=333 runtime: 91975us
Json: iterations=334 runtime: 91544us
Json: iterations=335 runtime: 91954us
Json: iterations=336 runtime: 92013us
Json: iterations=337 runtime: 92073us
Json: iterations=338 runtime: 92114us
Json: iterations=339 runtime: 92022us
Json: iterations=340 runtime: 92334us
Json: iterations=341 runtime: 92216us
Json: iterations=342 runtime: 92036us
Json: iterations=343 runtime: 91928us
Json: iterations=344 runtime: 91943us
Json: iterations=345 runtime: 92001us
Json: iterations=346 runtime: 91946us
Json: iterations=347 runtime: 91960us
Json: iterations=348 runtime: 92108us
Json: iterations=349 runtime: 91938us
Json: iterations=350 runtime: 91867us
Json: iterations=351 runtime: 91893us
Json: iterations=352 runtime: 91547us
Json: iterations=353 runtime: 91901us
Json: iterations=354 runtime: 91948us
Json: iterations=355 runtime: 91890us
Json: iterations=356 runtime: 91870us
Json: iterations=357 runtime: 91848us
Json: iterations=358 runtime: 91957us
Json: iterations=359 runtime: 92869us
Json: iterations=360 runtime: 92059us
Json: iterations=361 runtime: 91850us
Json: iterations=362 runtime: 91899us
Json: iterations=363 runtime: 91889us
Json: iterations=364 runtime: 92600us
Json: iterations=365 runtime: 91909us
Json: iterations=366 runtime: 92319us
Json: iterations=367 runtime: 91858us
Json: iterations=368 runtime: 92707us
Json: iterations=369 runtime: 91499us
Json: iterations=370 runtime: 91992us
Json: iterations=371 runtime: 92094us
Json: iterations=372 runtime: 92046us
Json: iterations=373 runtime: 92101us
Json: iterations=374 runtime: 92095us
Json: iterations=375 runtime: 91974us
Json: iterations=376 runtime: 91942us
Json: iterations=377 runtime: 92200us
Json: iterations=378 runtime: 92004us
Json: iterations=379 runtime: 92011us
Json: iterations=380 runtime: 91980us
Json: iterations=381 runtime: 92125us
Json: iterations=382 runtime: 91980us
Json: iterations=383 runtime: 92014us
Json: iterations=384 runtime: 91988us
Json: iterations=385 runtime: 92009us
Json: iterations=386 runtime: 91932us
Json: iterations=387 runtime: 91523us
Json: iterations=388 runtime: 91962us
Json: iterations=389 runtime: 91974us
Json: iterations=390 runtime: 91946us
Json: iterations=391 runtime: 91959us
Json: iterations=392 runtime: 91937us
Json: iterations=393 runtime: 92015us
Json: iterations=394 runtime: 92085us
Json: iterations=395 runtime: 92332us
Json: iterations=396 runtime: 92210us
Json: iterations=397 runtime: 94089us
Json: iterations=398 runtime: 92147us
Json: iterations=399 runtime: 92003us
Json: iterations=400 runtime: 91994us
Json: iterations=401 runtime: 91928us
Json: iterations=402 runtime: 91994us
Json: iterations=403 runtime: 92968us
Json: iterations=404 runtime: 94900us
Json: iterations=405 runtime: 91568us
Json: iterations=406 runtime: 92058us
Json: iterations=407 runtime: 91979us
Json: iterations=408 runtime: 92141us
Json: iterations=409 runtime: 92197us
Json: iterations=410 runtime: 92216us
Json: iterations=411 runtime: 92302us
Json: iterations=412 runtime: 92441us
Json: iterations=413 runtime: 92223us
Json: iterations=414 runtime: 92237us
Json: iterations=415 runtime: 92257us
Json: iterations=416 runtime: 92143us
Json: iterations=417 runtime: 92224us
Json: iterations=418 runtime: 92366us
Json: iterations=419 runtime: 92264us
Json: iterations=420 runtime: 92530us
Json: iterations=421 runtime: 92385us
Json: iterations=422 runtime: 92289us
Json: iterations=423 runtime: 91573us
Json: iterations=424 runtime: 94098us
Json: iterations=425 runtime: 92590us
Json: iterations=426 runtime: 92381us
Json: iterations=427 runtime: 92436us
Json: iterations=428 runtime: 92472us
Json: iterations=429 runtime: 92380us
Could not locate BlockSlowdown.json
Skipping Loading (this might cause a fatal crash if GTSlowdown is on)
Json: iterations=430 runtime: 92324us
Json: iterations=431 runtime: 92730us
Json: iterations=432 runtime: 92479us
Json: iterations=433 runtime: 92319us
Json: iterations=434 runtime: 92272us
Json: iterations=435 runtime: 92371us
Json: iterations=436 runtime: 92089us
Json: iterations=437 runtime: 91942us
Json: iterations=438 runtime: 91962us
Json: iterations=439 runtime: 92025us
Json: iterations=440 runtime: 91549us
Json: iterations=441 runtime: 92088us
Json: iterations=442 runtime: 91990us
Json: iterations=443 runtime: 91959us
Json: iterations=444 runtime: 93346us
Json: iterations=445 runtime: 92702us
Json: iterations=446 runtime: 92007us
Json: iterations=447 runtime: 91964us
Json: iterations=448 runtime: 92141us
Json: iterations=449 runtime: 92301us
Json: iterations=450 runtime: 92052us
Json: iterations=451 runtime: 91937us
Json: iterations=452 runtime: 92028us
Json: iterations=453 runtime: 91980us
Json: iterations=454 runtime: 91909us
Json: iterations=455 runtime: 91958us
Json: iterations=456 runtime: 91945us
Json: iterations=457 runtime: 91970us
Json: iterations=458 runtime: 91516us
Json: iterations=459 runtime: 91938us
Json: iterations=460 runtime: 92946us
Json: iterations=461 runtime: 92006us
Json: iterations=462 runtime: 91988us
Json: iterations=463 runtime: 91933us
Json: iterations=464 runtime: 91916us
Json: iterations=465 runtime: 91934us
Json: iterations=466 runtime: 92089us
Json: iterations=467 runtime: 91936us
Json: iterations=468 runtime: 92225us
Json: iterations=469 runtime: 92253us
Json: iterations=470 runtime: 92313us
Json: iterations=471 runtime: 92296us
Json: iterations=472 runtime: 92133us
Json: iterations=473 runtime: 92098us
Json: iterations=474 runtime: 92034us
Json: iterations=475 runtime: 92021us
Json: iterations=476 runtime: 91567us
Json: iterations=477 runtime: 92074us
Json: iterations=478 runtime: 92115us
Json: iterations=479 runtime: 92226us
Json: iterations=480 runtime: 92089us
Json: iterations=481 runtime: 92174us
Json: iterations=482 runtime: 92140us
Json: iterations=483 runtime: 92090us
Json: iterations=484 runtime: 92008us
Json: iterations=485 runtime: 92280us
Json: iterations=486 runtime: 91974us
Json: iterations=487 runtime: 92003us
Json: iterations=488 runtime: 91993us
Json: iterations=489 runtime: 92077us
Json: iterations=490 runtime: 92187us
Json: iterations=491 runtime: 91970us
Json: iterations=492 runtime: 92015us
Json: iterations=493 runtime: 91605us
Json: iterations=494 runtime: 92069us
Json: iterations=495 runtime: 92062us
Json: iterations=496 runtime: 92030us
Json: iterations=497 runtime: 92098us
Json: iterations=498 runtime: 92163us
Json: iterations=499 runtime: 91877us
Json: iterations=500 runtime: 91990us
Could not locate BlockSlowdown.json
Skipping Loading (this might cause a fatal crash if GTSlowdown is on)
Json: iterations=500 average: 93417us total: 46708727us


Total Runtime: 46708727us
Bubo.RDTSC.Harness.main Total RDTSC cycles: 154974957760
Comp 52 (java.util.ImmutableCollections$SetN$SetNIterator.next()) loops:
Found Encoding : 0:-1
└── Loop 0
  loop 0 Cycles: 366806 || Activation Count:0 | LoopCallCount: 0 |  Source: -at java.util.ImmutableCollections$SetN$SetNIterator.next(ImmutableCollections.java:1213) [bci: 21] | -at java.util.ImmutableCollections$SetN$SetNIterator.next(ImmutableCollections.java:1223) [bci: 65]
Comp 56 (java.util.HashMap.putVal(int,) loops:
Found Encoding : 0:-1
└── Loop 0
  loop 0 Cycles: 10704 || Activation Count:0 | LoopCallCount: 0 |  Source: -at java.util.HashMap.putVal(HashMap.java:648) [bci: 134] | -at java.util.HashMap.putVal(HashMap.java:649) [bci: 145]
Comp 57 (java.lang.String.equals(Object)) loops:
Found Encoding : 0:-1
└── Loop 0
  loop 0 Cycles: 9624 || Activation Count:0 | LoopCallCount: 0 |  Source: -at java.lang.StringLatin1.equals(StringLatin1.java:100) [bci: 9]
-at java.lang.String.equals(String.java:1926) [bci: 44] | -at java.lang.StringLatin1.equals(StringLatin1.java:105) [bci: 32]
-at java.lang.String.equals(String.java:1926) [bci: 44]
Comp 69 (java.util.HashMap.resize()) loops:
Found Encoding : 2:-1,0:-1,1:0
├── Loop 2
└── Loop 0
    └── Loop 1
  loop 0 Cycles: 38004 || Activation Count:0 | LoopCallCount: 0 |  Source: -at java.util.HashMap.resize(HashMap.java:714) [bci: 151] | -at java.util.HashMap.resize(HashMap.java:755) [bci: 353]
  loop 1 Cycles: 12492 || Activation Count:0 | LoopCallCount: 0 |  Source: -at java.util.HashMap.resize(HashMap.java:727) [bci: 235] | -at java.util.HashMap.resize(HashMap.java:743) [bci: 309]
  loop 2 Cycles: 16878 || Activation Count:0 | LoopCallCount: 0 |  Source: -at jdk.graal.compiler.hotspot.replacements.HotSpotAllocationSnippets.allocateArray(KlassPointer, int, int, int, AllocationSnippets$FillContent, int, boolean, boolean, boolean, boolean, HotSpotAllocationSnippets$HotSpotAllocationProfilingData, boolea
Comp 88 (java.util.Properties$LineReader.readLine()) loops:
Found Encoding : 5:-1,3:-1,4:3,0:-1,1:0,2:1
├── Loop 5
├── Loop 3
│   └── Loop 4
└── Loop 0
    └── Loop 1
        └── Loop 2
  loop 1 Cycles: 245346 || Activation Count:0 | LoopCallCount: 1 |  Source: -at java.util.Properties$LineReader.readLine(Properties.java:538) [bci: 219] | -at java.util.Properties$LineReader.readLine(Properties.java:543) [bci: 259]
  loop 2 Cycles: 17028 || Activation Count:0 | LoopCallCount: 0 |  Source: -at java.util.Properties$LineReader.readLine(Properties.java:540) [bci: 224] | -at java.util.Properties$LineReader.readLine(Properties.java:543) [bci: 259]
  loop 5 Cycles: 266 || Activation Count:0 | LoopCallCount: 0 |  Source: -at java.util.Properties$LineReader.readLine(Properties.java:540) [bci: 224] | -at java.util.Properties$LineReader.readLine(Properties.java:543) [bci: 259]
Comp 89 (java.util.Properties$LineReader.readLine()-Re-Comp) loops:
Found Encoding : 0:-1,1:0,2:1
└── Loop 0
    └── Loop 1
        └── Loop 2
  loop 1 Cycles: 4420 || Activation Count:0 | LoopCallCount: 1 |  Source: -at java.util.Properties$LineReader.readLine(Properties.java:538) [bci: 219] | -at java.util.Properties$LineReader.readLine(Properties.java:543) [bci: 259]
  loop 2 Cycles: 2228 || Activation Count:0 | LoopCallCount: 0 |  Source: -at java.util.Properties$LineReader.readLine(Properties.java:540) [bci: 224] | -at java.util.Properties$LineReader.readLine(Properties.java:545) [bci: 262]
Comp 90 (java.util.Properties$LineReader.readLine()-Re-Comp) loops:
Found Encoding : 5:-1,3:-1,4:3,0:-1,1:0,2:1
├── Loop 5
├── Loop 3
│   └── Loop 4
└── Loop 0
    └── Loop 1
        └── Loop 2
  loop 0 Cycles: 49584 || Activation Count:0 | LoopCallCount: 2 |  Source: -at java.util.Properties$LineReader.readLine(Properties.java:504) [bci: 53] | -at java.util.Properties$LineReader.readLine(Properties.java:615) [bci: 577]
  loop 1 Cycles: 37312 || Activation Count:0 | LoopCallCount: 1 |  Source: -at java.util.Properties$LineReader.readLine(Properties.java:538) [bci: 219] | -at java.util.Properties$LineReader.readLine(Properties.java:543) [bci: 259]
  loop 2 Cycles: 21762 || Activation Count:0 | LoopCallCount: 0 |  Source: -at java.util.Properties$LineReader.readLine(Properties.java:540) [bci: 224] | -at java.util.Properties$LineReader.readLine(Properties.java:543) [bci: 259]
  loop 5 Cycles: 130 || Activation Count:0 | LoopCallCount: 0 |  Source: -at java.util.Properties$LineReader.readLine(Properties.java:540) [bci: 224] | -at java.util.Properties$LineReader.readLine(Properties.java:543) [bci: 259]
Comp 91 (java.util.Properties$LineReader.readLine()-Re-Comp) loops:
Found Encoding : 0:-1,1:0,2:1
└── Loop 0
    └── Loop 1
        └── Loop 2
  loop 0 Cycles: 345104 || Activation Count:0 | LoopCallCount: 2 |  Source: -at java.util.Properties$LineReader.readLine(Properties.java:504) [bci: 53] | -at java.util.Properties$LineReader.readLine(Properties.java:615) [bci: 577]
  loop 1 Cycles: 414798 || Activation Count:0 | LoopCallCount: 1 |  Source: -at java.util.Properties$LineReader.readLine(Properties.java:538) [bci: 219] | -at java.util.Properties$LineReader.readLine(Properties.java:543) [bci: 259]
  loop 2 Cycles: 66556 || Activation Count:0 | LoopCallCount: 0 |  Source: -at java.util.Properties$LineReader.readLine(Properties.java:540) [bci: 224] | -at java.util.Properties$LineReader.readLine(Properties.java:545) [bci: 262]
Comp 94 (jdk.internal.util.ArraysSupport.unsignedHashCode(int,) loops:
Found Encoding : 0:-1,1:-1,2:-1
├── Loop 0
├── Loop 1
└── Loop 2
  loop 0 Cycles: 51404 || Activation Count:0 | LoopCallCount: 0 |  Source: -at jdk.internal.util.ArraysSupport.unsignedHashCode(ArraysSupport.java:378) [bci: 8] | -at jdk.internal.util.ArraysSupport.unsignedHashCode(ArraysSupport.java:381) [bci: 34]
  loop 1 Cycles: 96532 || Activation Count:0 | LoopCallCount: 0 |  Source: Source Missing | -at jdk.internal.util.ArraysSupport.unsignedHashCode(ArraysSupport.java:381) [bci: 34]
  loop 2 Cycles: 82794 || Activation Count:0 | LoopCallCount: 0 |  Source: Source Missing | -at jdk.internal.util.ArraysSupport.unsignedHashCode(ArraysSupport.java:381) [bci: 34]
Comp 122 (java.lang.StringLatin1.equals(byte[],) loops:
Found Encoding : 0:-1
└── Loop 0
  loop 0 Cycles: 221328 || Activation Count:0 | LoopCallCount: 0 |  Source: -at java.lang.StringLatin1.equals(StringLatin1.java:100) [bci: 9] | -at java.lang.StringLatin1.equals(StringLatin1.java:105) [bci: 32]
Comp 127 (java.lang.String.equals(Object)-Re-Comp) loops:
Found Encoding : 0:-1
└── Loop 0
  loop 0 Cycles: 7253388 || Activation Count:0 | LoopCallCount: 0 |  Source: -at java.lang.StringLatin1.equals(StringLatin1.java:100) [bci: 9]
-at java.lang.String.equals(String.java:1926) [bci: 44] | -at java.lang.StringLatin1.equals(StringLatin1.java:105) [bci: 32]
-at java.lang.String.equals(String.java:1926) [bci: 44]
Comp 142 (json.JsonPureStringParser.subStringFromTo(int,) loops:
Found Encoding : 1:-1,0:-1
├── Loop 1
└── Loop 0
  loop 0 Cycles: 279888 || Activation Count:0 | LoopCallCount: 0 |  Source: -at json.JsonPureStringParser.subStringFromTo(int, int) [bci: 16] | -at json.JsonPureStringParser.subStringFromTo(int, int) [bci: 42]
  loop 1 Cycles: 235714 || Activation Count:0 | LoopCallCount: 0 |  Source: -at jdk.graal.compiler.hotspot.replacements.HotSpotAllocationSnippets.allocateArray(KlassPointer, int, int, int, AllocationSnippets$FillContent, int, boolean, boolean, boolean, boolean, HotSpotAllocationSnippets$HotSpotAllocationProfilingData, boole
Comp 143 (json.JsonPureStringParser.readStringInternal()) loops:
Found Encoding : 0:-1,3:-1,2:-1,1:-1
├── Loop 0
├── Loop 3
├── Loop 2
└── Loop 1
  loop 0 Cycles: 27819707732 || Activation Count:0 | LoopCallCount: 2 |  Source: -at json.JsonPureStringParser.readStringInternal() [bci: 8] | -at json.JsonPureStringParser.readStringInternal() [bci: 54]
  loop 1 Cycles: 6683133830 || Activation Count:0 | LoopCallCount: 0 |  Source: -at json.JsonPureStringParser.subStringFromTo(int, int) [bci: 16]
-at json.JsonPureStringParser.endCapture() [bci: 39]
-at json.JsonPureStringParser.readStringInternal() [bci: 55] | -at json.JsonPureStringParser.subStringFromTo(int, int) [bci: 42]
-
  loop 3 Cycles: 5482839136 || Activation Count:0 | LoopCallCount: 0 |  Source: -at jdk.graal.compiler.hotspot.replacements.HotSpotAllocationSnippets.allocateArray(KlassPointer, int, int, int, AllocationSnippets$FillContent, int, boolean, boolean, boolean, boolean, HotSpotAllocationSnippets$HotSpotAllocationProfilingData, boole
Comp 154 (json.JsonPureStringParser.readArray()) loops:
Found Encoding : 3:-1,2:-1,0:-1,1:-1
├── Loop 3
├── Loop 2
├── Loop 0
└── Loop 1
  loop 0 Cycles: 377076184910 || Activation Count:0 | LoopCallCount: 6 |  Source: -at json.JsonPureStringParser.readArray() [bci: 27] | -at json.JsonPureStringParser.readChar(String) [bci: 11]
-at json.JsonPureStringParser.readArray() [bci: 47]
  loop 1 Cycles: 46425198 || Activation Count:0 | LoopCallCount: 0 |  Source: -at jdk.graal.compiler.hotspot.replacements.HotSpotAllocationSnippets.allocateArray(KlassPointer, int, int, int, AllocationSnippets$FillContent, int, boolean, boolean, boolean, boolean, HotSpotAllocationSnippets$HotSpotAllocationProfilingData, boole
  loop 2 Cycles: 2177071388 || Activation Count:0 | LoopCallCount: 0 |  Source: -at jdk.graal.compiler.hotspot.replacements.HotSpotAllocationSnippets.allocateArray(KlassPointer, int, int, int, AllocationSnippets$FillContent, int, boolean, boolean, boolean, boolean, HotSpotAllocationSnippets$HotSpotAllocationProfilingData, boole
  loop 3 Cycles: 4328908 || Activation Count:0 | LoopCallCount: 0 |  Source: -at jdk.graal.compiler.hotspot.replacements.HotSpotAllocationSnippets.allocateArray(KlassPointer, int, int, int, AllocationSnippets$FillContent, int, boolean, boolean, boolean, boolean, HotSpotAllocationSnippets$HotSpotAllocationProfilingData, boole
Comp 156 (json.JsonPureStringParser.endCapture()) loops:
Found Encoding : 1:-1,0:-1
├── Loop 1
└── Loop 0
  loop 0 Cycles: 1978262242 || Activation Count:0 | LoopCallCount: 0 |  Source: -at json.JsonPureStringParser.subStringFromTo(int, int) [bci: 16]
-at json.JsonPureStringParser.endCapture() [bci: 39] | -at json.JsonPureStringParser.subStringFromTo(int, int) [bci: 42]
-at json.JsonPureStringParser.endCapture() [bci: 39]
  loop 1 Cycles: 1929314222 || Activation Count:0 | LoopCallCount: 0 |  Source: -at jdk.graal.compiler.hotspot.replacements.HotSpotAllocationSnippets.allocateArray(KlassPointer, int, int, int, AllocationSnippets$FillContent, int, boolean, boolean, boolean, boolean, HotSpotAllocationSnippets$HotSpotAllocationProfilingData, boole
Comp 157 (json.JsonPureStringParser.readNumber()) loops:
Found Encoding : 0:-1
└── Loop 0
  loop 0 Cycles: 6774854806 || Activation Count:0 | LoopCallCount: 3 |  Source: -at json.JsonPureStringParser.readNumber() [bci: 39] | -at json.JsonPureStringParser.readDigit() [bci: 7]
-at json.JsonPureStringParser.readNumber() [bci: 40]
Comp 165 (som.Vector.<init>()) loops:
Found Encoding : 0:-1
└── Loop 0
  loop 0 Cycles: 245094 || Activation Count:0 | LoopCallCount: 0 |  Source: -at jdk.graal.compiler.hotspot.replacements.HotSpotAllocationSnippets.allocateArray(KlassPointer, int, int, int, AllocationSnippets$FillContent, int, boolean, boolean, boolean, boolean, HotSpotAllocationSnippets$HotSpotAllocationProfilingData, boole
Comp 167 (json.JsonPureStringParser.readObject()) loops:
Found Encoding : 1:-1,4:-1,5:-1,0:-1,2:-1,3:-1
├── Loop 1
├── Loop 4
├── Loop 5
├── Loop 0
├── Loop 2
└── Loop 3
  loop 0 Cycles: 259058041112 || Activation Count:0 | LoopCallCount: 10 |  Source: -at json.JsonPureStringParser.readObject() [bci: 27] | -at json.JsonPureStringParser.readChar(String) [bci: 11]
-at json.JsonPureStringParser.readObject() [bci: 77]
  loop 1 Cycles: 542280284 || Activation Count:0 | LoopCallCount: 0 |  Source: -at jdk.graal.compiler.hotspot.replacements.HotSpotAllocationSnippets.allocateArray(KlassPointer, int, int, int, AllocationSnippets$FillContent, int, boolean, boolean, boolean, boolean, HotSpotAllocationSnippets$HotSpotAllocationProfilingData, boole
  loop 2 Cycles: 65640788 || Activation Count:0 | LoopCallCount: 0 |  Source: -at jdk.graal.compiler.hotspot.replacements.HotSpotAllocationSnippets.allocateArray(KlassPointer, int, int, int, AllocationSnippets$FillContent, int, boolean, boolean, boolean, boolean, HotSpotAllocationSnippets$HotSpotAllocationProfilingData, boole
  loop 3 Cycles: 67271604 || Activation Count:0 | LoopCallCount: 0 |  Source: -at jdk.graal.compiler.hotspot.replacements.HotSpotAllocationSnippets.allocateArray(KlassPointer, int, int, int, AllocationSnippets$FillContent, int, boolean, boolean, boolean, boolean, HotSpotAllocationSnippets$HotSpotAllocationProfilingData, boole
  loop 4 Cycles: 539084172 || Activation Count:0 | LoopCallCount: 0 |  Source: -at jdk.graal.compiler.hotspot.replacements.HotSpotAllocationSnippets.allocateArray(KlassPointer, int, int, int, AllocationSnippets$FillContent, int, boolean, boolean, boolean, boolean, HotSpotAllocationSnippets$HotSpotAllocationProfilingData, boole
  loop 5 Cycles: 539742800 || Activation Count:0 | LoopCallCount: 0 |  Source: -at jdk.graal.compiler.hotspot.replacements.HotSpotAllocationSnippets.allocateArray(KlassPointer, int, int, int, AllocationSnippets$FillContent, int, boolean, boolean, boolean, boolean, HotSpotAllocationSnippets$HotSpotAllocationProfilingData, boole
Comp 192 (java.util.Arrays.copyOf(Object[],) loops:
Found Encoding : 0:-1
└── Loop 0
  loop 0 Cycles: 16560118 || Activation Count:0 | LoopCallCount: 0 |  Source: -at jdk.graal.compiler.hotspot.replacements.HotSpotAllocationSnippets.allocateArray(KlassPointer, int, int, int, AllocationSnippets$FillContent, int, boolean, boolean, boolean, boolean, HotSpotAllocationSnippets$HotSpotAllocationProfilingData, boole
Comp 205 (Benchmark.innerBenchmarkLoop(int)) loops:
Found Encoding : 0:-1
└── Loop 0
  loop 0 Cycles: 54676518 || Activation Count:0 | LoopCallCount: 2 |  Source: -at Benchmark.innerBenchmarkLoop(int) [bci: 2] | -at Benchmark.innerBenchmarkLoop(int) [bci: 26]
Comp 206 (Benchmark.innerBenchmarkLoop(int)-Re-Comp) loops:
Found Encoding : 0:-1
└── Loop 0
  loop 0 Cycles: 89168138318 || Activation Count:0 | LoopCallCount: 2 |  Source: -at Benchmark.innerBenchmarkLoop(int) [bci: 2] | -at Benchmark.innerBenchmarkLoop(int) [bci: 26]
Comp 207 (java.lang.StringLatin1.inflate(byte[],) loops:
Found Encoding : 0:-1,1:-1,2:-1
├── Loop 0
├── Loop 1
└── Loop 2
  loop 0 Cycles: 9992 || Activation Count:0 | LoopCallCount: 0 |  Source: -at java.lang.StringLatin1.inflate(StringLatin1.java:767) [bci: 3] | -at java.lang.StringLatin1.inflate(StringLatin1.java:770) [bci: 33]
  loop 1 Cycles: 14530 || Activation Count:0 | LoopCallCount: 0 |  Source: Source Missing | -at java.lang.StringLatin1.inflate(StringLatin1.java:770) [bci: 33]
  loop 2 Cycles: 11058 || Activation Count:0 | LoopCallCount: 0 |  Source: Source Missing | -at java.lang.StringLatin1.inflate(StringLatin1.java:770) [bci: 33]

Finished Json BuboOn at Fri 23 Jan 14:12:16 GMT 2026
============================================================
