============================================================
Benchmark: Sieve
BuboLIRPhase: true
RUNS: 500
extra_args: 10000
Replay file: /home/hb478/repos/GTSlowdownSchedular/FinalBuboTests/WithoutProbe/AWFY/Sieve/Sieve_CompilerReplay
Timestamp: Fri 23 Jan 14:08:46 GMT 2026

Could not locate BlockSlowdown.json
Skipping Loading (this might cause a fatal crash if GTSlowdown is on)
[Use -Djdk.graal.LogFile=<path> to redirect Graal log output to a file.]
java.lang.module.ModuleDescriptor.name()java.lang.String -1 codeSignature differs 5be282a10c496d4000571a6844c9c0bc109901813a12d3aea5364efad6a66c85 != 56a4ef2702ccb7a079a36c5f0ed4055a5908c2e7a9296eac6b3ffe2db37f4a2d
java.lang.module.ModuleReference.descriptor()java.lang.module.ModuleDescriptor -1 codeSignature differs 14be906eafbcd0e98db8607fd01b12de837039bcd06c460d0cf8f6394c8cff6d != da5cf171143f5513c1e4cdf5bb02fc95a3ea90774fedf9fb851ec26a1218a12f
java.lang.Enum.ordinal()int -1 codeSignature differs d4ce072063a0e5d7b77fa03ca89aafb8f3e3ecf13c518dc1905e344d1e62c58a != e88b1ad01cee91360e4f1ac151ade0525982fae29bddccb8434060766b83fd62
java.lang.Class.isPrimitive()boolean -1 codeSignature differs 98ab40cf2ebcc843a57e4548f9a42e2e9f3f439b3cfc72b2a9affe72c8d06a5f != 5b9fc3b01b5ff747850254186cdcc08e50c4f85fb4d4d68bc0989fcb181794f8
jdk.internal.util.StrongReferenceKey.get()java.lang.Object -1 codeSignature differs 14be906eafbcd0e98db8607fd01b12de837039bcd06c460d0cf8f6394c8cff6d != da5cf171143f5513c1e4cdf5bb02fc95a3ea90774fedf9fb851ec26a1218a12f
java.lang.Class.getClassLoader()java.lang.ClassLoader -1 codeSignature differs 1ec746d9657abb2124f404e47924197593986fc62346c6cd76072c08e29afddf != 454facf798c6644faed5619d9e1dae25408778409730f09c41b1c0c95518fd46
java.lang.invoke.MethodType.returnType()java.lang.Class -1 codeSignature differs 14be906eafbcd0e98db8607fd01b12de837039bcd06c460d0cf8f6394c8cff6d != da5cf171143f5513c1e4cdf5bb02fc95a3ea90774fedf9fb851ec26a1218a12f
jdk.internal.classfile.impl.AbstractPoolEntry.index()int -1 codeSignature differs d4ce072063a0e5d7b77fa03ca89aafb8f3e3ecf13c518dc1905e344d1e62c58a != e88b1ad01cee91360e4f1ac151ade0525982fae29bddccb8434060766b83fd62
java.lang.invoke.MemberName.getDeclaringClass()java.lang.Class -1 codeSignature differs b46e439bc51650ff335d2a7124f0b0154f260fe1af8ba145c6fd3cf5008c9e4e != de7d2501b6c4ceaef40260482daf6e5ea615f5f43bc71d4e0a42f41866056e09
java.lang.invoke.MethodType.form()java.lang.invoke.MethodTypeForm -1 codeSignature differs 5be282a10c496d4000571a6844c9c0bc109901813a12d3aea5364efad6a66c85 != 56a4ef2702ccb7a079a36c5f0ed4055a5908c2e7a9296eac6b3ffe2db37f4a2d
java.util.stream.FindOps$FindSink.cancellationRequested()boolean -1 codeSignature differs 55af0dc4b7688c78180d5f5b00584e4bf66cf93bd60716f9aab49e7a6fd64ac4 != d201d3c970d1bea0e5266b3abd2e0b5e37d50f57628f0f6798d16338d8e21f6a
java.lang.Object.<init>()void -1 codeSignature differs fe534d3aac0502b22527b54e744892c09d7496fd765947a3ee3ec9a070d56f92 != b5ee38686824d688fb238521bf027287d22a9235c6ea851247456595ee3c4ca5
java.lang.String.hashCode()int -1 codeSignature differs cd869c87835ef8242ee90410caccd8a61a63cd99231e11f83fcdc76366e70264 != aa1e9c2f9ea239d2fb15b2f7ff9a60f790f0544470df5bee9a657461c7ae39f8
jdk.internal.module.ModuleReferenceImpl.moduleResolution()jdk.internal.module.ModuleResolution -1 codeSignature differs b76db95b8fd3a055b26c3a6c15023743ea3cd488646d474319964a2e9e13b73e != c90e5cf05b5ed15b2ee4632b0f01daf8e8a827ca7e4e1d9f528d5eb553edbcfd
java.lang.module.ModuleDescriptor$Requires.modifiers()java.util.Set -1 codeSignature differs 14be906eafbcd0e98db8607fd01b12de837039bcd06c460d0cf8f6394c8cff6d != da5cf171143f5513c1e4cdf5bb02fc95a3ea90774fedf9fb851ec26a1218a12f
java.lang.module.ModuleDescriptor$Requires.name()java.lang.String -1 codeSignature differs 90f01eeb46d88d53d0e4e48ef19445eb3bdf8101a00c7dc3f717a337df9fb41f != c4651eecda0d588acaac43a9ae165ea6a40380899e75b0e7578d22406e0c012a
java.lang.module.ModuleDescriptor.requires()java.util.Set -1 codeSignature differs 50021c78154f047ad8f88f0733084203e726ca2f3911eed3f4e2615369ae39b2 != a12f6d231bab91ade119f5f7e87b83e28ce01e2d62fff01cc7676b635a92f884
java.lang.module.ModuleDescriptor.isAutomatic()boolean -1 codeSignature differs 2c5d9434fa6cbff1c0177053ad01774247e7a98383a3d0ee5c4dccbf56bf9e86 != 08dea6d6ec137b950a0343efb1bd030f87565d8e5b95eb64f025bd8e338928e2
java.util.HashMap$Node.getKey()java.lang.Object -1 codeSignature differs 90f01eeb46d88d53d0e4e48ef19445eb3bdf8101a00c7dc3f717a337df9fb41f != c4651eecda0d588acaac43a9ae165ea6a40380899e75b0e7578d22406e0c012a
java.util.HashMap$Node.getValue()java.lang.Object -1 codeSignature differs 5be282a10c496d4000571a6844c9c0bc109901813a12d3aea5364efad6a66c85 != 56a4ef2702ccb7a079a36c5f0ed4055a5908c2e7a9296eac6b3ffe2db37f4a2d
java.util.ImmutableCollections$Set12.isEmpty()boolean -1 codeSignature differs d890ffc04cd03ec866061096d7d13d2670cacc5a2328b692374e3523d40574bd != 6120e833de16ceab3ef754d1b00c19883b3f73962ba2cdf17c59c3710ba02d36
java.lang.module.ModuleDescriptor$Exports.source()java.lang.String -1 codeSignature differs 90f01eeb46d88d53d0e4e48ef19445eb3bdf8101a00c7dc3f717a337df9fb41f != c4651eecda0d588acaac43a9ae165ea6a40380899e75b0e7578d22406e0c012a
java.lang.module.ModuleDescriptor$Exports.targets()java.util.Set -1 codeSignature differs 5be282a10c496d4000571a6844c9c0bc109901813a12d3aea5364efad6a66c85 != 56a4ef2702ccb7a079a36c5f0ed4055a5908c2e7a9296eac6b3ffe2db37f4a2d
java.lang.module.ModuleDescriptor.provides()java.util.Set -1 codeSignature differs 309d9291f2d3c2a63becdec49b2c74b25af9d7fdc62dad05faf86a64889608fc != f5d85dfdf7fef12d65d210d402c44bf26eeb0fb3f9225e78ee6443caec31b619
java.lang.module.ModuleDescriptor.exports()java.util.Set -1 codeSignature differs 948d21eddb9ad191efbc24290e4e840a30aebb134151b75def9175ab54c0a48c != c3334e7c488922d9ee7281afad5b7ca4db54a4ab2b49cf0e755dc0a6c55854b4
java.lang.module.ModuleDescriptor.uses()java.util.Set -1 codeSignature differs e3ce51591a4fee3aaff0c687fbb639bc8c1569c92e84d989cdc906a081a3aa6f != 69f900c261d900c3a12e3d84961667caa75caf8ed42490b80edd3cdf23db4832
java.util.Objects.requireNonNull(java.lang.Object)java.lang.Object -1 codeSignature differs fab3390bacdc1c06ac727172609d32d56c9697db51c25bc06ba90803d6336aa7 != 5f34d305ad8c459e05cc78e8e67ce712079a25140f4444aee0bca43f73c4de02
java.util.ImmutableCollections$SetN$SetNIterator.hasNext()boolean -1 codeSignature differs 014069b9d29ae67f97f8d652b8d7a77d9057cdb393e4e32597c925d7a30bdc82 != 60575b8cd4d2a8242a8aab77fb607844ec4f52bcc97ca89e8880d7f6422024af
java.util.ImmutableCollections$SetN$SetNIterator.next()java.lang.Object -1 codeSignature differs 1cd7ec404b399886be917d4acb08e03556fd7c60be9bbc5d21c5aa5961bdaded != 3ebd7591a8a487390491b17f6bf1893dd8d3d0cbebb3582e4492c3d36ffe7e42
java.util.ImmutableCollections$SetN$SetNIterator.next()java.lang.Object -1 graphSignature differs cc325e064e7585e0e6736addc07d3b5b1a1e9ec52f960e7777496af159b5096f != 920e12a7ee41cc3a0a3487d03bd48833bfc4e8d416bdbae7234f8ba199084b4d
java.util.HashMap.hash(java.lang.Object)int -1 codeSignature differs 4c28dee1d3db0a413ecf360834e5ce0fc1c61381868f670c8b55f4d393f884d1 != d40bd27b2c4bdc2b6b785c7daff9fd6dc1db999177ec266ca4d91fc3e8f049df
java.lang.module.ModuleDescriptor$Provides.service()java.lang.String -1 codeSignature differs 14be906eafbcd0e98db8607fd01b12de837039bcd06c460d0cf8f6394c8cff6d != da5cf171143f5513c1e4cdf5bb02fc95a3ea90774fedf9fb851ec26a1218a12f
java.lang.module.ModuleDescriptor$Exports.isQualified()boolean -1 codeSignature differs d0252a2354d5fe9aba962c7286cffeb2eb12090606525dfd94e3d2aefbe8158d != 9230ab0a96a002830ad644be83e9a1e9c0f6099bf3bd7741dd8182cd09f05efb
java.util.HashMap.putVal(int, java.lang.Object, java.lang.Object, boolean, boolean)java.lang.Object -1 codeSignature differs 940e6739011d367006a66095a1420ee042ed95ea788f97038e3b03b3a8f833c4 != bec508ed65b4e92cc6d54adbf8553bd5845f97e1b6d376eb75cae468a3c08fba
java.util.HashMap.putVal(int, java.lang.Object, java.lang.Object, boolean, boolean)java.lang.Object -1 graphSignature differs 71c7befc4bcc50903c01cb500806055811a71080bd754d077284439fcd10103c != 5a74e12f320f5360d51b0bb3946f087ce2dce5afa144b15d312a3acc1621c4cf
java.lang.String.equals(java.lang.Object)boolean -1 codeSignature differs 1b81cb89f6505a5995dbabe425a69a03531cfa5e9b0bad05edda29235b5071d3 != 9d4deb1417e3dc3304e6e48d0050681b843c1c29f58a963fe6d7cb88c5948543
java.lang.String.equals(java.lang.Object)boolean -1 graphSignature differs 240f841b413bb8bd2af4877cb3753eac11d3bdc482d702e067df992e72784ebb != 2d841e5f6ff33687ba2a8e89c73735b82c892266d476f740b43f9fc2b4d21873
java.lang.Byte.toUnsignedInt(byte)int -1 codeSignature differs ef53887b8aa24310d9482f8fff2e03d6f5088235fdd6794c9711e90d2fb316a1 != 13d5f6657504f424775e099bdc463c00fbb2dd5e93459aa3373cba81212b5a0d
java.util.KeyValueHolder.getKey()java.lang.Object -1 codeSignature differs 14be906eafbcd0e98db8607fd01b12de837039bcd06c460d0cf8f6394c8cff6d != da5cf171143f5513c1e4cdf5bb02fc95a3ea90774fedf9fb851ec26a1218a12f
java.util.KeyValueHolder.getValue()java.lang.Object -1 codeSignature differs 90f01eeb46d88d53d0e4e48ef19445eb3bdf8101a00c7dc3f717a337df9fb41f != c4651eecda0d588acaac43a9ae165ea6a40380899e75b0e7578d22406e0c012a
java.lang.module.ModuleDescriptor.packages()java.util.Set -1 codeSignature differs 1ec746d9657abb2124f404e47924197593986fc62346c6cd76072c08e29afddf != 454facf798c6644faed5619d9e1dae25408778409730f09c41b1c0c95518fd46
java.lang.module.ResolvedModule.reference()java.lang.module.ModuleReference -1 codeSignature differs 90f01eeb46d88d53d0e4e48ef19445eb3bdf8101a00c7dc3f717a337df9fb41f != c4651eecda0d588acaac43a9ae165ea6a40380899e75b0e7578d22406e0c012a
java.util.HashMap$Node.<init>(int, java.lang.Object, java.lang.Object, java.util.HashMap$Node)void -1 codeSignature differs ec327ea61375f1c1e7873a8270fb9c8278a229ad9c27f471046570a165738dff != a2d63fce582075e41dbc901882dbb2768b8ed33f258823f0bcfface585dec9a0
java.lang.module.ModuleDescriptor$Version.toString()java.lang.String -1 codeSignature differs 14be906eafbcd0e98db8607fd01b12de837039bcd06c460d0cf8f6394c8cff6d != da5cf171143f5513c1e4cdf5bb02fc95a3ea90774fedf9fb851ec26a1218a12f
java.lang.AbstractStringBuilder.length()int -1 codeSignature differs d4ce072063a0e5d7b77fa03ca89aafb8f3e3ecf13c518dc1905e344d1e62c58a != e88b1ad01cee91360e4f1ac151ade0525982fae29bddccb8434060766b83fd62
java.util.HashMap.newNode(int, java.lang.Object, java.lang.Object, java.util.HashMap$Node)java.util.HashMap$Node -1 codeSignature differs 0b57ad3d0ea1b0de0d3ae4d1256f2a3bf2dacceb94022bee4e70d75bf1848358 != df85b2b14fb5de70af8f6a1aa6efa050fdaf0546a0197d26ebd4113543cc599e
java.util.HashMap.afterNodeInsertion(boolean)void -1 codeSignature differs fe534d3aac0502b22527b54e744892c09d7496fd765947a3ee3ec9a070d56f92 != b5ee38686824d688fb238521bf027287d22a9235c6ea851247456595ee3c4ca5
java.util.HashMap.resize()java.util.HashMap$Node[] -1 codeSignature differs e5bbf92c608a37595ff74b5f0fc0396918704236ffe7ccc61bc291caa4b91dc2 != 9ecdc82662c26a54fb96c75b700492e9a5f3d31d579eb7fec087acf3e46e1a52
java.util.HashMap.resize()java.util.HashMap$Node[] -1 graphSignature differs 8621339e67ed630b148c0b60d4ece2a8f5e4dc640c7e625f721a8babedbc3813 != 907f32e8439d3100299993dcad76560e08b0f705baa3a6e36f739c5640084aa9
java.lang.module.ResolvedModule.configuration()java.lang.module.Configuration -1 codeSignature differs 14be906eafbcd0e98db8607fd01b12de837039bcd06c460d0cf8f6394c8cff6d != da5cf171143f5513c1e4cdf5bb02fc95a3ea90774fedf9fb851ec26a1218a12f
java.lang.module.ModuleDescriptor.isOpen()boolean -1 codeSignature differs 7251ebfc69511ba11260ce3e5fe8de41e1ee424c1c84ef382507a4b520f46599 != c4f3939346c24cd7625b42361349cb6733a9291eeffd7507e7bf858c000192f4
java.util.HashMap.size()int -1 codeSignature differs 55d12884885f16e44e8204f924f64617688caf405b709d32e1e72896f6c27c3d != 9a030125c16a396ec668abdad74e59397cb88f5e4ba93604e8c6b48c6233e93d
Could not locate BlockSlowdown.json
Skipping Loading (this might cause a fatal crash if GTSlowdown is on)
java.util.zip.ZipCoder$UTF8ZipCoder.isUTF8()boolean -1 codeSignature differs 6e3a14458a0fca90e6a63285514a933585cea592cb622e79b33ddc5df6e0fb66 != 6fdd5e023f8b36c06ccfc437f07740607e2fd6af8789c2b6573b1f8e5aec4921
java.lang.invoke.MethodType.ptypes()java.lang.Class[] -1 codeSignature differs 90f01eeb46d88d53d0e4e48ef19445eb3bdf8101a00c7dc3f717a337df9fb41f != c4651eecda0d588acaac43a9ae165ea6a40380899e75b0e7578d22406e0c012a
jdk.internal.util.Preconditions.checkIndex(int, int, java.util.function.BiFunction)int -1 codeSignature differs 0537b0c8dc5fe868ee44de1817c0b047b24d886158549ad641b2b99126c678bb != 097cdde476e7d7a11441cfa0c37471ca0a888d4c4166d67eed1a7e5c4df66c77
java.nio.Buffer.limit()int -1 codeSignature differs 55d12884885f16e44e8204f924f64617688caf405b709d32e1e72896f6c27c3d != 9a030125c16a396ec668abdad74e59397cb88f5e4ba93604e8c6b48c6233e93d
jdk.internal.classfile.impl.AbstractPoolEntry.width()int -1 codeSignature differs 6e3a14458a0fca90e6a63285514a933585cea592cb622e79b33ddc5df6e0fb66 != 6fdd5e023f8b36c06ccfc437f07740607e2fd6af8789c2b6573b1f8e5aec4921
jdk.internal.classfile.impl.SplitConstantPool.size()int -1 codeSignature differs 1e851f5b2cbf37c0cd46831368dd889b60dff01d7b16161259960e24b264ceb1 != d37b0c203163b479a20ad6e2dad4e21eac1f1ad9b1ebc37e97f7861914a001ed
java.util.Properties$LineReader.readLine()int -1 codeSignature differs dcc7cd9c2f0ddf11074c051e8afb59f862ed303e922c9b76c143ff5089c172ec != 43961d71b71ba232ed2694d540aa571e36bd52adf8e4b027613a65dc317ee3ed
java.util.Properties$LineReader.readLine()int -1 graphSignature differs 2b486d112efd309f21b56eed8c0bb9d78dd9081f799ef08ff7c803bfde611f4a != 878ec244077db65df33a3f7d09ba7cba637998f872be81e8c5729e664e547e01
java.lang.AbstractStringBuilder.getValue()byte[] -1 codeSignature differs 5be282a10c496d4000571a6844c9c0bc109901813a12d3aea5364efad6a66c85 != 56a4ef2702ccb7a079a36c5f0ed4055a5908c2e7a9296eac6b3ffe2db37f4a2d
java.lang.Enum.name()java.lang.String -1 codeSignature differs 5be282a10c496d4000571a6844c9c0bc109901813a12d3aea5364efad6a66c85 != 56a4ef2702ccb7a079a36c5f0ed4055a5908c2e7a9296eac6b3ffe2db37f4a2d
jdk.internal.util.ArraysSupport.unsignedHashCode(int, byte[], int, int)int -1 codeSignature differs 6cf4fb7fd874e15c16cb0f5b0e5aea3b0fd58bc8fcf38c48c000e5c66e2ad6a8 != 4dd8a0d23b54449c010a38548a4ec34726658ad72759db6c8d42ad0645f343a2
jdk.internal.util.ArraysSupport.unsignedHashCode(int, byte[], int, int)int -1 graphSignature differs 19b74d2985bd215adc18bbf16eb571f75605eb5502bcec63b71bd357cc668d6e != ec48f9da76be66a6b56b9242fa5c79b96c5a2b790a5832893550f14895067602
sun.util.locale.BaseLocale.getLanguage()java.lang.String -1 codeSignature differs 90f01eeb46d88d53d0e4e48ef19445eb3bdf8101a00c7dc3f717a337df9fb41f != c4651eecda0d588acaac43a9ae165ea6a40380899e75b0e7578d22406e0c012a
java.util.LinkedHashMap.removeEldestEntry(java.util.Map$Entry)boolean -1 codeSignature differs d890ffc04cd03ec866061096d7d13d2670cacc5a2328b692374e3523d40574bd != 6120e833de16ceab3ef754d1b00c19883b3f73962ba2cdf17c59c3710ba02d36
java.util.concurrent.ConcurrentHashMap.tabAt(java.util.concurrent.ConcurrentHashMap$Node[], int)java.util.concurrent.ConcurrentHashMap$Node -1 codeSignature differs 71d647ba8c6a0b4ea5a8b561fe43e8bed960c9cb04034a7aef626c5d8360de6d != 822749e9eab55cf0ab08d112d11f644faf7767e7d7f602f22b2982e4341c74e7
jdk.internal.misc.Unsafe.getReferenceAcquire(java.lang.Object, long)java.lang.Object -1 codeSignature differs 0be5c2bda59735ac5470d27796a18d252d59667b906c14721265d97be8abdd5a != a748a0c1fa3d1b22da119249a3931a9411370dff9604e49b3d7ef522719454b3
java.lang.String.coder()byte -1 codeSignature differs f3a73f0f7ffcffdf8962f6b17b32b9d22dceb70a6321ad4e83f092ac924fb640 != 957313288ef4bdda0b4cd025d583dcf3b718c3f3a50464b737eb27e80ce0139f
java.security.Provider$Service.getType()java.lang.String -1 codeSignature differs 90f01eeb46d88d53d0e4e48ef19445eb3bdf8101a00c7dc3f717a337df9fb41f != c4651eecda0d588acaac43a9ae165ea6a40380899e75b0e7578d22406e0c012a
java.security.Provider$Service.getAlgorithm()java.lang.String -1 codeSignature differs 5be282a10c496d4000571a6844c9c0bc109901813a12d3aea5364efad6a66c85 != 56a4ef2702ccb7a079a36c5f0ed4055a5908c2e7a9296eac6b3ffe2db37f4a2d
java.security.Provider$Service.getAliases()java.util.List -1 codeSignature differs ec9959256dfdc1e5d707b10920cbff0d77d6151df3608588ba4900964b3e0488 != 48d94502b891e4704180e00ca37d65d0a704038e75c0e2368237a34efba54df3
jdk.internal.classfile.impl.RawBytecodeHelper.bci()int -1 codeSignature differs fe46e3fea17c2bcac25676024acf43715946ed13832c36004058f315d01e6ed3 != e2795d501a46b0bfb6e8c56434b112c0ea54a81c9e313ecde41f1f8b0f3deb09
jdk.internal.classfile.impl.AbstractPoolEntry.constantPool()java.lang.classfile.constantpool.ConstantPool -1 codeSignature differs 5be282a10c496d4000571a6844c9c0bc109901813a12d3aea5364efad6a66c85 != 56a4ef2702ccb7a079a36c5f0ed4055a5908c2e7a9296eac6b3ffe2db37f4a2d
jdk.internal.util.WeakReferenceKey.hashCode()int -1 codeSignature differs 55d12884885f16e44e8204f924f64617688caf405b709d32e1e72896f6c27c3d != 9a030125c16a396ec668abdad74e59397cb88f5e4ba93604e8c6b48c6233e93d
java.lang.String.value()byte[] -1 codeSignature differs 5be282a10c496d4000571a6844c9c0bc109901813a12d3aea5364efad6a66c85 != 56a4ef2702ccb7a079a36c5f0ed4055a5908c2e7a9296eac6b3ffe2db37f4a2d
java.lang.String.isLatin1()boolean -1 codeSignature differs 7fbdb74539501cf2e6eb2a3c4a15d0e6598aaf73df2e1a5e20fd95a35a58b24e != 3176213e3be72bb5e1b482eae8a1c07901556750cdd7d42ef0cea4727e1ff083
Starting Sieve benchmark ...
Sieve.sieve(boolean[], int)int -1 codeSignature differs 546ba2d9215cecd02a6d1f235f34c25d533c76c7a6e31f752ce52ef0083ac27e != 12dc0122171ceea55c7c5277e3c3000497dab3e0abae768269ff1ccc4cd70435
Sieve.sieve(boolean[], int)int -1 graphSignature differs 7e80be8bbcc8a8a6f17a8d0826d356ddfb5cd73960fb46deca61c5687b5abb64 != 6029b634320fdd81ec6cbb2a6caea4c407b4bdb34400037c446a7fbf01308e6b
java.util.Arrays.fill(boolean[], boolean)void -1 codeSignature differs eac96c83314979c5d73b80dea5c74505a990100ed1de6fc4923e41beb996e797 != 2131355f24c2a27d3878459f354275eaa17fa8de2828fcf37111b33b2c21b4f2
java.util.Arrays.fill(boolean[], boolean)void -1 graphSignature differs 34c65a99dad784f8475d0a0590f31f7beeccd5751317745069f001ca1031865a != a28f18271125eb94137ad7c1a3e2e4244ab9031c2d30046bd52be26f376558b0
java.lang.Integer.intValue()int -1 codeSignature differs d4ce072063a0e5d7b77fa03ca89aafb8f3e3ecf13c518dc1905e344d1e62c58a != e88b1ad01cee91360e4f1ac151ade0525982fae29bddccb8434060766b83fd62
java.lang.Integer.valueOf(int)java.lang.Integer -1 codeSignature differs e0bdf367389f697e76db20cb1fe98adbe7132cb141d63b04e461c04c324cb0d2 != 932de8bb2d151f755c5a79b69142cc7057d04b54361f2479095c1f1a2328565c
Sieve.benchmark()java.lang.Object -1 codeSignature differs 4efcfea0b6a174798edf456a147b00ac4e43bd46e7e0cb35969faa3c19675791 != cecbe5526482adc1d93f0688823cbf45a0ee13007105fef6d0dd464aebb32c59
Sieve.benchmark()java.lang.Object -1 graphSignature differs 2af187699012e02080174113549163ae2fddf9373304b8b653759e970c3df0f7 != 32232ce9e7eafe14d16fcf0dfe7ead77c3067a89b585332a1d1d809d8fbceb30
Sieve.verifyResult(java.lang.Object)boolean -1 codeSignature differs 367f5c6667534cf84817d50881e1e9b002550aecf4043e59a3fa7d771f85ef42 != de8ef35bbcf491c2f835fd8ea7f89f8ce7f79abc7e87b84cbbb615860dafa3b1
jdk.internal.constant.ClassOrInterfaceDescImpl.descriptorString()java.lang.String -1 codeSignature differs 14be906eafbcd0e98db8607fd01b12de837039bcd06c460d0cf8f6394c8cff6d != da5cf171143f5513c1e4cdf5bb02fc95a3ea90774fedf9fb851ec26a1218a12f
jdk.internal.classfile.impl.BufWriterImpl.size()int -1 codeSignature differs fe46e3fea17c2bcac25676024acf43715946ed13832c36004058f315d01e6ed3 != e2795d501a46b0bfb6e8c56434b112c0ea54a81c9e313ecde41f1f8b0f3deb09
java.lang.invoke.MethodTypeForm.erasedType()java.lang.invoke.MethodType -1 codeSignature differs 90f01eeb46d88d53d0e4e48ef19445eb3bdf8101a00c7dc3f717a337df9fb41f != c4651eecda0d588acaac43a9ae165ea6a40380899e75b0e7578d22406e0c012a
jdk.internal.classfile.impl.AbstractDirectBuilder.constantPool()jdk.internal.classfile.impl.SplitConstantPool -1 codeSignature differs 14be906eafbcd0e98db8607fd01b12de837039bcd06c460d0cf8f6394c8cff6d != da5cf171143f5513c1e4cdf5bb02fc95a3ea90774fedf9fb851ec26a1218a12f
java.lang.StringLatin1.equals(byte[], byte[])boolean -1 codeSignature differs df3b672c4faf9b8e9c81d37ba53892d5bb76d91b2605d923dadb481f79796d8a != 625a83ff75952a5d0a805a4c58b62ea8ac6fa4c2e347559de275b3de58e5cde6
java.lang.StringLatin1.equals(byte[], byte[])boolean -1 graphSignature differs f47d0b1647dabd6f0108a1c873e12c6a64939992dcc9e97f79a9e6e1f1af8649 != cda1bda6b067c21da86f5c9b00220a168b94ff95811df6ee0a57435eb4ec0473
java.lang.invoke.MethodHandle.type()java.lang.invoke.MethodType -1 codeSignature differs 90f01eeb46d88d53d0e4e48ef19445eb3bdf8101a00c7dc3f717a337df9fb41f != c4651eecda0d588acaac43a9ae165ea6a40380899e75b0e7578d22406e0c012a
java.util.ArrayList.size()int -1 codeSignature differs fe46e3fea17c2bcac25676024acf43715946ed13832c36004058f315d01e6ed3 != e2795d501a46b0bfb6e8c56434b112c0ea54a81c9e313ecde41f1f8b0f3deb09
Sieve: iterations=1 runtime: 334499us
Sieve: iterations=2 runtime: 318253us
Benchmark.innerBenchmarkLoop(int)boolean -1 codeSignature differs 93c203a130267b18b2cb301e06bc65156c4cdb6e50697a6029f4ac3b93022e91 != 427bbd8ce6fde8630ac9d94e796978b5bf3fffd19ece3326485b1a91764463a5
Benchmark.innerBenchmarkLoop(int)boolean -1 graphSignature differs 6f88abe42320b21e82d5b69e59d9cc23048b2436cdcb2afc38b324a1f78d1f16 != 9e04699f9293fc9b63c57138e02cc685adffec6db96bf023308ca622870a9133
Sieve: iterations=3 runtime: 343672us
Sieve: iterations=4 runtime: 327404us
Sieve: iterations=5 runtime: 324421us
Sieve: iterations=6 runtime: 325047us
Sieve: iterations=7 runtime: 327145us
Sieve: iterations=8 runtime: 324419us
Sieve: iterations=9 runtime: 324030us
Sieve: iterations=10 runtime: 326146us
Sieve: iterations=11 runtime: 324646us
java.lang.String.length()int -1 codeSignature differs 5f2a9f3bb1f4f800ea4f2ad278553dedcfc789fe27a155b26df986828b30ede3 != c429f09bde0922a4e93c787fa5a5cdbca277237619ab7dc7eb3cc60d99b0f3aa
Sieve: iterations=12 runtime: 324579us
Sieve: iterations=13 runtime: 325985us
Sieve: iterations=14 runtime: 324690us
Sieve: iterations=15 runtime: 324206us
Sieve: iterations=16 runtime: 326211us
Sieve: iterations=17 runtime: 324678us
Sieve: iterations=18 runtime: 324359us
Sieve: iterations=19 runtime: 326496us
Could not locate BlockSlowdown.json
Skipping Loading (this might cause a fatal crash if GTSlowdown is on)
java.nio.Buffer.position()int -1 codeSignature differs 3f64cd4fafea8a3cef87601314961681d43f2aa75c3a358c1b0ce8d9a1c4731a != a754d4fbb14cb674813e5d56933661602e017cf332100c6f35524287a66eeea9
Sieve: iterations=20 runtime: 324521us
Sieve: iterations=21 runtime: 324523us
Sieve: iterations=22 runtime: 325868us
Sieve: iterations=23 runtime: 324126us
Sieve: iterations=24 runtime: 324286us
Sieve: iterations=25 runtime: 325791us
Sieve: iterations=26 runtime: 324497us
Sieve: iterations=27 runtime: 324071us
Sieve: iterations=28 runtime: 325061us
Sieve: iterations=29 runtime: 323419us
Sieve: iterations=30 runtime: 323763us
Sieve: iterations=31 runtime: 326105us
Sieve: iterations=32 runtime: 324298us
Sieve: iterations=33 runtime: 323853us
Sieve: iterations=34 runtime: 326579us
Sieve: iterations=35 runtime: 324499us
Sieve: iterations=36 runtime: 324074us
Sieve: iterations=37 runtime: 325873us
Sieve: iterations=38 runtime: 324545us
Sieve: iterations=39 runtime: 323836us
Sieve: iterations=40 runtime: 325590us
Sieve: iterations=41 runtime: 357617us
Sieve: iterations=42 runtime: 323492us
Sieve: iterations=43 runtime: 325370us
Sieve: iterations=44 runtime: 323957us
Sieve: iterations=45 runtime: 324175us
Sieve: iterations=46 runtime: 326595us
Sieve: iterations=47 runtime: 324245us
Sieve: iterations=48 runtime: 324114us
Sieve: iterations=49 runtime: 325581us
Sieve: iterations=50 runtime: 324289us
Sieve: iterations=51 runtime: 324369us
Sieve: iterations=52 runtime: 325459us
Sieve: iterations=53 runtime: 324642us
Sieve: iterations=54 runtime: 324356us
Sieve: iterations=55 runtime: 325428us
Sieve: iterations=56 runtime: 324490us
Sieve: iterations=57 runtime: 324144us
Sieve: iterations=58 runtime: 325245us
Sieve: iterations=59 runtime: 324418us
Sieve: iterations=60 runtime: 324217us
Sieve: iterations=61 runtime: 325477us
Sieve: iterations=62 runtime: 324057us
Sieve: iterations=63 runtime: 323524us
Sieve: iterations=64 runtime: 324687us
Sieve: iterations=65 runtime: 324311us
Sieve: iterations=66 runtime: 324133us
Sieve: iterations=67 runtime: 324431us
Sieve: iterations=68 runtime: 323825us
Sieve: iterations=69 runtime: 323695us
Sieve: iterations=70 runtime: 324538us
Sieve: iterations=71 runtime: 323837us
Sieve: iterations=72 runtime: 324072us
Sieve: iterations=73 runtime: 324513us
Sieve: iterations=74 runtime: 324116us
Sieve: iterations=75 runtime: 324084us
Sieve: iterations=76 runtime: 324618us
Sieve: iterations=77 runtime: 323997us
Sieve: iterations=78 runtime: 323629us
Sieve: iterations=79 runtime: 324105us
Sieve: iterations=80 runtime: 323995us
Sieve: iterations=81 runtime: 324134us
Sieve: iterations=82 runtime: 324875us
Sieve: iterations=83 runtime: 324438us
Sieve: iterations=84 runtime: 324431us
Sieve: iterations=85 runtime: 325047us
Sieve: iterations=86 runtime: 324881us
Sieve: iterations=87 runtime: 324286us
Sieve: iterations=88 runtime: 324836us
Sieve: iterations=89 runtime: 324434us
Sieve: iterations=90 runtime: 324159us
Could not locate BlockSlowdown.json
Skipping Loading (this might cause a fatal crash if GTSlowdown is on)
java.nio.Buffer.capacity()int -1 codeSignature differs 138bc711c3bed648b8548df225303894eec321dce856bde9fbb2267d74239e89 != 8366e168458356e9e2795362a66f19336b0e55f9e34ac8b5d6d37702a481c8da
Sieve: iterations=91 runtime: 325212us
Sieve: iterations=92 runtime: 324592us
Sieve: iterations=93 runtime: 324126us
Sieve: iterations=94 runtime: 325020us
Sieve: iterations=95 runtime: 324465us
Sieve: iterations=96 runtime: 324078us
Sieve: iterations=97 runtime: 324680us
Sieve: iterations=98 runtime: 324455us
Sieve: iterations=99 runtime: 324289us
Sieve: iterations=100 runtime: 324630us
Sieve: iterations=101 runtime: 323971us
Sieve: iterations=102 runtime: 323910us
Sieve: iterations=103 runtime: 324304us
Sieve: iterations=104 runtime: 323974us
Sieve: iterations=105 runtime: 323750us
Sieve: iterations=106 runtime: 324531us
Sieve: iterations=107 runtime: 324349us
Sieve: iterations=108 runtime: 323821us
Sieve: iterations=109 runtime: 324243us
Sieve: iterations=110 runtime: 323804us
Sieve: iterations=111 runtime: 323855us
Sieve: iterations=112 runtime: 331218us
Sieve: iterations=113 runtime: 324815us
Sieve: iterations=114 runtime: 324373us
Sieve: iterations=115 runtime: 325209us
Sieve: iterations=116 runtime: 325175us
Sieve: iterations=117 runtime: 324849us
Sieve: iterations=118 runtime: 325269us
Sieve: iterations=119 runtime: 324542us
Sieve: iterations=120 runtime: 324326us
Sieve: iterations=121 runtime: 323947us
Sieve: iterations=122 runtime: 324856us
Sieve: iterations=123 runtime: 323804us
Sieve: iterations=124 runtime: 323664us
Sieve: iterations=125 runtime: 325535us
Sieve: iterations=126 runtime: 324315us
Could not locate BlockSlowdown.json
Skipping Loading (this might cause a fatal crash if GTSlowdown is on)
java.nio.charset.CharsetEncoder.maxBytesPerChar()float -1 codeSignature differs d0dc63dd2361c2989cb14e4cf77bfb3442e0a43d3c92bbd78638646fefb8363f != fecc7851573229b2c1300c739298992122dcb58fa032d82e9692f06a80e3cdc4
Sieve: iterations=127 runtime: 324342us
Sieve: iterations=128 runtime: 325227us
Sieve: iterations=129 runtime: 324139us
Sieve: iterations=130 runtime: 324487us
Sieve: iterations=131 runtime: 324874us
Sieve: iterations=132 runtime: 323883us
Sieve: iterations=133 runtime: 323914us
Sieve: iterations=134 runtime: 324511us
Sieve: iterations=135 runtime: 323968us
Sieve: iterations=136 runtime: 324059us
Sieve: iterations=137 runtime: 324266us
Sieve: iterations=138 runtime: 324449us
Sieve: iterations=139 runtime: 323997us
Sieve: iterations=140 runtime: 324377us
Sieve: iterations=141 runtime: 323788us
Sieve: iterations=142 runtime: 323772us
Sieve: iterations=143 runtime: 325065us
Sieve: iterations=144 runtime: 324365us
Sieve: iterations=145 runtime: 324090us
Sieve: iterations=146 runtime: 325204us
Sieve: iterations=147 runtime: 324405us
Sieve: iterations=148 runtime: 324070us
Sieve: iterations=149 runtime: 324936us
Sieve: iterations=150 runtime: 324167us
Sieve: iterations=151 runtime: 324076us
Sieve: iterations=152 runtime: 324862us
Sieve: iterations=153 runtime: 324476us
Sieve: iterations=154 runtime: 324030us
Sieve: iterations=155 runtime: 325138us
Sieve: iterations=156 runtime: 324460us
Sieve: iterations=157 runtime: 324328us
Sieve: iterations=158 runtime: 324843us
Sieve: iterations=159 runtime: 323930us
Sieve: iterations=160 runtime: 323866us
Sieve: iterations=161 runtime: 324366us
Sieve: iterations=162 runtime: 324074us
Sieve: iterations=163 runtime: 323841us
Sieve: iterations=164 runtime: 324582us
Sieve: iterations=165 runtime: 323677us
Sieve: iterations=166 runtime: 323733us
Sieve: iterations=167 runtime: 325358us
Sieve: iterations=168 runtime: 323917us
Sieve: iterations=169 runtime: 324106us
Sieve: iterations=170 runtime: 324593us
Sieve: iterations=171 runtime: 324121us
Sieve: iterations=172 runtime: 323815us
Sieve: iterations=173 runtime: 324820us
Sieve: iterations=174 runtime: 325014us
Sieve: iterations=175 runtime: 324739us
Sieve: iterations=176 runtime: 325017us
Sieve: iterations=177 runtime: 324206us
Sieve: iterations=178 runtime: 324213us
Sieve: iterations=179 runtime: 325078us
Sieve: iterations=180 runtime: 324353us
Sieve: iterations=181 runtime: 324369us
Sieve: iterations=182 runtime: 325045us
Sieve: iterations=183 runtime: 331193us
Sieve: iterations=184 runtime: 324130us
Sieve: iterations=185 runtime: 324612us
Sieve: iterations=186 runtime: 323973us
Sieve: iterations=187 runtime: 324361us
Sieve: iterations=188 runtime: 324569us
Sieve: iterations=189 runtime: 324385us
Sieve: iterations=190 runtime: 324268us
Sieve: iterations=191 runtime: 324661us
Sieve: iterations=192 runtime: 324271us
Sieve: iterations=193 runtime: 324328us
Sieve: iterations=194 runtime: 324544us
Sieve: iterations=195 runtime: 324249us
Sieve: iterations=196 runtime: 323822us
Sieve: iterations=197 runtime: 324692us
Sieve: iterations=198 runtime: 324034us
Sieve: iterations=199 runtime: 324239us
Sieve: iterations=200 runtime: 324295us
Sieve: iterations=201 runtime: 324280us
Sieve: iterations=202 runtime: 324213us
Sieve: iterations=203 runtime: 324315us
Sieve: iterations=204 runtime: 325005us
Sieve: iterations=205 runtime: 324135us
Sieve: iterations=206 runtime: 323790us
Sieve: iterations=207 runtime: 325140us
Sieve: iterations=208 runtime: 324464us
Sieve: iterations=209 runtime: 324087us
Sieve: iterations=210 runtime: 325394us
Sieve: iterations=211 runtime: 324185us
Sieve: iterations=212 runtime: 324125us
Sieve: iterations=213 runtime: 324283us
Sieve: iterations=214 runtime: 324038us
Sieve: iterations=215 runtime: 324023us
Sieve: iterations=216 runtime: 324969us
Sieve: iterations=217 runtime: 323569us
Sieve: iterations=218 runtime: 323761us
Sieve: iterations=219 runtime: 324270us
Sieve: iterations=220 runtime: 323745us
Sieve: iterations=221 runtime: 323783us
Sieve: iterations=222 runtime: 324207us
Sieve: iterations=223 runtime: 323954us
Sieve: iterations=224 runtime: 324058us
Sieve: iterations=225 runtime: 327830us
Sieve: iterations=226 runtime: 324182us
Sieve: iterations=227 runtime: 324008us
Sieve: iterations=228 runtime: 324244us
Sieve: iterations=229 runtime: 323431us
Sieve: iterations=230 runtime: 323769us
Sieve: iterations=231 runtime: 325344us
Sieve: iterations=232 runtime: 324020us
Sieve: iterations=233 runtime: 323677us
Sieve: iterations=234 runtime: 324784us
Sieve: iterations=235 runtime: 324181us
Sieve: iterations=236 runtime: 323883us
Sieve: iterations=237 runtime: 324483us
Sieve: iterations=238 runtime: 323903us
Sieve: iterations=239 runtime: 323907us
Sieve: iterations=240 runtime: 324424us
Sieve: iterations=241 runtime: 323872us
Sieve: iterations=242 runtime: 323967us
Sieve: iterations=243 runtime: 324701us
Sieve: iterations=244 runtime: 324082us
Sieve: iterations=245 runtime: 324083us
Sieve: iterations=246 runtime: 324546us
Sieve: iterations=247 runtime: 323981us
Sieve: iterations=248 runtime: 324158us
Sieve: iterations=249 runtime: 324470us
Sieve: iterations=250 runtime: 323868us
Sieve: iterations=251 runtime: 323859us
Sieve: iterations=252 runtime: 324299us
Sieve: iterations=253 runtime: 324070us
Sieve: iterations=254 runtime: 324057us
Sieve: iterations=255 runtime: 324539us
Sieve: iterations=256 runtime: 324066us
Sieve: iterations=257 runtime: 323972us
Sieve: iterations=258 runtime: 324921us
Sieve: iterations=259 runtime: 324613us
Sieve: iterations=260 runtime: 324023us
Sieve: iterations=261 runtime: 324985us
Sieve: iterations=262 runtime: 324358us
Sieve: iterations=263 runtime: 324495us
Sieve: iterations=264 runtime: 325075us
Sieve: iterations=265 runtime: 324273us
Sieve: iterations=266 runtime: 324276us
Sieve: iterations=267 runtime: 324847us
Sieve: iterations=268 runtime: 324283us
Sieve: iterations=269 runtime: 324104us
Sieve: iterations=270 runtime: 324927us
Sieve: iterations=271 runtime: 325114us
Sieve: iterations=272 runtime: 324606us
Sieve: iterations=273 runtime: 324975us
Sieve: iterations=274 runtime: 324131us
Sieve: iterations=275 runtime: 323943us
Sieve: iterations=276 runtime: 324534us
Sieve: iterations=277 runtime: 324070us
Sieve: iterations=278 runtime: 324266us
Sieve: iterations=279 runtime: 324716us
Sieve: iterations=280 runtime: 324562us
Sieve: iterations=281 runtime: 324402us
Sieve: iterations=282 runtime: 324618us
Sieve: iterations=283 runtime: 324684us
Sieve: iterations=284 runtime: 324401us
Sieve: iterations=285 runtime: 324629us
Sieve: iterations=286 runtime: 324329us
Sieve: iterations=287 runtime: 323628us
Sieve: iterations=288 runtime: 323560us
Sieve: iterations=289 runtime: 324503us
Sieve: iterations=290 runtime: 323934us
Sieve: iterations=291 runtime: 323943us
Sieve: iterations=292 runtime: 325081us
Sieve: iterations=293 runtime: 323899us
Sieve: iterations=294 runtime: 323836us
Sieve: iterations=295 runtime: 325206us
Sieve: iterations=296 runtime: 326248us
Sieve: iterations=297 runtime: 328215us
Sieve: iterations=298 runtime: 324953us
Sieve: iterations=299 runtime: 323959us
Sieve: iterations=300 runtime: 324141us
Sieve: iterations=301 runtime: 324718us
Sieve: iterations=302 runtime: 323939us
Sieve: iterations=303 runtime: 324169us
Sieve: iterations=304 runtime: 324995us
Sieve: iterations=305 runtime: 324246us
Sieve: iterations=306 runtime: 323903us
Sieve: iterations=307 runtime: 324401us
Sieve: iterations=308 runtime: 323707us
Sieve: iterations=309 runtime: 323620us
Sieve: iterations=310 runtime: 325397us
Sieve: iterations=311 runtime: 324489us
Sieve: iterations=312 runtime: 324714us
Sieve: iterations=313 runtime: 325325us
Sieve: iterations=314 runtime: 324663us
Sieve: iterations=315 runtime: 324250us
Sieve: iterations=316 runtime: 325215us
Sieve: iterations=317 runtime: 323727us
Sieve: iterations=318 runtime: 323977us
Sieve: iterations=319 runtime: 325003us
Sieve: iterations=320 runtime: 324416us
Sieve: iterations=321 runtime: 324206us
Sieve: iterations=322 runtime: 324757us
Sieve: iterations=323 runtime: 324462us
Sieve: iterations=324 runtime: 324103us
Sieve: iterations=325 runtime: 324934us
Sieve: iterations=326 runtime: 323951us
Sieve: iterations=327 runtime: 323870us
Sieve: iterations=328 runtime: 325055us
Sieve: iterations=329 runtime: 323981us
Sieve: iterations=330 runtime: 324036us
Sieve: iterations=331 runtime: 325251us
Sieve: iterations=332 runtime: 324569us
Sieve: iterations=333 runtime: 324228us
Sieve: iterations=334 runtime: 325157us
Sieve: iterations=335 runtime: 324211us
Sieve: iterations=336 runtime: 325141us
Sieve: iterations=337 runtime: 324902us
Sieve: iterations=338 runtime: 324601us
Sieve: iterations=339 runtime: 324401us
Sieve: iterations=340 runtime: 325274us
Sieve: iterations=341 runtime: 324225us
Sieve: iterations=342 runtime: 324326us
Sieve: iterations=343 runtime: 324713us
Sieve: iterations=344 runtime: 324087us
Sieve: iterations=345 runtime: 323892us
Sieve: iterations=346 runtime: 324453us
Sieve: iterations=347 runtime: 324019us
Sieve: iterations=348 runtime: 323779us
Sieve: iterations=349 runtime: 324448us
Sieve: iterations=350 runtime: 324046us
Sieve: iterations=351 runtime: 324110us
Sieve: iterations=352 runtime: 324710us
Sieve: iterations=353 runtime: 324270us
Sieve: iterations=354 runtime: 324238us
Sieve: iterations=355 runtime: 324541us
Sieve: iterations=356 runtime: 323810us
Sieve: iterations=357 runtime: 324074us
Sieve: iterations=358 runtime: 324374us
Sieve: iterations=359 runtime: 324106us
Sieve: iterations=360 runtime: 323888us
Sieve: iterations=361 runtime: 324474us
Sieve: iterations=362 runtime: 324145us
Sieve: iterations=363 runtime: 323825us
Sieve: iterations=364 runtime: 324195us
Sieve: iterations=365 runtime: 323930us
Sieve: iterations=366 runtime: 324180us
Sieve: iterations=367 runtime: 327563us
Sieve: iterations=368 runtime: 329569us
Sieve: iterations=369 runtime: 323681us
Sieve: iterations=370 runtime: 323626us
Sieve: iterations=371 runtime: 324862us
Sieve: iterations=372 runtime: 323825us
Sieve: iterations=373 runtime: 323630us
Sieve: iterations=374 runtime: 324274us
Sieve: iterations=375 runtime: 324044us
Sieve: iterations=376 runtime: 323775us
Sieve: iterations=377 runtime: 324915us
Sieve: iterations=378 runtime: 324366us
Sieve: iterations=379 runtime: 324336us
Sieve: iterations=380 runtime: 324954us
Sieve: iterations=381 runtime: 323669us
Sieve: iterations=382 runtime: 323513us
Sieve: iterations=383 runtime: 324965us
Sieve: iterations=384 runtime: 324278us
Sieve: iterations=385 runtime: 323999us
Sieve: iterations=386 runtime: 324723us
Sieve: iterations=387 runtime: 324049us
Sieve: iterations=388 runtime: 324041us
Sieve: iterations=389 runtime: 325305us
Sieve: iterations=390 runtime: 324541us
Sieve: iterations=391 runtime: 324359us
Sieve: iterations=392 runtime: 325325us
Sieve: iterations=393 runtime: 323982us
Sieve: iterations=394 runtime: 323996us
Sieve: iterations=395 runtime: 324716us
Sieve: iterations=396 runtime: 324216us
Sieve: iterations=397 runtime: 323920us
Sieve: iterations=398 runtime: 325285us
Sieve: iterations=399 runtime: 324216us
Sieve: iterations=400 runtime: 324299us
Sieve: iterations=401 runtime: 325247us
Sieve: iterations=402 runtime: 324576us
Sieve: iterations=403 runtime: 324412us
Sieve: iterations=404 runtime: 325331us
Sieve: iterations=405 runtime: 324252us
Sieve: iterations=406 runtime: 324143us
Sieve: iterations=407 runtime: 325130us
Sieve: iterations=408 runtime: 324733us
Sieve: iterations=409 runtime: 324656us
Sieve: iterations=410 runtime: 360936us
Sieve: iterations=411 runtime: 323920us
Could not locate BlockSlowdown.json
Skipping Loading (this might cause a fatal crash if GTSlowdown is on)
java.lang.StringLatin1.inflate(byte[], int, char[], int, int)void -1 codeSignature differs db8012b016ca99189c62cfb7b913b1f5bdbe35a6c740579c3f7d75f8facc27c6 != 17fc64c9586f0ecf27e1468b2eeb1b40eb8569e6db2faf747d95dee3bfb3e1f0
java.lang.StringLatin1.inflate(byte[], int, char[], int, int)void -1 graphSignature differs 17e6f3ed6596e5d6840a8a77065c9470c41838c2630b4535538ec163efd33e69 != e838eb1809aadd841c1ff5fe2e7a1043b73670d291c51dcf64d0aae8eaa2b7e0
Sieve: iterations=412 runtime: 323684us
Sieve: iterations=413 runtime: 325048us
Sieve: iterations=414 runtime: 324086us
Sieve: iterations=415 runtime: 324235us
Sieve: iterations=416 runtime: 325136us
Sieve: iterations=417 runtime: 324932us
Sieve: iterations=418 runtime: 323444us
Sieve: iterations=419 runtime: 324400us
Sieve: iterations=420 runtime: 324268us
Sieve: iterations=421 runtime: 324175us
Sieve: iterations=422 runtime: 324727us
Sieve: iterations=423 runtime: 324674us
Sieve: iterations=424 runtime: 324662us
Sieve: iterations=425 runtime: 325172us
Sieve: iterations=426 runtime: 324441us
Sieve: iterations=427 runtime: 324314us
Sieve: iterations=428 runtime: 324665us
Sieve: iterations=429 runtime: 324208us
Sieve: iterations=430 runtime: 324517us
Sieve: iterations=431 runtime: 325066us
Sieve: iterations=432 runtime: 324309us
Sieve: iterations=433 runtime: 324079us
Sieve: iterations=434 runtime: 324851us
Sieve: iterations=435 runtime: 324685us
Sieve: iterations=436 runtime: 324027us
Sieve: iterations=437 runtime: 324657us
Sieve: iterations=438 runtime: 324346us
Sieve: iterations=439 runtime: 323913us
Sieve: iterations=440 runtime: 324300us
Sieve: iterations=441 runtime: 324716us
Sieve: iterations=442 runtime: 324505us
Sieve: iterations=443 runtime: 324654us
Sieve: iterations=444 runtime: 324884us
Sieve: iterations=445 runtime: 324308us
Sieve: iterations=446 runtime: 324736us
Sieve: iterations=447 runtime: 324081us
Sieve: iterations=448 runtime: 323933us
Sieve: iterations=449 runtime: 324530us
Sieve: iterations=450 runtime: 324163us
Sieve: iterations=451 runtime: 324131us
Sieve: iterations=452 runtime: 324059us
Sieve: iterations=453 runtime: 325191us
Sieve: iterations=454 runtime: 324079us
Sieve: iterations=455 runtime: 323948us
Sieve: iterations=456 runtime: 324607us
Sieve: iterations=457 runtime: 323793us
Sieve: iterations=458 runtime: 323804us
Sieve: iterations=459 runtime: 324372us
Sieve: iterations=460 runtime: 324124us
Sieve: iterations=461 runtime: 324140us
Sieve: iterations=462 runtime: 324571us
Sieve: iterations=463 runtime: 324078us
Sieve: iterations=464 runtime: 323974us
Sieve: iterations=465 runtime: 324618us
Sieve: iterations=466 runtime: 324091us
Sieve: iterations=467 runtime: 323911us
Sieve: iterations=468 runtime: 324854us
Sieve: iterations=469 runtime: 324352us
Sieve: iterations=470 runtime: 323855us
Sieve: iterations=471 runtime: 324476us
Sieve: iterations=472 runtime: 323849us
Sieve: iterations=473 runtime: 323831us
Sieve: iterations=474 runtime: 324215us
Sieve: iterations=475 runtime: 324100us
Sieve: iterations=476 runtime: 324025us
Sieve: iterations=477 runtime: 324699us
Sieve: iterations=478 runtime: 323823us
Sieve: iterations=479 runtime: 324126us
Sieve: iterations=480 runtime: 324770us
Sieve: iterations=481 runtime: 332132us
Sieve: iterations=482 runtime: 324722us
Sieve: iterations=483 runtime: 325149us
Sieve: iterations=484 runtime: 324297us
Sieve: iterations=485 runtime: 323862us
Sieve: iterations=486 runtime: 323960us
Sieve: iterations=487 runtime: 323685us
Sieve: iterations=488 runtime: 323879us
Sieve: iterations=489 runtime: 324549us
Sieve: iterations=490 runtime: 323925us
Sieve: iterations=491 runtime: 323666us
Sieve: iterations=492 runtime: 324084us
Sieve: iterations=493 runtime: 323487us
Sieve: iterations=494 runtime: 323606us
Sieve: iterations=495 runtime: 323698us
Sieve: iterations=496 runtime: 323178us
Sieve: iterations=497 runtime: 323337us
Sieve: iterations=498 runtime: 324854us
Sieve: iterations=499 runtime: 324496us
Sieve: iterations=500 runtime: 324189us
Could not locate BlockSlowdown.json
Skipping Loading (this might cause a fatal crash if GTSlowdown is on)
jdk.internal.constant.ClassOrInterfaceDescImpl.isClassOrInterface()boolean -1 codeSignature differs 6e3a14458a0fca90e6a63285514a933585cea592cb622e79b33ddc5df6e0fb66 != 6fdd5e023f8b36c06ccfc437f07740607e2fd6af8789c2b6573b1f8e5aec4921
jdk.internal.classfile.impl.AbstractPoolEntry.hashCode()int -1 codeSignature differs fe46e3fea17c2bcac25676024acf43715946ed13832c36004058f315d01e6ed3 != e2795d501a46b0bfb6e8c56434b112c0ea54a81c9e313ecde41f1f8b0f3deb09
jdk.internal.constant.PrimitiveClassDescImpl.descriptorString()java.lang.String -1 codeSignature differs 7722674ec43cccc19227bd0fe31433696da3716816c65b03f1730e1c0254917a != d487d8a2503fc353385b06f3b95e8ab10a6fe5294aa12ef213c2f0b58f53bb2d
jdk.internal.classfile.impl.AbstractPoolEntry$ClassEntryImpl.tag()int -1 codeSignature differs 5404769be9f3dbc3cb72c5db1a8ad8dd44853cedba352c69c6db32de21c4dbb9 != 1c5cefc40a914f135a319bd8d405841fbf0f0e92dfa85c790bd1c66c2edacece
java.lang.Class.getComponentType()java.lang.Class -1 codeSignature differs b319d91a6485f244b602f37bbb015c7b083103cb0168540c8f7172a6f77fcdb4 != ca3e2776cb0744dcbd5af9f18a41221cfb7ea6616e2c92fa3282d7012b2bb32a
Sieve: iterations=500 average: 324659us total: 162329861us


java.lang.invoke.MethodTypeForm.parameterSlotCount()int -1 codeSignature differs ad156c9aebe2f06c30e3b5dbbec2e173bc1370acb4ba42d2464dda8cd03d5b04 != 631f1ee6b294c0668302aaa578afb6c4bc9eb79e5bdf6a7916a36c576b1ba42d
Total Runtime: 162329861us
Bubo.RDTSC.Harness.main Total RDTSC cycles: 538015859266
Comp 52 (java.util.ImmutableCollections$SetN$SetNIterator.next()) loops:
Found Encoding : 0:-1
└── Loop 0
  loop 0 Cycles: 373114 || Activation Count:0 | LoopCallCount: 0 |  Source: -at java.util.ImmutableCollections$SetN$SetNIterator.next(ImmutableCollections.java:1213) [bci: 21] | -at java.util.ImmutableCollections$SetN$SetNIterator.next(ImmutableCollections.java:1223) [bci: 65]
Comp 56 (java.util.HashMap.putVal(int,) loops:
Found Encoding : 0:-1
└── Loop 0
  loop 0 Cycles: 12144 || Activation Count:0 | LoopCallCount: 0 |  Source: -at java.util.HashMap.putVal(HashMap.java:648) [bci: 134] | -at java.util.HashMap.putVal(HashMap.java:649) [bci: 145]
Comp 57 (java.lang.String.equals(Object)) loops:
Found Encoding : 0:-1
└── Loop 0
  loop 0 Cycles: 9480 || Activation Count:0 | LoopCallCount: 0 |  Source: -at java.lang.StringLatin1.equals(StringLatin1.java:100) [bci: 9]
-at java.lang.String.equals(String.java:1926) [bci: 44] | -at java.lang.StringLatin1.equals(StringLatin1.java:105) [bci: 32]
-at java.lang.String.equals(String.java:1926) [bci: 44]
Comp 69 (java.util.HashMap.resize()) loops:
Found Encoding : 2:-1,0:-1,1:0
├── Loop 2
└── Loop 0
    └── Loop 1
  loop 0 Cycles: 35868 || Activation Count:0 | LoopCallCount: 0 |  Source: -at java.util.HashMap.resize(HashMap.java:714) [bci: 151] | -at java.util.HashMap.resize(HashMap.java:755) [bci: 353]
  loop 1 Cycles: 10384 || Activation Count:0 | LoopCallCount: 0 |  Source: -at java.util.HashMap.resize(HashMap.java:727) [bci: 235] | -at java.util.HashMap.resize(HashMap.java:743) [bci: 309]
  loop 2 Cycles: 17056 || Activation Count:0 | LoopCallCount: 0 |  Source: -at jdk.graal.compiler.hotspot.replacements.HotSpotAllocationSnippets.allocateArray(KlassPointer, int, int, int, AllocationSnippets$FillContent, int, boolean, boolean, boolean, boolean, HotSpotAllocationSnippets$HotSpotAllocationProfilingData, boolea
Comp 88 (java.util.Properties$LineReader.readLine()) loops:
Found Encoding : 5:-1,3:-1,4:3,0:-1,1:0,2:1
├── Loop 5
├── Loop 3
│   └── Loop 4
└── Loop 0
    └── Loop 1
        └── Loop 2
  loop 1 Cycles: 253828 || Activation Count:0 | LoopCallCount: 1 |  Source: -at java.util.Properties$LineReader.readLine(Properties.java:538) [bci: 219] | -at java.util.Properties$LineReader.readLine(Properties.java:543) [bci: 259]
  loop 2 Cycles: 16614 || Activation Count:0 | LoopCallCount: 0 |  Source: -at java.util.Properties$LineReader.readLine(Properties.java:540) [bci: 224] | -at java.util.Properties$LineReader.readLine(Properties.java:543) [bci: 259]
  loop 5 Cycles: 222 || Activation Count:0 | LoopCallCount: 0 |  Source: -at java.util.Properties$LineReader.readLine(Properties.java:540) [bci: 224] | -at java.util.Properties$LineReader.readLine(Properties.java:543) [bci: 259]
Comp 89 (java.util.Properties$LineReader.readLine()-Re-Comp) loops:
Found Encoding : 0:-1,1:0,2:1
└── Loop 0
    └── Loop 1
        └── Loop 2
  loop 0 Cycles: 546332 || Activation Count:0 | LoopCallCount: 2 |  Source: -at java.util.Properties$LineReader.readLine(Properties.java:504) [bci: 53] | -at java.util.Properties$LineReader.readLine(Properties.java:615) [bci: 577]
  loop 1 Cycles: 493620 || Activation Count:0 | LoopCallCount: 1 |  Source: -at java.util.Properties$LineReader.readLine(Properties.java:538) [bci: 219] | -at java.util.Properties$LineReader.readLine(Properties.java:543) [bci: 259]
  loop 2 Cycles: 143042 || Activation Count:0 | LoopCallCount: 0 |  Source: -at java.util.Properties$LineReader.readLine(Properties.java:540) [bci: 224] | -at java.util.Properties$LineReader.readLine(Properties.java:545) [bci: 262]
Comp 92 (jdk.internal.util.ArraysSupport.unsignedHashCode(int,) loops:
Found Encoding : 0:-1,1:-1,2:-1
├── Loop 0
├── Loop 1
└── Loop 2
  loop 0 Cycles: 54966 || Activation Count:0 | LoopCallCount: 0 |  Source: -at jdk.internal.util.ArraysSupport.unsignedHashCode(ArraysSupport.java:378) [bci: 8] | -at jdk.internal.util.ArraysSupport.unsignedHashCode(ArraysSupport.java:381) [bci: 34]
  loop 1 Cycles: 105458 || Activation Count:0 | LoopCallCount: 0 |  Source: Source Missing | -at jdk.internal.util.ArraysSupport.unsignedHashCode(ArraysSupport.java:381) [bci: 34]
  loop 2 Cycles: 88124 || Activation Count:0 | LoopCallCount: 0 |  Source: Source Missing | -at jdk.internal.util.ArraysSupport.unsignedHashCode(ArraysSupport.java:381) [bci: 34]
Comp 119 (Sieve.sieve(boolean[],) loops:
Found Encoding : 1:-1,0:-1,2:0
├── Loop 1
└── Loop 0
    └── Loop 2
  loop 0 Cycles: 90160 || Activation Count:0 | LoopCallCount: 0 |  Source: -at Sieve.sieve(boolean[], int) [bci: 5] | -at Sieve.sieve(boolean[], int) [bci: 59]
  loop 1 Cycles: 1686 || Activation Count:0 | LoopCallCount: 0 |  Source: Source Missing | -at Sieve.sieve(boolean[], int) [bci: 53]
  loop 2 Cycles: 33048 || Activation Count:0 | LoopCallCount: 0 |  Source: Source Missing | -at Sieve.sieve(boolean[], int) [bci: 53]
Comp 120 (Sieve.sieve(boolean[],-Re-Comp) loops:
Found Encoding : 0:-1,1:0
└── Loop 0
    └── Loop 1
  loop 0 Cycles: 602498720 || Activation Count:0 | LoopCallCount: 0 |  Source: -at Sieve.sieve(boolean[], int) [bci: 5] | -at Sieve.sieve(boolean[], int) [bci: 59]
  loop 1 Cycles: 284658750 || Activation Count:0 | LoopCallCount: 0 |  Source: -at Sieve.sieve(boolean[], int) [bci: 30] | -at Sieve.sieve(boolean[], int) [bci: 53]
Comp 121 (java.util.Arrays.fill(boolean[],) loops:
Found Encoding : 0:-1,1:-1,2:-1
├── Loop 0
├── Loop 1
└── Loop 2
  loop 0 Cycles: 72 || Activation Count:0 | LoopCallCount: 0 |  Source: Source Missing | -at java.util.Arrays.fill(Arrays.java:3320) [bci: 20]
  loop 1 Cycles: 4980 || Activation Count:0 | LoopCallCount: 0 |  Source: Source Missing | -at java.util.Arrays.fill(Arrays.java:3320) [bci: 20]
  loop 2 Cycles: 114 || Activation Count:0 | LoopCallCount: 0 |  Source: Source Missing | -at java.util.Arrays.fill(Arrays.java:3320) [bci: 20]
Comp 122 (java.util.Arrays.fill(boolean[],-Re-Comp) loops:
Found Encoding : 0:-1,1:-1,2:-1
├── Loop 0
├── Loop 1
└── Loop 2
  loop 0 Cycles: 344622 || Activation Count:0 | LoopCallCount: 0 |  Source: -at java.util.Arrays.fill(Arrays.java:3318) [bci: 5] | -at java.util.Arrays.fill(Arrays.java:3320) [bci: 20]
  loop 1 Cycles: 34882710 || Activation Count:0 | LoopCallCount: 0 |  Source: Source Missing | -at java.util.Arrays.fill(Arrays.java:3320) [bci: 20]
  loop 2 Cycles: 396112 || Activation Count:0 | LoopCallCount: 0 |  Source: Source Missing | -at java.util.Arrays.fill(Arrays.java:3320) [bci: 20]
Comp 125 (Sieve.benchmark()) loops:
Found Encoding : 0:-1,3:-1,4:-1,1:-1,2:1
├── Loop 0
├── Loop 3
├── Loop 4
└── Loop 1
    └── Loop 2
  loop 0 Cycles: 704430 || Activation Count:0 | LoopCallCount: 0 |  Source: -at java.util.Arrays.fill(Arrays.java:3318) [bci: 5]
-at Sieve.benchmark() [bci: 8] | -at java.util.Arrays.fill(Arrays.java:3320) [bci: 20]
-at Sieve.benchmark() [bci: 8]
  loop 1 Cycles: 1351891638 || Activation Count:0 | LoopCallCount: 0 |  Source: -at Sieve.sieve(boolean[], int) [bci: 5]
-at Sieve.benchmark() [bci: 16] | -at Sieve.sieve(boolean[], int) [bci: 59]
-at Sieve.benchmark() [bci: 16]
  loop 2 Cycles: 720583004 || Activation Count:0 | LoopCallCount: 0 |  Source: -at Sieve.sieve(boolean[], int) [bci: 30]
-at Sieve.benchmark() [bci: 16] | -at Sieve.sieve(boolean[], int) [bci: 53]
-at Sieve.benchmark() [bci: 16]
  loop 3 Cycles: 69719966 || Activation Count:0 | LoopCallCount: 0 |  Source: Source Missing | -at java.util.Arrays.fill(Arrays.java:3320) [bci: 20]
-at Sieve.benchmark() [bci: 8]
  loop 4 Cycles: 812568 || Activation Count:0 | LoopCallCount: 0 |  Source: Source Missing | -at java.util.Arrays.fill(Arrays.java:3320) [bci: 20]
-at Sieve.benchmark() [bci: 8]
Comp 136 (java.lang.StringLatin1.equals(byte[],) loops:
Found Encoding : 0:-1
└── Loop 0
  loop 0 Cycles: 2870 || Activation Count:0 | LoopCallCount: 0 |  Source: -at java.lang.StringLatin1.equals(StringLatin1.java:100) [bci: 9] | -at java.lang.StringLatin1.equals(StringLatin1.java:105) [bci: 32]
Comp 140 (Benchmark.innerBenchmarkLoop(int)) loops:
Found Encoding : 1:-1,7:-1,8:-1,2:-1,3:2,0:-1,4:0,9:0,10:0,5:0,6:5
├── Loop 1
├── Loop 7
├── Loop 8
├── Loop 2
│   └── Loop 3
└── Loop 0
    ├── Loop 4
    ├── Loop 9
    ├── Loop 10
    └── Loop 5
        └── Loop 6
  loop 0 Cycles: 1018608324 || Activation Count:0 | LoopCallCount: 1 |  Source: -at Benchmark.innerBenchmarkLoop(int) [bci: 2] | -at Benchmark.innerBenchmarkLoop(int) [bci: 26]
  loop 1 Cycles: 72 || Activation Count:0 | LoopCallCount: 0 |  Source: -at java.util.Arrays.fill(Arrays.java:3318) [bci: 5]
-at Sieve.benchmark() [bci: 8]
-at Benchmark.innerBenchmarkLoop(int) [bci: 9] | -at java.util.Arrays.fill(Arrays.java:3320) [bci: 20]
-at Sieve.benchmark() [bci: 8]
-at Benchmark.innerBenchmarkLoo
  loop 2 Cycles: 109332 || Activation Count:0 | LoopCallCount: 0 |  Source: -at Sieve.sieve(boolean[], int) [bci: 5]
-at Sieve.benchmark() [bci: 16]
-at Benchmark.innerBenchmarkLoop(int) [bci: 9] | -at Sieve.sieve(boolean[], int) [bci: 59]
-at Sieve.benchmark() [bci: 16]
-at Benchmark.innerBenchmarkLoop(int) [bci: 9]
  loop 3 Cycles: 53766 || Activation Count:0 | LoopCallCount: 0 |  Source: -at Sieve.sieve(boolean[], int) [bci: 30]
-at Sieve.benchmark() [bci: 16]
-at Benchmark.innerBenchmarkLoop(int) [bci: 9] | -at Sieve.sieve(boolean[], int) [bci: 53]
-at Sieve.benchmark() [bci: 16]
-at Benchmark.innerBenchmarkLoop(int) [bci: 9]
  loop 4 Cycles: 485364 || Activation Count:0 | LoopCallCount: 0 |  Source: -at java.util.Arrays.fill(Arrays.java:3318) [bci: 5]
-at Sieve.benchmark() [bci: 8]
-at Benchmark.innerBenchmarkLoop(int) [bci: 9] | -at java.util.Arrays.fill(Arrays.java:3320) [bci: 20]
-at Sieve.benchmark() [bci: 8]
-at Benchmark.innerBenchmarkLoo
  loop 5 Cycles: 953297642 || Activation Count:0 | LoopCallCount: 0 |  Source: -at Sieve.sieve(boolean[], int) [bci: 5]
-at Sieve.benchmark() [bci: 16]
-at Benchmark.innerBenchmarkLoop(int) [bci: 9] | -at Sieve.sieve(boolean[], int) [bci: 59]
-at Sieve.benchmark() [bci: 16]
-at Benchmark.innerBenchmarkLoop(int) [bci: 9]
  loop 6 Cycles: 505337050 || Activation Count:0 | LoopCallCount: 0 |  Source: -at Sieve.sieve(boolean[], int) [bci: 30]
-at Sieve.benchmark() [bci: 16]
-at Benchmark.innerBenchmarkLoop(int) [bci: 9] | -at Sieve.sieve(boolean[], int) [bci: 53]
-at Sieve.benchmark() [bci: 16]
-at Benchmark.innerBenchmarkLoop(int) [bci: 9]
  loop 7 Cycles: 5108 || Activation Count:0 | LoopCallCount: 0 |  Source: Source Missing | -at java.util.Arrays.fill(Arrays.java:3320) [bci: 20]
-at Sieve.benchmark() [bci: 8]
-at Benchmark.innerBenchmarkLoop(int) [bci: 9]
  loop 8 Cycles: 120 || Activation Count:0 | LoopCallCount: 0 |  Source: Source Missing | -at java.util.Arrays.fill(Arrays.java:3320) [bci: 20]
-at Sieve.benchmark() [bci: 8]
-at Benchmark.innerBenchmarkLoop(int) [bci: 9]
  loop 9 Cycles: 48710452 || Activation Count:0 | LoopCallCount: 0 |  Source: Source Missing | -at java.util.Arrays.fill(Arrays.java:3320) [bci: 20]
-at Sieve.benchmark() [bci: 8]
-at Benchmark.innerBenchmarkLoop(int) [bci: 9]
  loop 10 Cycles: 542350 || Activation Count:0 | LoopCallCount: 0 |  Source: Source Missing | -at java.util.Arrays.fill(Arrays.java:3320) [bci: 20]
-at Sieve.benchmark() [bci: 8]
-at Benchmark.innerBenchmarkLoop(int) [bci: 9]
Comp 141 (Benchmark.innerBenchmarkLoop(int)-Re-Comp) loops:
Found Encoding : 0:-1,1:0,4:0,5:0,2:0,3:2
└── Loop 0
    ├── Loop 1
    ├── Loop 4
    ├── Loop 5
    └── Loop 2
        └── Loop 3
  loop 0 Cycles: 534335011858 || Activation Count:0 | LoopCallCount: 1 |  Source: -at Benchmark.innerBenchmarkLoop(int) [bci: 2] | -at Benchmark.innerBenchmarkLoop(int) [bci: 26]
  loop 1 Cycles: 253163688 || Activation Count:0 | LoopCallCount: 0 |  Source: -at java.util.Arrays.fill(Arrays.java:3318) [bci: 5]
-at Sieve.benchmark() [bci: 8]
-at Benchmark.innerBenchmarkLoop(int) [bci: 9] | -at java.util.Arrays.fill(Arrays.java:3320) [bci: 20]
-at Sieve.benchmark() [bci: 8]
-at Benchmark.innerBenchmarkLoo
  loop 2 Cycles: 502465288540 || Activation Count:0 | LoopCallCount: 0 |  Source: -at Sieve.sieve(boolean[], int) [bci: 5]
-at Sieve.benchmark() [bci: 16]
-at Benchmark.innerBenchmarkLoop(int) [bci: 9] | -at Sieve.sieve(boolean[], int) [bci: 59]
-at Sieve.benchmark() [bci: 16]
-at Benchmark.innerBenchmarkLoop(int) [bci: 9]
  loop 3 Cycles: 264008326262 || Activation Count:0 | LoopCallCount: 0 |  Source: -at Sieve.sieve(boolean[], int) [bci: 30]
-at Sieve.benchmark() [bci: 16]
-at Benchmark.innerBenchmarkLoop(int) [bci: 9] | -at Sieve.sieve(boolean[], int) [bci: 53]
-at Sieve.benchmark() [bci: 16]
-at Benchmark.innerBenchmarkLoop(int) [bci: 9]
  loop 4 Cycles: 25357110814 || Activation Count:0 | LoopCallCount: 0 |  Source: Source Missing | -at java.util.Arrays.fill(Arrays.java:3320) [bci: 20]
-at Sieve.benchmark() [bci: 8]
-at Benchmark.innerBenchmarkLoop(int) [bci: 9]
  loop 5 Cycles: 291904386 || Activation Count:0 | LoopCallCount: 0 |  Source: Source Missing | -at java.util.Arrays.fill(Arrays.java:3320) [bci: 20]
-at Sieve.benchmark() [bci: 8]
-at Benchmark.innerBenchmarkLoop(int) [bci: 9]
Comp 150 (java.lang.StringLatin1.inflate(byte[],) loops:
Found Encoding : 0:-1,1:-1,2:-1
├── Loop 0
├── Loop 1
└── Loop 2
  loop 0 Cycles: 11772 || Activation Count:0 | LoopCallCount: 0 |  Source: -at java.lang.StringLatin1.inflate(StringLatin1.java:767) [bci: 3] | -at java.lang.StringLatin1.inflate(StringLatin1.java:770) [bci: 33]
  loop 1 Cycles: 17848 || Activation Count:0 | LoopCallCount: 0 |  Source: Source Missing | -at java.lang.StringLatin1.inflate(StringLatin1.java:770) [bci: 33]
  loop 2 Cycles: 13196 || Activation Count:0 | LoopCallCount: 0 |  Source: Source Missing | -at java.lang.StringLatin1.inflate(StringLatin1.java:770) [bci: 33]

Finished Sieve BuboOn at Fri 23 Jan 14:11:29 GMT 2026
============================================================
