============================================================
Benchmark: Bounce
BuboLIRPhase: false
RUNS: 500
extra_args: 10000
Timestamp: Thu 22 Jan 14:39:15 GMT 2026

[WARN] Unknown argument: output
Could not locate BlockSlowdown.json
Skipping Loading (this might cause a fatal crash if GTSlowdown is on)
[Use -Djdk.graal.LogFile=<path> to redirect Graal log output to a file.]
java.lang.module.ModuleDescriptor.name()java.lang.String -1 codeSignature differs 5be282a10c496d4000571a6844c9c0bc109901813a12d3aea5364efad6a66c85 != 56a4ef2702ccb7a079a36c5f0ed4055a5908c2e7a9296eac6b3ffe2db37f4a2d
java.lang.module.ModuleReference.descriptor()java.lang.module.ModuleDescriptor -1 codeSignature differs 14be906eafbcd0e98db8607fd01b12de837039bcd06c460d0cf8f6394c8cff6d != da5cf171143f5513c1e4cdf5bb02fc95a3ea90774fedf9fb851ec26a1218a12f
java.lang.Enum.ordinal()int -1 codeSignature differs d4ce072063a0e5d7b77fa03ca89aafb8f3e3ecf13c518dc1905e344d1e62c58a != e88b1ad01cee91360e4f1ac151ade0525982fae29bddccb8434060766b83fd62
java.lang.Class.isPrimitive()boolean -1 codeSignature differs 98ab40cf2ebcc843a57e4548f9a42e2e9f3f439b3cfc72b2a9affe72c8d06a5f != 5b9fc3b01b5ff747850254186cdcc08e50c4f85fb4d4d68bc0989fcb181794f8
jdk.internal.util.StrongReferenceKey.get()java.lang.Object -1 codeSignature differs 14be906eafbcd0e98db8607fd01b12de837039bcd06c460d0cf8f6394c8cff6d != da5cf171143f5513c1e4cdf5bb02fc95a3ea90774fedf9fb851ec26a1218a12f
java.lang.Class.getClassLoader()java.lang.ClassLoader -1 codeSignature differs 1ec746d9657abb2124f404e47924197593986fc62346c6cd76072c08e29afddf != 454facf798c6644faed5619d9e1dae25408778409730f09c41b1c0c95518fd46
java.lang.invoke.MethodType.returnType()java.lang.Class -1 codeSignature differs 14be906eafbcd0e98db8607fd01b12de837039bcd06c460d0cf8f6394c8cff6d != da5cf171143f5513c1e4cdf5bb02fc95a3ea90774fedf9fb851ec26a1218a12f
jdk.internal.classfile.impl.AbstractPoolEntry.index()int -1 codeSignature differs d4ce072063a0e5d7b77fa03ca89aafb8f3e3ecf13c518dc1905e344d1e62c58a != e88b1ad01cee91360e4f1ac151ade0525982fae29bddccb8434060766b83fd62
java.lang.invoke.MemberName.getDeclaringClass()java.lang.Class -1 codeSignature differs b46e439bc51650ff335d2a7124f0b0154f260fe1af8ba145c6fd3cf5008c9e4e != de7d2501b6c4ceaef40260482daf6e5ea615f5f43bc71d4e0a42f41866056e09
java.lang.invoke.MethodType.form()java.lang.invoke.MethodTypeForm -1 codeSignature differs 5be282a10c496d4000571a6844c9c0bc109901813a12d3aea5364efad6a66c85 != 56a4ef2702ccb7a079a36c5f0ed4055a5908c2e7a9296eac6b3ffe2db37f4a2d
java.util.stream.FindOps$FindSink.cancellationRequested()boolean -1 codeSignature differs 55af0dc4b7688c78180d5f5b00584e4bf66cf93bd60716f9aab49e7a6fd64ac4 != d201d3c970d1bea0e5266b3abd2e0b5e37d50f57628f0f6798d16338d8e21f6a
java.lang.Object.<init>()void -1 codeSignature differs fe534d3aac0502b22527b54e744892c09d7496fd765947a3ee3ec9a070d56f92 != b5ee38686824d688fb238521bf027287d22a9235c6ea851247456595ee3c4ca5
java.lang.String.hashCode()int -1 codeSignature differs cd869c87835ef8242ee90410caccd8a61a63cd99231e11f83fcdc76366e70264 != aa1e9c2f9ea239d2fb15b2f7ff9a60f790f0544470df5bee9a657461c7ae39f8
jdk.internal.module.ModuleReferenceImpl.moduleResolution()jdk.internal.module.ModuleResolution -1 codeSignature differs b76db95b8fd3a055b26c3a6c15023743ea3cd488646d474319964a2e9e13b73e != c90e5cf05b5ed15b2ee4632b0f01daf8e8a827ca7e4e1d9f528d5eb553edbcfd
java.lang.module.ModuleDescriptor$Requires.modifiers()java.util.Set -1 codeSignature differs 14be906eafbcd0e98db8607fd01b12de837039bcd06c460d0cf8f6394c8cff6d != da5cf171143f5513c1e4cdf5bb02fc95a3ea90774fedf9fb851ec26a1218a12f
java.lang.module.ModuleDescriptor$Requires.name()java.lang.String -1 codeSignature differs 90f01eeb46d88d53d0e4e48ef19445eb3bdf8101a00c7dc3f717a337df9fb41f != c4651eecda0d588acaac43a9ae165ea6a40380899e75b0e7578d22406e0c012a
java.lang.module.ModuleDescriptor.requires()java.util.Set -1 codeSignature differs 50021c78154f047ad8f88f0733084203e726ca2f3911eed3f4e2615369ae39b2 != a12f6d231bab91ade119f5f7e87b83e28ce01e2d62fff01cc7676b635a92f884
java.lang.module.ModuleDescriptor.isAutomatic()boolean -1 codeSignature differs 2c5d9434fa6cbff1c0177053ad01774247e7a98383a3d0ee5c4dccbf56bf9e86 != 08dea6d6ec137b950a0343efb1bd030f87565d8e5b95eb64f025bd8e338928e2
java.util.HashMap$Node.getKey()java.lang.Object -1 codeSignature differs 90f01eeb46d88d53d0e4e48ef19445eb3bdf8101a00c7dc3f717a337df9fb41f != c4651eecda0d588acaac43a9ae165ea6a40380899e75b0e7578d22406e0c012a
java.util.HashMap$Node.getValue()java.lang.Object -1 codeSignature differs 5be282a10c496d4000571a6844c9c0bc109901813a12d3aea5364efad6a66c85 != 56a4ef2702ccb7a079a36c5f0ed4055a5908c2e7a9296eac6b3ffe2db37f4a2d
java.util.ImmutableCollections$Set12.isEmpty()boolean -1 codeSignature differs d890ffc04cd03ec866061096d7d13d2670cacc5a2328b692374e3523d40574bd != 6120e833de16ceab3ef754d1b00c19883b3f73962ba2cdf17c59c3710ba02d36
java.lang.module.ModuleDescriptor$Exports.source()java.lang.String -1 codeSignature differs 90f01eeb46d88d53d0e4e48ef19445eb3bdf8101a00c7dc3f717a337df9fb41f != c4651eecda0d588acaac43a9ae165ea6a40380899e75b0e7578d22406e0c012a
java.lang.module.ModuleDescriptor$Exports.targets()java.util.Set -1 codeSignature differs 5be282a10c496d4000571a6844c9c0bc109901813a12d3aea5364efad6a66c85 != 56a4ef2702ccb7a079a36c5f0ed4055a5908c2e7a9296eac6b3ffe2db37f4a2d
java.lang.module.ModuleDescriptor.provides()java.util.Set -1 codeSignature differs 309d9291f2d3c2a63becdec49b2c74b25af9d7fdc62dad05faf86a64889608fc != f5d85dfdf7fef12d65d210d402c44bf26eeb0fb3f9225e78ee6443caec31b619
java.lang.module.ModuleDescriptor.exports()java.util.Set -1 codeSignature differs 948d21eddb9ad191efbc24290e4e840a30aebb134151b75def9175ab54c0a48c != c3334e7c488922d9ee7281afad5b7ca4db54a4ab2b49cf0e755dc0a6c55854b4
java.lang.module.ModuleDescriptor.uses()java.util.Set -1 codeSignature differs e3ce51591a4fee3aaff0c687fbb639bc8c1569c92e84d989cdc906a081a3aa6f != 69f900c261d900c3a12e3d84961667caa75caf8ed42490b80edd3cdf23db4832
java.util.Objects.requireNonNull(java.lang.Object)java.lang.Object -1 codeSignature differs fab3390bacdc1c06ac727172609d32d56c9697db51c25bc06ba90803d6336aa7 != 5f34d305ad8c459e05cc78e8e67ce712079a25140f4444aee0bca43f73c4de02
java.util.ImmutableCollections$SetN$SetNIterator.hasNext()boolean -1 codeSignature differs 014069b9d29ae67f97f8d652b8d7a77d9057cdb393e4e32597c925d7a30bdc82 != 60575b8cd4d2a8242a8aab77fb607844ec4f52bcc97ca89e8880d7f6422024af
Requesting uncached profile for bci 44 in java.util.ImmutableCollections$SetN$SetNIterator.next()java.lang.Object method getBytecodeProfile
Requesting uncached profile for bci 44 in java.util.ImmutableCollections$SetN$SetNIterator.next()java.lang.Object method getBranchTakenProbability
java.util.ImmutableCollections$SetN$SetNIterator.next()java.lang.Object -1 codeSignature differs 19f633def369057e0f3d5ef4b17db18d49e95f181218302fbf3185223e5d2d12 != 829478485a428303739a297a306f34a5f6d0fd7d0f8daa29efba1f814b054675
java.util.ImmutableCollections$SetN$SetNIterator.next()java.lang.Object -1 graphSignature differs 920e12a7ee41cc3a0a3487d03bd48833bfc4e8d416bdbae7234f8ba199084b4d != dd493989519e7f328311cfecc7abfe1946186eaebdea7e8b59878a8ba9e25a26
java.util.HashMap.hash(java.lang.Object)int -1 codeSignature differs b84b24c43f89ad8e305608fffd44345a1bdec56c2eb8302e11d9280885c8d8ee != 6280bc7c7756ee94066dd19acd0bc991cd2a27f73cb6f17423b147483a4cf0dd
java.lang.module.ModuleDescriptor$Provides.service()java.lang.String -1 codeSignature differs 14be906eafbcd0e98db8607fd01b12de837039bcd06c460d0cf8f6394c8cff6d != da5cf171143f5513c1e4cdf5bb02fc95a3ea90774fedf9fb851ec26a1218a12f
java.lang.module.ModuleDescriptor$Exports.isQualified()boolean -1 codeSignature differs 3393aecceb48af2cc015de6f9f996f038a4194efad1979780d354098432be205 != fb43efb3c0e02558fff6106d516dcaae6a6d83ddb9cad8bc0fdc8c7d3a0cdeca
java.util.HashMap.putVal(int, java.lang.Object, java.lang.Object, boolean, boolean)java.lang.Object -1 codeSignature differs 2678b94bd136741bbf4ab100005491fb966245bb4b6115b16e6597af26cdd9da != 9031271016667e4d5bc3b16ace5026a942c7acd6083c3f04e319358f030cad9b
java.util.HashMap$Node.<init>(int, java.lang.Object, java.lang.Object, java.util.HashMap$Node)void -1 codeSignature differs 1bec1aee12347152332c3988ab4c9f0ed1277b07cbe9d24f171a9a106667cde3 != 1e7006ba1323d970942ed9ac2b9f6d2142e1b0c1612caef6a5b32fcd784b436b
java.lang.String.equals(java.lang.Object)boolean -1 codeSignature differs a6e309c433362d27e37b39c73cf8e578c064ab97bae8a3e01c77329c59654391 != 9d4deb1417e3dc3304e6e48d0050681b843c1c29f58a963fe6d7cb88c5948543
java.lang.Byte.toUnsignedInt(byte)int -1 codeSignature differs ef53887b8aa24310d9482f8fff2e03d6f5088235fdd6794c9711e90d2fb316a1 != 13d5f6657504f424775e099bdc463c00fbb2dd5e93459aa3373cba81212b5a0d
java.util.KeyValueHolder.getKey()java.lang.Object -1 codeSignature differs 14be906eafbcd0e98db8607fd01b12de837039bcd06c460d0cf8f6394c8cff6d != da5cf171143f5513c1e4cdf5bb02fc95a3ea90774fedf9fb851ec26a1218a12f
java.util.KeyValueHolder.getValue()java.lang.Object -1 codeSignature differs 90f01eeb46d88d53d0e4e48ef19445eb3bdf8101a00c7dc3f717a337df9fb41f != c4651eecda0d588acaac43a9ae165ea6a40380899e75b0e7578d22406e0c012a
java.lang.module.ModuleDescriptor.packages()java.util.Set -1 codeSignature differs 1ec746d9657abb2124f404e47924197593986fc62346c6cd76072c08e29afddf != 454facf798c6644faed5619d9e1dae25408778409730f09c41b1c0c95518fd46
java.lang.module.ResolvedModule.reference()java.lang.module.ModuleReference -1 codeSignature differs 90f01eeb46d88d53d0e4e48ef19445eb3bdf8101a00c7dc3f717a337df9fb41f != c4651eecda0d588acaac43a9ae165ea6a40380899e75b0e7578d22406e0c012a
java.lang.module.ModuleDescriptor$Version.toString()java.lang.String -1 codeSignature differs 14be906eafbcd0e98db8607fd01b12de837039bcd06c460d0cf8f6394c8cff6d != da5cf171143f5513c1e4cdf5bb02fc95a3ea90774fedf9fb851ec26a1218a12f
java.lang.AbstractStringBuilder.length()int -1 codeSignature differs d4ce072063a0e5d7b77fa03ca89aafb8f3e3ecf13c518dc1905e344d1e62c58a != e88b1ad01cee91360e4f1ac151ade0525982fae29bddccb8434060766b83fd62
java.util.HashMap.newNode(int, java.lang.Object, java.lang.Object, java.util.HashMap$Node)java.util.HashMap$Node -1 codeSignature differs 0b57ad3d0ea1b0de0d3ae4d1256f2a3bf2dacceb94022bee4e70d75bf1848358 != df85b2b14fb5de70af8f6a1aa6efa050fdaf0546a0197d26ebd4113543cc599e
java.util.HashMap.afterNodeInsertion(boolean)void -1 codeSignature differs fe534d3aac0502b22527b54e744892c09d7496fd765947a3ee3ec9a070d56f92 != b5ee38686824d688fb238521bf027287d22a9235c6ea851247456595ee3c4ca5
java.util.HashMap.resize()java.util.HashMap$Node[] -1 codeSignature differs 70d1f778c5a440cf829b6f769f06bafbd35c63f9dc67ee3e5113336e6622c6b6 != 407019e74de6eb528eaaf1b353f144b5fce58816d40e6ee8b953f1e7999a501a
java.lang.module.ResolvedModule.configuration()java.lang.module.Configuration -1 codeSignature differs 14be906eafbcd0e98db8607fd01b12de837039bcd06c460d0cf8f6394c8cff6d != da5cf171143f5513c1e4cdf5bb02fc95a3ea90774fedf9fb851ec26a1218a12f
java.lang.module.ModuleDescriptor.isOpen()boolean -1 codeSignature differs 7251ebfc69511ba11260ce3e5fe8de41e1ee424c1c84ef382507a4b520f46599 != c4f3939346c24cd7625b42361349cb6733a9291eeffd7507e7bf858c000192f4
java.util.HashMap.size()int -1 codeSignature differs 55d12884885f16e44e8204f924f64617688caf405b709d32e1e72896f6c27c3d != 9a030125c16a396ec668abdad74e59397cb88f5e4ba93604e8c6b48c6233e93d
Profiling started
Could not locate BlockSlowdown.json
Skipping Loading (this might cause a fatal crash if GTSlowdown is on)
java.util.zip.ZipCoder$UTF8ZipCoder.isUTF8()boolean -1 codeSignature differs 6e3a14458a0fca90e6a63285514a933585cea592cb622e79b33ddc5df6e0fb66 != 6fdd5e023f8b36c06ccfc437f07740607e2fd6af8789c2b6573b1f8e5aec4921
java.lang.invoke.MethodType.ptypes()java.lang.Class[] -1 codeSignature differs 90f01eeb46d88d53d0e4e48ef19445eb3bdf8101a00c7dc3f717a337df9fb41f != c4651eecda0d588acaac43a9ae165ea6a40380899e75b0e7578d22406e0c012a
jdk.internal.util.Preconditions.checkIndex(int, int, java.util.function.BiFunction)int -1 codeSignature differs 0537b0c8dc5fe868ee44de1817c0b047b24d886158549ad641b2b99126c678bb != 097cdde476e7d7a11441cfa0c37471ca0a888d4c4166d67eed1a7e5c4df66c77
java.nio.Buffer.limit()int -1 codeSignature differs 55d12884885f16e44e8204f924f64617688caf405b709d32e1e72896f6c27c3d != 9a030125c16a396ec668abdad74e59397cb88f5e4ba93604e8c6b48c6233e93d
jdk.internal.classfile.impl.AbstractPoolEntry.width()int -1 codeSignature differs 6e3a14458a0fca90e6a63285514a933585cea592cb622e79b33ddc5df6e0fb66 != 6fdd5e023f8b36c06ccfc437f07740607e2fd6af8789c2b6573b1f8e5aec4921
jdk.internal.classfile.impl.SplitConstantPool.size()int -1 codeSignature differs 1e851f5b2cbf37c0cd46831368dd889b60dff01d7b16161259960e24b264ceb1 != d37b0c203163b479a20ad6e2dad4e21eac1f1ad9b1ebc37e97f7861914a001ed
java.util.Properties$LineReader.readLine()int -1 codeSignature differs 3fba3e9edd5e4cedb96278d46b6cff483f2d1c092dec2e534b016b1ac2ec9479 != 43961d71b71ba232ed2694d540aa571e36bd52adf8e4b027613a65dc317ee3ed
java.lang.AbstractStringBuilder.getValue()byte[] -1 codeSignature differs 5be282a10c496d4000571a6844c9c0bc109901813a12d3aea5364efad6a66c85 != 56a4ef2702ccb7a079a36c5f0ed4055a5908c2e7a9296eac6b3ffe2db37f4a2d
java.lang.Enum.name()java.lang.String -1 codeSignature differs 5be282a10c496d4000571a6844c9c0bc109901813a12d3aea5364efad6a66c85 != 56a4ef2702ccb7a079a36c5f0ed4055a5908c2e7a9296eac6b3ffe2db37f4a2d
jdk.internal.util.ArraysSupport.unsignedHashCode(int, byte[], int, int)int -1 codeSignature differs 4d5957074f035392f4f1040fa7b9c8e8516cc366cc99a9663ff8e211636027cb != 4dd8a0d23b54449c010a38548a4ec34726658ad72759db6c8d42ad0645f343a2
sun.util.locale.BaseLocale.getLanguage()java.lang.String -1 codeSignature differs 90f01eeb46d88d53d0e4e48ef19445eb3bdf8101a00c7dc3f717a337df9fb41f != c4651eecda0d588acaac43a9ae165ea6a40380899e75b0e7578d22406e0c012a
java.util.LinkedHashMap.removeEldestEntry(java.util.Map$Entry)boolean -1 codeSignature differs d890ffc04cd03ec866061096d7d13d2670cacc5a2328b692374e3523d40574bd != 6120e833de16ceab3ef754d1b00c19883b3f73962ba2cdf17c59c3710ba02d36
java.util.concurrent.ConcurrentHashMap.tabAt(java.util.concurrent.ConcurrentHashMap$Node[], int)java.util.concurrent.ConcurrentHashMap$Node -1 codeSignature differs 71d647ba8c6a0b4ea5a8b561fe43e8bed960c9cb04034a7aef626c5d8360de6d != 822749e9eab55cf0ab08d112d11f644faf7767e7d7f602f22b2982e4341c74e7
jdk.internal.misc.Unsafe.getReferenceAcquire(java.lang.Object, long)java.lang.Object -1 codeSignature differs 0be5c2bda59735ac5470d27796a18d252d59667b906c14721265d97be8abdd5a != a748a0c1fa3d1b22da119249a3931a9411370dff9604e49b3d7ef522719454b3
java.lang.String.coder()byte -1 codeSignature differs f3a73f0f7ffcffdf8962f6b17b32b9d22dceb70a6321ad4e83f092ac924fb640 != 957313288ef4bdda0b4cd025d583dcf3b718c3f3a50464b737eb27e80ce0139f
java.security.Provider$Service.getType()java.lang.String -1 codeSignature differs 90f01eeb46d88d53d0e4e48ef19445eb3bdf8101a00c7dc3f717a337df9fb41f != c4651eecda0d588acaac43a9ae165ea6a40380899e75b0e7578d22406e0c012a
java.security.Provider$Service.getAlgorithm()java.lang.String -1 codeSignature differs 5be282a10c496d4000571a6844c9c0bc109901813a12d3aea5364efad6a66c85 != 56a4ef2702ccb7a079a36c5f0ed4055a5908c2e7a9296eac6b3ffe2db37f4a2d
java.security.Provider$Service.getAliases()java.util.List -1 codeSignature differs ec9959256dfdc1e5d707b10920cbff0d77d6151df3608588ba4900964b3e0488 != 48d94502b891e4704180e00ca37d65d0a704038e75c0e2368237a34efba54df3
jdk.internal.classfile.impl.RawBytecodeHelper.bci()int -1 codeSignature differs fe46e3fea17c2bcac25676024acf43715946ed13832c36004058f315d01e6ed3 != e2795d501a46b0bfb6e8c56434b112c0ea54a81c9e313ecde41f1f8b0f3deb09
jdk.internal.classfile.impl.AbstractPoolEntry.constantPool()java.lang.classfile.constantpool.ConstantPool -1 codeSignature differs 5be282a10c496d4000571a6844c9c0bc109901813a12d3aea5364efad6a66c85 != 56a4ef2702ccb7a079a36c5f0ed4055a5908c2e7a9296eac6b3ffe2db37f4a2d
jdk.internal.util.WeakReferenceKey.hashCode()int -1 codeSignature differs 55d12884885f16e44e8204f924f64617688caf405b709d32e1e72896f6c27c3d != 9a030125c16a396ec668abdad74e59397cb88f5e4ba93604e8c6b48c6233e93d
java.lang.String.value()byte[] -1 codeSignature differs 5be282a10c496d4000571a6844c9c0bc109901813a12d3aea5364efad6a66c85 != 56a4ef2702ccb7a079a36c5f0ed4055a5908c2e7a9296eac6b3ffe2db37f4a2d
java.lang.String.isLatin1()boolean -1 codeSignature differs 7fbdb74539501cf2e6eb2a3c4a15d0e6598aaf73df2e1a5e20fd95a35a58b24e != 3176213e3be72bb5e1b482eae8a1c07901556750cdd7d42ef0cea4727e1ff083
Starting Bounce benchmark ...
java.util.zip.Inflater$InflaterZStreamRef.address()long -1 codeSignature differs 6775e09a923d4a8abe8298f2b15f8be238b37428c67c56453b241b1ba16d6df1 != f3c65f65796504e8d1b5bcd4c700f1dfdf1da81415a7566e44557138e77310c4
java.lang.StringLatin1.equals(byte[], byte[])boolean -1 codeSignature differs ce6957fde94989d8dfb9f657cd698acb12bd0f01e407ce68915647520f63bd02 != 625a83ff75952a5d0a805a4c58b62ea8ac6fa4c2e347559de275b3de58e5cde6
jdk.internal.constant.ClassOrInterfaceDescImpl.descriptorString()java.lang.String -1 codeSignature differs 14be906eafbcd0e98db8607fd01b12de837039bcd06c460d0cf8f6394c8cff6d != da5cf171143f5513c1e4cdf5bb02fc95a3ea90774fedf9fb851ec26a1218a12f
Bounce$Ball.bounce()boolean -1 codeSignature differs 98d2dd64ef3a3038f4b63d6f074f75b9eab25817b1f24ee598046204a7641c4a != 8a1115b86df4919d45602ef5d90dbd5aee704c48ed19da0b119f0d5b76eadd09
Bounce.benchmark()java.lang.Object -1 codeSignature differs 02ec2a462ead7dcec7210af961606c0e40b16e7381ceed09d27733159886d225 != 767028857612b10a0d490475a07c9316f90638642af9d4ecc4fcab15a8d2df81
java.lang.Integer.intValue()int -1 codeSignature differs d4ce072063a0e5d7b77fa03ca89aafb8f3e3ecf13c518dc1905e344d1e62c58a != e88b1ad01cee91360e4f1ac151ade0525982fae29bddccb8434060766b83fd62
Bounce.verifyResult(java.lang.Object)boolean -1 codeSignature differs e5257a9e5c7e2fa92f195213aa692b7f5df0b0cc15cb7d1c39a02e80758c12e2 != ff757fe0a0b63ebd48fd631131b363d908ced90892b26d291db34cddcd384c62
java.lang.invoke.MethodHandle.type()java.lang.invoke.MethodType -1 codeSignature differs 90f01eeb46d88d53d0e4e48ef19445eb3bdf8101a00c7dc3f717a337df9fb41f != c4651eecda0d588acaac43a9ae165ea6a40380899e75b0e7578d22406e0c012a
jdk.internal.classfile.impl.BufWriterImpl.size()int -1 codeSignature differs fe46e3fea17c2bcac25676024acf43715946ed13832c36004058f315d01e6ed3 != e2795d501a46b0bfb6e8c56434b112c0ea54a81c9e313ecde41f1f8b0f3deb09
java.lang.invoke.MethodTypeForm.erasedType()java.lang.invoke.MethodType -1 codeSignature differs 90f01eeb46d88d53d0e4e48ef19445eb3bdf8101a00c7dc3f717a337df9fb41f != c4651eecda0d588acaac43a9ae165ea6a40380899e75b0e7578d22406e0c012a
jdk.internal.classfile.impl.AbstractDirectBuilder.constantPool()jdk.internal.classfile.impl.SplitConstantPool -1 codeSignature differs 14be906eafbcd0e98db8607fd01b12de837039bcd06c460d0cf8f6394c8cff6d != da5cf171143f5513c1e4cdf5bb02fc95a3ea90774fedf9fb851ec26a1218a12f
java.util.ArrayList.size()int -1 codeSignature differs fe46e3fea17c2bcac25676024acf43715946ed13832c36004058f315d01e6ed3 != e2795d501a46b0bfb6e8c56434b112c0ea54a81c9e313ecde41f1f8b0f3deb09
java.lang.String.length()int -1 codeSignature differs 5f2a9f3bb1f4f800ea4f2ad278553dedcfc789fe27a155b26df986828b30ede3 != c429f09bde0922a4e93c787fa5a5cdbca277237619ab7dc7eb3cc60d99b0f3aa
jdk.internal.constant.ClassOrInterfaceDescImpl.isClassOrInterface()boolean -1 codeSignature differs 6e3a14458a0fca90e6a63285514a933585cea592cb622e79b33ddc5df6e0fb66 != 6fdd5e023f8b36c06ccfc437f07740607e2fd6af8789c2b6573b1f8e5aec4921
jdk.internal.classfile.impl.AbstractPoolEntry.hashCode()int -1 codeSignature differs fe46e3fea17c2bcac25676024acf43715946ed13832c36004058f315d01e6ed3 != e2795d501a46b0bfb6e8c56434b112c0ea54a81c9e313ecde41f1f8b0f3deb09
Bounce: iterations=1 runtime: 299230us
Bounce: iterations=2 runtime: 202155us
Benchmark.innerBenchmarkLoop(int)boolean -1 codeSignature differs b2c57e0dc4bb5b5dc829c107d115c358abba0c908d3155192ca504fd67a4807e != 9d8a2c0131834684422316009b717d70b21cc16e10b10dccca1fce8b31ef3e60
Bounce: iterations=3 runtime: 220974us
Bounce: iterations=4 runtime: 196818us
Bounce: iterations=5 runtime: 199651us
Bounce: iterations=6 runtime: 193877us
Bounce: iterations=7 runtime: 193087us
Bounce: iterations=8 runtime: 193493us
Bounce: iterations=9 runtime: 199495us
Bounce: iterations=10 runtime: 194860us
Bounce: iterations=11 runtime: 194795us
Bounce: iterations=12 runtime: 193185us
Bounce: iterations=13 runtime: 196006us
Bounce: iterations=14 runtime: 192870us
Bounce: iterations=15 runtime: 192316us
Bounce: iterations=16 runtime: 195922us
Bounce: iterations=17 runtime: 195469us
Bounce: iterations=18 runtime: 194839us
Bounce: iterations=19 runtime: 193277us
Could not locate BlockSlowdown.json
Skipping Loading (this might cause a fatal crash if GTSlowdown is on)
java.nio.Buffer.position()int -1 codeSignature differs 3f64cd4fafea8a3cef87601314961681d43f2aa75c3a358c1b0ce8d9a1c4731a != a754d4fbb14cb674813e5d56933661602e017cf332100c6f35524287a66eeea9
Bounce: iterations=20 runtime: 193408us
Bounce: iterations=21 runtime: 195388us
Bounce: iterations=22 runtime: 197542us
Bounce: iterations=23 runtime: 194058us
Bounce: iterations=24 runtime: 193529us
Bounce: iterations=25 runtime: 193130us
Bounce: iterations=26 runtime: 197558us
Bounce: iterations=27 runtime: 193345us
Bounce: iterations=28 runtime: 192354us
Bounce: iterations=29 runtime: 192237us
Bounce: iterations=30 runtime: 196872us
Bounce: iterations=31 runtime: 194313us
Bounce: iterations=32 runtime: 193339us
Bounce: iterations=33 runtime: 192991us
Bounce: iterations=34 runtime: 196868us
Bounce: iterations=35 runtime: 202934us
Bounce: iterations=36 runtime: 205338us
Bounce: iterations=37 runtime: 193921us
Bounce: iterations=38 runtime: 196855us
Bounce: iterations=39 runtime: 193506us
Bounce: iterations=40 runtime: 192150us
Bounce: iterations=41 runtime: 194059us
Bounce: iterations=42 runtime: 197516us
Bounce: iterations=43 runtime: 193890us
Bounce: iterations=44 runtime: 192843us
Bounce: iterations=45 runtime: 193522us
Bounce: iterations=46 runtime: 193158us
Bounce: iterations=47 runtime: 198366us
Bounce: iterations=48 runtime: 193958us
Bounce: iterations=49 runtime: 192858us
Bounce: iterations=50 runtime: 192879us
Bounce: iterations=51 runtime: 198866us
Bounce: iterations=52 runtime: 194026us
Bounce: iterations=53 runtime: 194102us
Bounce: iterations=54 runtime: 193129us
Bounce: iterations=55 runtime: 196287us
Bounce: iterations=56 runtime: 194937us
Bounce: iterations=57 runtime: 194563us
Bounce: iterations=58 runtime: 193543us
Bounce: iterations=59 runtime: 196182us
Bounce: iterations=60 runtime: 193306us
Bounce: iterations=61 runtime: 193172us
Bounce: iterations=62 runtime: 192296us
Bounce: iterations=63 runtime: 197252us
Bounce: iterations=64 runtime: 194605us
Bounce: iterations=65 runtime: 192287us
Bounce: iterations=66 runtime: 192147us
Bounce: iterations=67 runtime: 195789us
Bounce: iterations=68 runtime: 194655us
Bounce: iterations=69 runtime: 193145us
Bounce: iterations=70 runtime: 193246us
Bounce: iterations=71 runtime: 195295us
Bounce: iterations=72 runtime: 195467us
Bounce: iterations=73 runtime: 193908us
Bounce: iterations=74 runtime: 193005us
Bounce: iterations=75 runtime: 193399us
Bounce: iterations=76 runtime: 197060us
Bounce: iterations=77 runtime: 193381us
Bounce: iterations=78 runtime: 192277us
Bounce: iterations=79 runtime: 191721us
Bounce: iterations=80 runtime: 196669us
Bounce: iterations=81 runtime: 192982us
Bounce: iterations=82 runtime: 192803us
Bounce: iterations=83 runtime: 192025us
Bounce: iterations=84 runtime: 201839us
Bounce: iterations=85 runtime: 193536us
Bounce: iterations=86 runtime: 193010us
Bounce: iterations=87 runtime: 193041us
Bounce: iterations=88 runtime: 195824us
Bounce: iterations=89 runtime: 193486us
Bounce: iterations=90 runtime: 192757us
Could not locate BlockSlowdown.json
Skipping Loading (this might cause a fatal crash if GTSlowdown is on)
java.nio.Buffer.capacity()int -1 codeSignature differs 138bc711c3bed648b8548df225303894eec321dce856bde9fbb2267d74239e89 != 8366e168458356e9e2795362a66f19336b0e55f9e34ac8b5d6d37702a481c8da
Bounce: iterations=91 runtime: 193250us
Bounce: iterations=92 runtime: 198018us
Bounce: iterations=93 runtime: 195386us
Bounce: iterations=94 runtime: 192361us
Bounce: iterations=95 runtime: 192617us
Bounce: iterations=96 runtime: 195218us
Bounce: iterations=97 runtime: 193712us
Bounce: iterations=98 runtime: 192732us
Bounce: iterations=99 runtime: 192511us
Bounce: iterations=100 runtime: 192770us
Bounce: iterations=101 runtime: 198198us
Bounce: iterations=102 runtime: 193012us
Bounce: iterations=103 runtime: 193740us
Bounce: iterations=104 runtime: 194163us
Bounce: iterations=105 runtime: 196370us
Bounce: iterations=106 runtime: 192049us
Bounce: iterations=107 runtime: 191299us
Bounce: iterations=108 runtime: 191340us
Bounce: iterations=109 runtime: 195223us
Bounce: iterations=110 runtime: 192601us
Bounce: iterations=111 runtime: 191399us
Bounce: iterations=112 runtime: 191397us
Bounce: iterations=113 runtime: 195959us
Bounce: iterations=114 runtime: 192177us
Bounce: iterations=115 runtime: 191847us
Bounce: iterations=116 runtime: 191036us
Bounce: iterations=117 runtime: 194223us
Bounce: iterations=118 runtime: 192111us
Bounce: iterations=119 runtime: 193972us
Bounce: iterations=120 runtime: 191499us
Bounce: iterations=121 runtime: 194336us
Bounce: iterations=122 runtime: 192460us
Bounce: iterations=123 runtime: 191382us
Bounce: iterations=124 runtime: 190868us
Bounce: iterations=125 runtime: 193174us
Bounce: iterations=126 runtime: 193370us
Could not locate BlockSlowdown.json
Skipping Loading (this might cause a fatal crash if GTSlowdown is on)
java.nio.charset.CharsetEncoder.maxBytesPerChar()float -1 codeSignature differs d0dc63dd2361c2989cb14e4cf77bfb3442e0a43d3c92bbd78638646fefb8363f != fecc7851573229b2c1300c739298992122dcb58fa032d82e9692f06a80e3cdc4
Bounce: iterations=127 runtime: 192494us
Bounce: iterations=128 runtime: 194485us
Bounce: iterations=129 runtime: 192248us
Bounce: iterations=130 runtime: 196848us
Bounce: iterations=131 runtime: 191463us
Bounce: iterations=132 runtime: 190209us
Bounce: iterations=133 runtime: 191014us
Bounce: iterations=134 runtime: 195933us
Bounce: iterations=135 runtime: 191331us
Bounce: iterations=136 runtime: 190974us
Bounce: iterations=137 runtime: 191323us
Bounce: iterations=138 runtime: 194972us
Bounce: iterations=139 runtime: 193041us
Bounce: iterations=140 runtime: 192437us
Bounce: iterations=141 runtime: 192474us
Bounce: iterations=142 runtime: 195356us
Bounce: iterations=143 runtime: 192377us
Bounce: iterations=144 runtime: 192034us
Bounce: iterations=145 runtime: 192729us
Bounce: iterations=146 runtime: 195281us
Bounce: iterations=147 runtime: 193571us
Bounce: iterations=148 runtime: 192106us
Bounce: iterations=149 runtime: 191819us
Bounce: iterations=150 runtime: 194424us
Bounce: iterations=151 runtime: 201477us
Bounce: iterations=152 runtime: 201280us
Bounce: iterations=153 runtime: 190665us
Bounce: iterations=154 runtime: 190433us
Bounce: iterations=155 runtime: 197116us
Bounce: iterations=156 runtime: 193180us
Bounce: iterations=157 runtime: 192418us
Bounce: iterations=158 runtime: 192835us
Bounce: iterations=159 runtime: 192945us
Bounce: iterations=160 runtime: 191421us
Bounce: iterations=161 runtime: 190274us
Bounce: iterations=162 runtime: 191154us
Bounce: iterations=163 runtime: 195501us
Bounce: iterations=164 runtime: 192580us
Bounce: iterations=165 runtime: 191534us
Bounce: iterations=166 runtime: 191410us
Bounce: iterations=167 runtime: 195307us
Bounce: iterations=168 runtime: 192224us
Bounce: iterations=169 runtime: 191296us
Bounce: iterations=170 runtime: 191711us
Bounce: iterations=171 runtime: 195721us
Bounce: iterations=172 runtime: 191879us
Bounce: iterations=173 runtime: 191421us
Bounce: iterations=174 runtime: 191897us
Bounce: iterations=175 runtime: 193074us
Bounce: iterations=176 runtime: 191687us
Bounce: iterations=177 runtime: 191348us
Bounce: iterations=178 runtime: 191354us
Bounce: iterations=179 runtime: 193519us
Bounce: iterations=180 runtime: 192643us
Bounce: iterations=181 runtime: 191695us
Bounce: iterations=182 runtime: 191299us
Bounce: iterations=183 runtime: 191263us
Bounce: iterations=184 runtime: 196420us
Bounce: iterations=185 runtime: 192290us
Bounce: iterations=186 runtime: 191126us
Bounce: iterations=187 runtime: 191909us
Bounce: iterations=188 runtime: 195641us
Bounce: iterations=189 runtime: 191666us
Bounce: iterations=190 runtime: 190802us
Bounce: iterations=191 runtime: 191130us
Bounce: iterations=192 runtime: 195201us
Bounce: iterations=193 runtime: 191823us
Bounce: iterations=194 runtime: 190886us
Bounce: iterations=195 runtime: 191196us
Bounce: iterations=196 runtime: 196420us
Bounce: iterations=197 runtime: 192532us
Bounce: iterations=198 runtime: 190681us
Bounce: iterations=199 runtime: 190595us
Bounce: iterations=200 runtime: 194331us
Bounce: iterations=201 runtime: 193057us
Bounce: iterations=202 runtime: 191729us
Bounce: iterations=203 runtime: 191203us
Bounce: iterations=204 runtime: 193455us
Bounce: iterations=205 runtime: 192978us
Bounce: iterations=206 runtime: 193562us
Bounce: iterations=207 runtime: 192484us
Bounce: iterations=208 runtime: 192066us
Bounce: iterations=209 runtime: 196034us
Bounce: iterations=210 runtime: 193546us
Bounce: iterations=211 runtime: 192504us
Bounce: iterations=212 runtime: 192024us
Bounce: iterations=213 runtime: 196817us
Bounce: iterations=214 runtime: 193174us
Bounce: iterations=215 runtime: 192649us
Bounce: iterations=216 runtime: 192615us
Bounce: iterations=217 runtime: 196520us
Bounce: iterations=218 runtime: 193788us
Bounce: iterations=219 runtime: 193390us
Bounce: iterations=220 runtime: 192913us
Bounce: iterations=221 runtime: 195219us
Bounce: iterations=222 runtime: 195790us
Bounce: iterations=223 runtime: 192290us
Bounce: iterations=224 runtime: 190707us
Bounce: iterations=225 runtime: 194846us
Bounce: iterations=226 runtime: 195369us
Bounce: iterations=227 runtime: 202352us
Bounce: iterations=228 runtime: 193137us
Bounce: iterations=229 runtime: 195539us
Bounce: iterations=230 runtime: 194134us
Bounce: iterations=231 runtime: 193050us
Bounce: iterations=232 runtime: 192627us
Bounce: iterations=233 runtime: 194256us
Bounce: iterations=234 runtime: 195191us
Bounce: iterations=235 runtime: 193656us
Bounce: iterations=236 runtime: 192585us
Bounce: iterations=237 runtime: 193878us
Bounce: iterations=238 runtime: 196623us
Bounce: iterations=239 runtime: 192365us
Bounce: iterations=240 runtime: 192387us
Bounce: iterations=241 runtime: 192592us
Bounce: iterations=242 runtime: 196237us
Bounce: iterations=243 runtime: 193101us
Bounce: iterations=244 runtime: 192273us
Bounce: iterations=245 runtime: 191756us
Bounce: iterations=246 runtime: 194790us
Bounce: iterations=247 runtime: 192362us
Bounce: iterations=248 runtime: 195349us
Bounce: iterations=249 runtime: 191276us
Bounce: iterations=250 runtime: 194106us
Bounce: iterations=251 runtime: 192183us
Bounce: iterations=252 runtime: 192143us
Bounce: iterations=253 runtime: 192497us
Bounce: iterations=254 runtime: 193503us
Bounce: iterations=255 runtime: 191588us
Bounce: iterations=256 runtime: 192198us
Bounce: iterations=257 runtime: 192702us
Bounce: iterations=258 runtime: 194497us
Bounce: iterations=259 runtime: 192787us
Bounce: iterations=260 runtime: 191966us
Bounce: iterations=261 runtime: 192117us
Bounce: iterations=262 runtime: 193618us
Bounce: iterations=263 runtime: 196213us
Bounce: iterations=264 runtime: 191903us
Bounce: iterations=265 runtime: 192273us
Bounce: iterations=266 runtime: 192443us
Bounce: iterations=267 runtime: 196088us
Bounce: iterations=268 runtime: 192418us
Bounce: iterations=269 runtime: 191864us
Bounce: iterations=270 runtime: 192474us
Bounce: iterations=271 runtime: 196647us
Bounce: iterations=272 runtime: 193503us
Bounce: iterations=273 runtime: 193560us
Bounce: iterations=274 runtime: 198015us
Bounce: iterations=275 runtime: 196608us
Bounce: iterations=276 runtime: 194170us
Bounce: iterations=277 runtime: 193518us
Bounce: iterations=278 runtime: 193616us
Bounce: iterations=279 runtime: 195548us
Bounce: iterations=280 runtime: 193460us
Bounce: iterations=281 runtime: 192584us
Bounce: iterations=282 runtime: 193018us
Bounce: iterations=283 runtime: 194825us
Bounce: iterations=284 runtime: 194240us
Bounce: iterations=285 runtime: 193463us
Bounce: iterations=286 runtime: 193593us
Bounce: iterations=287 runtime: 194831us
Bounce: iterations=288 runtime: 193902us
Bounce: iterations=289 runtime: 194371us
Bounce: iterations=290 runtime: 193631us
Bounce: iterations=291 runtime: 194033us
Bounce: iterations=292 runtime: 196464us
Bounce: iterations=293 runtime: 193299us
Bounce: iterations=294 runtime: 192884us
Bounce: iterations=295 runtime: 192431us
Bounce: iterations=296 runtime: 196049us
Bounce: iterations=297 runtime: 192746us
Bounce: iterations=298 runtime: 192499us
Bounce: iterations=299 runtime: 194482us
Bounce: iterations=300 runtime: 196241us
Bounce: iterations=301 runtime: 192219us
Bounce: iterations=302 runtime: 192436us
Bounce: iterations=303 runtime: 191559us
Bounce: iterations=304 runtime: 195789us
Bounce: iterations=305 runtime: 193413us
Bounce: iterations=306 runtime: 192201us
Bounce: iterations=307 runtime: 191124us
Bounce: iterations=308 runtime: 194628us
Bounce: iterations=309 runtime: 206693us
Bounce: iterations=310 runtime: 209917us
Bounce: iterations=311 runtime: 191906us
Bounce: iterations=312 runtime: 194296us
Bounce: iterations=313 runtime: 191865us
Bounce: iterations=314 runtime: 193577us
Bounce: iterations=315 runtime: 192348us
Bounce: iterations=316 runtime: 191446us
Bounce: iterations=317 runtime: 197007us
Bounce: iterations=318 runtime: 193937us
Bounce: iterations=319 runtime: 193458us
Bounce: iterations=320 runtime: 192281us
Bounce: iterations=321 runtime: 195820us
Bounce: iterations=322 runtime: 192409us
Bounce: iterations=323 runtime: 192281us
Bounce: iterations=324 runtime: 192874us
Bounce: iterations=325 runtime: 195008us
Bounce: iterations=326 runtime: 194093us
Bounce: iterations=327 runtime: 192885us
Bounce: iterations=328 runtime: 193414us
Bounce: iterations=329 runtime: 195200us
Bounce: iterations=330 runtime: 192403us
Bounce: iterations=331 runtime: 191601us
Bounce: iterations=332 runtime: 192076us
Bounce: iterations=333 runtime: 195052us
Bounce: iterations=334 runtime: 192397us
Bounce: iterations=335 runtime: 192043us
Bounce: iterations=336 runtime: 192201us
Bounce: iterations=337 runtime: 194022us
Bounce: iterations=338 runtime: 192569us
Bounce: iterations=339 runtime: 191032us
Bounce: iterations=340 runtime: 190378us
Bounce: iterations=341 runtime: 193687us
Bounce: iterations=342 runtime: 191951us
Bounce: iterations=343 runtime: 191256us
Bounce: iterations=344 runtime: 197093us
Bounce: iterations=345 runtime: 203204us
Bounce: iterations=346 runtime: 195372us
Bounce: iterations=347 runtime: 192267us
Bounce: iterations=348 runtime: 191789us
Bounce: iterations=349 runtime: 191905us
Bounce: iterations=350 runtime: 194898us
Bounce: iterations=351 runtime: 192580us
Bounce: iterations=352 runtime: 192550us
Bounce: iterations=353 runtime: 191372us
Bounce: iterations=354 runtime: 195405us
Bounce: iterations=355 runtime: 193358us
Bounce: iterations=356 runtime: 191921us
Bounce: iterations=357 runtime: 191896us
Bounce: iterations=358 runtime: 194713us
Bounce: iterations=359 runtime: 191912us
Bounce: iterations=360 runtime: 191778us
Bounce: iterations=361 runtime: 191646us
Bounce: iterations=362 runtime: 193481us
Bounce: iterations=363 runtime: 192759us
Bounce: iterations=364 runtime: 192183us
Bounce: iterations=365 runtime: 190965us
Bounce: iterations=366 runtime: 193001us
Bounce: iterations=367 runtime: 193959us
Bounce: iterations=368 runtime: 193337us
Bounce: iterations=369 runtime: 192982us
Bounce: iterations=370 runtime: 192124us
Bounce: iterations=371 runtime: 195747us
Bounce: iterations=372 runtime: 191633us
Bounce: iterations=373 runtime: 190982us
Bounce: iterations=374 runtime: 190576us
Bounce: iterations=375 runtime: 196090us
Bounce: iterations=376 runtime: 192495us
Bounce: iterations=377 runtime: 193153us
Bounce: iterations=378 runtime: 192344us
Bounce: iterations=379 runtime: 194922us
Bounce: iterations=380 runtime: 191656us
Bounce: iterations=381 runtime: 189894us
Bounce: iterations=382 runtime: 191709us
Bounce: iterations=383 runtime: 194709us
Bounce: iterations=384 runtime: 192819us
Bounce: iterations=385 runtime: 190916us
Bounce: iterations=386 runtime: 191434us
Bounce: iterations=387 runtime: 194049us
Bounce: iterations=388 runtime: 191506us
Bounce: iterations=389 runtime: 190482us
Bounce: iterations=390 runtime: 190960us
Bounce: iterations=391 runtime: 193602us
Bounce: iterations=392 runtime: 192269us
Bounce: iterations=393 runtime: 191772us
Bounce: iterations=394 runtime: 191537us
Bounce: iterations=395 runtime: 192556us
Bounce: iterations=396 runtime: 193566us
Bounce: iterations=397 runtime: 190474us
Bounce: iterations=398 runtime: 191907us
Bounce: iterations=399 runtime: 190756us
Bounce: iterations=400 runtime: 194648us
Bounce: iterations=401 runtime: 192461us
Could not locate BlockSlowdown.json
Skipping Loading (this might cause a fatal crash if GTSlowdown is on)
java.lang.StringLatin1.inflate(byte[], int, char[], int, int)void -1 codeSignature differs 7229d185807c5eb1f821125a028c07df1ddeaa104c27495e511e6ad0d767c33a != 17fc64c9586f0ecf27e1468b2eeb1b40eb8569e6db2faf747d95dee3bfb3e1f0
Bounce: iterations=402 runtime: 191182us
Bounce: iterations=403 runtime: 195819us
Bounce: iterations=404 runtime: 196392us
Bounce: iterations=405 runtime: 192646us
Bounce: iterations=406 runtime: 192019us
Bounce: iterations=407 runtime: 191750us
Bounce: iterations=408 runtime: 195861us
Bounce: iterations=409 runtime: 192537us
Bounce: iterations=410 runtime: 192594us
Bounce: iterations=411 runtime: 192581us
Bounce: iterations=412 runtime: 194407us
Bounce: iterations=413 runtime: 192904us
Bounce: iterations=414 runtime: 193442us
Bounce: iterations=415 runtime: 192827us
Bounce: iterations=416 runtime: 193568us
Bounce: iterations=417 runtime: 193064us
Bounce: iterations=418 runtime: 192284us
Bounce: iterations=419 runtime: 192120us
Bounce: iterations=420 runtime: 193627us
Bounce: iterations=421 runtime: 192659us
Bounce: iterations=422 runtime: 192402us
Bounce: iterations=423 runtime: 192512us
Bounce: iterations=424 runtime: 191574us
Bounce: iterations=425 runtime: 195314us
Bounce: iterations=426 runtime: 194502us
Bounce: iterations=427 runtime: 194220us
Bounce: iterations=428 runtime: 193672us
Bounce: iterations=429 runtime: 199743us
Bounce: iterations=430 runtime: 192275us
Bounce: iterations=431 runtime: 191612us
Bounce: iterations=432 runtime: 191307us
Bounce: iterations=433 runtime: 196256us
Bounce: iterations=434 runtime: 192887us
Bounce: iterations=435 runtime: 191963us
Bounce: iterations=436 runtime: 191182us
Bounce: iterations=437 runtime: 195973us
Bounce: iterations=438 runtime: 193603us
Bounce: iterations=439 runtime: 193123us
Bounce: iterations=440 runtime: 192748us
Bounce: iterations=441 runtime: 192553us
Bounce: iterations=442 runtime: 192179us
Bounce: iterations=443 runtime: 192121us
Bounce: iterations=444 runtime: 191380us
Bounce: iterations=445 runtime: 194429us
Bounce: iterations=446 runtime: 192597us
Bounce: iterations=447 runtime: 191363us
Bounce: iterations=448 runtime: 193065us
Bounce: iterations=449 runtime: 193814us
Bounce: iterations=450 runtime: 193614us
Bounce: iterations=451 runtime: 192077us
Bounce: iterations=452 runtime: 191801us
Bounce: iterations=453 runtime: 192184us
Bounce: iterations=454 runtime: 198910us
Bounce: iterations=455 runtime: 193883us
Bounce: iterations=456 runtime: 192234us
Bounce: iterations=457 runtime: 191960us
Bounce: iterations=458 runtime: 196457us
Bounce: iterations=459 runtime: 194010us
Bounce: iterations=460 runtime: 193592us
Bounce: iterations=461 runtime: 211597us
Bounce: iterations=462 runtime: 195526us
Bounce: iterations=463 runtime: 192893us
Bounce: iterations=464 runtime: 192753us
Bounce: iterations=465 runtime: 192135us
Bounce: iterations=466 runtime: 194907us
Bounce: iterations=467 runtime: 193446us
Bounce: iterations=468 runtime: 192939us
Bounce: iterations=469 runtime: 193190us
Bounce: iterations=470 runtime: 194927us
Bounce: iterations=471 runtime: 194662us
Bounce: iterations=472 runtime: 193959us
Bounce: iterations=473 runtime: 192871us
Bounce: iterations=474 runtime: 195711us
Bounce: iterations=475 runtime: 193823us
Bounce: iterations=476 runtime: 192426us
Bounce: iterations=477 runtime: 192791us
Bounce: iterations=478 runtime: 192873us
Bounce: iterations=479 runtime: 196815us
Bounce: iterations=480 runtime: 196604us
Bounce: iterations=481 runtime: 193524us
Bounce: iterations=482 runtime: 192272us
Bounce: iterations=483 runtime: 196210us
Bounce: iterations=484 runtime: 193411us
Bounce: iterations=485 runtime: 192488us
Bounce: iterations=486 runtime: 191842us
Bounce: iterations=487 runtime: 195517us
Bounce: iterations=488 runtime: 193456us
Bounce: iterations=489 runtime: 192952us
Bounce: iterations=490 runtime: 193015us
Bounce: iterations=491 runtime: 195280us
Bounce: iterations=492 runtime: 193793us
Bounce: iterations=493 runtime: 192356us
Bounce: iterations=494 runtime: 192535us
Bounce: iterations=495 runtime: 195807us
Bounce: iterations=496 runtime: 192256us
Bounce: iterations=497 runtime: 192503us
Bounce: iterations=498 runtime: 192575us
Bounce: iterations=499 runtime: 194046us
Bounce: iterations=500 runtime: 192169us
Could not locate BlockSlowdown.json
Skipping Loading (this might cause a fatal crash if GTSlowdown is on)
jdk.internal.constant.PrimitiveClassDescImpl.descriptorString()java.lang.String -1 codeSignature differs 7722674ec43cccc19227bd0fe31433696da3716816c65b03f1730e1c0254917a != d487d8a2503fc353385b06f3b95e8ab10a6fe5294aa12ef213c2f0b58f53bb2d
jdk.internal.classfile.impl.AbstractPoolEntry$ClassEntryImpl.tag()int -1 codeSignature differs 5404769be9f3dbc3cb72c5db1a8ad8dd44853cedba352c69c6db32de21c4dbb9 != 1c5cefc40a914f135a319bd8d405841fbf0f0e92dfa85c790bd1c66c2edacece
java.lang.Class.getComponentType()java.lang.Class -1 codeSignature differs b319d91a6485f244b602f37bbb015c7b083103cb0168540c8f7172a6f77fcdb4 != ca3e2776cb0744dcbd5af9f18a41221cfb7ea6616e2c92fa3282d7012b2bb32a
java.lang.constant.ClassDesc.isPrimitive()boolean -1 codeSignature differs d890ffc04cd03ec866061096d7d13d2670cacc5a2328b692374e3523d40574bd != 6120e833de16ceab3ef754d1b00c19883b3f73962ba2cdf17c59c3710ba02d36
java.lang.StringCoding.implEncodeAsciiArray(char[], int, byte[], int, int)int -1 codeSignature differs d55fbea694761fc922a42e91b2b98c835dce3c3f298c1fe7d5ce8aa936963d2d != 726c589bc3028695e1ab333a2ffc6cdaf3378a0846f06129cd80bec52bf52833
Bounce: iterations=500 average: 193884us total: 96942069us


java.lang.invoke.MethodTypeForm.parameterSlotCount()int -1 codeSignature differs ad156c9aebe2f06c30e3b5dbbec2e173bc1370acb4ba42d2464dda8cd03d5b04 != 631f1ee6b294c0668302aaa578afb6c4bc9eb79e5bdf6a7916a36c576b1ba42d
Total Runtime: 96942069us
Bubo.RDTSC.Harness.main Total RDTSC cycles: 321894819186

Finished Bounce BuboOff at Thu 22 Jan 14:40:53 GMT 2026
============================================================
