============================================================
Benchmark: LoopBenchmarks
BuboLIRPhase: false
RUNS: 500
extra_args: 12000
Timestamp: Thu 22 Jan 14:48:26 GMT 2026

[WARN] Unknown argument: output
Could not locate BlockSlowdown.json
Skipping Loading (this might cause a fatal crash if GTSlowdown is on)
[Use -Djdk.graal.LogFile=<path> to redirect Graal log output to a file.]
java.lang.module.ModuleDescriptor.name()java.lang.String -1 codeSignature differs 5be282a10c496d4000571a6844c9c0bc109901813a12d3aea5364efad6a66c85 != 56a4ef2702ccb7a079a36c5f0ed4055a5908c2e7a9296eac6b3ffe2db37f4a2d
java.lang.module.ModuleReference.descriptor()java.lang.module.ModuleDescriptor -1 codeSignature differs 14be906eafbcd0e98db8607fd01b12de837039bcd06c460d0cf8f6394c8cff6d != da5cf171143f5513c1e4cdf5bb02fc95a3ea90774fedf9fb851ec26a1218a12f
java.lang.Enum.ordinal()int -1 codeSignature differs d4ce072063a0e5d7b77fa03ca89aafb8f3e3ecf13c518dc1905e344d1e62c58a != e88b1ad01cee91360e4f1ac151ade0525982fae29bddccb8434060766b83fd62
java.lang.Class.isPrimitive()boolean -1 codeSignature differs 98ab40cf2ebcc843a57e4548f9a42e2e9f3f439b3cfc72b2a9affe72c8d06a5f != 5b9fc3b01b5ff747850254186cdcc08e50c4f85fb4d4d68bc0989fcb181794f8
jdk.internal.util.StrongReferenceKey.get()java.lang.Object -1 codeSignature differs 14be906eafbcd0e98db8607fd01b12de837039bcd06c460d0cf8f6394c8cff6d != da5cf171143f5513c1e4cdf5bb02fc95a3ea90774fedf9fb851ec26a1218a12f
java.lang.Class.getClassLoader()java.lang.ClassLoader -1 codeSignature differs 1ec746d9657abb2124f404e47924197593986fc62346c6cd76072c08e29afddf != 454facf798c6644faed5619d9e1dae25408778409730f09c41b1c0c95518fd46
java.lang.invoke.MethodType.returnType()java.lang.Class -1 codeSignature differs 14be906eafbcd0e98db8607fd01b12de837039bcd06c460d0cf8f6394c8cff6d != da5cf171143f5513c1e4cdf5bb02fc95a3ea90774fedf9fb851ec26a1218a12f
jdk.internal.classfile.impl.AbstractPoolEntry.index()int -1 codeSignature differs d4ce072063a0e5d7b77fa03ca89aafb8f3e3ecf13c518dc1905e344d1e62c58a != e88b1ad01cee91360e4f1ac151ade0525982fae29bddccb8434060766b83fd62
java.lang.invoke.MemberName.getDeclaringClass()java.lang.Class -1 codeSignature differs b46e439bc51650ff335d2a7124f0b0154f260fe1af8ba145c6fd3cf5008c9e4e != de7d2501b6c4ceaef40260482daf6e5ea615f5f43bc71d4e0a42f41866056e09
java.lang.invoke.MethodType.form()java.lang.invoke.MethodTypeForm -1 codeSignature differs 5be282a10c496d4000571a6844c9c0bc109901813a12d3aea5364efad6a66c85 != 56a4ef2702ccb7a079a36c5f0ed4055a5908c2e7a9296eac6b3ffe2db37f4a2d
java.util.stream.FindOps$FindSink.cancellationRequested()boolean -1 codeSignature differs 55af0dc4b7688c78180d5f5b00584e4bf66cf93bd60716f9aab49e7a6fd64ac4 != d201d3c970d1bea0e5266b3abd2e0b5e37d50f57628f0f6798d16338d8e21f6a
java.lang.Object.<init>()void -1 codeSignature differs fe534d3aac0502b22527b54e744892c09d7496fd765947a3ee3ec9a070d56f92 != b5ee38686824d688fb238521bf027287d22a9235c6ea851247456595ee3c4ca5
java.lang.String.hashCode()int -1 codeSignature differs cd869c87835ef8242ee90410caccd8a61a63cd99231e11f83fcdc76366e70264 != aa1e9c2f9ea239d2fb15b2f7ff9a60f790f0544470df5bee9a657461c7ae39f8
jdk.internal.module.ModuleReferenceImpl.moduleResolution()jdk.internal.module.ModuleResolution -1 codeSignature differs b76db95b8fd3a055b26c3a6c15023743ea3cd488646d474319964a2e9e13b73e != c90e5cf05b5ed15b2ee4632b0f01daf8e8a827ca7e4e1d9f528d5eb553edbcfd
java.lang.module.ModuleDescriptor$Requires.modifiers()java.util.Set -1 codeSignature differs 14be906eafbcd0e98db8607fd01b12de837039bcd06c460d0cf8f6394c8cff6d != da5cf171143f5513c1e4cdf5bb02fc95a3ea90774fedf9fb851ec26a1218a12f
java.lang.module.ModuleDescriptor$Requires.name()java.lang.String -1 codeSignature differs 90f01eeb46d88d53d0e4e48ef19445eb3bdf8101a00c7dc3f717a337df9fb41f != c4651eecda0d588acaac43a9ae165ea6a40380899e75b0e7578d22406e0c012a
java.lang.module.ModuleDescriptor.requires()java.util.Set -1 codeSignature differs 50021c78154f047ad8f88f0733084203e726ca2f3911eed3f4e2615369ae39b2 != a12f6d231bab91ade119f5f7e87b83e28ce01e2d62fff01cc7676b635a92f884
java.lang.module.ModuleDescriptor.isAutomatic()boolean -1 codeSignature differs 2c5d9434fa6cbff1c0177053ad01774247e7a98383a3d0ee5c4dccbf56bf9e86 != 08dea6d6ec137b950a0343efb1bd030f87565d8e5b95eb64f025bd8e338928e2
java.util.HashMap$Node.getKey()java.lang.Object -1 codeSignature differs 90f01eeb46d88d53d0e4e48ef19445eb3bdf8101a00c7dc3f717a337df9fb41f != c4651eecda0d588acaac43a9ae165ea6a40380899e75b0e7578d22406e0c012a
java.util.HashMap$Node.getValue()java.lang.Object -1 codeSignature differs 5be282a10c496d4000571a6844c9c0bc109901813a12d3aea5364efad6a66c85 != 56a4ef2702ccb7a079a36c5f0ed4055a5908c2e7a9296eac6b3ffe2db37f4a2d
java.util.ImmutableCollections$Set12.isEmpty()boolean -1 codeSignature differs d890ffc04cd03ec866061096d7d13d2670cacc5a2328b692374e3523d40574bd != 6120e833de16ceab3ef754d1b00c19883b3f73962ba2cdf17c59c3710ba02d36
java.lang.module.ModuleDescriptor$Exports.source()java.lang.String -1 codeSignature differs 90f01eeb46d88d53d0e4e48ef19445eb3bdf8101a00c7dc3f717a337df9fb41f != c4651eecda0d588acaac43a9ae165ea6a40380899e75b0e7578d22406e0c012a
java.lang.module.ModuleDescriptor$Exports.targets()java.util.Set -1 codeSignature differs 5be282a10c496d4000571a6844c9c0bc109901813a12d3aea5364efad6a66c85 != 56a4ef2702ccb7a079a36c5f0ed4055a5908c2e7a9296eac6b3ffe2db37f4a2d
java.lang.module.ModuleDescriptor.provides()java.util.Set -1 codeSignature differs 309d9291f2d3c2a63becdec49b2c74b25af9d7fdc62dad05faf86a64889608fc != f5d85dfdf7fef12d65d210d402c44bf26eeb0fb3f9225e78ee6443caec31b619
java.lang.module.ModuleDescriptor.exports()java.util.Set -1 codeSignature differs 948d21eddb9ad191efbc24290e4e840a30aebb134151b75def9175ab54c0a48c != c3334e7c488922d9ee7281afad5b7ca4db54a4ab2b49cf0e755dc0a6c55854b4
java.lang.module.ModuleDescriptor.uses()java.util.Set -1 codeSignature differs e3ce51591a4fee3aaff0c687fbb639bc8c1569c92e84d989cdc906a081a3aa6f != 69f900c261d900c3a12e3d84961667caa75caf8ed42490b80edd3cdf23db4832
java.util.Objects.requireNonNull(java.lang.Object)java.lang.Object -1 codeSignature differs fab3390bacdc1c06ac727172609d32d56c9697db51c25bc06ba90803d6336aa7 != 5f34d305ad8c459e05cc78e8e67ce712079a25140f4444aee0bca43f73c4de02
java.util.ImmutableCollections$SetN$SetNIterator.hasNext()boolean -1 codeSignature differs 014069b9d29ae67f97f8d652b8d7a77d9057cdb393e4e32597c925d7a30bdc82 != 60575b8cd4d2a8242a8aab77fb607844ec4f52bcc97ca89e8880d7f6422024af
java.util.ImmutableCollections$SetN$SetNIterator.next()java.lang.Object -1 codeSignature differs d04d29a4d240913660a8a573ea1849db7f36ff9c2f6104678d19dddc7e4448b5 != 829478485a428303739a297a306f34a5f6d0fd7d0f8daa29efba1f814b054675
java.util.HashMap.hash(java.lang.Object)int -1 codeSignature differs 54c2a0221aed828f481e467313512a97dcc8d4ae2e174673f19319d5e627ce47 != 334b0dad1a23145f64b9851a93f5d34818d1b8a4f56bbf58f638a531555321d8
java.util.HashMap.hash(java.lang.Object)int -1 graphSignature differs 393a9d09ac7b1de02607ab6dd5fde2063185e652ce2aabd90d61c52950475dbc != 27e7a52782b6fcb645f562197decfa8fd939b11b105c1ce6adf1e163fcd89445
java.lang.module.ModuleDescriptor$Provides.service()java.lang.String -1 codeSignature differs 14be906eafbcd0e98db8607fd01b12de837039bcd06c460d0cf8f6394c8cff6d != da5cf171143f5513c1e4cdf5bb02fc95a3ea90774fedf9fb851ec26a1218a12f
java.lang.module.ModuleDescriptor$Exports.isQualified()boolean -1 codeSignature differs 27992f4ad3c473eb9af9b2dc276a916ca227f99e9d00e75eb6a9ad01a123ea51 != 020b2e2539c6021acd37d306f2411f134c66581e1236e19a240b486ab1df9cce
java.util.HashMap.putVal(int, java.lang.Object, java.lang.Object, boolean, boolean)java.lang.Object -1 codeSignature differs d4f49f2c46f1b4c8d2e30dad3fa193bfdcaac099b508fb3497f40e6923cdee95 != 4c8ddd2d6c8e31a2f0ed158283666f68026872e36108ba6ed4b418509b4b1fdb
java.util.HashMap$Node.<init>(int, java.lang.Object, java.lang.Object, java.util.HashMap$Node)void -1 codeSignature differs 65b13caf6c07bd216d093c493278caddd38df00ab7a3ebcae1dbefd29e8f589d != 0b7e3fef4c3a6adbb06576d475449b4698bafd6edf27bc867603a052760b7c67
java.lang.String.equals(java.lang.Object)boolean -1 codeSignature differs a6e309c433362d27e37b39c73cf8e578c064ab97bae8a3e01c77329c59654391 != 9d4deb1417e3dc3304e6e48d0050681b843c1c29f58a963fe6d7cb88c5948543
java.lang.Byte.toUnsignedInt(byte)int -1 codeSignature differs ef53887b8aa24310d9482f8fff2e03d6f5088235fdd6794c9711e90d2fb316a1 != 13d5f6657504f424775e099bdc463c00fbb2dd5e93459aa3373cba81212b5a0d
java.util.KeyValueHolder.getKey()java.lang.Object -1 codeSignature differs 14be906eafbcd0e98db8607fd01b12de837039bcd06c460d0cf8f6394c8cff6d != da5cf171143f5513c1e4cdf5bb02fc95a3ea90774fedf9fb851ec26a1218a12f
java.util.KeyValueHolder.getValue()java.lang.Object -1 codeSignature differs 90f01eeb46d88d53d0e4e48ef19445eb3bdf8101a00c7dc3f717a337df9fb41f != c4651eecda0d588acaac43a9ae165ea6a40380899e75b0e7578d22406e0c012a
java.lang.module.ModuleDescriptor.packages()java.util.Set -1 codeSignature differs 1ec746d9657abb2124f404e47924197593986fc62346c6cd76072c08e29afddf != 454facf798c6644faed5619d9e1dae25408778409730f09c41b1c0c95518fd46
java.lang.module.ResolvedModule.reference()java.lang.module.ModuleReference -1 codeSignature differs 90f01eeb46d88d53d0e4e48ef19445eb3bdf8101a00c7dc3f717a337df9fb41f != c4651eecda0d588acaac43a9ae165ea6a40380899e75b0e7578d22406e0c012a
java.lang.module.ModuleDescriptor$Version.toString()java.lang.String -1 codeSignature differs 14be906eafbcd0e98db8607fd01b12de837039bcd06c460d0cf8f6394c8cff6d != da5cf171143f5513c1e4cdf5bb02fc95a3ea90774fedf9fb851ec26a1218a12f
java.lang.AbstractStringBuilder.length()int -1 codeSignature differs d4ce072063a0e5d7b77fa03ca89aafb8f3e3ecf13c518dc1905e344d1e62c58a != e88b1ad01cee91360e4f1ac151ade0525982fae29bddccb8434060766b83fd62
java.util.HashMap.newNode(int, java.lang.Object, java.lang.Object, java.util.HashMap$Node)java.util.HashMap$Node -1 codeSignature differs 0b57ad3d0ea1b0de0d3ae4d1256f2a3bf2dacceb94022bee4e70d75bf1848358 != df85b2b14fb5de70af8f6a1aa6efa050fdaf0546a0197d26ebd4113543cc599e
java.util.HashMap.afterNodeInsertion(boolean)void -1 codeSignature differs fe534d3aac0502b22527b54e744892c09d7496fd765947a3ee3ec9a070d56f92 != b5ee38686824d688fb238521bf027287d22a9235c6ea851247456595ee3c4ca5
java.util.HashMap.resize()java.util.HashMap$Node[] -1 codeSignature differs b3941c4490ff333fa66a89ccfa3c3769c74d25c6ac09fa77e2d925a9bc216584 != 7f570416ff358e4b3f2e507aa324fb2a5e516b4d3b877957d491849e1ec847d1
java.lang.module.ResolvedModule.configuration()java.lang.module.Configuration -1 codeSignature differs 14be906eafbcd0e98db8607fd01b12de837039bcd06c460d0cf8f6394c8cff6d != da5cf171143f5513c1e4cdf5bb02fc95a3ea90774fedf9fb851ec26a1218a12f
java.lang.module.ModuleDescriptor.isOpen()boolean -1 codeSignature differs 7251ebfc69511ba11260ce3e5fe8de41e1ee424c1c84ef382507a4b520f46599 != c4f3939346c24cd7625b42361349cb6733a9291eeffd7507e7bf858c000192f4
java.util.HashMap.size()int -1 codeSignature differs 55d12884885f16e44e8204f924f64617688caf405b709d32e1e72896f6c27c3d != 9a030125c16a396ec668abdad74e59397cb88f5e4ba93604e8c6b48c6233e93d
Profiling started
Could not locate BlockSlowdown.json
Skipping Loading (this might cause a fatal crash if GTSlowdown is on)
java.util.zip.ZipCoder$UTF8ZipCoder.isUTF8()boolean -1 codeSignature differs 6e3a14458a0fca90e6a63285514a933585cea592cb622e79b33ddc5df6e0fb66 != 6fdd5e023f8b36c06ccfc437f07740607e2fd6af8789c2b6573b1f8e5aec4921
java.lang.invoke.MethodType.ptypes()java.lang.Class[] -1 codeSignature differs 90f01eeb46d88d53d0e4e48ef19445eb3bdf8101a00c7dc3f717a337df9fb41f != c4651eecda0d588acaac43a9ae165ea6a40380899e75b0e7578d22406e0c012a
jdk.internal.util.Preconditions.checkIndex(int, int, java.util.function.BiFunction)int -1 codeSignature differs 0537b0c8dc5fe868ee44de1817c0b047b24d886158549ad641b2b99126c678bb != 097cdde476e7d7a11441cfa0c37471ca0a888d4c4166d67eed1a7e5c4df66c77
java.nio.Buffer.limit()int -1 codeSignature differs 55d12884885f16e44e8204f924f64617688caf405b709d32e1e72896f6c27c3d != 9a030125c16a396ec668abdad74e59397cb88f5e4ba93604e8c6b48c6233e93d
jdk.internal.classfile.impl.AbstractPoolEntry.width()int -1 codeSignature differs 6e3a14458a0fca90e6a63285514a933585cea592cb622e79b33ddc5df6e0fb66 != 6fdd5e023f8b36c06ccfc437f07740607e2fd6af8789c2b6573b1f8e5aec4921
jdk.internal.classfile.impl.SplitConstantPool.size()int -1 codeSignature differs 1e851f5b2cbf37c0cd46831368dd889b60dff01d7b16161259960e24b264ceb1 != d37b0c203163b479a20ad6e2dad4e21eac1f1ad9b1ebc37e97f7861914a001ed
java.util.Properties$LineReader.readLine()int -1 codeSignature differs 3fba3e9edd5e4cedb96278d46b6cff483f2d1c092dec2e534b016b1ac2ec9479 != 43961d71b71ba232ed2694d540aa571e36bd52adf8e4b027613a65dc317ee3ed
java.lang.AbstractStringBuilder.getValue()byte[] -1 codeSignature differs 5be282a10c496d4000571a6844c9c0bc109901813a12d3aea5364efad6a66c85 != 56a4ef2702ccb7a079a36c5f0ed4055a5908c2e7a9296eac6b3ffe2db37f4a2d
java.lang.Enum.name()java.lang.String -1 codeSignature differs 5be282a10c496d4000571a6844c9c0bc109901813a12d3aea5364efad6a66c85 != 56a4ef2702ccb7a079a36c5f0ed4055a5908c2e7a9296eac6b3ffe2db37f4a2d
jdk.internal.util.ArraysSupport.unsignedHashCode(int, byte[], int, int)int -1 codeSignature differs 4d5957074f035392f4f1040fa7b9c8e8516cc366cc99a9663ff8e211636027cb != 4dd8a0d23b54449c010a38548a4ec34726658ad72759db6c8d42ad0645f343a2
sun.util.locale.BaseLocale.getLanguage()java.lang.String -1 codeSignature differs 90f01eeb46d88d53d0e4e48ef19445eb3bdf8101a00c7dc3f717a337df9fb41f != c4651eecda0d588acaac43a9ae165ea6a40380899e75b0e7578d22406e0c012a
java.util.LinkedHashMap.removeEldestEntry(java.util.Map$Entry)boolean -1 codeSignature differs d890ffc04cd03ec866061096d7d13d2670cacc5a2328b692374e3523d40574bd != 6120e833de16ceab3ef754d1b00c19883b3f73962ba2cdf17c59c3710ba02d36
java.util.concurrent.ConcurrentHashMap.tabAt(java.util.concurrent.ConcurrentHashMap$Node[], int)java.util.concurrent.ConcurrentHashMap$Node -1 codeSignature differs 71d647ba8c6a0b4ea5a8b561fe43e8bed960c9cb04034a7aef626c5d8360de6d != 822749e9eab55cf0ab08d112d11f644faf7767e7d7f602f22b2982e4341c74e7
jdk.internal.misc.Unsafe.getReferenceAcquire(java.lang.Object, long)java.lang.Object -1 codeSignature differs 0be5c2bda59735ac5470d27796a18d252d59667b906c14721265d97be8abdd5a != a748a0c1fa3d1b22da119249a3931a9411370dff9604e49b3d7ef522719454b3
java.lang.String.coder()byte -1 codeSignature differs f3a73f0f7ffcffdf8962f6b17b32b9d22dceb70a6321ad4e83f092ac924fb640 != 957313288ef4bdda0b4cd025d583dcf3b718c3f3a50464b737eb27e80ce0139f
java.security.Provider$Service.getType()java.lang.String -1 codeSignature differs 90f01eeb46d88d53d0e4e48ef19445eb3bdf8101a00c7dc3f717a337df9fb41f != c4651eecda0d588acaac43a9ae165ea6a40380899e75b0e7578d22406e0c012a
java.security.Provider$Service.getAlgorithm()java.lang.String -1 codeSignature differs 5be282a10c496d4000571a6844c9c0bc109901813a12d3aea5364efad6a66c85 != 56a4ef2702ccb7a079a36c5f0ed4055a5908c2e7a9296eac6b3ffe2db37f4a2d
java.security.Provider$Service.getAliases()java.util.List -1 codeSignature differs ec9959256dfdc1e5d707b10920cbff0d77d6151df3608588ba4900964b3e0488 != 48d94502b891e4704180e00ca37d65d0a704038e75c0e2368237a34efba54df3
jdk.internal.classfile.impl.RawBytecodeHelper.bci()int -1 codeSignature differs fe46e3fea17c2bcac25676024acf43715946ed13832c36004058f315d01e6ed3 != e2795d501a46b0bfb6e8c56434b112c0ea54a81c9e313ecde41f1f8b0f3deb09
jdk.internal.classfile.impl.AbstractPoolEntry.constantPool()java.lang.classfile.constantpool.ConstantPool -1 codeSignature differs 5be282a10c496d4000571a6844c9c0bc109901813a12d3aea5364efad6a66c85 != 56a4ef2702ccb7a079a36c5f0ed4055a5908c2e7a9296eac6b3ffe2db37f4a2d
jdk.internal.util.WeakReferenceKey.hashCode()int -1 codeSignature differs 55d12884885f16e44e8204f924f64617688caf405b709d32e1e72896f6c27c3d != 9a030125c16a396ec668abdad74e59397cb88f5e4ba93604e8c6b48c6233e93d
java.lang.String.value()byte[] -1 codeSignature differs 5be282a10c496d4000571a6844c9c0bc109901813a12d3aea5364efad6a66c85 != 56a4ef2702ccb7a079a36c5f0ed4055a5908c2e7a9296eac6b3ffe2db37f4a2d
Starting loop benchmarks with scale factor: 500

Running Fibonacci loop... LoopBenchmarks.fibonacciLoop(int)long -1 codeSignature differs 8db4203f5981015d3b002f23f4fab14e8248ecc9c6c4348d6863dbd6a990350c != fba9dec35e6faba60572ba253491d9a8da90d573b1e6d10a99578635c6774a61
DONE (iterations: java.lang.String.isLatin1()boolean -1 codeSignature differs 7fbdb74539501cf2e6eb2a3c4a15d0e6598aaf73df2e1a5e20fd95a35a58b24e != 3176213e3be72bb5e1b482eae8a1c07901556750cdd7d42ef0cea4727e1ff083
java.lang.StringLatin1.equals(byte[], byte[])boolean -1 codeSignature differs ce6957fde94989d8dfb9f657cd698acb12bd0f01e407ce68915647520f63bd02 != 625a83ff75952a5d0a805a4c58b62ea8ac6fa4c2e347559de275b3de58e5cde6
java.lang.invoke.MethodTypeForm.erasedType()java.lang.invoke.MethodType -1 codeSignature differs 90f01eeb46d88d53d0e4e48ef19445eb3bdf8101a00c7dc3f717a337df9fb41f != c4651eecda0d588acaac43a9ae165ea6a40380899e75b0e7578d22406e0c012a
java.lang.invoke.MethodHandle.type()java.lang.invoke.MethodType -1 codeSignature differs 90f01eeb46d88d53d0e4e48ef19445eb3bdf8101a00c7dc3f717a337df9fb41f != c4651eecda0d588acaac43a9ae165ea6a40380899e75b0e7578d22406e0c012a
java.lang.String.checkIndex(int, int)void -1 codeSignature differs 385ed941f0ffb6ec913dbe21e2b6e06be3e6eb9ee90a0f5ab66e6d492d366927 != b1f7427504076049fa0a25e2e2b9220678e779f692b84ee79e051d4d2ab82a5c
java.lang.String.charAt(int)char -1 codeSignature differs b98399ac996c9b8e72310c5c1df0c198f3068d7f9b0ca726daf2c74e94dd6400 != 166a359a67807cc166f2d58779fc2743a97bdbb3f816140507a9a3a92e270eb8
java.lang.StringLatin1.charAt(byte[], int)char -1 codeSignature differs 1cf48904ac3a640d9f3a2f467aa93f6340686542a2bea1b174914224836b97b7 != e855f5d619915ae479f963ddbfcac66194db858bf465c755cccae16d9d945902
java.util.regex.Pattern$$Lambda/0x800000027.is(int)boolean -1 codeSignature differs 0354641c2a2b774c4091d3291ed00d8619497cbb8d7c773ec59cd0b1242d4c2b != c2ddfaee167115e40521555f0294213862b741e6bf02ffe1ab703bf75a8131ec
java.util.regex.Pattern.lambda$Single$0(int, int)boolean -1 codeSignature differs ecf229b358f022376f296a397bce16ebeddcd61336e9856bceef5138b5fd9385 != 610e81479d09e85d9df3ce6cc1c71086e6befb4bedcc149e9f2f7964c282d16e
java.util.regex.Pattern$BmpCharPropertyGreedy.match(java.util.regex.Matcher, int, java.lang.CharSequence)boolean -1 codeSignature differs 9a4fd457f94f479f963002c12ca19384321c23182d7fc44e22cc9f8daa9935d7 != ce822ea0e3af49dfae809124e9b9c1cb62c0e39c0a11574dc51a31b093f6a9b9
jdk.internal.constant.ClassOrInterfaceDescImpl.descriptorString()java.lang.String -1 codeSignature differs 14be906eafbcd0e98db8607fd01b12de837039bcd06c460d0cf8f6394c8cff6d != da5cf171143f5513c1e4cdf5bb02fc95a3ea90774fedf9fb851ec26a1218a12f
java.lang.Class.getModule()java.lang.Module -1 codeSignature differs 309d9291f2d3c2a63becdec49b2c74b25af9d7fdc62dad05faf86a64889608fc != f5d85dfdf7fef12d65d210d402c44bf26eeb0fb3f9225e78ee6443caec31b619
java.lang.String.length()int -1 codeSignature differs 5f2a9f3bb1f4f800ea4f2ad278553dedcfc789fe27a155b26df986828b30ede3 != c429f09bde0922a4e93c787fa5a5cdbca277237619ab7dc7eb3cc60d99b0f3aa
java.lang.StringUTF16.getChar(byte[], int)char -1 codeSignature differs 72a99c9d055d9e59069f039ab3c717b2aeaf1688b44df608093ac1644a259cc9 != 1698020568351afd14777da671cf9324e25e3c3bf06045dab5bbc3b30010318d
60000, result: -2872092127636481573) [time: 0.476 s]
Running Mandelbrot loop... LoopBenchmarks.mandelbrotLoop(double, double, int)int -1 codeSignature differs 45cf43ebb6cd063042e9bf0dcdd31df36282fdfab4d2b18a3c62f63db0af9d71 != 014dd7dec81309415bc46824ad5955383c3a0b766dbd6e089d7246244cae22cd
DONE (reps: 3, grid: 350x350, result: java.nio.Buffer.position()int -1 codeSignature differs 3f64cd4fafea8a3cef87601314961681d43f2aa75c3a358c1b0ce8d9a1c4731a != a754d4fbb14cb674813e5d56933661602e017cf332100c6f35524287a66eeea9
8888322) [time: 0.455 s]
Running JSON parsing loop... LoopBenchmarks.parseJsonLoop(char[])int -1 codeSignature differs c1ec638f1fed3028d9defe52c352316d8bea32b4994ec1a0797bb4089a84f753 != ac93f599ee0cf32590738921c182b5bb08f5ac56c1a4045b2b6486a30049b1fe
DONE (iterations: 166, json size: 75000, result: 3949) [time: 0.053 s]
Running matrix multiply loop... LoopBenchmarks.matrixMultiplyLoop(double[][], double[][], double[][], int)void -1 codeSignature differs a77e34c0e311802ad00d53f481eb98d2969516c140fc168604996e49d88289b6 != 4635462c764dc68f781b32354bf7829b96d2c3b550463843df116432067935cb
DONE (iterations: 55, matrix: 101x101, result: 338350.0) [time: 0.164 s]
Running prime sieve loop... LoopBenchmarks.sieveLoop(boolean[], int)int -1 codeSignature differs 4b265bde0b05f32806ba8620dbfafbf9a3ef242f9200c06e48d41e35c0503a51 != 22ebf09921c4f74ca5db960b21ee2de18761b46c42809066f8af2e5eaf1dde64
DONE (iterations: 21, sieve size: 550000, primes: 45322) [time: 0.144 s]
Running histogram loop... LoopBenchmarks.histogramLoop(int[], int[], int)void -1 codeSignature differs d6e1d46681c3d7d9810806e224272e19d5526904a17a6cdefd7b79f61172c9cc != 3606f4eed82bec467c708a786c8f159fe84cc9afbebc2f0a892b9e6d3c156f76
DONE (iterations: 12, data size: 600000, histogram[0]: 2344) [time: 0.060 s]
Running CRC32 loop... LoopBenchmarks.crc32Loop(byte[])long -1 codeSignature differs 6bfb8fc6247c51bae5c5a57fbdc68f2f403bc039200c8e2281dd951e80c09596 != 715150d7c355631017fb2e301c5fcc686cbb2f2cb090662d971e28e1c9540741
DONE (iterations: 55, data size: 15000, crc: 3892400447) [time: 0.074 s]
Running polynomial loop... LoopBenchmarks.polynomialLoop(double[], double)double -1 codeSignature differs 532220317de29ac96c3c98d89f8fdf6c6bf7ea0dba6396d3f40674cb990eefa0 != 88fabd13e69f39dcda549a4c0aaff2b89333d41fcae6c040d9c2e2337aba2466
DONE (iterations: 30000, coefficients: 550, result: 2.3245080650704383E101) [time: 0.121 s]
java.nio.Buffer.capacity()int -1 codeSignature differs 138bc711c3bed648b8548df225303894eec321dce856bde9fbb2267d74239e89 != 8366e168458356e9e2795362a66f19336b0e55f9e34ac8b5d6d37702a481c8da
Running edit distance loop... LoopBenchmarks.editDistanceLoop(char[], char[])int -1 codeSignature differs c5e535b54a4f02824c30181910597441148ceda746d59bbeeef82097305d0257 != 1d2d5e9f5049c2299e60407e40a032969996899cfab472ea13c29879ddb1df9c
DONE (iterations: 112500, distance: 5) [time: 0.526 s]
Running Monte Carlo pi loop... LoopBenchmarks.monteCarloPiLoop(long, int)double -1 codeSignature differs d09b3f19b73cf365804d8f201d246c08b7f9dc18a75ca737525a26ac1bc0b847 != c5e7a829f770b15d5f83a31ac6e44f2086ff9ea927e2ea63a3a385d926369c2b
DONE (iterations: 4, samples per iter: 750000, pi: 3.143643) [time: 0.046 s]
Running bubble sort loop... LoopBenchmarks.bubbleSortLoop(int[])void -1 codeSignature differs 7284884e9b7d2f20c9d777da16ff0b3a84d55775cb3099117b65ae7a9ec2896a != f83f6141222832a62bff1acb267a12ef023ff95168ffd908014b20cd312bc3eb
DONE (iterations: 16, array size: 2100, sorted[0]: 1) [time: 0.148 s]
Running image blur loop... LoopBenchmarks.blurLoop(int[][], int[][], int, int)void -1 codeSignature differs 3717355d8ab80957732d866394ed72d39cbcb8d5871359af4aff596b357d5c0b != a71b28ed5d82d0483c576843d6410b4b6ea30c4a7e34da86a7543ff080353d77
DONE (iterations: 41, image: 281java.nio.charset.CharsetEncoder.maxBytesPerChar()float -1 codeSignature differs d0dc63dd2361c2989cb14e4cf77bfb3442e0a43d3c92bbd78638646fefb8363f != fecc7851573229b2c1300c739298992122dcb58fa032d82e9692f06a80e3cdc4
x281, result[10][10]: 20) [time: 0.087 s]
Running Base64 encoding loop... LoopBenchmarks.base64EncodeLoop(byte[], char[])int -1 codeSignature differs 8353bdf54fec9d58fc7fc72ee082c10ce9538fb6425eb90ff1eb66bd13ec3532 != 5bdb4e4372a81c891bd9d7deed302bf6b6b61c08d7482d0f566c04bbc22d1577
DONE (iterations: 250, input size: 75000, encoded length: 100000) [time: 0.086 s]
Running ray-sphere loop... LoopBenchmarks.raySphereLoop(double[], double[], double[], double[], int)int -1 codeSignature differs 02e20fa2b90d0b54f98cab99518c6e4242c2ad1cd0f16754111c56902a54c77d != 18e798ae1fff010ef417da4691e25ab4a7390356b8514e3deb58246b961c55a4
DONE (iterations: 250, ray count: 7500, hits: 7500) [time: 0.065 s]

✓ All benchmarks complete!
Bubo.RDTSC.Harness.main Total RDTSC cycles: 9141211406

Finished LoopBenchmarks BuboOff at Thu 22 Jan 14:48:30 GMT 2026
============================================================
