============================================================
Benchmark: Sieve
BuboLIRPhase: false
RUNS: 500
extra_args: 10000
Timestamp: Thu 22 Jan 14:45:29 GMT 2026

[WARN] Unknown argument: output
Could not locate BlockSlowdown.json
Skipping Loading (this might cause a fatal crash if GTSlowdown is on)
[Use -Djdk.graal.LogFile=<path> to redirect Graal log output to a file.]
java.lang.module.ModuleDescriptor.name()java.lang.String -1 codeSignature differs 5be282a10c496d4000571a6844c9c0bc109901813a12d3aea5364efad6a66c85 != 56a4ef2702ccb7a079a36c5f0ed4055a5908c2e7a9296eac6b3ffe2db37f4a2d
java.lang.module.ModuleReference.descriptor()java.lang.module.ModuleDescriptor -1 codeSignature differs 14be906eafbcd0e98db8607fd01b12de837039bcd06c460d0cf8f6394c8cff6d != da5cf171143f5513c1e4cdf5bb02fc95a3ea90774fedf9fb851ec26a1218a12f
java.lang.Enum.ordinal()int -1 codeSignature differs d4ce072063a0e5d7b77fa03ca89aafb8f3e3ecf13c518dc1905e344d1e62c58a != e88b1ad01cee91360e4f1ac151ade0525982fae29bddccb8434060766b83fd62
java.lang.Class.isPrimitive()boolean -1 codeSignature differs 98ab40cf2ebcc843a57e4548f9a42e2e9f3f439b3cfc72b2a9affe72c8d06a5f != 5b9fc3b01b5ff747850254186cdcc08e50c4f85fb4d4d68bc0989fcb181794f8
jdk.internal.util.StrongReferenceKey.get()java.lang.Object -1 codeSignature differs 14be906eafbcd0e98db8607fd01b12de837039bcd06c460d0cf8f6394c8cff6d != da5cf171143f5513c1e4cdf5bb02fc95a3ea90774fedf9fb851ec26a1218a12f
java.lang.Class.getClassLoader()java.lang.ClassLoader -1 codeSignature differs 1ec746d9657abb2124f404e47924197593986fc62346c6cd76072c08e29afddf != 454facf798c6644faed5619d9e1dae25408778409730f09c41b1c0c95518fd46
java.lang.invoke.MethodType.returnType()java.lang.Class -1 codeSignature differs 14be906eafbcd0e98db8607fd01b12de837039bcd06c460d0cf8f6394c8cff6d != da5cf171143f5513c1e4cdf5bb02fc95a3ea90774fedf9fb851ec26a1218a12f
jdk.internal.classfile.impl.AbstractPoolEntry.index()int -1 codeSignature differs d4ce072063a0e5d7b77fa03ca89aafb8f3e3ecf13c518dc1905e344d1e62c58a != e88b1ad01cee91360e4f1ac151ade0525982fae29bddccb8434060766b83fd62
java.lang.invoke.MemberName.getDeclaringClass()java.lang.Class -1 codeSignature differs b46e439bc51650ff335d2a7124f0b0154f260fe1af8ba145c6fd3cf5008c9e4e != de7d2501b6c4ceaef40260482daf6e5ea615f5f43bc71d4e0a42f41866056e09
java.lang.invoke.MethodType.form()java.lang.invoke.MethodTypeForm -1 codeSignature differs 5be282a10c496d4000571a6844c9c0bc109901813a12d3aea5364efad6a66c85 != 56a4ef2702ccb7a079a36c5f0ed4055a5908c2e7a9296eac6b3ffe2db37f4a2d
java.util.stream.FindOps$FindSink.cancellationRequested()boolean -1 codeSignature differs 55af0dc4b7688c78180d5f5b00584e4bf66cf93bd60716f9aab49e7a6fd64ac4 != d201d3c970d1bea0e5266b3abd2e0b5e37d50f57628f0f6798d16338d8e21f6a
java.lang.Object.<init>()void -1 codeSignature differs fe534d3aac0502b22527b54e744892c09d7496fd765947a3ee3ec9a070d56f92 != b5ee38686824d688fb238521bf027287d22a9235c6ea851247456595ee3c4ca5
java.lang.String.hashCode()int -1 codeSignature differs cd869c87835ef8242ee90410caccd8a61a63cd99231e11f83fcdc76366e70264 != aa1e9c2f9ea239d2fb15b2f7ff9a60f790f0544470df5bee9a657461c7ae39f8
jdk.internal.module.ModuleReferenceImpl.moduleResolution()jdk.internal.module.ModuleResolution -1 codeSignature differs b76db95b8fd3a055b26c3a6c15023743ea3cd488646d474319964a2e9e13b73e != c90e5cf05b5ed15b2ee4632b0f01daf8e8a827ca7e4e1d9f528d5eb553edbcfd
java.lang.module.ModuleDescriptor$Requires.modifiers()java.util.Set -1 codeSignature differs 14be906eafbcd0e98db8607fd01b12de837039bcd06c460d0cf8f6394c8cff6d != da5cf171143f5513c1e4cdf5bb02fc95a3ea90774fedf9fb851ec26a1218a12f
java.lang.module.ModuleDescriptor$Requires.name()java.lang.String -1 codeSignature differs 90f01eeb46d88d53d0e4e48ef19445eb3bdf8101a00c7dc3f717a337df9fb41f != c4651eecda0d588acaac43a9ae165ea6a40380899e75b0e7578d22406e0c012a
java.lang.module.ModuleDescriptor.requires()java.util.Set -1 codeSignature differs 50021c78154f047ad8f88f0733084203e726ca2f3911eed3f4e2615369ae39b2 != a12f6d231bab91ade119f5f7e87b83e28ce01e2d62fff01cc7676b635a92f884
java.lang.module.ModuleDescriptor.isAutomatic()boolean -1 codeSignature differs 2c5d9434fa6cbff1c0177053ad01774247e7a98383a3d0ee5c4dccbf56bf9e86 != 08dea6d6ec137b950a0343efb1bd030f87565d8e5b95eb64f025bd8e338928e2
java.util.HashMap$Node.getKey()java.lang.Object -1 codeSignature differs 90f01eeb46d88d53d0e4e48ef19445eb3bdf8101a00c7dc3f717a337df9fb41f != c4651eecda0d588acaac43a9ae165ea6a40380899e75b0e7578d22406e0c012a
java.util.HashMap$Node.getValue()java.lang.Object -1 codeSignature differs 5be282a10c496d4000571a6844c9c0bc109901813a12d3aea5364efad6a66c85 != 56a4ef2702ccb7a079a36c5f0ed4055a5908c2e7a9296eac6b3ffe2db37f4a2d
java.util.ImmutableCollections$Set12.isEmpty()boolean -1 codeSignature differs d890ffc04cd03ec866061096d7d13d2670cacc5a2328b692374e3523d40574bd != 6120e833de16ceab3ef754d1b00c19883b3f73962ba2cdf17c59c3710ba02d36
java.lang.module.ModuleDescriptor$Exports.source()java.lang.String -1 codeSignature differs 90f01eeb46d88d53d0e4e48ef19445eb3bdf8101a00c7dc3f717a337df9fb41f != c4651eecda0d588acaac43a9ae165ea6a40380899e75b0e7578d22406e0c012a
java.lang.module.ModuleDescriptor$Exports.targets()java.util.Set -1 codeSignature differs 5be282a10c496d4000571a6844c9c0bc109901813a12d3aea5364efad6a66c85 != 56a4ef2702ccb7a079a36c5f0ed4055a5908c2e7a9296eac6b3ffe2db37f4a2d
java.lang.module.ModuleDescriptor.provides()java.util.Set -1 codeSignature differs 309d9291f2d3c2a63becdec49b2c74b25af9d7fdc62dad05faf86a64889608fc != f5d85dfdf7fef12d65d210d402c44bf26eeb0fb3f9225e78ee6443caec31b619
java.lang.module.ModuleDescriptor.exports()java.util.Set -1 codeSignature differs 948d21eddb9ad191efbc24290e4e840a30aebb134151b75def9175ab54c0a48c != c3334e7c488922d9ee7281afad5b7ca4db54a4ab2b49cf0e755dc0a6c55854b4
java.lang.module.ModuleDescriptor.uses()java.util.Set -1 codeSignature differs e3ce51591a4fee3aaff0c687fbb639bc8c1569c92e84d989cdc906a081a3aa6f != 69f900c261d900c3a12e3d84961667caa75caf8ed42490b80edd3cdf23db4832
java.util.Objects.requireNonNull(java.lang.Object)java.lang.Object -1 codeSignature differs fab3390bacdc1c06ac727172609d32d56c9697db51c25bc06ba90803d6336aa7 != 5f34d305ad8c459e05cc78e8e67ce712079a25140f4444aee0bca43f73c4de02
java.util.ImmutableCollections$SetN$SetNIterator.hasNext()boolean -1 codeSignature differs 014069b9d29ae67f97f8d652b8d7a77d9057cdb393e4e32597c925d7a30bdc82 != 60575b8cd4d2a8242a8aab77fb607844ec4f52bcc97ca89e8880d7f6422024af
Requesting uncached profile for bci 32 in java.util.ImmutableCollections$SetN$SetNIterator.next()java.lang.Object method getBytecodeProfile
Requesting uncached profile for bci 32 in java.util.ImmutableCollections$SetN$SetNIterator.next()java.lang.Object method getBranchTakenProbability
java.util.ImmutableCollections$SetN$SetNIterator.next()java.lang.Object -1 codeSignature differs d04d29a4d240913660a8a573ea1849db7f36ff9c2f6104678d19dddc7e4448b5 != 3ebd7591a8a487390491b17f6bf1893dd8d3d0cbebb3582e4492c3d36ffe7e42
java.util.ImmutableCollections$SetN$SetNIterator.next()java.lang.Object -1 graphSignature differs dd493989519e7f328311cfecc7abfe1946186eaebdea7e8b59878a8ba9e25a26 != 920e12a7ee41cc3a0a3487d03bd48833bfc4e8d416bdbae7234f8ba199084b4d
java.util.HashMap.hash(java.lang.Object)int -1 codeSignature differs 87b52a639bd2699d3f07b93174f01450620e6c9a9c06d5ce5d17b877fe831d06 != d40bd27b2c4bdc2b6b785c7daff9fd6dc1db999177ec266ca4d91fc3e8f049df
java.lang.module.ModuleDescriptor$Provides.service()java.lang.String -1 codeSignature differs 14be906eafbcd0e98db8607fd01b12de837039bcd06c460d0cf8f6394c8cff6d != da5cf171143f5513c1e4cdf5bb02fc95a3ea90774fedf9fb851ec26a1218a12f
java.lang.module.ModuleDescriptor$Exports.isQualified()boolean -1 codeSignature differs ea7f79762ab6c9cb21554916a0e0d38f9c81612abda0faba96563366d940019b != 9230ab0a96a002830ad644be83e9a1e9c0f6099bf3bd7741dd8182cd09f05efb
java.util.HashMap.putVal(int, java.lang.Object, java.lang.Object, boolean, boolean)java.lang.Object -1 codeSignature differs caa35e66829710a87a0d34daef8d88f131637a50efd02a1c2df421f6610b61a6 != bec508ed65b4e92cc6d54adbf8553bd5845f97e1b6d376eb75cae468a3c08fba
java.util.HashMap$Node.<init>(int, java.lang.Object, java.lang.Object, java.util.HashMap$Node)void -1 codeSignature differs df34e72da77e985a4402b8a91fbd4e16ed4a924d4dcf1196690a0296f04fac23 != a2d63fce582075e41dbc901882dbb2768b8ed33f258823f0bcfface585dec9a0
java.lang.String.equals(java.lang.Object)boolean -1 codeSignature differs a6e309c433362d27e37b39c73cf8e578c064ab97bae8a3e01c77329c59654391 != 9d4deb1417e3dc3304e6e48d0050681b843c1c29f58a963fe6d7cb88c5948543
java.lang.Byte.toUnsignedInt(byte)int -1 codeSignature differs ef53887b8aa24310d9482f8fff2e03d6f5088235fdd6794c9711e90d2fb316a1 != 13d5f6657504f424775e099bdc463c00fbb2dd5e93459aa3373cba81212b5a0d
java.util.KeyValueHolder.getKey()java.lang.Object -1 codeSignature differs 14be906eafbcd0e98db8607fd01b12de837039bcd06c460d0cf8f6394c8cff6d != da5cf171143f5513c1e4cdf5bb02fc95a3ea90774fedf9fb851ec26a1218a12f
java.util.KeyValueHolder.getValue()java.lang.Object -1 codeSignature differs 90f01eeb46d88d53d0e4e48ef19445eb3bdf8101a00c7dc3f717a337df9fb41f != c4651eecda0d588acaac43a9ae165ea6a40380899e75b0e7578d22406e0c012a
java.lang.module.ModuleDescriptor.packages()java.util.Set -1 codeSignature differs 1ec746d9657abb2124f404e47924197593986fc62346c6cd76072c08e29afddf != 454facf798c6644faed5619d9e1dae25408778409730f09c41b1c0c95518fd46
java.lang.module.ResolvedModule.reference()java.lang.module.ModuleReference -1 codeSignature differs 90f01eeb46d88d53d0e4e48ef19445eb3bdf8101a00c7dc3f717a337df9fb41f != c4651eecda0d588acaac43a9ae165ea6a40380899e75b0e7578d22406e0c012a
java.lang.module.ModuleDescriptor$Version.toString()java.lang.String -1 codeSignature differs 14be906eafbcd0e98db8607fd01b12de837039bcd06c460d0cf8f6394c8cff6d != da5cf171143f5513c1e4cdf5bb02fc95a3ea90774fedf9fb851ec26a1218a12f
java.lang.AbstractStringBuilder.length()int -1 codeSignature differs d4ce072063a0e5d7b77fa03ca89aafb8f3e3ecf13c518dc1905e344d1e62c58a != e88b1ad01cee91360e4f1ac151ade0525982fae29bddccb8434060766b83fd62
java.util.HashMap.newNode(int, java.lang.Object, java.lang.Object, java.util.HashMap$Node)java.util.HashMap$Node -1 codeSignature differs 0b57ad3d0ea1b0de0d3ae4d1256f2a3bf2dacceb94022bee4e70d75bf1848358 != df85b2b14fb5de70af8f6a1aa6efa050fdaf0546a0197d26ebd4113543cc599e
java.util.HashMap.afterNodeInsertion(boolean)void -1 codeSignature differs fe534d3aac0502b22527b54e744892c09d7496fd765947a3ee3ec9a070d56f92 != b5ee38686824d688fb238521bf027287d22a9235c6ea851247456595ee3c4ca5
java.lang.module.ResolvedModule.configuration()java.lang.module.Configuration -1 codeSignature differs 14be906eafbcd0e98db8607fd01b12de837039bcd06c460d0cf8f6394c8cff6d != da5cf171143f5513c1e4cdf5bb02fc95a3ea90774fedf9fb851ec26a1218a12f
java.lang.module.ModuleDescriptor.isOpen()boolean -1 codeSignature differs 7251ebfc69511ba11260ce3e5fe8de41e1ee424c1c84ef382507a4b520f46599 != c4f3939346c24cd7625b42361349cb6733a9291eeffd7507e7bf858c000192f4
java.util.HashMap.resize()java.util.HashMap$Node[] -1 codeSignature differs eb3c7711794ec08b24d27e625366df54100e207df412708188e417836cc14999 != 9ecdc82662c26a54fb96c75b700492e9a5f3d31d579eb7fec087acf3e46e1a52
java.util.HashMap.size()int -1 codeSignature differs 55d12884885f16e44e8204f924f64617688caf405b709d32e1e72896f6c27c3d != 9a030125c16a396ec668abdad74e59397cb88f5e4ba93604e8c6b48c6233e93d
Profiling started
Could not locate BlockSlowdown.json
Skipping Loading (this might cause a fatal crash if GTSlowdown is on)
java.util.zip.ZipCoder$UTF8ZipCoder.isUTF8()boolean -1 codeSignature differs 6e3a14458a0fca90e6a63285514a933585cea592cb622e79b33ddc5df6e0fb66 != 6fdd5e023f8b36c06ccfc437f07740607e2fd6af8789c2b6573b1f8e5aec4921
java.lang.invoke.MethodType.ptypes()java.lang.Class[] -1 codeSignature differs 90f01eeb46d88d53d0e4e48ef19445eb3bdf8101a00c7dc3f717a337df9fb41f != c4651eecda0d588acaac43a9ae165ea6a40380899e75b0e7578d22406e0c012a
jdk.internal.util.Preconditions.checkIndex(int, int, java.util.function.BiFunction)int -1 codeSignature differs 0537b0c8dc5fe868ee44de1817c0b047b24d886158549ad641b2b99126c678bb != 097cdde476e7d7a11441cfa0c37471ca0a888d4c4166d67eed1a7e5c4df66c77
java.nio.Buffer.limit()int -1 codeSignature differs 55d12884885f16e44e8204f924f64617688caf405b709d32e1e72896f6c27c3d != 9a030125c16a396ec668abdad74e59397cb88f5e4ba93604e8c6b48c6233e93d
jdk.internal.classfile.impl.AbstractPoolEntry.width()int -1 codeSignature differs 6e3a14458a0fca90e6a63285514a933585cea592cb622e79b33ddc5df6e0fb66 != 6fdd5e023f8b36c06ccfc437f07740607e2fd6af8789c2b6573b1f8e5aec4921
jdk.internal.classfile.impl.SplitConstantPool.size()int -1 codeSignature differs 1e851f5b2cbf37c0cd46831368dd889b60dff01d7b16161259960e24b264ceb1 != d37b0c203163b479a20ad6e2dad4e21eac1f1ad9b1ebc37e97f7861914a001ed
java.util.Properties$LineReader.readLine()int -1 codeSignature differs 3fba3e9edd5e4cedb96278d46b6cff483f2d1c092dec2e534b016b1ac2ec9479 != 43961d71b71ba232ed2694d540aa571e36bd52adf8e4b027613a65dc317ee3ed
java.lang.AbstractStringBuilder.getValue()byte[] -1 codeSignature differs 5be282a10c496d4000571a6844c9c0bc109901813a12d3aea5364efad6a66c85 != 56a4ef2702ccb7a079a36c5f0ed4055a5908c2e7a9296eac6b3ffe2db37f4a2d
java.lang.Enum.name()java.lang.String -1 codeSignature differs 5be282a10c496d4000571a6844c9c0bc109901813a12d3aea5364efad6a66c85 != 56a4ef2702ccb7a079a36c5f0ed4055a5908c2e7a9296eac6b3ffe2db37f4a2d
jdk.internal.util.ArraysSupport.unsignedHashCode(int, byte[], int, int)int -1 codeSignature differs 4d5957074f035392f4f1040fa7b9c8e8516cc366cc99a9663ff8e211636027cb != 4dd8a0d23b54449c010a38548a4ec34726658ad72759db6c8d42ad0645f343a2
sun.util.locale.BaseLocale.getLanguage()java.lang.String -1 codeSignature differs 90f01eeb46d88d53d0e4e48ef19445eb3bdf8101a00c7dc3f717a337df9fb41f != c4651eecda0d588acaac43a9ae165ea6a40380899e75b0e7578d22406e0c012a
java.util.LinkedHashMap.removeEldestEntry(java.util.Map$Entry)boolean -1 codeSignature differs d890ffc04cd03ec866061096d7d13d2670cacc5a2328b692374e3523d40574bd != 6120e833de16ceab3ef754d1b00c19883b3f73962ba2cdf17c59c3710ba02d36
java.util.concurrent.ConcurrentHashMap.tabAt(java.util.concurrent.ConcurrentHashMap$Node[], int)java.util.concurrent.ConcurrentHashMap$Node -1 codeSignature differs 71d647ba8c6a0b4ea5a8b561fe43e8bed960c9cb04034a7aef626c5d8360de6d != 822749e9eab55cf0ab08d112d11f644faf7767e7d7f602f22b2982e4341c74e7
jdk.internal.misc.Unsafe.getReferenceAcquire(java.lang.Object, long)java.lang.Object -1 codeSignature differs 0be5c2bda59735ac5470d27796a18d252d59667b906c14721265d97be8abdd5a != a748a0c1fa3d1b22da119249a3931a9411370dff9604e49b3d7ef522719454b3
java.lang.String.coder()byte -1 codeSignature differs f3a73f0f7ffcffdf8962f6b17b32b9d22dceb70a6321ad4e83f092ac924fb640 != 957313288ef4bdda0b4cd025d583dcf3b718c3f3a50464b737eb27e80ce0139f
java.security.Provider$Service.getType()java.lang.String -1 codeSignature differs 90f01eeb46d88d53d0e4e48ef19445eb3bdf8101a00c7dc3f717a337df9fb41f != c4651eecda0d588acaac43a9ae165ea6a40380899e75b0e7578d22406e0c012a
java.security.Provider$Service.getAlgorithm()java.lang.String -1 codeSignature differs 5be282a10c496d4000571a6844c9c0bc109901813a12d3aea5364efad6a66c85 != 56a4ef2702ccb7a079a36c5f0ed4055a5908c2e7a9296eac6b3ffe2db37f4a2d
java.security.Provider$Service.getAliases()java.util.List -1 codeSignature differs ec9959256dfdc1e5d707b10920cbff0d77d6151df3608588ba4900964b3e0488 != 48d94502b891e4704180e00ca37d65d0a704038e75c0e2368237a34efba54df3
jdk.internal.classfile.impl.RawBytecodeHelper.bci()int -1 codeSignature differs fe46e3fea17c2bcac25676024acf43715946ed13832c36004058f315d01e6ed3 != e2795d501a46b0bfb6e8c56434b112c0ea54a81c9e313ecde41f1f8b0f3deb09
jdk.internal.classfile.impl.AbstractPoolEntry.constantPool()java.lang.classfile.constantpool.ConstantPool -1 codeSignature differs 5be282a10c496d4000571a6844c9c0bc109901813a12d3aea5364efad6a66c85 != 56a4ef2702ccb7a079a36c5f0ed4055a5908c2e7a9296eac6b3ffe2db37f4a2d
jdk.internal.util.WeakReferenceKey.hashCode()int -1 codeSignature differs 55d12884885f16e44e8204f924f64617688caf405b709d32e1e72896f6c27c3d != 9a030125c16a396ec668abdad74e59397cb88f5e4ba93604e8c6b48c6233e93d
java.lang.String.value()byte[] -1 codeSignature differs 5be282a10c496d4000571a6844c9c0bc109901813a12d3aea5364efad6a66c85 != 56a4ef2702ccb7a079a36c5f0ed4055a5908c2e7a9296eac6b3ffe2db37f4a2d
java.lang.String.isLatin1()boolean -1 codeSignature differs 7fbdb74539501cf2e6eb2a3c4a15d0e6598aaf73df2e1a5e20fd95a35a58b24e != 3176213e3be72bb5e1b482eae8a1c07901556750cdd7d42ef0cea4727e1ff083
Starting Sieve benchmark ...
Sieve.sieve(boolean[], int)int -1 codeSignature differs e79310bbd77ac154603f69efa3833337738c186a7ca3b58e35b45d9d4d340b64 != 12dc0122171ceea55c7c5277e3c3000497dab3e0abae768269ff1ccc4cd70435
java.util.Arrays.fill(boolean[], boolean)void -1 codeSignature differs 4b34df0777d342b924463286277831803728b2de1aaf423ac53ef59f431fd355 != 2131355f24c2a27d3878459f354275eaa17fa8de2828fcf37111b33b2c21b4f2
java.lang.Integer.intValue()int -1 codeSignature differs d4ce072063a0e5d7b77fa03ca89aafb8f3e3ecf13c518dc1905e344d1e62c58a != e88b1ad01cee91360e4f1ac151ade0525982fae29bddccb8434060766b83fd62
java.lang.Integer.valueOf(int)java.lang.Integer -1 codeSignature differs e0bdf367389f697e76db20cb1fe98adbe7132cb141d63b04e461c04c324cb0d2 != 932de8bb2d151f755c5a79b69142cc7057d04b54361f2479095c1f1a2328565c
Sieve.benchmark()java.lang.Object -1 codeSignature differs f01bc6a6b9610dfcd722381bedcc1fb4d3e40379e46f929684349e2f1f8d170d != cecbe5526482adc1d93f0688823cbf45a0ee13007105fef6d0dd464aebb32c59
Sieve.verifyResult(java.lang.Object)boolean -1 codeSignature differs 143e5d09caec9765e2dc061196698c5d4cb30b38ea143e1f73d0e7fd2a636e30 != de8ef35bbcf491c2f835fd8ea7f89f8ce7f79abc7e87b84cbbb615860dafa3b1
jdk.internal.constant.ClassOrInterfaceDescImpl.descriptorString()java.lang.String -1 codeSignature differs 14be906eafbcd0e98db8607fd01b12de837039bcd06c460d0cf8f6394c8cff6d != da5cf171143f5513c1e4cdf5bb02fc95a3ea90774fedf9fb851ec26a1218a12f
jdk.internal.classfile.impl.BufWriterImpl.size()int -1 codeSignature differs fe46e3fea17c2bcac25676024acf43715946ed13832c36004058f315d01e6ed3 != e2795d501a46b0bfb6e8c56434b112c0ea54a81c9e313ecde41f1f8b0f3deb09
java.lang.invoke.MethodTypeForm.erasedType()java.lang.invoke.MethodType -1 codeSignature differs 90f01eeb46d88d53d0e4e48ef19445eb3bdf8101a00c7dc3f717a337df9fb41f != c4651eecda0d588acaac43a9ae165ea6a40380899e75b0e7578d22406e0c012a
jdk.internal.classfile.impl.AbstractDirectBuilder.constantPool()jdk.internal.classfile.impl.SplitConstantPool -1 codeSignature differs 14be906eafbcd0e98db8607fd01b12de837039bcd06c460d0cf8f6394c8cff6d != da5cf171143f5513c1e4cdf5bb02fc95a3ea90774fedf9fb851ec26a1218a12f
java.lang.StringLatin1.equals(byte[], byte[])boolean -1 codeSignature differs ce6957fde94989d8dfb9f657cd698acb12bd0f01e407ce68915647520f63bd02 != 625a83ff75952a5d0a805a4c58b62ea8ac6fa4c2e347559de275b3de58e5cde6
java.lang.invoke.MethodHandle.type()java.lang.invoke.MethodType -1 codeSignature differs 90f01eeb46d88d53d0e4e48ef19445eb3bdf8101a00c7dc3f717a337df9fb41f != c4651eecda0d588acaac43a9ae165ea6a40380899e75b0e7578d22406e0c012a
java.util.ArrayList.size()int -1 codeSignature differs fe46e3fea17c2bcac25676024acf43715946ed13832c36004058f315d01e6ed3 != e2795d501a46b0bfb6e8c56434b112c0ea54a81c9e313ecde41f1f8b0f3deb09
Sieve: iterations=1 runtime: 396998us
Sieve: iterations=2 runtime: 323392us
Benchmark.innerBenchmarkLoop(int)boolean -1 codeSignature differs 07da52c0d6d5056c6ea237a8d47f2193d8fa3f23bbc8b00ec03506a7912c32c2 != 427bbd8ce6fde8630ac9d94e796978b5bf3fffd19ece3326485b1a91764463a5
Sieve: iterations=3 runtime: 371195us
Sieve: iterations=4 runtime: 349454us
Sieve: iterations=5 runtime: 345183us
Sieve: iterations=6 runtime: 344875us
Sieve: iterations=7 runtime: 349957us
Sieve: iterations=8 runtime: 344338us
Sieve: iterations=9 runtime: 341747us
Sieve: iterations=10 runtime: 348641us
Could not locate BlockSlowdown.json
Skipping Loading (this might cause a fatal crash if GTSlowdown is on)
java.lang.String.length()int -1 codeSignature differs 5f2a9f3bb1f4f800ea4f2ad278553dedcfc789fe27a155b26df986828b30ede3 != c429f09bde0922a4e93c787fa5a5cdbca277237619ab7dc7eb3cc60d99b0f3aa
Sieve: iterations=11 runtime: 343584us
Sieve: iterations=12 runtime: 345709us
Sieve: iterations=13 runtime: 348734us
Sieve: iterations=14 runtime: 343351us
Sieve: iterations=15 runtime: 342684us
Sieve: iterations=16 runtime: 348661us
Sieve: iterations=17 runtime: 342142us
Sieve: iterations=18 runtime: 341704us
Sieve: iterations=19 runtime: 347146us
Could not locate BlockSlowdown.json
Skipping Loading (this might cause a fatal crash if GTSlowdown is on)
java.nio.Buffer.position()int -1 codeSignature differs 3f64cd4fafea8a3cef87601314961681d43f2aa75c3a358c1b0ce8d9a1c4731a != a754d4fbb14cb674813e5d56933661602e017cf332100c6f35524287a66eeea9
Sieve: iterations=20 runtime: 341992us
Sieve: iterations=21 runtime: 345594us
Sieve: iterations=22 runtime: 347086us
Sieve: iterations=23 runtime: 343566us
Sieve: iterations=24 runtime: 341019us
Sieve: iterations=25 runtime: 348057us
Sieve: iterations=26 runtime: 342655us
Sieve: iterations=27 runtime: 343417us
Sieve: iterations=28 runtime: 348890us
Sieve: iterations=29 runtime: 343161us
Sieve: iterations=30 runtime: 342067us
Sieve: iterations=31 runtime: 347659us
Sieve: iterations=32 runtime: 343822us
Sieve: iterations=33 runtime: 342461us
Sieve: iterations=34 runtime: 348058us
Sieve: iterations=35 runtime: 344670us
Sieve: iterations=36 runtime: 341922us
Sieve: iterations=37 runtime: 348525us
Sieve: iterations=38 runtime: 343599us
Sieve: iterations=39 runtime: 341925us
Sieve: iterations=40 runtime: 347998us
Sieve: iterations=41 runtime: 343672us
Sieve: iterations=42 runtime: 344674us
Sieve: iterations=43 runtime: 347877us
Sieve: iterations=44 runtime: 342386us
Sieve: iterations=45 runtime: 343233us
Sieve: iterations=46 runtime: 353861us
Sieve: iterations=47 runtime: 428003us
Sieve: iterations=48 runtime: 344080us
Sieve: iterations=49 runtime: 347349us
Sieve: iterations=50 runtime: 345746us
Sieve: iterations=51 runtime: 343487us
Sieve: iterations=52 runtime: 347867us
Sieve: iterations=53 runtime: 344156us
Sieve: iterations=54 runtime: 343771us
Sieve: iterations=55 runtime: 347198us
Sieve: iterations=56 runtime: 345442us
Sieve: iterations=57 runtime: 342932us
Sieve: iterations=58 runtime: 347554us
Sieve: iterations=59 runtime: 344606us
Sieve: iterations=60 runtime: 343486us
Sieve: iterations=61 runtime: 352587us
Sieve: iterations=62 runtime: 342803us
Sieve: iterations=63 runtime: 343157us
Sieve: iterations=64 runtime: 347510us
Sieve: iterations=65 runtime: 344073us
Sieve: iterations=66 runtime: 343996us
Sieve: iterations=67 runtime: 347805us
Sieve: iterations=68 runtime: 344763us
Sieve: iterations=69 runtime: 342197us
Sieve: iterations=70 runtime: 347597us
Sieve: iterations=71 runtime: 343402us
Sieve: iterations=72 runtime: 342481us
Sieve: iterations=73 runtime: 346469us
Sieve: iterations=74 runtime: 342533us
Sieve: iterations=75 runtime: 342217us
Sieve: iterations=76 runtime: 345121us
Sieve: iterations=77 runtime: 344171us
Sieve: iterations=78 runtime: 342290us
Sieve: iterations=79 runtime: 345663us
Sieve: iterations=80 runtime: 344822us
Sieve: iterations=81 runtime: 343806us
Sieve: iterations=82 runtime: 345681us
Sieve: iterations=83 runtime: 342114us
Sieve: iterations=84 runtime: 342423us
Sieve: iterations=85 runtime: 345804us
Sieve: iterations=86 runtime: 347735us
Sieve: iterations=87 runtime: 349969us
Sieve: iterations=88 runtime: 348714us
Sieve: iterations=89 runtime: 343845us
Sieve: iterations=90 runtime: 343233us
Could not locate BlockSlowdown.json
Skipping Loading (this might cause a fatal crash if GTSlowdown is on)
java.nio.Buffer.capacity()int -1 codeSignature differs 138bc711c3bed648b8548df225303894eec321dce856bde9fbb2267d74239e89 != 8366e168458356e9e2795362a66f19336b0e55f9e34ac8b5d6d37702a481c8da
Sieve: iterations=91 runtime: 345694us
Sieve: iterations=92 runtime: 345448us
Sieve: iterations=93 runtime: 345036us
Sieve: iterations=94 runtime: 345115us
Sieve: iterations=95 runtime: 343558us
Sieve: iterations=96 runtime: 342924us
Sieve: iterations=97 runtime: 345280us
Sieve: iterations=98 runtime: 344239us
Sieve: iterations=99 runtime: 344424us
Sieve: iterations=100 runtime: 346196us
Sieve: iterations=101 runtime: 342935us
Sieve: iterations=102 runtime: 342280us
Sieve: iterations=103 runtime: 346121us
Sieve: iterations=104 runtime: 345534us
Sieve: iterations=105 runtime: 343932us
Sieve: iterations=106 runtime: 345437us
Sieve: iterations=107 runtime: 344152us
Sieve: iterations=108 runtime: 341891us
Sieve: iterations=109 runtime: 344908us
Sieve: iterations=110 runtime: 344640us
Sieve: iterations=111 runtime: 343072us
Sieve: iterations=112 runtime: 344396us
Sieve: iterations=113 runtime: 342739us
Sieve: iterations=114 runtime: 346256us
Sieve: iterations=115 runtime: 344869us
Sieve: iterations=116 runtime: 343150us
Sieve: iterations=117 runtime: 344006us
Sieve: iterations=118 runtime: 343059us
Sieve: iterations=119 runtime: 344412us
Sieve: iterations=120 runtime: 343876us
Sieve: iterations=121 runtime: 342468us
Sieve: iterations=122 runtime: 348287us
Sieve: iterations=123 runtime: 342603us
Sieve: iterations=124 runtime: 343176us
Sieve: iterations=125 runtime: 347766us
Sieve: iterations=126 runtime: 343762us
Could not locate BlockSlowdown.json
Skipping Loading (this might cause a fatal crash if GTSlowdown is on)
java.nio.charset.CharsetEncoder.maxBytesPerChar()float -1 codeSignature differs d0dc63dd2361c2989cb14e4cf77bfb3442e0a43d3c92bbd78638646fefb8363f != fecc7851573229b2c1300c739298992122dcb58fa032d82e9692f06a80e3cdc4
Sieve: iterations=127 runtime: 343777us
Sieve: iterations=128 runtime: 349279us
Sieve: iterations=129 runtime: 344724us
Sieve: iterations=130 runtime: 344509us
Sieve: iterations=131 runtime: 347538us
Sieve: iterations=132 runtime: 344473us
Sieve: iterations=133 runtime: 342800us
Sieve: iterations=134 runtime: 347182us
Sieve: iterations=135 runtime: 344262us
Sieve: iterations=136 runtime: 343185us
Sieve: iterations=137 runtime: 347921us
Sieve: iterations=138 runtime: 344686us
Sieve: iterations=139 runtime: 344207us
Sieve: iterations=140 runtime: 347219us
Sieve: iterations=141 runtime: 343691us
Sieve: iterations=142 runtime: 344006us
Sieve: iterations=143 runtime: 348131us
Sieve: iterations=144 runtime: 344376us
Sieve: iterations=145 runtime: 343816us
Sieve: iterations=146 runtime: 346990us
Sieve: iterations=147 runtime: 358818us
Sieve: iterations=148 runtime: 342759us
Sieve: iterations=149 runtime: 346569us
Sieve: iterations=150 runtime: 343492us
Sieve: iterations=151 runtime: 343153us
Sieve: iterations=152 runtime: 346042us
Sieve: iterations=153 runtime: 343655us
Sieve: iterations=154 runtime: 344341us
Sieve: iterations=155 runtime: 345798us
Sieve: iterations=156 runtime: 344570us
Sieve: iterations=157 runtime: 344111us
Sieve: iterations=158 runtime: 346208us
Sieve: iterations=159 runtime: 344779us
Sieve: iterations=160 runtime: 343244us
Sieve: iterations=161 runtime: 346632us
Sieve: iterations=162 runtime: 343094us
Sieve: iterations=163 runtime: 343187us
Sieve: iterations=164 runtime: 346517us
Sieve: iterations=165 runtime: 342673us
Sieve: iterations=166 runtime: 343278us
Sieve: iterations=167 runtime: 346250us
Sieve: iterations=168 runtime: 342918us
Sieve: iterations=169 runtime: 343442us
Sieve: iterations=170 runtime: 345347us
Sieve: iterations=171 runtime: 343480us
Sieve: iterations=172 runtime: 345998us
Sieve: iterations=173 runtime: 346099us
Sieve: iterations=174 runtime: 343840us
Sieve: iterations=175 runtime: 342492us
Sieve: iterations=176 runtime: 345859us
Sieve: iterations=177 runtime: 344036us
Sieve: iterations=178 runtime: 344204us
Sieve: iterations=179 runtime: 345950us
Sieve: iterations=180 runtime: 344798us
Sieve: iterations=181 runtime: 343592us
Sieve: iterations=182 runtime: 348372us
Sieve: iterations=183 runtime: 344692us
Sieve: iterations=184 runtime: 344667us
Sieve: iterations=185 runtime: 346009us
Sieve: iterations=186 runtime: 347877us
Sieve: iterations=187 runtime: 344590us
Sieve: iterations=188 runtime: 345593us
Sieve: iterations=189 runtime: 345178us
Sieve: iterations=190 runtime: 343856us
Sieve: iterations=191 runtime: 345993us
Sieve: iterations=192 runtime: 344415us
Sieve: iterations=193 runtime: 344442us
Sieve: iterations=194 runtime: 344630us
Sieve: iterations=195 runtime: 344897us
Sieve: iterations=196 runtime: 344435us
Sieve: iterations=197 runtime: 344215us
Sieve: iterations=198 runtime: 344838us
Sieve: iterations=199 runtime: 342525us
Sieve: iterations=200 runtime: 345213us
Sieve: iterations=201 runtime: 345893us
Sieve: iterations=202 runtime: 343571us
Sieve: iterations=203 runtime: 343858us
Sieve: iterations=204 runtime: 347755us
Sieve: iterations=205 runtime: 344766us
Sieve: iterations=206 runtime: 344856us
Sieve: iterations=207 runtime: 348447us
Sieve: iterations=208 runtime: 343625us
Sieve: iterations=209 runtime: 342208us
Sieve: iterations=210 runtime: 347197us
Sieve: iterations=211 runtime: 343369us
Sieve: iterations=212 runtime: 344773us
Sieve: iterations=213 runtime: 347723us
Sieve: iterations=214 runtime: 358211us
Sieve: iterations=215 runtime: 344827us
Sieve: iterations=216 runtime: 347582us
Sieve: iterations=217 runtime: 351726us
Sieve: iterations=218 runtime: 342382us
Sieve: iterations=219 runtime: 347593us
Sieve: iterations=220 runtime: 344552us
Sieve: iterations=221 runtime: 342985us
Sieve: iterations=222 runtime: 347246us
Sieve: iterations=223 runtime: 343640us
Sieve: iterations=224 runtime: 342830us
Sieve: iterations=225 runtime: 346947us
Sieve: iterations=226 runtime: 343919us
Sieve: iterations=227 runtime: 343887us
Sieve: iterations=228 runtime: 347043us
Sieve: iterations=229 runtime: 344713us
Sieve: iterations=230 runtime: 345721us
Sieve: iterations=231 runtime: 347064us
Sieve: iterations=232 runtime: 345704us
Sieve: iterations=233 runtime: 344460us
Sieve: iterations=234 runtime: 346882us
Sieve: iterations=235 runtime: 344417us
Sieve: iterations=236 runtime: 344399us
Sieve: iterations=237 runtime: 353565us
Sieve: iterations=238 runtime: 343482us
Sieve: iterations=239 runtime: 343325us
Sieve: iterations=240 runtime: 346859us
Sieve: iterations=241 runtime: 343022us
Sieve: iterations=242 runtime: 343768us
Sieve: iterations=243 runtime: 346053us
Sieve: iterations=244 runtime: 345799us
Sieve: iterations=245 runtime: 343483us
Sieve: iterations=246 runtime: 346335us
Sieve: iterations=247 runtime: 344260us
Sieve: iterations=248 runtime: 343796us
Sieve: iterations=249 runtime: 346606us
Sieve: iterations=250 runtime: 346247us
Sieve: iterations=251 runtime: 343591us
Sieve: iterations=252 runtime: 345823us
Sieve: iterations=253 runtime: 344065us
Sieve: iterations=254 runtime: 343357us
Sieve: iterations=255 runtime: 346321us
Sieve: iterations=256 runtime: 344094us
Sieve: iterations=257 runtime: 343291us
Sieve: iterations=258 runtime: 346284us
Sieve: iterations=259 runtime: 345315us
Sieve: iterations=260 runtime: 344054us
Sieve: iterations=261 runtime: 352575us
Sieve: iterations=262 runtime: 343281us
Sieve: iterations=263 runtime: 343905us
Sieve: iterations=264 runtime: 345977us
Sieve: iterations=265 runtime: 343777us
Sieve: iterations=266 runtime: 343812us
Sieve: iterations=267 runtime: 347125us
Sieve: iterations=268 runtime: 343874us
Sieve: iterations=269 runtime: 343145us
Sieve: iterations=270 runtime: 344739us
Sieve: iterations=271 runtime: 345497us
Sieve: iterations=272 runtime: 344459us
Sieve: iterations=273 runtime: 347259us
Sieve: iterations=274 runtime: 344894us
Sieve: iterations=275 runtime: 344054us
Sieve: iterations=276 runtime: 345445us
Sieve: iterations=277 runtime: 345267us
Sieve: iterations=278 runtime: 344774us
Sieve: iterations=279 runtime: 346221us
Sieve: iterations=280 runtime: 344270us
Sieve: iterations=281 runtime: 344083us
Sieve: iterations=282 runtime: 345137us
Sieve: iterations=283 runtime: 344449us
Sieve: iterations=284 runtime: 344619us
Sieve: iterations=285 runtime: 343556us
Sieve: iterations=286 runtime: 348060us
Sieve: iterations=287 runtime: 343702us
Sieve: iterations=288 runtime: 345060us
Sieve: iterations=289 runtime: 347628us
Sieve: iterations=290 runtime: 344283us
Sieve: iterations=291 runtime: 343828us
Sieve: iterations=292 runtime: 347067us
Sieve: iterations=293 runtime: 344657us
Sieve: iterations=294 runtime: 344114us
Sieve: iterations=295 runtime: 347455us
Sieve: iterations=296 runtime: 344435us
Sieve: iterations=297 runtime: 343425us
Sieve: iterations=298 runtime: 346571us
Sieve: iterations=299 runtime: 343192us
Sieve: iterations=300 runtime: 344187us
Sieve: iterations=301 runtime: 347295us
Sieve: iterations=302 runtime: 346522us
Sieve: iterations=303 runtime: 343442us
Sieve: iterations=304 runtime: 347541us
Sieve: iterations=305 runtime: 344353us
Sieve: iterations=306 runtime: 343216us
Sieve: iterations=307 runtime: 347413us
Sieve: iterations=308 runtime: 345734us
Sieve: iterations=309 runtime: 344150us
Sieve: iterations=310 runtime: 347003us
Sieve: iterations=311 runtime: 344441us
Sieve: iterations=312 runtime: 343021us
Sieve: iterations=313 runtime: 346965us
Sieve: iterations=314 runtime: 344186us
Sieve: iterations=315 runtime: 343738us
Sieve: iterations=316 runtime: 348084us
Sieve: iterations=317 runtime: 343917us
Sieve: iterations=318 runtime: 344592us
Sieve: iterations=319 runtime: 346006us
Sieve: iterations=320 runtime: 342865us
Sieve: iterations=321 runtime: 343767us
Sieve: iterations=322 runtime: 346140us
Sieve: iterations=323 runtime: 345628us
Sieve: iterations=324 runtime: 343487us
Sieve: iterations=325 runtime: 346842us
Sieve: iterations=326 runtime: 344348us
Sieve: iterations=327 runtime: 343898us
Sieve: iterations=328 runtime: 358667us
Sieve: iterations=329 runtime: 343414us
Sieve: iterations=330 runtime: 343571us
Sieve: iterations=331 runtime: 348023us
Sieve: iterations=332 runtime: 343453us
Sieve: iterations=333 runtime: 343865us
Sieve: iterations=334 runtime: 345152us
Sieve: iterations=335 runtime: 344251us
Sieve: iterations=336 runtime: 343803us
Sieve: iterations=337 runtime: 346093us
Sieve: iterations=338 runtime: 344657us
Sieve: iterations=339 runtime: 343312us
Sieve: iterations=340 runtime: 346192us
Sieve: iterations=341 runtime: 343291us
Sieve: iterations=342 runtime: 343731us
Sieve: iterations=343 runtime: 345866us
Sieve: iterations=344 runtime: 346451us
Sieve: iterations=345 runtime: 345549us
Sieve: iterations=346 runtime: 346372us
Sieve: iterations=347 runtime: 345111us
Sieve: iterations=348 runtime: 345236us
Sieve: iterations=349 runtime: 347072us
Sieve: iterations=350 runtime: 344441us
Sieve: iterations=351 runtime: 343539us
Sieve: iterations=352 runtime: 346624us
Sieve: iterations=353 runtime: 346780us
Sieve: iterations=354 runtime: 342896us
Sieve: iterations=355 runtime: 345573us
Sieve: iterations=356 runtime: 345089us
Sieve: iterations=357 runtime: 343975us
Sieve: iterations=358 runtime: 345257us
Sieve: iterations=359 runtime: 344738us
Sieve: iterations=360 runtime: 346320us
Sieve: iterations=361 runtime: 346743us
Sieve: iterations=362 runtime: 345737us
Sieve: iterations=363 runtime: 344597us
Sieve: iterations=364 runtime: 345508us
Sieve: iterations=365 runtime: 345176us
Sieve: iterations=366 runtime: 344650us
Sieve: iterations=367 runtime: 345451us
Sieve: iterations=368 runtime: 348188us
Sieve: iterations=369 runtime: 344529us
Sieve: iterations=370 runtime: 344057us
Sieve: iterations=371 runtime: 348004us
Sieve: iterations=372 runtime: 344181us
Sieve: iterations=373 runtime: 344647us
Sieve: iterations=374 runtime: 349444us
Sieve: iterations=375 runtime: 345864us
Sieve: iterations=376 runtime: 343921us
Sieve: iterations=377 runtime: 348616us
Sieve: iterations=378 runtime: 344690us
Sieve: iterations=379 runtime: 344314us
Sieve: iterations=380 runtime: 347811us
Sieve: iterations=381 runtime: 344231us
Sieve: iterations=382 runtime: 344359us
Sieve: iterations=383 runtime: 347962us
Sieve: iterations=384 runtime: 345066us
Sieve: iterations=385 runtime: 343737us
Sieve: iterations=386 runtime: 348147us
Sieve: iterations=387 runtime: 345235us
Sieve: iterations=388 runtime: 344598us
Sieve: iterations=389 runtime: 347855us
Sieve: iterations=390 runtime: 344170us
Sieve: iterations=391 runtime: 343851us
Sieve: iterations=392 runtime: 359947us
Sieve: iterations=393 runtime: 343683us
Sieve: iterations=394 runtime: 343964us
Sieve: iterations=395 runtime: 346661us
Sieve: iterations=396 runtime: 344532us
Sieve: iterations=397 runtime: 344049us
Sieve: iterations=398 runtime: 346472us
Sieve: iterations=399 runtime: 344980us
Sieve: iterations=400 runtime: 343799us
Sieve: iterations=401 runtime: 347295us
Sieve: iterations=402 runtime: 344736us
Sieve: iterations=403 runtime: 345085us
Sieve: iterations=404 runtime: 347499us
Sieve: iterations=405 runtime: 345362us
Sieve: iterations=406 runtime: 344762us
Sieve: iterations=407 runtime: 346961us
Sieve: iterations=408 runtime: 344715us
Sieve: iterations=409 runtime: 344786us
Sieve: iterations=410 runtime: 347916us
Sieve: iterations=411 runtime: 344898us
Could not locate BlockSlowdown.json
Skipping Loading (this might cause a fatal crash if GTSlowdown is on)
java.lang.StringLatin1.inflate(byte[], int, char[], int, int)void -1 codeSignature differs 7229d185807c5eb1f821125a028c07df1ddeaa104c27495e511e6ad0d767c33a != 17fc64c9586f0ecf27e1468b2eeb1b40eb8569e6db2faf747d95dee3bfb3e1f0
Sieve: iterations=412 runtime: 344200us
Sieve: iterations=413 runtime: 346795us
Sieve: iterations=414 runtime: 344342us
Sieve: iterations=415 runtime: 344925us
Sieve: iterations=416 runtime: 345352us
Sieve: iterations=417 runtime: 344546us
Sieve: iterations=418 runtime: 345426us
Sieve: iterations=419 runtime: 346068us
Sieve: iterations=420 runtime: 345414us
Sieve: iterations=421 runtime: 344131us
Sieve: iterations=422 runtime: 344945us
Sieve: iterations=423 runtime: 344657us
Sieve: iterations=424 runtime: 344380us
Sieve: iterations=425 runtime: 345686us
Sieve: iterations=426 runtime: 344916us
Sieve: iterations=427 runtime: 343768us
Sieve: iterations=428 runtime: 345975us
Sieve: iterations=429 runtime: 343619us
Sieve: iterations=430 runtime: 342832us
Sieve: iterations=431 runtime: 345291us
Sieve: iterations=432 runtime: 345544us
Sieve: iterations=433 runtime: 344209us
Sieve: iterations=434 runtime: 344852us
Sieve: iterations=435 runtime: 351540us
Sieve: iterations=436 runtime: 344815us
Sieve: iterations=437 runtime: 345783us
Sieve: iterations=438 runtime: 343979us
Sieve: iterations=439 runtime: 344281us
Sieve: iterations=440 runtime: 345440us
Sieve: iterations=441 runtime: 342803us
Sieve: iterations=442 runtime: 344074us
Sieve: iterations=443 runtime: 345520us
Sieve: iterations=444 runtime: 343264us
Sieve: iterations=445 runtime: 343067us
Sieve: iterations=446 runtime: 345659us
Sieve: iterations=447 runtime: 346855us
Sieve: iterations=448 runtime: 343993us
Sieve: iterations=449 runtime: 345591us
Sieve: iterations=450 runtime: 346374us
Sieve: iterations=451 runtime: 343544us
Sieve: iterations=452 runtime: 343157us
Sieve: iterations=453 runtime: 345744us
Sieve: iterations=454 runtime: 343756us
Sieve: iterations=455 runtime: 344089us
Sieve: iterations=456 runtime: 348157us
Sieve: iterations=457 runtime: 344640us
Sieve: iterations=458 runtime: 343751us
Sieve: iterations=459 runtime: 346445us
Sieve: iterations=460 runtime: 344006us
Sieve: iterations=461 runtime: 345219us
Sieve: iterations=462 runtime: 346539us
Sieve: iterations=463 runtime: 343169us
Sieve: iterations=464 runtime: 344316us
Sieve: iterations=465 runtime: 348226us
Sieve: iterations=466 runtime: 343276us
Sieve: iterations=467 runtime: 344322us
Sieve: iterations=468 runtime: 347599us
Sieve: iterations=469 runtime: 344048us
Sieve: iterations=470 runtime: 345066us
Sieve: iterations=471 runtime: 347298us
Sieve: iterations=472 runtime: 343990us
Sieve: iterations=473 runtime: 343333us
Sieve: iterations=474 runtime: 347052us
Sieve: iterations=475 runtime: 342628us
Sieve: iterations=476 runtime: 343218us
Sieve: iterations=477 runtime: 346455us
Sieve: iterations=478 runtime: 342545us
Sieve: iterations=479 runtime: 342463us
Sieve: iterations=480 runtime: 345527us
Sieve: iterations=481 runtime: 342447us
Sieve: iterations=482 runtime: 341744us
Sieve: iterations=483 runtime: 346435us
Sieve: iterations=484 runtime: 342780us
Sieve: iterations=485 runtime: 342179us
Sieve: iterations=486 runtime: 346301us
Sieve: iterations=487 runtime: 341636us
Sieve: iterations=488 runtime: 341325us
Sieve: iterations=489 runtime: 345582us
Sieve: iterations=490 runtime: 344553us
Sieve: iterations=491 runtime: 345856us
Sieve: iterations=492 runtime: 346257us
Sieve: iterations=493 runtime: 342460us
Sieve: iterations=494 runtime: 341603us
Sieve: iterations=495 runtime: 345327us
Sieve: iterations=496 runtime: 344475us
Sieve: iterations=497 runtime: 343077us
Sieve: iterations=498 runtime: 346633us
Sieve: iterations=499 runtime: 342277us
Sieve: iterations=500 runtime: 357843us
Could not locate BlockSlowdown.json
Skipping Loading (this might cause a fatal crash if GTSlowdown is on)
jdk.internal.constant.ClassOrInterfaceDescImpl.isClassOrInterface()boolean -1 codeSignature differs 6e3a14458a0fca90e6a63285514a933585cea592cb622e79b33ddc5df6e0fb66 != 6fdd5e023f8b36c06ccfc437f07740607e2fd6af8789c2b6573b1f8e5aec4921
jdk.internal.classfile.impl.AbstractPoolEntry.hashCode()int -1 codeSignature differs fe46e3fea17c2bcac25676024acf43715946ed13832c36004058f315d01e6ed3 != e2795d501a46b0bfb6e8c56434b112c0ea54a81c9e313ecde41f1f8b0f3deb09
jdk.internal.constant.PrimitiveClassDescImpl.descriptorString()java.lang.String -1 codeSignature differs 7722674ec43cccc19227bd0fe31433696da3716816c65b03f1730e1c0254917a != d487d8a2503fc353385b06f3b95e8ab10a6fe5294aa12ef213c2f0b58f53bb2d
jdk.internal.classfile.impl.AbstractPoolEntry$ClassEntryImpl.tag()int -1 codeSignature differs 5404769be9f3dbc3cb72c5db1a8ad8dd44853cedba352c69c6db32de21c4dbb9 != 1c5cefc40a914f135a319bd8d405841fbf0f0e92dfa85c790bd1c66c2edacece
java.lang.Class.getComponentType()java.lang.Class -1 codeSignature differs b319d91a6485f244b602f37bbb015c7b083103cb0168540c8f7172a6f77fcdb4 != ca3e2776cb0744dcbd5af9f18a41221cfb7ea6616e2c92fa3282d7012b2bb32a
Sieve: iterations=500 average: 345414us total: 172707176us


java.lang.invoke.MethodTypeForm.parameterSlotCount()int -1 codeSignature differs ad156c9aebe2f06c30e3b5dbbec2e173bc1370acb4ba42d2464dda8cd03d5b04 != 631f1ee6b294c0668302aaa578afb6c4bc9eb79e5bdf6a7916a36c576b1ba42d
Total Runtime: 172707176us
Bubo.RDTSC.Harness.main Total RDTSC cycles: 572956024838

Finished Sieve BuboOff at Thu 22 Jan 14:48:22 GMT 2026
============================================================
