============================================================
Benchmark: Bounce
BuboLIRPhase: true
RUNS: 500
extra_args: 10000
Replay file: /home/hb478/repos/GTSlowdownSchedular/FinalBuboTests/WithoutProbe/AWFY/Bounce/Bounce_CompilerReplay
Timestamp: Fri 23 Jan 13:42:55 GMT 2026

Could not locate BlockSlowdown.json
Skipping Loading (this might cause a fatal crash if GTSlowdown is on)
[Use -Djdk.graal.LogFile=<path> to redirect Graal log output to a file.]
java.lang.module.ModuleDescriptor.name()java.lang.String -1 codeSignature differs 5be282a10c496d4000571a6844c9c0bc109901813a12d3aea5364efad6a66c85 != 56a4ef2702ccb7a079a36c5f0ed4055a5908c2e7a9296eac6b3ffe2db37f4a2d
java.lang.module.ModuleReference.descriptor()java.lang.module.ModuleDescriptor -1 codeSignature differs 14be906eafbcd0e98db8607fd01b12de837039bcd06c460d0cf8f6394c8cff6d != da5cf171143f5513c1e4cdf5bb02fc95a3ea90774fedf9fb851ec26a1218a12f
java.lang.Enum.ordinal()int -1 codeSignature differs d4ce072063a0e5d7b77fa03ca89aafb8f3e3ecf13c518dc1905e344d1e62c58a != e88b1ad01cee91360e4f1ac151ade0525982fae29bddccb8434060766b83fd62
java.lang.Class.isPrimitive()boolean -1 codeSignature differs 98ab40cf2ebcc843a57e4548f9a42e2e9f3f439b3cfc72b2a9affe72c8d06a5f != 5b9fc3b01b5ff747850254186cdcc08e50c4f85fb4d4d68bc0989fcb181794f8
jdk.internal.util.StrongReferenceKey.get()java.lang.Object -1 codeSignature differs 14be906eafbcd0e98db8607fd01b12de837039bcd06c460d0cf8f6394c8cff6d != da5cf171143f5513c1e4cdf5bb02fc95a3ea90774fedf9fb851ec26a1218a12f
java.lang.Class.getClassLoader()java.lang.ClassLoader -1 codeSignature differs 1ec746d9657abb2124f404e47924197593986fc62346c6cd76072c08e29afddf != 454facf798c6644faed5619d9e1dae25408778409730f09c41b1c0c95518fd46
java.lang.invoke.MethodType.returnType()java.lang.Class -1 codeSignature differs 14be906eafbcd0e98db8607fd01b12de837039bcd06c460d0cf8f6394c8cff6d != da5cf171143f5513c1e4cdf5bb02fc95a3ea90774fedf9fb851ec26a1218a12f
jdk.internal.classfile.impl.AbstractPoolEntry.index()int -1 codeSignature differs d4ce072063a0e5d7b77fa03ca89aafb8f3e3ecf13c518dc1905e344d1e62c58a != e88b1ad01cee91360e4f1ac151ade0525982fae29bddccb8434060766b83fd62
java.lang.invoke.MemberName.getDeclaringClass()java.lang.Class -1 codeSignature differs b46e439bc51650ff335d2a7124f0b0154f260fe1af8ba145c6fd3cf5008c9e4e != de7d2501b6c4ceaef40260482daf6e5ea615f5f43bc71d4e0a42f41866056e09
java.lang.invoke.MethodType.form()java.lang.invoke.MethodTypeForm -1 codeSignature differs 5be282a10c496d4000571a6844c9c0bc109901813a12d3aea5364efad6a66c85 != 56a4ef2702ccb7a079a36c5f0ed4055a5908c2e7a9296eac6b3ffe2db37f4a2d
java.util.stream.FindOps$FindSink.cancellationRequested()boolean -1 codeSignature differs 55af0dc4b7688c78180d5f5b00584e4bf66cf93bd60716f9aab49e7a6fd64ac4 != d201d3c970d1bea0e5266b3abd2e0b5e37d50f57628f0f6798d16338d8e21f6a
java.lang.Object.<init>()void -1 codeSignature differs fe534d3aac0502b22527b54e744892c09d7496fd765947a3ee3ec9a070d56f92 != b5ee38686824d688fb238521bf027287d22a9235c6ea851247456595ee3c4ca5
java.lang.String.hashCode()int -1 codeSignature differs cd869c87835ef8242ee90410caccd8a61a63cd99231e11f83fcdc76366e70264 != aa1e9c2f9ea239d2fb15b2f7ff9a60f790f0544470df5bee9a657461c7ae39f8
jdk.internal.module.ModuleReferenceImpl.moduleResolution()jdk.internal.module.ModuleResolution -1 codeSignature differs b76db95b8fd3a055b26c3a6c15023743ea3cd488646d474319964a2e9e13b73e != c90e5cf05b5ed15b2ee4632b0f01daf8e8a827ca7e4e1d9f528d5eb553edbcfd
java.lang.module.ModuleDescriptor$Requires.modifiers()java.util.Set -1 codeSignature differs 14be906eafbcd0e98db8607fd01b12de837039bcd06c460d0cf8f6394c8cff6d != da5cf171143f5513c1e4cdf5bb02fc95a3ea90774fedf9fb851ec26a1218a12f
java.lang.module.ModuleDescriptor$Requires.name()java.lang.String -1 codeSignature differs 90f01eeb46d88d53d0e4e48ef19445eb3bdf8101a00c7dc3f717a337df9fb41f != c4651eecda0d588acaac43a9ae165ea6a40380899e75b0e7578d22406e0c012a
java.lang.module.ModuleDescriptor.requires()java.util.Set -1 codeSignature differs 50021c78154f047ad8f88f0733084203e726ca2f3911eed3f4e2615369ae39b2 != a12f6d231bab91ade119f5f7e87b83e28ce01e2d62fff01cc7676b635a92f884
java.lang.module.ModuleDescriptor.isAutomatic()boolean -1 codeSignature differs 2c5d9434fa6cbff1c0177053ad01774247e7a98383a3d0ee5c4dccbf56bf9e86 != 08dea6d6ec137b950a0343efb1bd030f87565d8e5b95eb64f025bd8e338928e2
java.util.HashMap$Node.getKey()java.lang.Object -1 codeSignature differs 90f01eeb46d88d53d0e4e48ef19445eb3bdf8101a00c7dc3f717a337df9fb41f != c4651eecda0d588acaac43a9ae165ea6a40380899e75b0e7578d22406e0c012a
java.util.HashMap$Node.getValue()java.lang.Object -1 codeSignature differs 5be282a10c496d4000571a6844c9c0bc109901813a12d3aea5364efad6a66c85 != 56a4ef2702ccb7a079a36c5f0ed4055a5908c2e7a9296eac6b3ffe2db37f4a2d
java.util.ImmutableCollections$Set12.isEmpty()boolean -1 codeSignature differs d890ffc04cd03ec866061096d7d13d2670cacc5a2328b692374e3523d40574bd != 6120e833de16ceab3ef754d1b00c19883b3f73962ba2cdf17c59c3710ba02d36
java.lang.module.ModuleDescriptor$Exports.source()java.lang.String -1 codeSignature differs 90f01eeb46d88d53d0e4e48ef19445eb3bdf8101a00c7dc3f717a337df9fb41f != c4651eecda0d588acaac43a9ae165ea6a40380899e75b0e7578d22406e0c012a
java.lang.module.ModuleDescriptor$Exports.targets()java.util.Set -1 codeSignature differs 5be282a10c496d4000571a6844c9c0bc109901813a12d3aea5364efad6a66c85 != 56a4ef2702ccb7a079a36c5f0ed4055a5908c2e7a9296eac6b3ffe2db37f4a2d
java.lang.module.ModuleDescriptor.provides()java.util.Set -1 codeSignature differs 309d9291f2d3c2a63becdec49b2c74b25af9d7fdc62dad05faf86a64889608fc != f5d85dfdf7fef12d65d210d402c44bf26eeb0fb3f9225e78ee6443caec31b619
java.lang.module.ModuleDescriptor.exports()java.util.Set -1 codeSignature differs 948d21eddb9ad191efbc24290e4e840a30aebb134151b75def9175ab54c0a48c != c3334e7c488922d9ee7281afad5b7ca4db54a4ab2b49cf0e755dc0a6c55854b4
java.lang.module.ModuleDescriptor.uses()java.util.Set -1 codeSignature differs e3ce51591a4fee3aaff0c687fbb639bc8c1569c92e84d989cdc906a081a3aa6f != 69f900c261d900c3a12e3d84961667caa75caf8ed42490b80edd3cdf23db4832
java.util.Objects.requireNonNull(java.lang.Object)java.lang.Object -1 codeSignature differs fab3390bacdc1c06ac727172609d32d56c9697db51c25bc06ba90803d6336aa7 != 5f34d305ad8c459e05cc78e8e67ce712079a25140f4444aee0bca43f73c4de02
java.util.ImmutableCollections$SetN$SetNIterator.hasNext()boolean -1 codeSignature differs 014069b9d29ae67f97f8d652b8d7a77d9057cdb393e4e32597c925d7a30bdc82 != 60575b8cd4d2a8242a8aab77fb607844ec4f52bcc97ca89e8880d7f6422024af
Requesting uncached profile for bci 44 in java.util.ImmutableCollections$SetN$SetNIterator.next()java.lang.Object method getBytecodeProfile
Requesting uncached profile for bci 44 in java.util.ImmutableCollections$SetN$SetNIterator.next()java.lang.Object method getBranchTakenProbability
java.util.ImmutableCollections$SetN$SetNIterator.next()java.lang.Object -1 codeSignature differs 1cd7ec404b399886be917d4acb08e03556fd7c60be9bbc5d21c5aa5961bdaded != 829478485a428303739a297a306f34a5f6d0fd7d0f8daa29efba1f814b054675
java.util.ImmutableCollections$SetN$SetNIterator.next()java.lang.Object -1 graphSignature differs cc325e064e7585e0e6736addc07d3b5b1a1e9ec52f960e7777496af159b5096f != dd493989519e7f328311cfecc7abfe1946186eaebdea7e8b59878a8ba9e25a26
java.util.HashMap.hash(java.lang.Object)int -1 codeSignature differs 11d9a7e9cab4662bc6f94d4d408ca3da2eea73b7e5d6c3ef55777684c4e6dce4 != 6280bc7c7756ee94066dd19acd0bc991cd2a27f73cb6f17423b147483a4cf0dd
java.lang.module.ModuleDescriptor$Provides.service()java.lang.String -1 codeSignature differs 14be906eafbcd0e98db8607fd01b12de837039bcd06c460d0cf8f6394c8cff6d != da5cf171143f5513c1e4cdf5bb02fc95a3ea90774fedf9fb851ec26a1218a12f
java.lang.module.ModuleDescriptor$Exports.isQualified()boolean -1 codeSignature differs a057042656846776129d0f22844bd60a84cbb1df4fa33d44c0bbf22a97e80ff7 != fb43efb3c0e02558fff6106d516dcaae6a6d83ddb9cad8bc0fdc8c7d3a0cdeca
java.util.HashMap.putVal(int, java.lang.Object, java.lang.Object, boolean, boolean)java.lang.Object -1 codeSignature differs 534cb7de4dec1d32ff1dcca0271960a60e7d29e355075d6fcc5b62d6fa2fd9a8 != 9031271016667e4d5bc3b16ace5026a942c7acd6083c3f04e319358f030cad9b
java.util.HashMap.putVal(int, java.lang.Object, java.lang.Object, boolean, boolean)java.lang.Object -1 graphSignature differs 71c7befc4bcc50903c01cb500806055811a71080bd754d077284439fcd10103c != 5a74e12f320f5360d51b0bb3946f087ce2dce5afa144b15d312a3acc1621c4cf
java.lang.String.equals(java.lang.Object)boolean -1 codeSignature differs 1b81cb89f6505a5995dbabe425a69a03531cfa5e9b0bad05edda29235b5071d3 != 9d4deb1417e3dc3304e6e48d0050681b843c1c29f58a963fe6d7cb88c5948543
java.lang.String.equals(java.lang.Object)boolean -1 graphSignature differs 240f841b413bb8bd2af4877cb3753eac11d3bdc482d702e067df992e72784ebb != 2d841e5f6ff33687ba2a8e89c73735b82c892266d476f740b43f9fc2b4d21873
java.lang.Byte.toUnsignedInt(byte)int -1 codeSignature differs ef53887b8aa24310d9482f8fff2e03d6f5088235fdd6794c9711e90d2fb316a1 != 13d5f6657504f424775e099bdc463c00fbb2dd5e93459aa3373cba81212b5a0d
java.util.KeyValueHolder.getKey()java.lang.Object -1 codeSignature differs 14be906eafbcd0e98db8607fd01b12de837039bcd06c460d0cf8f6394c8cff6d != da5cf171143f5513c1e4cdf5bb02fc95a3ea90774fedf9fb851ec26a1218a12f
java.util.KeyValueHolder.getValue()java.lang.Object -1 codeSignature differs 90f01eeb46d88d53d0e4e48ef19445eb3bdf8101a00c7dc3f717a337df9fb41f != c4651eecda0d588acaac43a9ae165ea6a40380899e75b0e7578d22406e0c012a
java.lang.module.ModuleDescriptor.packages()java.util.Set -1 codeSignature differs 1ec746d9657abb2124f404e47924197593986fc62346c6cd76072c08e29afddf != 454facf798c6644faed5619d9e1dae25408778409730f09c41b1c0c95518fd46
java.lang.module.ResolvedModule.reference()java.lang.module.ModuleReference -1 codeSignature differs 90f01eeb46d88d53d0e4e48ef19445eb3bdf8101a00c7dc3f717a337df9fb41f != c4651eecda0d588acaac43a9ae165ea6a40380899e75b0e7578d22406e0c012a
java.util.HashMap$Node.<init>(int, java.lang.Object, java.lang.Object, java.util.HashMap$Node)void -1 codeSignature differs 4acda41ed44e8b2d7c5127be438115bb33cc5352151c1c7b3ebf483026480526 != 1e7006ba1323d970942ed9ac2b9f6d2142e1b0c1612caef6a5b32fcd784b436b
java.lang.module.ModuleDescriptor$Version.toString()java.lang.String -1 codeSignature differs 14be906eafbcd0e98db8607fd01b12de837039bcd06c460d0cf8f6394c8cff6d != da5cf171143f5513c1e4cdf5bb02fc95a3ea90774fedf9fb851ec26a1218a12f
java.lang.AbstractStringBuilder.length()int -1 codeSignature differs d4ce072063a0e5d7b77fa03ca89aafb8f3e3ecf13c518dc1905e344d1e62c58a != e88b1ad01cee91360e4f1ac151ade0525982fae29bddccb8434060766b83fd62
java.util.HashMap.newNode(int, java.lang.Object, java.lang.Object, java.util.HashMap$Node)java.util.HashMap$Node -1 codeSignature differs 0b57ad3d0ea1b0de0d3ae4d1256f2a3bf2dacceb94022bee4e70d75bf1848358 != df85b2b14fb5de70af8f6a1aa6efa050fdaf0546a0197d26ebd4113543cc599e
java.util.HashMap.afterNodeInsertion(boolean)void -1 codeSignature differs fe534d3aac0502b22527b54e744892c09d7496fd765947a3ee3ec9a070d56f92 != b5ee38686824d688fb238521bf027287d22a9235c6ea851247456595ee3c4ca5
java.util.HashMap.resize()java.util.HashMap$Node[] -1 codeSignature differs 36d41489f395750c66a0bbf3b0f898b7182ffa50ca927d79bada223398721b11 != 407019e74de6eb528eaaf1b353f144b5fce58816d40e6ee8b953f1e7999a501a
java.util.HashMap.resize()java.util.HashMap$Node[] -1 graphSignature differs 8621339e67ed630b148c0b60d4ece2a8f5e4dc640c7e625f721a8babedbc3813 != 907f32e8439d3100299993dcad76560e08b0f705baa3a6e36f739c5640084aa9
java.lang.module.ResolvedModule.configuration()java.lang.module.Configuration -1 codeSignature differs 14be906eafbcd0e98db8607fd01b12de837039bcd06c460d0cf8f6394c8cff6d != da5cf171143f5513c1e4cdf5bb02fc95a3ea90774fedf9fb851ec26a1218a12f
java.lang.module.ModuleDescriptor.isOpen()boolean -1 codeSignature differs 7251ebfc69511ba11260ce3e5fe8de41e1ee424c1c84ef382507a4b520f46599 != c4f3939346c24cd7625b42361349cb6733a9291eeffd7507e7bf858c000192f4
java.util.HashMap.size()int -1 codeSignature differs 55d12884885f16e44e8204f924f64617688caf405b709d32e1e72896f6c27c3d != 9a030125c16a396ec668abdad74e59397cb88f5e4ba93604e8c6b48c6233e93d
Could not locate BlockSlowdown.json
Skipping Loading (this might cause a fatal crash if GTSlowdown is on)
java.util.zip.ZipCoder$UTF8ZipCoder.isUTF8()boolean -1 codeSignature differs 6e3a14458a0fca90e6a63285514a933585cea592cb622e79b33ddc5df6e0fb66 != 6fdd5e023f8b36c06ccfc437f07740607e2fd6af8789c2b6573b1f8e5aec4921
java.lang.invoke.MethodType.ptypes()java.lang.Class[] -1 codeSignature differs 90f01eeb46d88d53d0e4e48ef19445eb3bdf8101a00c7dc3f717a337df9fb41f != c4651eecda0d588acaac43a9ae165ea6a40380899e75b0e7578d22406e0c012a
jdk.internal.util.Preconditions.checkIndex(int, int, java.util.function.BiFunction)int -1 codeSignature differs 0537b0c8dc5fe868ee44de1817c0b047b24d886158549ad641b2b99126c678bb != 097cdde476e7d7a11441cfa0c37471ca0a888d4c4166d67eed1a7e5c4df66c77
java.nio.Buffer.limit()int -1 codeSignature differs 55d12884885f16e44e8204f924f64617688caf405b709d32e1e72896f6c27c3d != 9a030125c16a396ec668abdad74e59397cb88f5e4ba93604e8c6b48c6233e93d
jdk.internal.classfile.impl.AbstractPoolEntry.width()int -1 codeSignature differs 6e3a14458a0fca90e6a63285514a933585cea592cb622e79b33ddc5df6e0fb66 != 6fdd5e023f8b36c06ccfc437f07740607e2fd6af8789c2b6573b1f8e5aec4921
jdk.internal.classfile.impl.SplitConstantPool.size()int -1 codeSignature differs 1e851f5b2cbf37c0cd46831368dd889b60dff01d7b16161259960e24b264ceb1 != d37b0c203163b479a20ad6e2dad4e21eac1f1ad9b1ebc37e97f7861914a001ed
java.util.Properties$LineReader.readLine()int -1 codeSignature differs d1114acfd7139e9cf3eabbb9d4053f819fdc8a37958d43dbff4c114b20a06aab != 43961d71b71ba232ed2694d540aa571e36bd52adf8e4b027613a65dc317ee3ed
java.util.Properties$LineReader.readLine()int -1 graphSignature differs 2b486d112efd309f21b56eed8c0bb9d78dd9081f799ef08ff7c803bfde611f4a != 878ec244077db65df33a3f7d09ba7cba637998f872be81e8c5729e664e547e01
java.lang.AbstractStringBuilder.getValue()byte[] -1 codeSignature differs 5be282a10c496d4000571a6844c9c0bc109901813a12d3aea5364efad6a66c85 != 56a4ef2702ccb7a079a36c5f0ed4055a5908c2e7a9296eac6b3ffe2db37f4a2d
java.lang.Enum.name()java.lang.String -1 codeSignature differs 5be282a10c496d4000571a6844c9c0bc109901813a12d3aea5364efad6a66c85 != 56a4ef2702ccb7a079a36c5f0ed4055a5908c2e7a9296eac6b3ffe2db37f4a2d
jdk.internal.util.ArraysSupport.unsignedHashCode(int, byte[], int, int)int -1 codeSignature differs 6cf4fb7fd874e15c16cb0f5b0e5aea3b0fd58bc8fcf38c48c000e5c66e2ad6a8 != 4dd8a0d23b54449c010a38548a4ec34726658ad72759db6c8d42ad0645f343a2
jdk.internal.util.ArraysSupport.unsignedHashCode(int, byte[], int, int)int -1 graphSignature differs 19b74d2985bd215adc18bbf16eb571f75605eb5502bcec63b71bd357cc668d6e != ec48f9da76be66a6b56b9242fa5c79b96c5a2b790a5832893550f14895067602
sun.util.locale.BaseLocale.getLanguage()java.lang.String -1 codeSignature differs 90f01eeb46d88d53d0e4e48ef19445eb3bdf8101a00c7dc3f717a337df9fb41f != c4651eecda0d588acaac43a9ae165ea6a40380899e75b0e7578d22406e0c012a
java.util.LinkedHashMap.removeEldestEntry(java.util.Map$Entry)boolean -1 codeSignature differs d890ffc04cd03ec866061096d7d13d2670cacc5a2328b692374e3523d40574bd != 6120e833de16ceab3ef754d1b00c19883b3f73962ba2cdf17c59c3710ba02d36
java.util.concurrent.ConcurrentHashMap.tabAt(java.util.concurrent.ConcurrentHashMap$Node[], int)java.util.concurrent.ConcurrentHashMap$Node -1 codeSignature differs 71d647ba8c6a0b4ea5a8b561fe43e8bed960c9cb04034a7aef626c5d8360de6d != 822749e9eab55cf0ab08d112d11f644faf7767e7d7f602f22b2982e4341c74e7
jdk.internal.misc.Unsafe.getReferenceAcquire(java.lang.Object, long)java.lang.Object -1 codeSignature differs 0be5c2bda59735ac5470d27796a18d252d59667b906c14721265d97be8abdd5a != a748a0c1fa3d1b22da119249a3931a9411370dff9604e49b3d7ef522719454b3
java.lang.String.coder()byte -1 codeSignature differs f3a73f0f7ffcffdf8962f6b17b32b9d22dceb70a6321ad4e83f092ac924fb640 != 957313288ef4bdda0b4cd025d583dcf3b718c3f3a50464b737eb27e80ce0139f
java.security.Provider$Service.getType()java.lang.String -1 codeSignature differs 90f01eeb46d88d53d0e4e48ef19445eb3bdf8101a00c7dc3f717a337df9fb41f != c4651eecda0d588acaac43a9ae165ea6a40380899e75b0e7578d22406e0c012a
java.security.Provider$Service.getAlgorithm()java.lang.String -1 codeSignature differs 5be282a10c496d4000571a6844c9c0bc109901813a12d3aea5364efad6a66c85 != 56a4ef2702ccb7a079a36c5f0ed4055a5908c2e7a9296eac6b3ffe2db37f4a2d
java.security.Provider$Service.getAliases()java.util.List -1 codeSignature differs ec9959256dfdc1e5d707b10920cbff0d77d6151df3608588ba4900964b3e0488 != 48d94502b891e4704180e00ca37d65d0a704038e75c0e2368237a34efba54df3
jdk.internal.classfile.impl.RawBytecodeHelper.bci()int -1 codeSignature differs fe46e3fea17c2bcac25676024acf43715946ed13832c36004058f315d01e6ed3 != e2795d501a46b0bfb6e8c56434b112c0ea54a81c9e313ecde41f1f8b0f3deb09
jdk.internal.classfile.impl.AbstractPoolEntry.constantPool()java.lang.classfile.constantpool.ConstantPool -1 codeSignature differs 5be282a10c496d4000571a6844c9c0bc109901813a12d3aea5364efad6a66c85 != 56a4ef2702ccb7a079a36c5f0ed4055a5908c2e7a9296eac6b3ffe2db37f4a2d
jdk.internal.util.WeakReferenceKey.hashCode()int -1 codeSignature differs 55d12884885f16e44e8204f924f64617688caf405b709d32e1e72896f6c27c3d != 9a030125c16a396ec668abdad74e59397cb88f5e4ba93604e8c6b48c6233e93d
java.lang.String.value()byte[] -1 codeSignature differs 5be282a10c496d4000571a6844c9c0bc109901813a12d3aea5364efad6a66c85 != 56a4ef2702ccb7a079a36c5f0ed4055a5908c2e7a9296eac6b3ffe2db37f4a2d
java.lang.String.isLatin1()boolean -1 codeSignature differs 7fbdb74539501cf2e6eb2a3c4a15d0e6598aaf73df2e1a5e20fd95a35a58b24e != 3176213e3be72bb5e1b482eae8a1c07901556750cdd7d42ef0cea4727e1ff083
Starting Bounce benchmark ...
java.util.zip.Inflater$InflaterZStreamRef.address()long -1 codeSignature differs 6775e09a923d4a8abe8298f2b15f8be238b37428c67c56453b241b1ba16d6df1 != f3c65f65796504e8d1b5bcd4c700f1dfdf1da81415a7566e44557138e77310c4
java.lang.StringLatin1.equals(byte[], byte[])boolean -1 codeSignature differs df3b672c4faf9b8e9c81d37ba53892d5bb76d91b2605d923dadb481f79796d8a != 625a83ff75952a5d0a805a4c58b62ea8ac6fa4c2e347559de275b3de58e5cde6
java.lang.StringLatin1.equals(byte[], byte[])boolean -1 graphSignature differs f47d0b1647dabd6f0108a1c873e12c6a64939992dcc9e97f79a9e6e1f1af8649 != cda1bda6b067c21da86f5c9b00220a168b94ff95811df6ee0a57435eb4ec0473
jdk.internal.constant.ClassOrInterfaceDescImpl.descriptorString()java.lang.String -1 codeSignature differs 14be906eafbcd0e98db8607fd01b12de837039bcd06c460d0cf8f6394c8cff6d != da5cf171143f5513c1e4cdf5bb02fc95a3ea90774fedf9fb851ec26a1218a12f
Bounce$Ball.bounce()boolean -1 codeSignature differs 98d2dd64ef3a3038f4b63d6f074f75b9eab25817b1f24ee598046204a7641c4a != 8a1115b86df4919d45602ef5d90dbd5aee704c48ed19da0b119f0d5b76eadd09
Bounce.benchmark()java.lang.Object -1 codeSignature differs 40f6c18b1cce0761f6a17ac7293d00c8c0be8af129d47fb1dde618820acd6e42 != 767028857612b10a0d490475a07c9316f90638642af9d4ecc4fcab15a8d2df81
Bounce.benchmark()java.lang.Object -1 graphSignature differs e81acc8abb9a9fa80b5d18948063ae16b5d07c95aeb4862b3ce2fc105442bc59 != 47caeebf9655277a8eadb1c547eebc9ca90824b512e0033bd323521f2215e49e
java.lang.Integer.intValue()int -1 codeSignature differs d4ce072063a0e5d7b77fa03ca89aafb8f3e3ecf13c518dc1905e344d1e62c58a != e88b1ad01cee91360e4f1ac151ade0525982fae29bddccb8434060766b83fd62
Bounce.verifyResult(java.lang.Object)boolean -1 codeSignature differs b50bf295bf053434f1059ce48d9be1dc9832cb52feca6ed3c9231a559b1073f1 != ff757fe0a0b63ebd48fd631131b363d908ced90892b26d291db34cddcd384c62
java.lang.invoke.MethodHandle.type()java.lang.invoke.MethodType -1 codeSignature differs 90f01eeb46d88d53d0e4e48ef19445eb3bdf8101a00c7dc3f717a337df9fb41f != c4651eecda0d588acaac43a9ae165ea6a40380899e75b0e7578d22406e0c012a
jdk.internal.classfile.impl.BufWriterImpl.size()int -1 codeSignature differs fe46e3fea17c2bcac25676024acf43715946ed13832c36004058f315d01e6ed3 != e2795d501a46b0bfb6e8c56434b112c0ea54a81c9e313ecde41f1f8b0f3deb09
java.lang.invoke.MethodTypeForm.erasedType()java.lang.invoke.MethodType -1 codeSignature differs 90f01eeb46d88d53d0e4e48ef19445eb3bdf8101a00c7dc3f717a337df9fb41f != c4651eecda0d588acaac43a9ae165ea6a40380899e75b0e7578d22406e0c012a
jdk.internal.classfile.impl.AbstractDirectBuilder.constantPool()jdk.internal.classfile.impl.SplitConstantPool -1 codeSignature differs 14be906eafbcd0e98db8607fd01b12de837039bcd06c460d0cf8f6394c8cff6d != da5cf171143f5513c1e4cdf5bb02fc95a3ea90774fedf9fb851ec26a1218a12f
java.util.ArrayList.size()int -1 codeSignature differs fe46e3fea17c2bcac25676024acf43715946ed13832c36004058f315d01e6ed3 != e2795d501a46b0bfb6e8c56434b112c0ea54a81c9e313ecde41f1f8b0f3deb09
java.lang.String.length()int -1 codeSignature differs 5f2a9f3bb1f4f800ea4f2ad278553dedcfc789fe27a155b26df986828b30ede3 != c429f09bde0922a4e93c787fa5a5cdbca277237619ab7dc7eb3cc60d99b0f3aa
jdk.internal.constant.ClassOrInterfaceDescImpl.isClassOrInterface()boolean -1 codeSignature differs 6e3a14458a0fca90e6a63285514a933585cea592cb622e79b33ddc5df6e0fb66 != 6fdd5e023f8b36c06ccfc437f07740607e2fd6af8789c2b6573b1f8e5aec4921
jdk.internal.classfile.impl.AbstractPoolEntry.hashCode()int -1 codeSignature differs fe46e3fea17c2bcac25676024acf43715946ed13832c36004058f315d01e6ed3 != e2795d501a46b0bfb6e8c56434b112c0ea54a81c9e313ecde41f1f8b0f3deb09
Bounce: iterations=1 runtime: 152650us
Bounce: iterations=2 runtime: 115470us
Benchmark.innerBenchmarkLoop(int)boolean -1 codeSignature differs 10853d2d49a443b1be77f678d9e0372f2dc83d02338ee9b877f0e96ad952d645 != 9d8a2c0131834684422316009b717d70b21cc16e10b10dccca1fce8b31ef3e60
Benchmark.innerBenchmarkLoop(int)boolean -1 graphSignature differs 1ce67b4520d621e4561bd5caafb0ab7415b06e884406b68566c024003a4c6740 != 7a271abf22a1270f391e80a5947622a55c5b80f49b8c0efec707ed8306ff89bb
Bounce: iterations=3 runtime: 120082us
Bounce: iterations=4 runtime: 110541us
Bounce: iterations=5 runtime: 112666us
Bounce: iterations=6 runtime: 110022us
Bounce: iterations=7 runtime: 109428us
Bounce: iterations=8 runtime: 109787us
Bounce: iterations=9 runtime: 113166us
Bounce: iterations=10 runtime: 111269us
Bounce: iterations=11 runtime: 110374us
Bounce: iterations=12 runtime: 110214us
Bounce: iterations=13 runtime: 111288us
Bounce: iterations=14 runtime: 110495us
Bounce: iterations=15 runtime: 109751us
Bounce: iterations=16 runtime: 109320us
Bounce: iterations=17 runtime: 110681us
Bounce: iterations=18 runtime: 111675us
Bounce: iterations=19 runtime: 110485us
java.nio.Buffer.position()int -1 codeSignature differs 3f64cd4fafea8a3cef87601314961681d43f2aa75c3a358c1b0ce8d9a1c4731a != a754d4fbb14cb674813e5d56933661602e017cf332100c6f35524287a66eeea9
Bounce: iterations=20 runtime: 109723us
Bounce: iterations=21 runtime: 110122us
Bounce: iterations=22 runtime: 111904us
Bounce: iterations=23 runtime: 109200us
Bounce: iterations=24 runtime: 108396us
Bounce: iterations=25 runtime: 108025us
Bounce: iterations=26 runtime: 110399us
Bounce: iterations=27 runtime: 108807us
Bounce: iterations=28 runtime: 108809us
Bounce: iterations=29 runtime: 108514us
Bounce: iterations=30 runtime: 110888us
Bounce: iterations=31 runtime: 109590us
Bounce: iterations=32 runtime: 108958us
Bounce: iterations=33 runtime: 109424us
Bounce: iterations=34 runtime: 110267us
Bounce: iterations=35 runtime: 112039us
Bounce: iterations=36 runtime: 110797us
Bounce: iterations=37 runtime: 106763us
Bounce: iterations=38 runtime: 108895us
Bounce: iterations=39 runtime: 109744us
Bounce: iterations=40 runtime: 108473us
Bounce: iterations=41 runtime: 107707us
Bounce: iterations=42 runtime: 108988us
Bounce: iterations=43 runtime: 109559us
Bounce: iterations=44 runtime: 108894us
Bounce: iterations=45 runtime: 108608us
Bounce: iterations=46 runtime: 108409us
Bounce: iterations=47 runtime: 111383us
Bounce: iterations=48 runtime: 108949us
Bounce: iterations=49 runtime: 108279us
Bounce: iterations=50 runtime: 107748us
Bounce: iterations=51 runtime: 112525us
Bounce: iterations=52 runtime: 110538us
Bounce: iterations=53 runtime: 109416us
Bounce: iterations=54 runtime: 108527us
Bounce: iterations=55 runtime: 112067us
Bounce: iterations=56 runtime: 111175us
Bounce: iterations=57 runtime: 110382us
Bounce: iterations=58 runtime: 109649us
Bounce: iterations=59 runtime: 110884us
Bounce: iterations=60 runtime: 109346us
Bounce: iterations=61 runtime: 108865us
Bounce: iterations=62 runtime: 108652us
Bounce: iterations=63 runtime: 110935us
Bounce: iterations=64 runtime: 109601us
Bounce: iterations=65 runtime: 108848us
Bounce: iterations=66 runtime: 107973us
Bounce: iterations=67 runtime: 107710us
Bounce: iterations=68 runtime: 107244us
Bounce: iterations=69 runtime: 106993us
Bounce: iterations=70 runtime: 106985us
Bounce: iterations=71 runtime: 107169us
Bounce: iterations=72 runtime: 106799us
Bounce: iterations=73 runtime: 106578us
Bounce: iterations=74 runtime: 106855us
Bounce: iterations=75 runtime: 106788us
Bounce: iterations=76 runtime: 106810us
Bounce: iterations=77 runtime: 106824us
Bounce: iterations=78 runtime: 106710us
Bounce: iterations=79 runtime: 106799us
Bounce: iterations=80 runtime: 107272us
Bounce: iterations=81 runtime: 106618us
Bounce: iterations=82 runtime: 106370us
Bounce: iterations=83 runtime: 106328us
Bounce: iterations=84 runtime: 126435us
Bounce: iterations=85 runtime: 109849us
Bounce: iterations=86 runtime: 109008us
Bounce: iterations=87 runtime: 108931us
Bounce: iterations=88 runtime: 109015us
Bounce: iterations=89 runtime: 108505us
Bounce: iterations=90 runtime: 108523us
Could not locate BlockSlowdown.json
Skipping Loading (this might cause a fatal crash if GTSlowdown is on)
java.nio.Buffer.capacity()int -1 codeSignature differs 138bc711c3bed648b8548df225303894eec321dce856bde9fbb2267d74239e89 != 8366e168458356e9e2795362a66f19336b0e55f9e34ac8b5d6d37702a481c8da
Bounce: iterations=91 runtime: 108479us
Bounce: iterations=92 runtime: 111772us
Bounce: iterations=93 runtime: 110350us
Bounce: iterations=94 runtime: 109381us
Bounce: iterations=95 runtime: 108472us
Bounce: iterations=96 runtime: 107913us
Bounce: iterations=97 runtime: 107273us
Bounce: iterations=98 runtime: 107377us
Bounce: iterations=99 runtime: 107551us
Bounce: iterations=100 runtime: 107388us
Bounce: iterations=101 runtime: 107646us
Bounce: iterations=102 runtime: 107590us
Bounce: iterations=103 runtime: 107362us
Bounce: iterations=104 runtime: 106980us
Bounce: iterations=105 runtime: 107395us
Bounce: iterations=106 runtime: 106867us
Bounce: iterations=107 runtime: 106615us
Bounce: iterations=108 runtime: 106276us
Bounce: iterations=109 runtime: 107095us
Bounce: iterations=110 runtime: 106446us
Bounce: iterations=111 runtime: 106428us
Bounce: iterations=112 runtime: 106360us
Bounce: iterations=113 runtime: 106573us
Bounce: iterations=114 runtime: 106222us
Bounce: iterations=115 runtime: 106286us
Bounce: iterations=116 runtime: 106219us
Bounce: iterations=117 runtime: 106732us
Bounce: iterations=118 runtime: 106284us
Bounce: iterations=119 runtime: 106170us
Bounce: iterations=120 runtime: 106100us
Bounce: iterations=121 runtime: 106857us
Bounce: iterations=122 runtime: 106167us
Bounce: iterations=123 runtime: 106246us
Bounce: iterations=124 runtime: 106375us
Bounce: iterations=125 runtime: 106323us
Bounce: iterations=126 runtime: 105954us
Could not locate BlockSlowdown.json
Skipping Loading (this might cause a fatal crash if GTSlowdown is on)
java.nio.charset.CharsetEncoder.maxBytesPerChar()float -1 codeSignature differs d0dc63dd2361c2989cb14e4cf77bfb3442e0a43d3c92bbd78638646fefb8363f != fecc7851573229b2c1300c739298992122dcb58fa032d82e9692f06a80e3cdc4
Bounce: iterations=127 runtime: 106353us
Bounce: iterations=128 runtime: 110772us
Bounce: iterations=129 runtime: 109350us
Bounce: iterations=130 runtime: 110938us
Bounce: iterations=131 runtime: 108705us
Bounce: iterations=132 runtime: 108101us
Bounce: iterations=133 runtime: 108075us
Bounce: iterations=134 runtime: 108335us
Bounce: iterations=135 runtime: 107898us
Bounce: iterations=136 runtime: 107426us
Bounce: iterations=137 runtime: 107341us
Bounce: iterations=138 runtime: 127585us
Bounce: iterations=139 runtime: 109070us
Bounce: iterations=140 runtime: 108809us
Bounce: iterations=141 runtime: 108436us
Bounce: iterations=142 runtime: 108128us
Bounce: iterations=143 runtime: 107366us
Bounce: iterations=144 runtime: 107191us
Bounce: iterations=145 runtime: 107389us
Bounce: iterations=146 runtime: 107694us
Bounce: iterations=147 runtime: 107463us
Bounce: iterations=148 runtime: 107204us
Bounce: iterations=149 runtime: 107338us
Bounce: iterations=150 runtime: 107524us
Bounce: iterations=151 runtime: 118872us
Bounce: iterations=152 runtime: 109900us
Bounce: iterations=153 runtime: 109433us
Bounce: iterations=154 runtime: 108915us
Bounce: iterations=155 runtime: 108588us
Bounce: iterations=156 runtime: 108282us
Bounce: iterations=157 runtime: 108467us
Bounce: iterations=158 runtime: 108319us
Bounce: iterations=159 runtime: 108559us
Bounce: iterations=160 runtime: 107697us
Bounce: iterations=161 runtime: 108170us
Bounce: iterations=162 runtime: 108121us
Bounce: iterations=163 runtime: 111538us
Bounce: iterations=164 runtime: 110256us
Bounce: iterations=165 runtime: 123983us
Bounce: iterations=166 runtime: 109526us
Bounce: iterations=167 runtime: 108962us
Bounce: iterations=168 runtime: 126768us
Bounce: iterations=169 runtime: 109563us
Bounce: iterations=170 runtime: 108895us
Bounce: iterations=171 runtime: 108486us
Bounce: iterations=172 runtime: 107560us
Bounce: iterations=173 runtime: 107426us
Bounce: iterations=174 runtime: 107261us
Bounce: iterations=175 runtime: 107268us
Bounce: iterations=176 runtime: 106806us
Bounce: iterations=177 runtime: 106919us
Bounce: iterations=178 runtime: 106672us
Bounce: iterations=179 runtime: 107268us
Bounce: iterations=180 runtime: 106559us
Bounce: iterations=181 runtime: 106479us
Bounce: iterations=182 runtime: 106706us
Bounce: iterations=183 runtime: 106645us
Bounce: iterations=184 runtime: 107113us
Bounce: iterations=185 runtime: 106768us
Bounce: iterations=186 runtime: 106926us
Bounce: iterations=187 runtime: 106951us
Bounce: iterations=188 runtime: 107457us
Bounce: iterations=189 runtime: 106883us
Bounce: iterations=190 runtime: 106837us
Bounce: iterations=191 runtime: 106931us
Bounce: iterations=192 runtime: 109810us
Bounce: iterations=193 runtime: 109797us
Bounce: iterations=194 runtime: 109613us
Bounce: iterations=195 runtime: 109157us
Bounce: iterations=196 runtime: 110924us
Bounce: iterations=197 runtime: 109958us
Bounce: iterations=198 runtime: 109666us
Bounce: iterations=199 runtime: 109063us
Bounce: iterations=200 runtime: 110193us
Bounce: iterations=201 runtime: 109083us
Bounce: iterations=202 runtime: 108230us
Bounce: iterations=203 runtime: 108023us
Bounce: iterations=204 runtime: 108280us
Bounce: iterations=205 runtime: 107564us
Bounce: iterations=206 runtime: 107492us
Bounce: iterations=207 runtime: 107391us
Bounce: iterations=208 runtime: 107636us
Bounce: iterations=209 runtime: 107718us
Bounce: iterations=210 runtime: 107248us
Bounce: iterations=211 runtime: 107011us
Bounce: iterations=212 runtime: 107161us
Bounce: iterations=213 runtime: 107227us
Bounce: iterations=214 runtime: 107058us
Bounce: iterations=215 runtime: 128929us
Bounce: iterations=216 runtime: 109706us
Bounce: iterations=217 runtime: 108995us
Bounce: iterations=218 runtime: 108225us
Bounce: iterations=219 runtime: 108360us
Bounce: iterations=220 runtime: 107847us
Bounce: iterations=221 runtime: 107573us
Bounce: iterations=222 runtime: 107311us
Bounce: iterations=223 runtime: 107519us
Bounce: iterations=224 runtime: 107338us
Bounce: iterations=225 runtime: 107834us
Bounce: iterations=226 runtime: 107609us
Bounce: iterations=227 runtime: 107702us
Bounce: iterations=228 runtime: 107523us
Bounce: iterations=229 runtime: 107647us
Bounce: iterations=230 runtime: 107016us
Bounce: iterations=231 runtime: 106737us
Bounce: iterations=232 runtime: 106623us
Bounce: iterations=233 runtime: 107130us
Bounce: iterations=234 runtime: 106745us
Bounce: iterations=235 runtime: 106761us
Bounce: iterations=236 runtime: 106903us
Bounce: iterations=237 runtime: 106879us
Bounce: iterations=238 runtime: 121127us
Bounce: iterations=239 runtime: 109193us
Bounce: iterations=240 runtime: 108692us
Bounce: iterations=241 runtime: 108816us
Bounce: iterations=242 runtime: 108635us
Bounce: iterations=243 runtime: 108166us
Bounce: iterations=244 runtime: 107710us
Bounce: iterations=245 runtime: 107490us
Bounce: iterations=246 runtime: 107744us
Bounce: iterations=247 runtime: 107419us
Bounce: iterations=248 runtime: 121491us
Bounce: iterations=249 runtime: 110301us
Bounce: iterations=250 runtime: 108342us
Bounce: iterations=251 runtime: 107834us
Bounce: iterations=252 runtime: 107862us
Bounce: iterations=253 runtime: 107722us
Bounce: iterations=254 runtime: 108004us
Bounce: iterations=255 runtime: 107785us
Bounce: iterations=256 runtime: 107687us
Bounce: iterations=257 runtime: 107642us
Bounce: iterations=258 runtime: 109019us
Bounce: iterations=259 runtime: 111692us
Bounce: iterations=260 runtime: 110039us
Bounce: iterations=261 runtime: 109312us
Bounce: iterations=262 runtime: 108797us
Bounce: iterations=263 runtime: 108733us
Bounce: iterations=264 runtime: 108354us
Bounce: iterations=265 runtime: 108076us
Bounce: iterations=266 runtime: 107880us
Bounce: iterations=267 runtime: 112160us
Bounce: iterations=268 runtime: 110495us
Bounce: iterations=269 runtime: 109684us
Bounce: iterations=270 runtime: 109144us
Bounce: iterations=271 runtime: 110739us
Bounce: iterations=272 runtime: 110004us
Bounce: iterations=273 runtime: 108837us
Bounce: iterations=274 runtime: 108569us
Bounce: iterations=275 runtime: 117943us
Bounce: iterations=276 runtime: 154226us
Bounce: iterations=277 runtime: 109654us
Bounce: iterations=278 runtime: 108172us
Bounce: iterations=279 runtime: 110116us
Bounce: iterations=280 runtime: 111032us
Bounce: iterations=281 runtime: 110085us
Bounce: iterations=282 runtime: 109350us
Bounce: iterations=283 runtime: 120149us
Bounce: iterations=284 runtime: 111172us
Bounce: iterations=285 runtime: 109841us
Bounce: iterations=286 runtime: 109173us
Bounce: iterations=287 runtime: 109736us
Bounce: iterations=288 runtime: 110427us
Bounce: iterations=289 runtime: 109330us
Bounce: iterations=290 runtime: 109050us
Bounce: iterations=291 runtime: 108465us
Bounce: iterations=292 runtime: 109174us
Bounce: iterations=293 runtime: 108283us
Bounce: iterations=294 runtime: 138175us
Bounce: iterations=295 runtime: 108833us
Bounce: iterations=296 runtime: 108784us
Bounce: iterations=297 runtime: 108124us
Bounce: iterations=298 runtime: 118731us
Bounce: iterations=299 runtime: 106589us
Bounce: iterations=300 runtime: 107219us
Bounce: iterations=301 runtime: 106292us
Bounce: iterations=302 runtime: 106135us
Bounce: iterations=303 runtime: 106113us
Bounce: iterations=304 runtime: 106385us
Bounce: iterations=305 runtime: 105797us
Bounce: iterations=306 runtime: 105648us
Bounce: iterations=307 runtime: 105537us
Bounce: iterations=308 runtime: 107244us
Bounce: iterations=309 runtime: 109788us
Bounce: iterations=310 runtime: 108980us
Bounce: iterations=311 runtime: 108212us
Bounce: iterations=312 runtime: 108808us
Bounce: iterations=313 runtime: 107994us
Bounce: iterations=314 runtime: 107674us
Bounce: iterations=315 runtime: 107483us
Bounce: iterations=316 runtime: 107807us
Bounce: iterations=317 runtime: 111765us
Bounce: iterations=318 runtime: 110173us
Bounce: iterations=319 runtime: 109674us
Bounce: iterations=320 runtime: 109175us
Bounce: iterations=321 runtime: 108940us
Bounce: iterations=322 runtime: 108016us
Bounce: iterations=323 runtime: 107879us
Bounce: iterations=324 runtime: 107576us
Bounce: iterations=325 runtime: 107223us
Bounce: iterations=326 runtime: 106307us
Bounce: iterations=327 runtime: 106245us
Bounce: iterations=328 runtime: 106203us
Bounce: iterations=329 runtime: 106897us
Bounce: iterations=330 runtime: 106378us
Bounce: iterations=331 runtime: 106650us
Bounce: iterations=332 runtime: 113283us
Bounce: iterations=333 runtime: 110655us
Bounce: iterations=334 runtime: 110597us
Bounce: iterations=335 runtime: 113440us
Bounce: iterations=336 runtime: 109408us
Bounce: iterations=337 runtime: 109106us
Bounce: iterations=338 runtime: 107746us
Bounce: iterations=339 runtime: 107231us
Bounce: iterations=340 runtime: 107488us
Bounce: iterations=341 runtime: 108207us
Bounce: iterations=342 runtime: 107661us
Bounce: iterations=343 runtime: 107239us
Bounce: iterations=344 runtime: 107019us
Bounce: iterations=345 runtime: 107173us
Bounce: iterations=346 runtime: 107358us
Bounce: iterations=347 runtime: 106997us
Bounce: iterations=348 runtime: 106816us
Bounce: iterations=349 runtime: 106803us
Bounce: iterations=350 runtime: 107300us
Bounce: iterations=351 runtime: 106924us
Bounce: iterations=352 runtime: 106693us
Bounce: iterations=353 runtime: 106445us
Bounce: iterations=354 runtime: 107084us
Bounce: iterations=355 runtime: 106721us
Bounce: iterations=356 runtime: 106863us
Bounce: iterations=357 runtime: 106434us
Bounce: iterations=358 runtime: 107071us
Bounce: iterations=359 runtime: 106894us
Bounce: iterations=360 runtime: 106743us
Bounce: iterations=361 runtime: 106714us
Bounce: iterations=362 runtime: 107129us
Bounce: iterations=363 runtime: 106834us
Bounce: iterations=364 runtime: 106943us
Bounce: iterations=365 runtime: 106586us
Bounce: iterations=366 runtime: 107062us
Bounce: iterations=367 runtime: 106410us
Bounce: iterations=368 runtime: 106252us
Bounce: iterations=369 runtime: 106280us
Bounce: iterations=370 runtime: 106454us
Bounce: iterations=371 runtime: 110906us
Bounce: iterations=372 runtime: 109405us
Bounce: iterations=373 runtime: 109312us
Bounce: iterations=374 runtime: 109083us
Bounce: iterations=375 runtime: 110535us
Bounce: iterations=376 runtime: 108606us
Bounce: iterations=377 runtime: 107901us
Bounce: iterations=378 runtime: 107634us
Bounce: iterations=379 runtime: 107516us
Bounce: iterations=380 runtime: 107089us
Bounce: iterations=381 runtime: 107243us
Bounce: iterations=382 runtime: 106662us
Bounce: iterations=383 runtime: 109338us
Bounce: iterations=384 runtime: 109388us
Bounce: iterations=385 runtime: 108344us
Bounce: iterations=386 runtime: 108045us
Bounce: iterations=387 runtime: 108001us
Bounce: iterations=388 runtime: 107510us
Bounce: iterations=389 runtime: 107552us
Bounce: iterations=390 runtime: 107246us
Bounce: iterations=391 runtime: 108449us
Bounce: iterations=392 runtime: 135604us
Bounce: iterations=393 runtime: 109585us
Bounce: iterations=394 runtime: 109013us
Bounce: iterations=395 runtime: 109279us
Bounce: iterations=396 runtime: 111358us
Bounce: iterations=397 runtime: 110022us
Bounce: iterations=398 runtime: 109546us
Bounce: iterations=399 runtime: 109555us
Bounce: iterations=400 runtime: 110464us
Bounce: iterations=401 runtime: 108749us
Could not locate BlockSlowdown.json
Skipping Loading (this might cause a fatal crash if GTSlowdown is on)
java.lang.StringLatin1.inflate(byte[], int, char[], int, int)void -1 codeSignature differs db8012b016ca99189c62cfb7b913b1f5bdbe35a6c740579c3f7d75f8facc27c6 != 17fc64c9586f0ecf27e1468b2eeb1b40eb8569e6db2faf747d95dee3bfb3e1f0
java.lang.StringLatin1.inflate(byte[], int, char[], int, int)void -1 graphSignature differs 17e6f3ed6596e5d6840a8a77065c9470c41838c2630b4535538ec163efd33e69 != e838eb1809aadd841c1ff5fe2e7a1043b73670d291c51dcf64d0aae8eaa2b7e0
Bounce: iterations=402 runtime: 108543us
Bounce: iterations=403 runtime: 111561us
Bounce: iterations=404 runtime: 111462us
Bounce: iterations=405 runtime: 109868us
Bounce: iterations=406 runtime: 109416us
Bounce: iterations=407 runtime: 108701us
Bounce: iterations=408 runtime: 110332us
Bounce: iterations=409 runtime: 109731us
Bounce: iterations=410 runtime: 109252us
Bounce: iterations=411 runtime: 108996us
Bounce: iterations=412 runtime: 110675us
Bounce: iterations=413 runtime: 110498us
Bounce: iterations=414 runtime: 109793us
Bounce: iterations=415 runtime: 109017us
Bounce: iterations=416 runtime: 110067us
Bounce: iterations=417 runtime: 109332us
Bounce: iterations=418 runtime: 108942us
Bounce: iterations=419 runtime: 108411us
Bounce: iterations=420 runtime: 109126us
Bounce: iterations=421 runtime: 111022us
Bounce: iterations=422 runtime: 110236us
Bounce: iterations=423 runtime: 109685us
Bounce: iterations=424 runtime: 109380us
Bounce: iterations=425 runtime: 111591us
Bounce: iterations=426 runtime: 109289us
Bounce: iterations=427 runtime: 109158us
Bounce: iterations=428 runtime: 108552us
Bounce: iterations=429 runtime: 111165us
Bounce: iterations=430 runtime: 109663us
Bounce: iterations=431 runtime: 108778us
Bounce: iterations=432 runtime: 108540us
Bounce: iterations=433 runtime: 109726us
Bounce: iterations=434 runtime: 108591us
Bounce: iterations=435 runtime: 107798us
Bounce: iterations=436 runtime: 107676us
Bounce: iterations=437 runtime: 110688us
Bounce: iterations=438 runtime: 111735us
Bounce: iterations=439 runtime: 110690us
Bounce: iterations=440 runtime: 110071us
Bounce: iterations=441 runtime: 111784us
Bounce: iterations=442 runtime: 111413us
Bounce: iterations=443 runtime: 110352us
Bounce: iterations=444 runtime: 109805us
Bounce: iterations=445 runtime: 110588us
Bounce: iterations=446 runtime: 110403us
Bounce: iterations=447 runtime: 109515us
Bounce: iterations=448 runtime: 108870us
Bounce: iterations=449 runtime: 108766us
Bounce: iterations=450 runtime: 110376us
Bounce: iterations=451 runtime: 109480us
Bounce: iterations=452 runtime: 108879us
Bounce: iterations=453 runtime: 108134us
Bounce: iterations=454 runtime: 111368us
Bounce: iterations=455 runtime: 109951us
Bounce: iterations=456 runtime: 109405us
Bounce: iterations=457 runtime: 108986us
Bounce: iterations=458 runtime: 118872us
Bounce: iterations=459 runtime: 116099us
Bounce: iterations=460 runtime: 108024us
Bounce: iterations=461 runtime: 107654us
Bounce: iterations=462 runtime: 110136us
Bounce: iterations=463 runtime: 109614us
Bounce: iterations=464 runtime: 109207us
Bounce: iterations=465 runtime: 108758us
Bounce: iterations=466 runtime: 110906us
Bounce: iterations=467 runtime: 110875us
Bounce: iterations=468 runtime: 109517us
Bounce: iterations=469 runtime: 108811us
Bounce: iterations=470 runtime: 110059us
Bounce: iterations=471 runtime: 111024us
Bounce: iterations=472 runtime: 109918us
Bounce: iterations=473 runtime: 109637us
Bounce: iterations=474 runtime: 109984us
Bounce: iterations=475 runtime: 110443us
Bounce: iterations=476 runtime: 109478us
Bounce: iterations=477 runtime: 109392us
Bounce: iterations=478 runtime: 109293us
Bounce: iterations=479 runtime: 111365us
Bounce: iterations=480 runtime: 109060us
Bounce: iterations=481 runtime: 108345us
Bounce: iterations=482 runtime: 108622us
Bounce: iterations=483 runtime: 110528us
Bounce: iterations=484 runtime: 109150us
Bounce: iterations=485 runtime: 108597us
Bounce: iterations=486 runtime: 108152us
Bounce: iterations=487 runtime: 111335us
Bounce: iterations=488 runtime: 110651us
Bounce: iterations=489 runtime: 110276us
Bounce: iterations=490 runtime: 110056us
Bounce: iterations=491 runtime: 111644us
Bounce: iterations=492 runtime: 109739us
Bounce: iterations=493 runtime: 108711us
Bounce: iterations=494 runtime: 108477us
Bounce: iterations=495 runtime: 109071us
Bounce: iterations=496 runtime: 107868us
Bounce: iterations=497 runtime: 107649us
Bounce: iterations=498 runtime: 107947us
Bounce: iterations=499 runtime: 108526us
Bounce: iterations=500 runtime: 108066us
Could not locate BlockSlowdown.json
Skipping Loading (this might cause a fatal crash if GTSlowdown is on)
jdk.internal.constant.PrimitiveClassDescImpl.descriptorString()java.lang.String -1 codeSignature differs 7722674ec43cccc19227bd0fe31433696da3716816c65b03f1730e1c0254917a != d487d8a2503fc353385b06f3b95e8ab10a6fe5294aa12ef213c2f0b58f53bb2d
jdk.internal.classfile.impl.AbstractPoolEntry$ClassEntryImpl.tag()int -1 codeSignature differs 5404769be9f3dbc3cb72c5db1a8ad8dd44853cedba352c69c6db32de21c4dbb9 != 1c5cefc40a914f135a319bd8d405841fbf0f0e92dfa85c790bd1c66c2edacece
java.lang.Class.getComponentType()java.lang.Class -1 codeSignature differs b319d91a6485f244b602f37bbb015c7b083103cb0168540c8f7172a6f77fcdb4 != ca3e2776cb0744dcbd5af9f18a41221cfb7ea6616e2c92fa3282d7012b2bb32a
java.lang.constant.ClassDesc.isPrimitive()boolean -1 codeSignature differs d890ffc04cd03ec866061096d7d13d2670cacc5a2328b692374e3523d40574bd != 6120e833de16ceab3ef754d1b00c19883b3f73962ba2cdf17c59c3710ba02d36
java.lang.StringCoding.implEncodeAsciiArray(char[], int, byte[], int, int)int -1 codeSignature differs 50fc2ab147a0d1f774dbb7a40d02e9f4cb01533c3b2eb372b428b493e4359be7 != 726c589bc3028695e1ab333a2ffc6cdaf3378a0846f06129cd80bec52bf52833
java.lang.StringCoding.implEncodeAsciiArray(char[], int, byte[], int, int)int -1 graphSignature differs bc8f20c8c772d3cc0eaba9b68bcd84047d761ba16a7aeb64fe90c36d37dcccb7 != 3bdd078c3a9d60d7eff24b6603d8a355db817965321aded167eb2387bae94eb4
Bounce: iterations=500 average: 109254us total: 54627489us


java.lang.invoke.MethodTypeForm.parameterSlotCount()int -1 codeSignature differs ad156c9aebe2f06c30e3b5dbbec2e173bc1370acb4ba42d2464dda8cd03d5b04 != 631f1ee6b294c0668302aaa578afb6c4bc9eb79e5bdf6a7916a36c576b1ba42d
Total Runtime: 54627489us
Bubo.RDTSC.Harness.main Total RDTSC cycles: 181228119074
Comp 52 (java.util.ImmutableCollections$SetN$SetNIterator.next()) loops:
Found Encoding : 0:-1
└── Loop 0
  loop 0 Cycles: 370602 || Activation Count:0 | LoopCallCount: 0 |  Source: -at java.util.ImmutableCollections$SetN$SetNIterator.next(ImmutableCollections.java:1213) [bci: 21] | -at java.util.ImmutableCollections$SetN$SetNIterator.next(ImmutableCollections.java:1223) [bci: 65]
Comp 56 (java.util.HashMap.putVal(int,) loops:
Found Encoding : 0:-1
└── Loop 0
  loop 0 Cycles: 10672 || Activation Count:0 | LoopCallCount: 0 |  Source: -at java.util.HashMap.putVal(HashMap.java:648) [bci: 134] | -at java.util.HashMap.putVal(HashMap.java:649) [bci: 145]
Comp 57 (java.lang.String.equals(Object)) loops:
Found Encoding : 0:-1
└── Loop 0
  loop 0 Cycles: 9006 || Activation Count:0 | LoopCallCount: 0 |  Source: -at java.lang.StringLatin1.equals(StringLatin1.java:100) [bci: 9]
-at java.lang.String.equals(String.java:1926) [bci: 44] | -at java.lang.StringLatin1.equals(StringLatin1.java:105) [bci: 32]
-at java.lang.String.equals(String.java:1926) [bci: 44]
Comp 70 (java.util.HashMap.resize()) loops:
Found Encoding : 2:-1,0:-1,1:0
├── Loop 2
└── Loop 0
    └── Loop 1
  loop 0 Cycles: 16806 || Activation Count:0 | LoopCallCount: 0 |  Source: -at java.util.HashMap.resize(HashMap.java:714) [bci: 151] | -at java.util.HashMap.resize(HashMap.java:755) [bci: 353]
  loop 2 Cycles: 16124 || Activation Count:0 | LoopCallCount: 0 |  Source: -at jdk.graal.compiler.hotspot.replacements.HotSpotAllocationSnippets.allocateArray(KlassPointer, int, int, int, AllocationSnippets$FillContent, int, boolean, boolean, boolean, boolean, HotSpotAllocationSnippets$HotSpotAllocationProfilingData, boolea
Comp 88 (java.util.Properties$LineReader.readLine()) loops:
Found Encoding : 5:-1,3:-1,4:3,0:-1,1:0,2:1
├── Loop 5
├── Loop 3
│   └── Loop 4
└── Loop 0
    └── Loop 1
        └── Loop 2
  loop 5 Cycles: 200 || Activation Count:0 | LoopCallCount: 0 |  Source: -at java.util.Properties$LineReader.readLine(Properties.java:540) [bci: 224] | -at java.util.Properties$LineReader.readLine(Properties.java:543) [bci: 259]
Comp 89 (java.util.Properties$LineReader.readLine()-Re-Comp) loops:
Found Encoding : 0:-1,1:0,2:1
└── Loop 0
    └── Loop 1
        └── Loop 2
  loop 0 Cycles: 373588 || Activation Count:0 | LoopCallCount: 2 |  Source: -at java.util.Properties$LineReader.readLine(Properties.java:504) [bci: 53] | -at java.util.Properties$LineReader.readLine(Properties.java:615) [bci: 577]
Comp 92 (jdk.internal.util.ArraysSupport.unsignedHashCode(int,) loops:
Found Encoding : 0:-1,1:-1,2:-1
├── Loop 0
├── Loop 1
└── Loop 2
  loop 0 Cycles: 55994 || Activation Count:0 | LoopCallCount: 0 |  Source: -at jdk.internal.util.ArraysSupport.unsignedHashCode(ArraysSupport.java:378) [bci: 8] | -at jdk.internal.util.ArraysSupport.unsignedHashCode(ArraysSupport.java:381) [bci: 34]
  loop 1 Cycles: 108110 || Activation Count:0 | LoopCallCount: 0 |  Source: Source Missing | -at jdk.internal.util.ArraysSupport.unsignedHashCode(ArraysSupport.java:381) [bci: 34]
  loop 2 Cycles: 91436 || Activation Count:0 | LoopCallCount: 0 |  Source: Source Missing | -at jdk.internal.util.ArraysSupport.unsignedHashCode(ArraysSupport.java:381) [bci: 34]
Comp 120 (java.lang.StringLatin1.equals(byte[],) loops:
Found Encoding : 0:-1
└── Loop 0
  loop 0 Cycles: 4612 || Activation Count:0 | LoopCallCount: 0 |  Source: -at java.lang.StringLatin1.equals(StringLatin1.java:100) [bci: 9] | -at java.lang.StringLatin1.equals(StringLatin1.java:105) [bci: 32]
Comp 125 (Bounce.benchmark()) loops:
Found Encoding : 2:-1,0:-1,1:0
├── Loop 2
└── Loop 0
    └── Loop 1
  loop 0 Cycles: 81202 || Activation Count:0 | LoopCallCount: 0 |  Source: -at Bounce.benchmark() [bci: 33] | -at Bounce.benchmark() [bci: 89]
  loop 2 Cycles: 636 || Activation Count:0 | LoopCallCount: 0 |  Source: -at Bounce.benchmark() [bci: 52] | -at Bounce.benchmark() [bci: 83]
Comp 126 (Bounce.benchmark()-Re-Comp) loops:
Found Encoding : 3:-1,2:-1,0:-1,1:0
├── Loop 3
├── Loop 2
└── Loop 0
    └── Loop 1
  loop 0 Cycles: 166492017310 || Activation Count:0 | LoopCallCount: 0 |  Source: -at Bounce.benchmark() [bci: 33] | -at Bounce.benchmark() [bci: 89]
  loop 2 Cycles: 12473621896 || Activation Count:0 | LoopCallCount: 1 |  Source: -at java.util.Arrays.setAll(Arrays.java:5097) [bci: 7]
-at Bounce.benchmark() [bci: 27] | -at java.util.Arrays.setAll(Arrays.java:5099) [bci: 29]
-at Bounce.benchmark() [bci: 27]
  loop 3 Cycles: 582843710 || Activation Count:0 | LoopCallCount: 0 |  Source: -at jdk.graal.compiler.hotspot.replacements.HotSpotAllocationSnippets.allocateArray(KlassPointer, int, int, int, AllocationSnippets$FillContent, int, boolean, boolean, boolean, boolean, HotSpotAllocationSnippets$HotSpotAllocationProfilingData, boole
Comp 143 (Benchmark.innerBenchmarkLoop(int)) loops:
Found Encoding : 0:-1
└── Loop 0
  loop 0 Cycles: 350979476 || Activation Count:0 | LoopCallCount: 1 |  Source: -at Benchmark.innerBenchmarkLoop(int) [bci: 2] | -at Benchmark.innerBenchmarkLoop(int) [bci: 26]
Comp 144 (Benchmark.innerBenchmarkLoop(int)-Re-Comp) loops:
Found Encoding : 0:-1
└── Loop 0
  loop 0 Cycles: 179621905054 || Activation Count:0 | LoopCallCount: 1 |  Source: -at Benchmark.innerBenchmarkLoop(int) [bci: 2] | -at Benchmark.innerBenchmarkLoop(int) [bci: 26]
Comp 152 (java.lang.StringLatin1.inflate(byte[],) loops:
Found Encoding : 0:-1,1:-1,2:-1
├── Loop 0
├── Loop 1
└── Loop 2
  loop 0 Cycles: 11892 || Activation Count:0 | LoopCallCount: 0 |  Source: -at java.lang.StringLatin1.inflate(StringLatin1.java:767) [bci: 3] | -at java.lang.StringLatin1.inflate(StringLatin1.java:770) [bci: 33]
  loop 1 Cycles: 20054 || Activation Count:0 | LoopCallCount: 0 |  Source: Source Missing | -at java.lang.StringLatin1.inflate(StringLatin1.java:770) [bci: 33]
  loop 2 Cycles: 16168 || Activation Count:0 | LoopCallCount: 0 |  Source: Source Missing | -at java.lang.StringLatin1.inflate(StringLatin1.java:770) [bci: 33]
Comp 161 (java.lang.StringCoding.implEncodeAsciiArray(char[],) loops:
Found Encoding : 0:-1
└── Loop 0
  loop 0 Cycles: 360 || Activation Count:0 | LoopCallCount: 0 |  Source: -at java.lang.StringCoding.implEncodeAsciiArray(StringCoding.java:118) [bci: 3] | -at java.lang.StringCoding.implEncodeAsciiArray(StringCoding.java:124) [bci: 44]
Comp 162 (java.lang.StringCoding.implEncodeAsciiArray(char[],-Re-Comp) loops:
Found Encoding : 0:-1
└── Loop 0
  loop 0 Cycles: 618 || Activation Count:0 | LoopCallCount: 0 |  Source: -at java.lang.StringCoding.implEncodeAsciiArray(StringCoding.java:118) [bci: 3] | -at java.lang.StringCoding.implEncodeAsciiArray(StringCoding.java:124) [bci: 44]

Finished Bounce BuboOn at Fri 23 Jan 13:43:50 GMT 2026
============================================================
