============================================================
Benchmark: Mandelbrot
BuboLIRPhase: true
RUNS: 500
extra_args: 750
Timestamp: Thu 22 Jan 14:16:50 GMT 2026

[WARN] Unknown argument: output
Could not locate BlockSlowdown.json
Skipping Loading (this might cause a fatal crash if GTSlowdown is on)
[Use -Djdk.graal.LogFile=<path> to redirect Graal log output to a file.]
java.lang.module.ModuleDescriptor.name()java.lang.String -1 codeSignature differs 5be282a10c496d4000571a6844c9c0bc109901813a12d3aea5364efad6a66c85 != 56a4ef2702ccb7a079a36c5f0ed4055a5908c2e7a9296eac6b3ffe2db37f4a2d
java.lang.module.ModuleReference.descriptor()java.lang.module.ModuleDescriptor -1 codeSignature differs 14be906eafbcd0e98db8607fd01b12de837039bcd06c460d0cf8f6394c8cff6d != da5cf171143f5513c1e4cdf5bb02fc95a3ea90774fedf9fb851ec26a1218a12f
java.lang.Enum.ordinal()int -1 codeSignature differs d4ce072063a0e5d7b77fa03ca89aafb8f3e3ecf13c518dc1905e344d1e62c58a != e88b1ad01cee91360e4f1ac151ade0525982fae29bddccb8434060766b83fd62
java.lang.Class.isPrimitive()boolean -1 codeSignature differs 98ab40cf2ebcc843a57e4548f9a42e2e9f3f439b3cfc72b2a9affe72c8d06a5f != 5b9fc3b01b5ff747850254186cdcc08e50c4f85fb4d4d68bc0989fcb181794f8
jdk.internal.util.StrongReferenceKey.get()java.lang.Object -1 codeSignature differs 14be906eafbcd0e98db8607fd01b12de837039bcd06c460d0cf8f6394c8cff6d != da5cf171143f5513c1e4cdf5bb02fc95a3ea90774fedf9fb851ec26a1218a12f
java.lang.Class.getClassLoader()java.lang.ClassLoader -1 codeSignature differs 1ec746d9657abb2124f404e47924197593986fc62346c6cd76072c08e29afddf != 454facf798c6644faed5619d9e1dae25408778409730f09c41b1c0c95518fd46
java.lang.invoke.MethodType.returnType()java.lang.Class -1 codeSignature differs 14be906eafbcd0e98db8607fd01b12de837039bcd06c460d0cf8f6394c8cff6d != da5cf171143f5513c1e4cdf5bb02fc95a3ea90774fedf9fb851ec26a1218a12f
jdk.internal.classfile.impl.AbstractPoolEntry.index()int -1 codeSignature differs d4ce072063a0e5d7b77fa03ca89aafb8f3e3ecf13c518dc1905e344d1e62c58a != e88b1ad01cee91360e4f1ac151ade0525982fae29bddccb8434060766b83fd62
java.lang.invoke.MemberName.getDeclaringClass()java.lang.Class -1 codeSignature differs b46e439bc51650ff335d2a7124f0b0154f260fe1af8ba145c6fd3cf5008c9e4e != de7d2501b6c4ceaef40260482daf6e5ea615f5f43bc71d4e0a42f41866056e09
java.lang.invoke.MethodType.form()java.lang.invoke.MethodTypeForm -1 codeSignature differs 5be282a10c496d4000571a6844c9c0bc109901813a12d3aea5364efad6a66c85 != 56a4ef2702ccb7a079a36c5f0ed4055a5908c2e7a9296eac6b3ffe2db37f4a2d
java.util.stream.FindOps$FindSink.cancellationRequested()boolean -1 codeSignature differs 55af0dc4b7688c78180d5f5b00584e4bf66cf93bd60716f9aab49e7a6fd64ac4 != d201d3c970d1bea0e5266b3abd2e0b5e37d50f57628f0f6798d16338d8e21f6a
java.lang.Object.<init>()void -1 codeSignature differs fe534d3aac0502b22527b54e744892c09d7496fd765947a3ee3ec9a070d56f92 != b5ee38686824d688fb238521bf027287d22a9235c6ea851247456595ee3c4ca5
java.lang.String.hashCode()int -1 codeSignature differs cd869c87835ef8242ee90410caccd8a61a63cd99231e11f83fcdc76366e70264 != aa1e9c2f9ea239d2fb15b2f7ff9a60f790f0544470df5bee9a657461c7ae39f8
jdk.internal.module.ModuleReferenceImpl.moduleResolution()jdk.internal.module.ModuleResolution -1 codeSignature differs b76db95b8fd3a055b26c3a6c15023743ea3cd488646d474319964a2e9e13b73e != c90e5cf05b5ed15b2ee4632b0f01daf8e8a827ca7e4e1d9f528d5eb553edbcfd
java.lang.module.ModuleDescriptor$Requires.modifiers()java.util.Set -1 codeSignature differs 14be906eafbcd0e98db8607fd01b12de837039bcd06c460d0cf8f6394c8cff6d != da5cf171143f5513c1e4cdf5bb02fc95a3ea90774fedf9fb851ec26a1218a12f
java.lang.module.ModuleDescriptor$Requires.name()java.lang.String -1 codeSignature differs 90f01eeb46d88d53d0e4e48ef19445eb3bdf8101a00c7dc3f717a337df9fb41f != c4651eecda0d588acaac43a9ae165ea6a40380899e75b0e7578d22406e0c012a
java.lang.module.ModuleDescriptor.requires()java.util.Set -1 codeSignature differs 50021c78154f047ad8f88f0733084203e726ca2f3911eed3f4e2615369ae39b2 != a12f6d231bab91ade119f5f7e87b83e28ce01e2d62fff01cc7676b635a92f884
java.lang.module.ModuleDescriptor.isAutomatic()boolean -1 codeSignature differs 2c5d9434fa6cbff1c0177053ad01774247e7a98383a3d0ee5c4dccbf56bf9e86 != 08dea6d6ec137b950a0343efb1bd030f87565d8e5b95eb64f025bd8e338928e2
java.util.HashMap$Node.getKey()java.lang.Object -1 codeSignature differs 90f01eeb46d88d53d0e4e48ef19445eb3bdf8101a00c7dc3f717a337df9fb41f != c4651eecda0d588acaac43a9ae165ea6a40380899e75b0e7578d22406e0c012a
java.util.HashMap$Node.getValue()java.lang.Object -1 codeSignature differs 5be282a10c496d4000571a6844c9c0bc109901813a12d3aea5364efad6a66c85 != 56a4ef2702ccb7a079a36c5f0ed4055a5908c2e7a9296eac6b3ffe2db37f4a2d
java.util.ImmutableCollections$Set12.isEmpty()boolean -1 codeSignature differs d890ffc04cd03ec866061096d7d13d2670cacc5a2328b692374e3523d40574bd != 6120e833de16ceab3ef754d1b00c19883b3f73962ba2cdf17c59c3710ba02d36
java.lang.module.ModuleDescriptor$Exports.source()java.lang.String -1 codeSignature differs 90f01eeb46d88d53d0e4e48ef19445eb3bdf8101a00c7dc3f717a337df9fb41f != c4651eecda0d588acaac43a9ae165ea6a40380899e75b0e7578d22406e0c012a
java.lang.module.ModuleDescriptor$Exports.targets()java.util.Set -1 codeSignature differs 5be282a10c496d4000571a6844c9c0bc109901813a12d3aea5364efad6a66c85 != 56a4ef2702ccb7a079a36c5f0ed4055a5908c2e7a9296eac6b3ffe2db37f4a2d
java.lang.module.ModuleDescriptor.provides()java.util.Set -1 codeSignature differs 309d9291f2d3c2a63becdec49b2c74b25af9d7fdc62dad05faf86a64889608fc != f5d85dfdf7fef12d65d210d402c44bf26eeb0fb3f9225e78ee6443caec31b619
java.lang.module.ModuleDescriptor.exports()java.util.Set -1 codeSignature differs 948d21eddb9ad191efbc24290e4e840a30aebb134151b75def9175ab54c0a48c != c3334e7c488922d9ee7281afad5b7ca4db54a4ab2b49cf0e755dc0a6c55854b4
java.lang.module.ModuleDescriptor.uses()java.util.Set -1 codeSignature differs e3ce51591a4fee3aaff0c687fbb639bc8c1569c92e84d989cdc906a081a3aa6f != 69f900c261d900c3a12e3d84961667caa75caf8ed42490b80edd3cdf23db4832
java.util.Objects.requireNonNull(java.lang.Object)java.lang.Object -1 codeSignature differs fab3390bacdc1c06ac727172609d32d56c9697db51c25bc06ba90803d6336aa7 != 5f34d305ad8c459e05cc78e8e67ce712079a25140f4444aee0bca43f73c4de02
java.util.ImmutableCollections$SetN$SetNIterator.hasNext()boolean -1 codeSignature differs 014069b9d29ae67f97f8d652b8d7a77d9057cdb393e4e32597c925d7a30bdc82 != 60575b8cd4d2a8242a8aab77fb607844ec4f52bcc97ca89e8880d7f6422024af
Requesting uncached profile for bci 32 in java.util.ImmutableCollections$SetN$SetNIterator.next()java.lang.Object method getBytecodeProfile
Requesting uncached profile for bci 32 in java.util.ImmutableCollections$SetN$SetNIterator.next()java.lang.Object method getBranchTakenProbability
java.util.ImmutableCollections$SetN$SetNIterator.next()java.lang.Object -1 codeSignature differs f6a7d58bb4b33e7926d50e691b8e75ec1724faf98af5ebdf7ab9e188633b194c != 3ebd7591a8a487390491b17f6bf1893dd8d3d0cbebb3582e4492c3d36ffe7e42
java.util.ImmutableCollections$SetN$SetNIterator.next()java.lang.Object -1 graphSignature differs b05d592371fcce917a90fc28debaf21f7e7532d4836b1c9812ac396e129c7095 != 920e12a7ee41cc3a0a3487d03bd48833bfc4e8d416bdbae7234f8ba199084b4d
java.util.HashMap.hash(java.lang.Object)int -1 codeSignature differs cef1f51063f0194873503cd45fa40dfb776bfebf0d2246bcd980cf1696eb2cbe != 5b0761ed052bc7366fe2729a6d91da427a97a7093b869a0384f167d660650728
java.lang.module.ModuleDescriptor$Provides.service()java.lang.String -1 codeSignature differs 14be906eafbcd0e98db8607fd01b12de837039bcd06c460d0cf8f6394c8cff6d != da5cf171143f5513c1e4cdf5bb02fc95a3ea90774fedf9fb851ec26a1218a12f
java.lang.module.ModuleDescriptor$Exports.isQualified()boolean -1 codeSignature differs a35296f1c8abb209416f30e144a4e0eac897b45a19cde1a6412a68279edd9b01 != 4564378fbc7dfc488db24814632e10c5c8678e8258ab69d4607911e3043b9e12
java.util.HashMap.putVal(int, java.lang.Object, java.lang.Object, boolean, boolean)java.lang.Object -1 codeSignature differs 402fb84d24196c07eb491ea4c3f8a23af2e703d5efe0f2763c126bb5b302a4ca != a8d7ee9d1fce84fc0519cae53e64f66affc01f025ae5d78b8e427fdfbe592f04
java.util.HashMap.putVal(int, java.lang.Object, java.lang.Object, boolean, boolean)java.lang.Object -1 graphSignature differs 71c7befc4bcc50903c01cb500806055811a71080bd754d077284439fcd10103c != 5a74e12f320f5360d51b0bb3946f087ce2dce5afa144b15d312a3acc1621c4cf
java.util.HashMap$Node.<init>(int, java.lang.Object, java.lang.Object, java.util.HashMap$Node)void -1 codeSignature differs 1fe937804f7501dd231c787ffe7238c73a7febd57f15879a07217048a9af4b53 != b69860c9d4b5471418086111ae0809e0c31340d5dd85e417b69437d56d9e74d9
java.lang.String.equals(java.lang.Object)boolean -1 codeSignature differs 1b81cb89f6505a5995dbabe425a69a03531cfa5e9b0bad05edda29235b5071d3 != 9d4deb1417e3dc3304e6e48d0050681b843c1c29f58a963fe6d7cb88c5948543
java.lang.String.equals(java.lang.Object)boolean -1 graphSignature differs 240f841b413bb8bd2af4877cb3753eac11d3bdc482d702e067df992e72784ebb != 2d841e5f6ff33687ba2a8e89c73735b82c892266d476f740b43f9fc2b4d21873
java.lang.Byte.toUnsignedInt(byte)int -1 codeSignature differs ef53887b8aa24310d9482f8fff2e03d6f5088235fdd6794c9711e90d2fb316a1 != 13d5f6657504f424775e099bdc463c00fbb2dd5e93459aa3373cba81212b5a0d
java.util.KeyValueHolder.getKey()java.lang.Object -1 codeSignature differs 14be906eafbcd0e98db8607fd01b12de837039bcd06c460d0cf8f6394c8cff6d != da5cf171143f5513c1e4cdf5bb02fc95a3ea90774fedf9fb851ec26a1218a12f
java.util.KeyValueHolder.getValue()java.lang.Object -1 codeSignature differs 90f01eeb46d88d53d0e4e48ef19445eb3bdf8101a00c7dc3f717a337df9fb41f != c4651eecda0d588acaac43a9ae165ea6a40380899e75b0e7578d22406e0c012a
java.lang.module.ModuleDescriptor.packages()java.util.Set -1 codeSignature differs 1ec746d9657abb2124f404e47924197593986fc62346c6cd76072c08e29afddf != 454facf798c6644faed5619d9e1dae25408778409730f09c41b1c0c95518fd46
java.lang.module.ResolvedModule.reference()java.lang.module.ModuleReference -1 codeSignature differs 90f01eeb46d88d53d0e4e48ef19445eb3bdf8101a00c7dc3f717a337df9fb41f != c4651eecda0d588acaac43a9ae165ea6a40380899e75b0e7578d22406e0c012a
java.lang.module.ModuleDescriptor$Version.toString()java.lang.String -1 codeSignature differs 14be906eafbcd0e98db8607fd01b12de837039bcd06c460d0cf8f6394c8cff6d != da5cf171143f5513c1e4cdf5bb02fc95a3ea90774fedf9fb851ec26a1218a12f
java.lang.AbstractStringBuilder.length()int -1 codeSignature differs d4ce072063a0e5d7b77fa03ca89aafb8f3e3ecf13c518dc1905e344d1e62c58a != e88b1ad01cee91360e4f1ac151ade0525982fae29bddccb8434060766b83fd62
java.util.HashMap.newNode(int, java.lang.Object, java.lang.Object, java.util.HashMap$Node)java.util.HashMap$Node -1 codeSignature differs 0b57ad3d0ea1b0de0d3ae4d1256f2a3bf2dacceb94022bee4e70d75bf1848358 != df85b2b14fb5de70af8f6a1aa6efa050fdaf0546a0197d26ebd4113543cc599e
java.util.HashMap.afterNodeInsertion(boolean)void -1 codeSignature differs fe534d3aac0502b22527b54e744892c09d7496fd765947a3ee3ec9a070d56f92 != b5ee38686824d688fb238521bf027287d22a9235c6ea851247456595ee3c4ca5
java.util.HashMap.resize()java.util.HashMap$Node[] -1 codeSignature differs 98a6855780c5e1104fac2f37114130c937eb3719330f7d2e8ed63185275d9903 != 432daa38377321451325e8b1df744549fbc59ce1da32f6a4055dc486b26e98e9
java.util.HashMap.resize()java.util.HashMap$Node[] -1 graphSignature differs 8621339e67ed630b148c0b60d4ece2a8f5e4dc640c7e625f721a8babedbc3813 != 907f32e8439d3100299993dcad76560e08b0f705baa3a6e36f739c5640084aa9
java.lang.module.ResolvedModule.configuration()java.lang.module.Configuration -1 codeSignature differs 14be906eafbcd0e98db8607fd01b12de837039bcd06c460d0cf8f6394c8cff6d != da5cf171143f5513c1e4cdf5bb02fc95a3ea90774fedf9fb851ec26a1218a12f
java.lang.module.ModuleDescriptor.isOpen()boolean -1 codeSignature differs 7251ebfc69511ba11260ce3e5fe8de41e1ee424c1c84ef382507a4b520f46599 != c4f3939346c24cd7625b42361349cb6733a9291eeffd7507e7bf858c000192f4
java.util.HashMap.size()int -1 codeSignature differs 55d12884885f16e44e8204f924f64617688caf405b709d32e1e72896f6c27c3d != 9a030125c16a396ec668abdad74e59397cb88f5e4ba93604e8c6b48c6233e93d
Profiling started
Could not locate BlockSlowdown.json
Skipping Loading (this might cause a fatal crash if GTSlowdown is on)
java.util.zip.ZipCoder$UTF8ZipCoder.isUTF8()boolean -1 codeSignature differs 6e3a14458a0fca90e6a63285514a933585cea592cb622e79b33ddc5df6e0fb66 != 6fdd5e023f8b36c06ccfc437f07740607e2fd6af8789c2b6573b1f8e5aec4921
java.lang.invoke.MethodType.ptypes()java.lang.Class[] -1 codeSignature differs 90f01eeb46d88d53d0e4e48ef19445eb3bdf8101a00c7dc3f717a337df9fb41f != c4651eecda0d588acaac43a9ae165ea6a40380899e75b0e7578d22406e0c012a
jdk.internal.util.Preconditions.checkIndex(int, int, java.util.function.BiFunction)int -1 codeSignature differs 0537b0c8dc5fe868ee44de1817c0b047b24d886158549ad641b2b99126c678bb != 097cdde476e7d7a11441cfa0c37471ca0a888d4c4166d67eed1a7e5c4df66c77
java.nio.Buffer.limit()int -1 codeSignature differs 55d12884885f16e44e8204f924f64617688caf405b709d32e1e72896f6c27c3d != 9a030125c16a396ec668abdad74e59397cb88f5e4ba93604e8c6b48c6233e93d
jdk.internal.classfile.impl.AbstractPoolEntry.width()int -1 codeSignature differs 6e3a14458a0fca90e6a63285514a933585cea592cb622e79b33ddc5df6e0fb66 != 6fdd5e023f8b36c06ccfc437f07740607e2fd6af8789c2b6573b1f8e5aec4921
jdk.internal.classfile.impl.SplitConstantPool.size()int -1 codeSignature differs 1e851f5b2cbf37c0cd46831368dd889b60dff01d7b16161259960e24b264ceb1 != d37b0c203163b479a20ad6e2dad4e21eac1f1ad9b1ebc37e97f7861914a001ed
java.util.Properties$LineReader.readLine()int -1 codeSignature differs dcc7cd9c2f0ddf11074c051e8afb59f862ed303e922c9b76c143ff5089c172ec != 43961d71b71ba232ed2694d540aa571e36bd52adf8e4b027613a65dc317ee3ed
java.util.Properties$LineReader.readLine()int -1 graphSignature differs 2b486d112efd309f21b56eed8c0bb9d78dd9081f799ef08ff7c803bfde611f4a != 878ec244077db65df33a3f7d09ba7cba637998f872be81e8c5729e664e547e01
java.lang.AbstractStringBuilder.getValue()byte[] -1 codeSignature differs 5be282a10c496d4000571a6844c9c0bc109901813a12d3aea5364efad6a66c85 != 56a4ef2702ccb7a079a36c5f0ed4055a5908c2e7a9296eac6b3ffe2db37f4a2d
java.lang.Enum.name()java.lang.String -1 codeSignature differs 5be282a10c496d4000571a6844c9c0bc109901813a12d3aea5364efad6a66c85 != 56a4ef2702ccb7a079a36c5f0ed4055a5908c2e7a9296eac6b3ffe2db37f4a2d
jdk.internal.util.ArraysSupport.unsignedHashCode(int, byte[], int, int)int -1 codeSignature differs 6cf4fb7fd874e15c16cb0f5b0e5aea3b0fd58bc8fcf38c48c000e5c66e2ad6a8 != 4dd8a0d23b54449c010a38548a4ec34726658ad72759db6c8d42ad0645f343a2
jdk.internal.util.ArraysSupport.unsignedHashCode(int, byte[], int, int)int -1 graphSignature differs 19b74d2985bd215adc18bbf16eb571f75605eb5502bcec63b71bd357cc668d6e != ec48f9da76be66a6b56b9242fa5c79b96c5a2b790a5832893550f14895067602
sun.util.locale.BaseLocale.getLanguage()java.lang.String -1 codeSignature differs 90f01eeb46d88d53d0e4e48ef19445eb3bdf8101a00c7dc3f717a337df9fb41f != c4651eecda0d588acaac43a9ae165ea6a40380899e75b0e7578d22406e0c012a
java.util.LinkedHashMap.removeEldestEntry(java.util.Map$Entry)boolean -1 codeSignature differs d890ffc04cd03ec866061096d7d13d2670cacc5a2328b692374e3523d40574bd != 6120e833de16ceab3ef754d1b00c19883b3f73962ba2cdf17c59c3710ba02d36
java.util.concurrent.ConcurrentHashMap.tabAt(java.util.concurrent.ConcurrentHashMap$Node[], int)java.util.concurrent.ConcurrentHashMap$Node -1 codeSignature differs 71d647ba8c6a0b4ea5a8b561fe43e8bed960c9cb04034a7aef626c5d8360de6d != 822749e9eab55cf0ab08d112d11f644faf7767e7d7f602f22b2982e4341c74e7
jdk.internal.misc.Unsafe.getReferenceAcquire(java.lang.Object, long)java.lang.Object -1 codeSignature differs 0be5c2bda59735ac5470d27796a18d252d59667b906c14721265d97be8abdd5a != a748a0c1fa3d1b22da119249a3931a9411370dff9604e49b3d7ef522719454b3
java.lang.String.coder()byte -1 codeSignature differs f3a73f0f7ffcffdf8962f6b17b32b9d22dceb70a6321ad4e83f092ac924fb640 != 957313288ef4bdda0b4cd025d583dcf3b718c3f3a50464b737eb27e80ce0139f
java.security.Provider$Service.getType()java.lang.String -1 codeSignature differs 90f01eeb46d88d53d0e4e48ef19445eb3bdf8101a00c7dc3f717a337df9fb41f != c4651eecda0d588acaac43a9ae165ea6a40380899e75b0e7578d22406e0c012a
java.security.Provider$Service.getAlgorithm()java.lang.String -1 codeSignature differs 5be282a10c496d4000571a6844c9c0bc109901813a12d3aea5364efad6a66c85 != 56a4ef2702ccb7a079a36c5f0ed4055a5908c2e7a9296eac6b3ffe2db37f4a2d
java.security.Provider$Service.getAliases()java.util.List -1 codeSignature differs ec9959256dfdc1e5d707b10920cbff0d77d6151df3608588ba4900964b3e0488 != 48d94502b891e4704180e00ca37d65d0a704038e75c0e2368237a34efba54df3
jdk.internal.classfile.impl.RawBytecodeHelper.bci()int -1 codeSignature differs fe46e3fea17c2bcac25676024acf43715946ed13832c36004058f315d01e6ed3 != e2795d501a46b0bfb6e8c56434b112c0ea54a81c9e313ecde41f1f8b0f3deb09
jdk.internal.classfile.impl.AbstractPoolEntry.constantPool()java.lang.classfile.constantpool.ConstantPool -1 codeSignature differs 5be282a10c496d4000571a6844c9c0bc109901813a12d3aea5364efad6a66c85 != 56a4ef2702ccb7a079a36c5f0ed4055a5908c2e7a9296eac6b3ffe2db37f4a2d
jdk.internal.util.WeakReferenceKey.hashCode()int -1 codeSignature differs 55d12884885f16e44e8204f924f64617688caf405b709d32e1e72896f6c27c3d != 9a030125c16a396ec668abdad74e59397cb88f5e4ba93604e8c6b48c6233e93d
java.lang.String.value()byte[] -1 codeSignature differs 5be282a10c496d4000571a6844c9c0bc109901813a12d3aea5364efad6a66c85 != 56a4ef2702ccb7a079a36c5f0ed4055a5908c2e7a9296eac6b3ffe2db37f4a2d
java.lang.String.isLatin1()boolean -1 codeSignature differs 7fbdb74539501cf2e6eb2a3c4a15d0e6598aaf73df2e1a5e20fd95a35a58b24e != 3176213e3be72bb5e1b482eae8a1c07901556750cdd7d42ef0cea4727e1ff083
Starting Mandelbrot benchmark ...
Mandelbrot.mandelbrot(int)int -1 codeSignature differs 83721d7035dabe96fae8e0391c0ce614516674df0c5299716e8ff41fc557b9e7 != 7017040bae67abdb9360ae2c0459a5f7444b546e7bbddb3c2343a514eb62cf8e
Mandelbrot.mandelbrot(int)int -1 graphSignature differs 785ef6dcc05bfa1a35c56c269f228db0690cf5443ec5e8228f574410d609c860 != d08a2498a581a633df78f829c672fc52b57422a8f016a5434601de1179763422
jdk.internal.constant.ClassOrInterfaceDescImpl.descriptorString()java.lang.String -1 codeSignature differs 14be906eafbcd0e98db8607fd01b12de837039bcd06c460d0cf8f6394c8cff6d != da5cf171143f5513c1e4cdf5bb02fc95a3ea90774fedf9fb851ec26a1218a12f
jdk.internal.classfile.impl.BufWriterImpl.size()int -1 codeSignature differs fe46e3fea17c2bcac25676024acf43715946ed13832c36004058f315d01e6ed3 != e2795d501a46b0bfb6e8c56434b112c0ea54a81c9e313ecde41f1f8b0f3deb09
java.lang.invoke.MethodTypeForm.erasedType()java.lang.invoke.MethodType -1 codeSignature differs 90f01eeb46d88d53d0e4e48ef19445eb3bdf8101a00c7dc3f717a337df9fb41f != c4651eecda0d588acaac43a9ae165ea6a40380899e75b0e7578d22406e0c012a
jdk.internal.classfile.impl.AbstractDirectBuilder.constantPool()jdk.internal.classfile.impl.SplitConstantPool -1 codeSignature differs 14be906eafbcd0e98db8607fd01b12de837039bcd06c460d0cf8f6394c8cff6d != da5cf171143f5513c1e4cdf5bb02fc95a3ea90774fedf9fb851ec26a1218a12f
java.lang.StringLatin1.equals(byte[], byte[])boolean -1 codeSignature differs df3b672c4faf9b8e9c81d37ba53892d5bb76d91b2605d923dadb481f79796d8a != 625a83ff75952a5d0a805a4c58b62ea8ac6fa4c2e347559de275b3de58e5cde6
java.lang.StringLatin1.equals(byte[], byte[])boolean -1 graphSignature differs f47d0b1647dabd6f0108a1c873e12c6a64939992dcc9e97f79a9e6e1f1af8649 != cda1bda6b067c21da86f5c9b00220a168b94ff95811df6ee0a57435eb4ec0473
java.lang.invoke.MethodHandle.type()java.lang.invoke.MethodType -1 codeSignature differs 90f01eeb46d88d53d0e4e48ef19445eb3bdf8101a00c7dc3f717a337df9fb41f != c4651eecda0d588acaac43a9ae165ea6a40380899e75b0e7578d22406e0c012a
java.util.ArrayList.size()int -1 codeSignature differs fe46e3fea17c2bcac25676024acf43715946ed13832c36004058f315d01e6ed3 != e2795d501a46b0bfb6e8c56434b112c0ea54a81c9e313ecde41f1f8b0f3deb09
Mandelbrot: iterations=1 runtime: 310050us
Mandelbrot: iterations=2 runtime: 286267us
Mandelbrot: iterations=3 runtime: 275460us
Mandelbrot: iterations=4 runtime: 275704us
Mandelbrot: iterations=5 runtime: 276098us
Mandelbrot: iterations=6 runtime: 275856us
Mandelbrot: iterations=7 runtime: 275105us
Mandelbrot: iterations=8 runtime: 274982us
Mandelbrot: iterations=9 runtime: 276736us
Mandelbrot: iterations=10 runtime: 276493us
Mandelbrot: iterations=11 runtime: 278069us
Could not locate BlockSlowdown.json
Skipping Loading (this might cause a fatal crash if GTSlowdown is on)
java.lang.String.length()int -1 codeSignature differs 5f2a9f3bb1f4f800ea4f2ad278553dedcfc789fe27a155b26df986828b30ede3 != c429f09bde0922a4e93c787fa5a5cdbca277237619ab7dc7eb3cc60d99b0f3aa
Mandelbrot: iterations=12 runtime: 277295us
Mandelbrot: iterations=13 runtime: 277374us
Mandelbrot: iterations=14 runtime: 276563us
Mandelbrot: iterations=15 runtime: 275772us
Mandelbrot: iterations=16 runtime: 276683us
Mandelbrot: iterations=17 runtime: 275094us
Mandelbrot: iterations=18 runtime: 276035us
Mandelbrot: iterations=19 runtime: 275003us
Could not locate BlockSlowdown.json
Skipping Loading (this might cause a fatal crash if GTSlowdown is on)
java.nio.Buffer.position()int -1 codeSignature differs 3f64cd4fafea8a3cef87601314961681d43f2aa75c3a358c1b0ce8d9a1c4731a != a754d4fbb14cb674813e5d56933661602e017cf332100c6f35524287a66eeea9
Mandelbrot: iterations=20 runtime: 276590us
Mandelbrot: iterations=21 runtime: 297347us
Mandelbrot: iterations=22 runtime: 275104us
Mandelbrot: iterations=23 runtime: 275396us
Mandelbrot: iterations=24 runtime: 275164us
Mandelbrot: iterations=25 runtime: 276280us
Mandelbrot: iterations=26 runtime: 275218us
Mandelbrot: iterations=27 runtime: 276272us
Mandelbrot: iterations=28 runtime: 275623us
Mandelbrot: iterations=29 runtime: 276563us
Mandelbrot: iterations=30 runtime: 275972us
Mandelbrot: iterations=31 runtime: 276054us
Mandelbrot: iterations=32 runtime: 275720us
Mandelbrot: iterations=33 runtime: 278109us
Mandelbrot: iterations=34 runtime: 276343us
Mandelbrot: iterations=35 runtime: 276807us
Mandelbrot: iterations=36 runtime: 276378us
Mandelbrot: iterations=37 runtime: 275865us
Mandelbrot: iterations=38 runtime: 276074us
Mandelbrot: iterations=39 runtime: 275816us
Mandelbrot: iterations=40 runtime: 276233us
Mandelbrot: iterations=41 runtime: 275839us
Mandelbrot: iterations=42 runtime: 276457us
Mandelbrot: iterations=43 runtime: 275796us
Mandelbrot: iterations=44 runtime: 275682us
Mandelbrot: iterations=45 runtime: 275892us
Mandelbrot: iterations=46 runtime: 275691us
Mandelbrot: iterations=47 runtime: 276400us
Mandelbrot: iterations=48 runtime: 277291us
Mandelbrot: iterations=49 runtime: 276223us
Mandelbrot: iterations=50 runtime: 276397us
Mandelbrot: iterations=51 runtime: 276643us
Mandelbrot: iterations=52 runtime: 275514us
Mandelbrot: iterations=53 runtime: 275733us
Mandelbrot: iterations=54 runtime: 276275us
Mandelbrot: iterations=55 runtime: 275821us
Mandelbrot: iterations=56 runtime: 275854us
Mandelbrot: iterations=57 runtime: 276486us
Mandelbrot: iterations=58 runtime: 277346us
Mandelbrot: iterations=59 runtime: 277472us
Mandelbrot: iterations=60 runtime: 275287us
Mandelbrot: iterations=61 runtime: 275475us
Mandelbrot: iterations=62 runtime: 275839us
Mandelbrot: iterations=63 runtime: 275280us
Mandelbrot: iterations=64 runtime: 276350us
Mandelbrot: iterations=65 runtime: 277209us
Mandelbrot: iterations=66 runtime: 277672us
Mandelbrot: iterations=67 runtime: 277004us
Mandelbrot: iterations=68 runtime: 277551us
Mandelbrot: iterations=69 runtime: 274684us
Mandelbrot: iterations=70 runtime: 274812us
Mandelbrot: iterations=71 runtime: 275001us
Mandelbrot: iterations=72 runtime: 276598us
Mandelbrot: iterations=73 runtime: 275325us
Mandelbrot: iterations=74 runtime: 275753us
Mandelbrot: iterations=75 runtime: 275401us
Mandelbrot: iterations=76 runtime: 274433us
Mandelbrot: iterations=77 runtime: 274618us
Mandelbrot: iterations=78 runtime: 276189us
Mandelbrot: iterations=79 runtime: 275135us
Mandelbrot: iterations=80 runtime: 274229us
Mandelbrot: iterations=81 runtime: 275655us
Mandelbrot: iterations=82 runtime: 275928us
Mandelbrot: iterations=83 runtime: 275907us
Mandelbrot: iterations=84 runtime: 276685us
Mandelbrot: iterations=85 runtime: 275005us
Mandelbrot: iterations=86 runtime: 273809us
Mandelbrot: iterations=87 runtime: 274206us
Mandelbrot: iterations=88 runtime: 274667us
Mandelbrot: iterations=89 runtime: 276348us
Mandelbrot: iterations=90 runtime: 276638us
Could not locate BlockSlowdown.json
Skipping Loading (this might cause a fatal crash if GTSlowdown is on)
java.nio.Buffer.capacity()int -1 codeSignature differs 138bc711c3bed648b8548df225303894eec321dce856bde9fbb2267d74239e89 != 8366e168458356e9e2795362a66f19336b0e55f9e34ac8b5d6d37702a481c8da
Mandelbrot: iterations=91 runtime: 276715us
Mandelbrot: iterations=92 runtime: 306595us
Mandelbrot: iterations=93 runtime: 277507us
Mandelbrot: iterations=94 runtime: 277488us
Mandelbrot: iterations=95 runtime: 276714us
Mandelbrot: iterations=96 runtime: 276187us
Mandelbrot: iterations=97 runtime: 276800us
Mandelbrot: iterations=98 runtime: 276813us
Mandelbrot: iterations=99 runtime: 276854us
Mandelbrot: iterations=100 runtime: 276844us
Mandelbrot: iterations=101 runtime: 277097us
Mandelbrot: iterations=102 runtime: 277832us
Mandelbrot: iterations=103 runtime: 276458us
Mandelbrot: iterations=104 runtime: 276599us
Mandelbrot: iterations=105 runtime: 276894us
Mandelbrot: iterations=106 runtime: 276193us
Mandelbrot: iterations=107 runtime: 276278us
Mandelbrot: iterations=108 runtime: 276435us
Mandelbrot: iterations=109 runtime: 276814us
Mandelbrot: iterations=110 runtime: 276882us
Mandelbrot: iterations=111 runtime: 276421us
Mandelbrot: iterations=112 runtime: 276356us
Mandelbrot: iterations=113 runtime: 277344us
Mandelbrot: iterations=114 runtime: 281546us
Mandelbrot: iterations=115 runtime: 276451us
Mandelbrot: iterations=116 runtime: 276467us
Mandelbrot: iterations=117 runtime: 276708us
Mandelbrot: iterations=118 runtime: 276288us
Mandelbrot: iterations=119 runtime: 277081us
Mandelbrot: iterations=120 runtime: 278357us
Mandelbrot: iterations=121 runtime: 277153us
Mandelbrot: iterations=122 runtime: 276846us
Mandelbrot: iterations=123 runtime: 276819us
Mandelbrot: iterations=124 runtime: 276905us
Mandelbrot: iterations=125 runtime: 277620us
Mandelbrot: iterations=126 runtime: 277717us
Could not locate BlockSlowdown.json
Skipping Loading (this might cause a fatal crash if GTSlowdown is on)
java.nio.charset.CharsetEncoder.maxBytesPerChar()float -1 codeSignature differs d0dc63dd2361c2989cb14e4cf77bfb3442e0a43d3c92bbd78638646fefb8363f != fecc7851573229b2c1300c739298992122dcb58fa032d82e9692f06a80e3cdc4
Mandelbrot: iterations=127 runtime: 277494us
Mandelbrot: iterations=128 runtime: 298161us
Mandelbrot: iterations=129 runtime: 277506us
Mandelbrot: iterations=130 runtime: 277078us
Mandelbrot: iterations=131 runtime: 277452us
Mandelbrot: iterations=132 runtime: 277083us
Mandelbrot: iterations=133 runtime: 276985us
Mandelbrot: iterations=134 runtime: 276714us
Mandelbrot: iterations=135 runtime: 276804us
Mandelbrot: iterations=136 runtime: 276829us
Mandelbrot: iterations=137 runtime: 277808us
Mandelbrot: iterations=138 runtime: 277534us
Mandelbrot: iterations=139 runtime: 277716us
Mandelbrot: iterations=140 runtime: 276209us
Mandelbrot: iterations=141 runtime: 276238us
Mandelbrot: iterations=142 runtime: 277688us
Mandelbrot: iterations=143 runtime: 276927us
Mandelbrot: iterations=144 runtime: 276882us
Mandelbrot: iterations=145 runtime: 277665us
Mandelbrot: iterations=146 runtime: 277433us
Mandelbrot: iterations=147 runtime: 276647us
Mandelbrot: iterations=148 runtime: 275982us
Mandelbrot: iterations=149 runtime: 276437us
Mandelbrot: iterations=150 runtime: 277587us
Mandelbrot: iterations=151 runtime: 276063us
Mandelbrot: iterations=152 runtime: 275669us
Mandelbrot: iterations=153 runtime: 277113us
Mandelbrot: iterations=154 runtime: 275839us
Mandelbrot: iterations=155 runtime: 276412us
Mandelbrot: iterations=156 runtime: 276845us
Mandelbrot: iterations=157 runtime: 277477us
Mandelbrot: iterations=158 runtime: 276519us
Mandelbrot: iterations=159 runtime: 276658us
Mandelbrot: iterations=160 runtime: 276584us
Mandelbrot: iterations=161 runtime: 276296us
Mandelbrot: iterations=162 runtime: 276388us
Mandelbrot: iterations=163 runtime: 276892us
Mandelbrot: iterations=164 runtime: 276789us
Mandelbrot: iterations=165 runtime: 276791us
Mandelbrot: iterations=166 runtime: 275924us
Mandelbrot: iterations=167 runtime: 276037us
Mandelbrot: iterations=168 runtime: 276555us
Mandelbrot: iterations=169 runtime: 276627us
Mandelbrot: iterations=170 runtime: 276322us
Mandelbrot: iterations=171 runtime: 276867us
Mandelbrot: iterations=172 runtime: 275893us
Mandelbrot: iterations=173 runtime: 276896us
Mandelbrot: iterations=174 runtime: 277587us
Mandelbrot: iterations=175 runtime: 277608us
Mandelbrot: iterations=176 runtime: 276735us
Mandelbrot: iterations=177 runtime: 276637us
Mandelbrot: iterations=178 runtime: 276036us
Mandelbrot: iterations=179 runtime: 275850us
Mandelbrot: iterations=180 runtime: 276135us
Mandelbrot: iterations=181 runtime: 276531us
Mandelbrot: iterations=182 runtime: 277095us
Mandelbrot: iterations=183 runtime: 276701us
Mandelbrot: iterations=184 runtime: 276427us
Mandelbrot: iterations=185 runtime: 276157us
Mandelbrot: iterations=186 runtime: 277102us
Mandelbrot: iterations=187 runtime: 276532us
Mandelbrot: iterations=188 runtime: 276370us
Mandelbrot: iterations=189 runtime: 276504us
Mandelbrot: iterations=190 runtime: 276035us
Mandelbrot: iterations=191 runtime: 280517us
Mandelbrot: iterations=192 runtime: 277455us
Mandelbrot: iterations=193 runtime: 276543us
Mandelbrot: iterations=194 runtime: 276317us
Mandelbrot: iterations=195 runtime: 276165us
Mandelbrot: iterations=196 runtime: 276172us
Mandelbrot: iterations=197 runtime: 276267us
Mandelbrot: iterations=198 runtime: 276178us
Mandelbrot: iterations=199 runtime: 276110us
Mandelbrot: iterations=200 runtime: 276548us
Mandelbrot: iterations=201 runtime: 277132us
Mandelbrot: iterations=202 runtime: 276030us
Mandelbrot: iterations=203 runtime: 275913us
Mandelbrot: iterations=204 runtime: 276434us
Mandelbrot: iterations=205 runtime: 276251us
Mandelbrot: iterations=206 runtime: 276298us
Mandelbrot: iterations=207 runtime: 276719us
Mandelbrot: iterations=208 runtime: 276820us
Mandelbrot: iterations=209 runtime: 276709us
Mandelbrot: iterations=210 runtime: 278168us
Mandelbrot: iterations=211 runtime: 276932us
Mandelbrot: iterations=212 runtime: 276845us
Mandelbrot: iterations=213 runtime: 276780us
Mandelbrot: iterations=214 runtime: 276849us
Mandelbrot: iterations=215 runtime: 277295us
Mandelbrot: iterations=216 runtime: 276969us
Mandelbrot: iterations=217 runtime: 276338us
Mandelbrot: iterations=218 runtime: 276513us
Mandelbrot: iterations=219 runtime: 276465us
Mandelbrot: iterations=220 runtime: 276043us
Mandelbrot: iterations=221 runtime: 276083us
Mandelbrot: iterations=222 runtime: 277116us
Mandelbrot: iterations=223 runtime: 276542us
Mandelbrot: iterations=224 runtime: 276874us
Mandelbrot: iterations=225 runtime: 276896us
Mandelbrot: iterations=226 runtime: 276892us
Mandelbrot: iterations=227 runtime: 277030us
Mandelbrot: iterations=228 runtime: 278510us
Mandelbrot: iterations=229 runtime: 277075us
Mandelbrot: iterations=230 runtime: 276143us
Mandelbrot: iterations=231 runtime: 275798us
Mandelbrot: iterations=232 runtime: 276688us
Mandelbrot: iterations=233 runtime: 276783us
Mandelbrot: iterations=234 runtime: 276308us
Mandelbrot: iterations=235 runtime: 276444us
Mandelbrot: iterations=236 runtime: 276199us
Mandelbrot: iterations=237 runtime: 276356us
Mandelbrot: iterations=238 runtime: 276943us
Mandelbrot: iterations=239 runtime: 276484us
Mandelbrot: iterations=240 runtime: 277109us
Mandelbrot: iterations=241 runtime: 276479us
Mandelbrot: iterations=242 runtime: 276138us
Mandelbrot: iterations=243 runtime: 276217us
Mandelbrot: iterations=244 runtime: 276986us
Mandelbrot: iterations=245 runtime: 277411us
Mandelbrot: iterations=246 runtime: 278369us
Mandelbrot: iterations=247 runtime: 276281us
Mandelbrot: iterations=248 runtime: 276319us
Mandelbrot: iterations=249 runtime: 278368us
Mandelbrot: iterations=250 runtime: 276889us
Mandelbrot: iterations=251 runtime: 277087us
Mandelbrot: iterations=252 runtime: 275911us
Mandelbrot: iterations=253 runtime: 276205us
Mandelbrot: iterations=254 runtime: 276334us
Mandelbrot: iterations=255 runtime: 276820us
Mandelbrot: iterations=256 runtime: 276149us
Mandelbrot: iterations=257 runtime: 275526us
Mandelbrot: iterations=258 runtime: 276783us
Mandelbrot: iterations=259 runtime: 276285us
Mandelbrot: iterations=260 runtime: 276641us
Mandelbrot: iterations=261 runtime: 276482us
Mandelbrot: iterations=262 runtime: 276195us
Mandelbrot: iterations=263 runtime: 276720us
Mandelbrot: iterations=264 runtime: 277804us
Mandelbrot: iterations=265 runtime: 277251us
Mandelbrot: iterations=266 runtime: 277047us
Mandelbrot: iterations=267 runtime: 276090us
Mandelbrot: iterations=268 runtime: 277190us
Mandelbrot: iterations=269 runtime: 277364us
Mandelbrot: iterations=270 runtime: 276836us
Mandelbrot: iterations=271 runtime: 276474us
Mandelbrot: iterations=272 runtime: 276596us
Mandelbrot: iterations=273 runtime: 276667us
Mandelbrot: iterations=274 runtime: 276230us
Mandelbrot: iterations=275 runtime: 276639us
Mandelbrot: iterations=276 runtime: 276352us
Mandelbrot: iterations=277 runtime: 276075us
Mandelbrot: iterations=278 runtime: 276375us
Mandelbrot: iterations=279 runtime: 275991us
Mandelbrot: iterations=280 runtime: 276512us
Mandelbrot: iterations=281 runtime: 276391us
Mandelbrot: iterations=282 runtime: 277888us
Mandelbrot: iterations=283 runtime: 277198us
Mandelbrot: iterations=284 runtime: 275923us
Mandelbrot: iterations=285 runtime: 275627us
Mandelbrot: iterations=286 runtime: 275086us
Mandelbrot: iterations=287 runtime: 275588us
Mandelbrot: iterations=288 runtime: 275096us
Mandelbrot: iterations=289 runtime: 274845us
Mandelbrot: iterations=290 runtime: 275489us
Mandelbrot: iterations=291 runtime: 275739us
Mandelbrot: iterations=292 runtime: 275191us
Mandelbrot: iterations=293 runtime: 276004us
Mandelbrot: iterations=294 runtime: 274930us
Mandelbrot: iterations=295 runtime: 274526us
Mandelbrot: iterations=296 runtime: 274909us
Mandelbrot: iterations=297 runtime: 275208us
Mandelbrot: iterations=298 runtime: 274616us
Mandelbrot: iterations=299 runtime: 275948us
Mandelbrot: iterations=300 runtime: 277036us
Mandelbrot: iterations=301 runtime: 274976us
Mandelbrot: iterations=302 runtime: 276187us
Mandelbrot: iterations=303 runtime: 274888us
Mandelbrot: iterations=304 runtime: 275004us
Mandelbrot: iterations=305 runtime: 275565us
Mandelbrot: iterations=306 runtime: 274491us
Mandelbrot: iterations=307 runtime: 274467us
Mandelbrot: iterations=308 runtime: 274854us
Mandelbrot: iterations=309 runtime: 274315us
Mandelbrot: iterations=310 runtime: 274484us
Mandelbrot: iterations=311 runtime: 274093us
Mandelbrot: iterations=312 runtime: 275201us
Mandelbrot: iterations=313 runtime: 275130us
Mandelbrot: iterations=314 runtime: 275099us
Mandelbrot: iterations=315 runtime: 275340us
Mandelbrot: iterations=316 runtime: 275289us
Mandelbrot: iterations=317 runtime: 275434us
Mandelbrot: iterations=318 runtime: 277287us
Mandelbrot: iterations=319 runtime: 275425us
Mandelbrot: iterations=320 runtime: 275870us
Mandelbrot: iterations=321 runtime: 274850us
Mandelbrot: iterations=322 runtime: 275472us
Mandelbrot: iterations=323 runtime: 275596us
Mandelbrot: iterations=324 runtime: 275995us
Mandelbrot: iterations=325 runtime: 274811us
Mandelbrot: iterations=326 runtime: 274739us
Mandelbrot: iterations=327 runtime: 274995us
Mandelbrot: iterations=328 runtime: 276086us
Mandelbrot: iterations=329 runtime: 275778us
Mandelbrot: iterations=330 runtime: 275110us
Mandelbrot: iterations=331 runtime: 274720us
Mandelbrot: iterations=332 runtime: 279559us
Mandelbrot: iterations=333 runtime: 275979us
Mandelbrot: iterations=334 runtime: 276407us
Mandelbrot: iterations=335 runtime: 274779us
Mandelbrot: iterations=336 runtime: 276099us
Mandelbrot: iterations=337 runtime: 275734us
Mandelbrot: iterations=338 runtime: 275516us
Mandelbrot: iterations=339 runtime: 274982us
Mandelbrot: iterations=340 runtime: 275088us
Mandelbrot: iterations=341 runtime: 275467us
Mandelbrot: iterations=342 runtime: 275544us
Mandelbrot: iterations=343 runtime: 274795us
Mandelbrot: iterations=344 runtime: 275014us
Mandelbrot: iterations=345 runtime: 276158us
Mandelbrot: iterations=346 runtime: 275372us
Mandelbrot: iterations=347 runtime: 275151us
Mandelbrot: iterations=348 runtime: 275732us
Mandelbrot: iterations=349 runtime: 276747us
Mandelbrot: iterations=350 runtime: 275542us
Mandelbrot: iterations=351 runtime: 275370us
Mandelbrot: iterations=352 runtime: 275661us
Mandelbrot: iterations=353 runtime: 276029us
Mandelbrot: iterations=354 runtime: 276885us
Mandelbrot: iterations=355 runtime: 275939us
Mandelbrot: iterations=356 runtime: 275211us
Mandelbrot: iterations=357 runtime: 276887us
Mandelbrot: iterations=358 runtime: 275459us
Mandelbrot: iterations=359 runtime: 275845us
Mandelbrot: iterations=360 runtime: 275365us
Mandelbrot: iterations=361 runtime: 274953us
Mandelbrot: iterations=362 runtime: 275033us
Mandelbrot: iterations=363 runtime: 276059us
Mandelbrot: iterations=364 runtime: 275261us
Mandelbrot: iterations=365 runtime: 274566us
Mandelbrot: iterations=366 runtime: 275360us
Mandelbrot: iterations=367 runtime: 275660us
Mandelbrot: iterations=368 runtime: 275959us
Mandelbrot: iterations=369 runtime: 276293us
Mandelbrot: iterations=370 runtime: 275744us
Mandelbrot: iterations=371 runtime: 275850us
Mandelbrot: iterations=372 runtime: 276106us
Mandelbrot: iterations=373 runtime: 277761us
Mandelbrot: iterations=374 runtime: 275954us
Mandelbrot: iterations=375 runtime: 276174us
Mandelbrot: iterations=376 runtime: 276261us
Mandelbrot: iterations=377 runtime: 277782us
Mandelbrot: iterations=378 runtime: 277390us
Mandelbrot: iterations=379 runtime: 276553us
Mandelbrot: iterations=380 runtime: 276345us
Mandelbrot: iterations=381 runtime: 276444us
Mandelbrot: iterations=382 runtime: 276265us
Mandelbrot: iterations=383 runtime: 276487us
Mandelbrot: iterations=384 runtime: 276167us
Mandelbrot: iterations=385 runtime: 276743us
Mandelbrot: iterations=386 runtime: 276157us
Mandelbrot: iterations=387 runtime: 276057us
Mandelbrot: iterations=388 runtime: 275892us
Mandelbrot: iterations=389 runtime: 276139us
Mandelbrot: iterations=390 runtime: 276519us
Mandelbrot: iterations=391 runtime: 277363us
Mandelbrot: iterations=392 runtime: 277182us
Mandelbrot: iterations=393 runtime: 276495us
Mandelbrot: iterations=394 runtime: 276248us
Mandelbrot: iterations=395 runtime: 276613us
Mandelbrot: iterations=396 runtime: 276494us
Mandelbrot: iterations=397 runtime: 275591us
Mandelbrot: iterations=398 runtime: 275990us
Mandelbrot: iterations=399 runtime: 277218us
Mandelbrot: iterations=400 runtime: 276658us
Mandelbrot: iterations=401 runtime: 276562us
Mandelbrot: iterations=402 runtime: 276152us
Mandelbrot: iterations=403 runtime: 276090us
Mandelbrot: iterations=404 runtime: 275915us
Mandelbrot: iterations=405 runtime: 276023us
Mandelbrot: iterations=406 runtime: 275716us
Mandelbrot: iterations=407 runtime: 276010us
Mandelbrot: iterations=408 runtime: 276889us
Mandelbrot: iterations=409 runtime: 278375us
Mandelbrot: iterations=410 runtime: 277994us
Mandelbrot: iterations=411 runtime: 275908us
Mandelbrot: iterations=412 runtime: 275836us
Mandelbrot: iterations=413 runtime: 276379us
Mandelbrot: iterations=414 runtime: 276011us
Mandelbrot: iterations=415 runtime: 278708us
Mandelbrot: iterations=416 runtime: 278582us
Mandelbrot: iterations=417 runtime: 276426us
Mandelbrot: iterations=418 runtime: 276442us
Mandelbrot: iterations=419 runtime: 276045us
Mandelbrot: iterations=420 runtime: 275580us
Mandelbrot: iterations=421 runtime: 275977us
Mandelbrot: iterations=422 runtime: 276342us
Mandelbrot: iterations=423 runtime: 276353us
Mandelbrot: iterations=424 runtime: 276165us
Mandelbrot: iterations=425 runtime: 275905us
Mandelbrot: iterations=426 runtime: 276657us
Mandelbrot: iterations=427 runtime: 277650us
Mandelbrot: iterations=428 runtime: 276984us
Mandelbrot: iterations=429 runtime: 276607us
Mandelbrot: iterations=430 runtime: 276068us
Mandelbrot: iterations=431 runtime: 276696us
Mandelbrot: iterations=432 runtime: 276881us
Mandelbrot: iterations=433 runtime: 276866us
Could not locate BlockSlowdown.json
Skipping Loading (this might cause a fatal crash if GTSlowdown is on)
java.lang.StringLatin1.inflate(byte[], int, char[], int, int)void -1 codeSignature differs db8012b016ca99189c62cfb7b913b1f5bdbe35a6c740579c3f7d75f8facc27c6 != 17fc64c9586f0ecf27e1468b2eeb1b40eb8569e6db2faf747d95dee3bfb3e1f0
java.lang.StringLatin1.inflate(byte[], int, char[], int, int)void -1 graphSignature differs 17e6f3ed6596e5d6840a8a77065c9470c41838c2630b4535538ec163efd33e69 != e838eb1809aadd841c1ff5fe2e7a1043b73670d291c51dcf64d0aae8eaa2b7e0
Mandelbrot: iterations=434 runtime: 275576us
Mandelbrot: iterations=435 runtime: 279876us
Mandelbrot: iterations=436 runtime: 276136us
Mandelbrot: iterations=437 runtime: 276566us
Mandelbrot: iterations=438 runtime: 276664us
Mandelbrot: iterations=439 runtime: 277017us
Mandelbrot: iterations=440 runtime: 275281us
Mandelbrot: iterations=441 runtime: 275931us
Mandelbrot: iterations=442 runtime: 276490us
Mandelbrot: iterations=443 runtime: 276501us
Mandelbrot: iterations=444 runtime: 276422us
Mandelbrot: iterations=445 runtime: 277238us
Mandelbrot: iterations=446 runtime: 276464us
Mandelbrot: iterations=447 runtime: 276169us
Mandelbrot: iterations=448 runtime: 276812us
Mandelbrot: iterations=449 runtime: 275603us
Mandelbrot: iterations=450 runtime: 276509us
Mandelbrot: iterations=451 runtime: 275835us
Mandelbrot: iterations=452 runtime: 276302us
Mandelbrot: iterations=453 runtime: 276427us
Mandelbrot: iterations=454 runtime: 275905us
Mandelbrot: iterations=455 runtime: 276460us
Mandelbrot: iterations=456 runtime: 276369us
Could not locate BlockSlowdown.json
Skipping Loading (this might cause a fatal crash if GTSlowdown is on)
java.lang.StringCoding.implEncodeAsciiArray(char[], int, byte[], int, int)int -1 codeSignature differs 50fc2ab147a0d1f774dbb7a40d02e9f4cb01533c3b2eb372b428b493e4359be7 != 726c589bc3028695e1ab333a2ffc6cdaf3378a0846f06129cd80bec52bf52833
java.lang.StringCoding.implEncodeAsciiArray(char[], int, byte[], int, int)int -1 graphSignature differs bc8f20c8c772d3cc0eaba9b68bcd84047d761ba16a7aeb64fe90c36d37dcccb7 != 3bdd078c3a9d60d7eff24b6603d8a355db817965321aded167eb2387bae94eb4
Mandelbrot: iterations=457 runtime: 276436us
Mandelbrot: iterations=458 runtime: 279571us
Mandelbrot: iterations=459 runtime: 277421us
Mandelbrot: iterations=460 runtime: 276337us
Mandelbrot: iterations=461 runtime: 276164us
Mandelbrot: iterations=462 runtime: 277516us
Mandelbrot: iterations=463 runtime: 277842us
Mandelbrot: iterations=464 runtime: 276348us
Mandelbrot: iterations=465 runtime: 275747us
Mandelbrot: iterations=466 runtime: 277776us
Mandelbrot: iterations=467 runtime: 276447us
Mandelbrot: iterations=468 runtime: 276049us
Mandelbrot: iterations=469 runtime: 275441us
Mandelbrot: iterations=470 runtime: 276413us
Mandelbrot: iterations=471 runtime: 276267us
Mandelbrot: iterations=472 runtime: 275383us
Mandelbrot: iterations=473 runtime: 275569us
Mandelbrot: iterations=474 runtime: 276150us
Mandelbrot: iterations=475 runtime: 276159us
Mandelbrot: iterations=476 runtime: 276417us
Mandelbrot: iterations=477 runtime: 276286us
Mandelbrot: iterations=478 runtime: 276183us
Mandelbrot: iterations=479 runtime: 275741us
Mandelbrot: iterations=480 runtime: 274957us
Mandelbrot: iterations=481 runtime: 277115us
Mandelbrot: iterations=482 runtime: 276125us
Mandelbrot: iterations=483 runtime: 276247us
Mandelbrot: iterations=484 runtime: 275790us
Mandelbrot: iterations=485 runtime: 276268us
Mandelbrot: iterations=486 runtime: 276422us
Mandelbrot: iterations=487 runtime: 276148us
Mandelbrot: iterations=488 runtime: 275871us
Mandelbrot: iterations=489 runtime: 276744us
Mandelbrot: iterations=490 runtime: 276208us
Mandelbrot: iterations=491 runtime: 276167us
Mandelbrot: iterations=492 runtime: 276478us
Mandelbrot: iterations=493 runtime: 275858us
Mandelbrot: iterations=494 runtime: 276830us
Mandelbrot: iterations=495 runtime: 275965us
Mandelbrot: iterations=496 runtime: 274780us
Mandelbrot: iterations=497 runtime: 275422us
Mandelbrot: iterations=498 runtime: 275781us
Mandelbrot: iterations=499 runtime: 276998us
Mandelbrot: iterations=500 runtime: 276603us
Could not locate BlockSlowdown.json
Skipping Loading (this might cause a fatal crash if GTSlowdown is on)
jdk.internal.constant.ClassOrInterfaceDescImpl.isClassOrInterface()boolean -1 codeSignature differs 6e3a14458a0fca90e6a63285514a933585cea592cb622e79b33ddc5df6e0fb66 != 6fdd5e023f8b36c06ccfc437f07740607e2fd6af8789c2b6573b1f8e5aec4921
jdk.internal.classfile.impl.AbstractPoolEntry.hashCode()int -1 codeSignature differs fe46e3fea17c2bcac25676024acf43715946ed13832c36004058f315d01e6ed3 != e2795d501a46b0bfb6e8c56434b112c0ea54a81c9e313ecde41f1f8b0f3deb09
jdk.internal.constant.PrimitiveClassDescImpl.descriptorString()java.lang.String -1 codeSignature differs 7722674ec43cccc19227bd0fe31433696da3716816c65b03f1730e1c0254917a != d487d8a2503fc353385b06f3b95e8ab10a6fe5294aa12ef213c2f0b58f53bb2d
jdk.internal.classfile.impl.AbstractPoolEntry$ClassEntryImpl.tag()int -1 codeSignature differs 5404769be9f3dbc3cb72c5db1a8ad8dd44853cedba352c69c6db32de21c4dbb9 != 1c5cefc40a914f135a319bd8d405841fbf0f0e92dfa85c790bd1c66c2edacece
java.lang.Class.getComponentType()java.lang.Class -1 codeSignature differs b319d91a6485f244b602f37bbb015c7b083103cb0168540c8f7172a6f77fcdb4 != ca3e2776cb0744dcbd5af9f18a41221cfb7ea6616e2c92fa3282d7012b2bb32a
Mandelbrot: iterations=500 average: 276552us total: 138276321us


java.lang.invoke.MethodTypeForm.parameterSlotCount()int -1 codeSignature differs ad156c9aebe2f06c30e3b5dbbec2e173bc1370acb4ba42d2464dda8cd03d5b04 != 631f1ee6b294c0668302aaa578afb6c4bc9eb79e5bdf6a7916a36c576b1ba42d
Total Runtime: 138276321us
Bubo.RDTSC.Harness.main Total RDTSC cycles: 459541546512
Comp 52 (java.util.ImmutableCollections$SetN$SetNIterator.next()) loops:
Found Encoding : 0:-1
└── Loop 0
  loop 0 Cycles: 374884 || Activation Count:0 | LoopCallCount: 0 |  Source: -at java.util.ImmutableCollections$SetN$SetNIterator.next(ImmutableCollections.java:1213) [bci: 21] | -at java.util.ImmutableCollections$SetN$SetNIterator.next(ImmutableCollections.java:1223) [bci: 65]
Comp 56 (java.util.HashMap.putVal(int,) loops:
Found Encoding : 0:-1
└── Loop 0
  loop 0 Cycles: 11382 || Activation Count:0 | LoopCallCount: 0 |  Source: -at java.util.HashMap.putVal(HashMap.java:648) [bci: 134] | -at java.util.HashMap.putVal(HashMap.java:649) [bci: 145]
Comp 58 (java.lang.String.equals(Object)) loops:
Found Encoding : 0:-1
└── Loop 0
  loop 0 Cycles: 9770 || Activation Count:0 | LoopCallCount: 0 |  Source: -at java.lang.StringLatin1.equals(StringLatin1.java:100) [bci: 9]
-at java.lang.String.equals(String.java:1926) [bci: 44] | -at java.lang.StringLatin1.equals(StringLatin1.java:105) [bci: 32]
-at java.lang.String.equals(String.java:1926) [bci: 44]
Comp 69 (java.util.HashMap.resize()) loops:
Found Encoding : 2:-1,0:-1,1:0
├── Loop 2
└── Loop 0
    └── Loop 1
  loop 0 Cycles: 93654 || Activation Count:0 | LoopCallCount: 0 |  Source: -at java.util.HashMap.resize(HashMap.java:714) [bci: 151] | -at java.util.HashMap.resize(HashMap.java:755) [bci: 353]
  loop 1 Cycles: 12722 || Activation Count:0 | LoopCallCount: 0 |  Source: -at java.util.HashMap.resize(HashMap.java:727) [bci: 235] | -at java.util.HashMap.resize(HashMap.java:743) [bci: 309]
  loop 2 Cycles: 43516 || Activation Count:0 | LoopCallCount: 0 |  Source: -at jdk.graal.compiler.hotspot.replacements.HotSpotAllocationSnippets.allocateArray(KlassPointer, int, int, int, AllocationSnippets$FillContent, int, boolean, boolean, boolean, boolean, HotSpotAllocationSnippets$HotSpotAllocationProfilingData, boolea
Comp 88 (java.util.Properties$LineReader.readLine()) loops:
Found Encoding : 5:-1,3:-1,4:3,0:-1,1:0,2:1
├── Loop 5
├── Loop 3
│   └── Loop 4
└── Loop 0
    └── Loop 1
        └── Loop 2
  loop 1 Cycles: 666196 || Activation Count:0 | LoopCallCount: 1 |  Source: -at java.util.Properties$LineReader.readLine(Properties.java:538) [bci: 219] | -at java.util.Properties$LineReader.readLine(Properties.java:543) [bci: 259]
  loop 2 Cycles: 45900 || Activation Count:0 | LoopCallCount: 0 |  Source: -at java.util.Properties$LineReader.readLine(Properties.java:540) [bci: 224] | -at java.util.Properties$LineReader.readLine(Properties.java:543) [bci: 259]
  loop 5 Cycles: 484 || Activation Count:0 | LoopCallCount: 0 |  Source: -at java.util.Properties$LineReader.readLine(Properties.java:540) [bci: 224] | -at java.util.Properties$LineReader.readLine(Properties.java:543) [bci: 259]
Comp 89 (java.util.Properties$LineReader.readLine()-Re-Comp) loops:
Found Encoding : 0:-1,1:0,2:1
└── Loop 0
    └── Loop 1
        └── Loop 2
  loop 0 Cycles: 1332190 || Activation Count:0 | LoopCallCount: 2 |  Source: -at java.util.Properties$LineReader.readLine(Properties.java:504) [bci: 53] | -at java.util.Properties$LineReader.readLine(Properties.java:615) [bci: 577]
  loop 1 Cycles: 1240364 || Activation Count:0 | LoopCallCount: 1 |  Source: -at java.util.Properties$LineReader.readLine(Properties.java:538) [bci: 219] | -at java.util.Properties$LineReader.readLine(Properties.java:543) [bci: 259]
  loop 2 Cycles: 320666 || Activation Count:0 | LoopCallCount: 0 |  Source: -at java.util.Properties$LineReader.readLine(Properties.java:540) [bci: 224] | -at java.util.Properties$LineReader.readLine(Properties.java:545) [bci: 262]
Comp 92 (jdk.internal.util.ArraysSupport.unsignedHashCode(int,) loops:
Found Encoding : 0:-1,1:-1,2:-1
├── Loop 0
├── Loop 1
└── Loop 2
  loop 0 Cycles: 113662 || Activation Count:0 | LoopCallCount: 0 |  Source: -at jdk.internal.util.ArraysSupport.unsignedHashCode(ArraysSupport.java:378) [bci: 8] | -at jdk.internal.util.ArraysSupport.unsignedHashCode(ArraysSupport.java:381) [bci: 34]
  loop 1 Cycles: 264220 || Activation Count:0 | LoopCallCount: 0 |  Source: Source Missing | -at jdk.internal.util.ArraysSupport.unsignedHashCode(ArraysSupport.java:381) [bci: 34]
  loop 2 Cycles: 245774 || Activation Count:0 | LoopCallCount: 0 |  Source: Source Missing | -at jdk.internal.util.ArraysSupport.unsignedHashCode(ArraysSupport.java:381) [bci: 34]
Comp 119 (Mandelbrot.mandelbrot(int)) loops:
Found Encoding : 5:-1,3:-1,4:3,0:-1,1:0,2:1
├── Loop 5
├── Loop 3
│   └── Loop 4
└── Loop 0
    └── Loop 1
        └── Loop 2
  loop 1 Cycles: 921343428 || Activation Count:0 | LoopCallCount: 0 |  Source: -at Mandelbrot.mandelbrot(int) [bci: 33] | -at Mandelbrot.mandelbrot(int) [bci: 207]
  loop 2 Cycles: 825497452 || Activation Count:0 | LoopCallCount: 0 |  Source: -at Mandelbrot.mandelbrot(int) [bci: 73] | -at Mandelbrot.mandelbrot(int) [bci: 147]
  loop 3 Cycles: 132022 || Activation Count:0 | LoopCallCount: 0 |  Source: -at Mandelbrot.mandelbrot(int) [bci: 33] | -at Mandelbrot.mandelbrot(int) [bci: 207]
  loop 4 Cycles: 111904 || Activation Count:0 | LoopCallCount: 0 |  Source: -at Mandelbrot.mandelbrot(int) [bci: 73] | -at Mandelbrot.mandelbrot(int) [bci: 147]
  loop 5 Cycles: 482 || Activation Count:0 | LoopCallCount: 0 |  Source: -at Mandelbrot.mandelbrot(int) [bci: 73] | -at Mandelbrot.mandelbrot(int) [bci: 147]
Comp 120 (Mandelbrot.mandelbrot(int)-Re-Comp) loops:
Found Encoding : 0:-1,1:0,2:1
└── Loop 0
    └── Loop 1
        └── Loop 2
  loop 0 Cycles: 456942476026 || Activation Count:0 | LoopCallCount: 0 |  Source: -at Mandelbrot.mandelbrot(int) [bci: 10] | -at Mandelbrot.mandelbrot(int) [bci: 213]
  loop 1 Cycles: 456891962316 || Activation Count:0 | LoopCallCount: 0 |  Source: -at Mandelbrot.mandelbrot(int) [bci: 33] | -at Mandelbrot.mandelbrot(int) [bci: 207]
  loop 2 Cycles: 405111769508 || Activation Count:0 | LoopCallCount: 0 |  Source: -at Mandelbrot.mandelbrot(int) [bci: 73] | -at Mandelbrot.mandelbrot(int) [bci: 147]
Comp 130 (java.lang.StringLatin1.equals(byte[],) loops:
Found Encoding : 0:-1
└── Loop 0
  loop 0 Cycles: 3596 || Activation Count:0 | LoopCallCount: 0 |  Source: -at java.lang.StringLatin1.equals(StringLatin1.java:100) [bci: 9] | -at java.lang.StringLatin1.equals(StringLatin1.java:105) [bci: 32]
Comp 142 (java.lang.StringLatin1.inflate(byte[],) loops:
Found Encoding : 0:-1,1:-1,2:-1
├── Loop 0
├── Loop 1
└── Loop 2
  loop 0 Cycles: 7872 || Activation Count:0 | LoopCallCount: 0 |  Source: -at java.lang.StringLatin1.inflate(StringLatin1.java:767) [bci: 3] | -at java.lang.StringLatin1.inflate(StringLatin1.java:770) [bci: 33]
  loop 1 Cycles: 12470 || Activation Count:0 | LoopCallCount: 0 |  Source: Source Missing | -at java.lang.StringLatin1.inflate(StringLatin1.java:770) [bci: 33]
  loop 2 Cycles: 9214 || Activation Count:0 | LoopCallCount: 0 |  Source: Source Missing | -at java.lang.StringLatin1.inflate(StringLatin1.java:770) [bci: 33]
Comp 143 (java.lang.StringCoding.implEncodeAsciiArray(char[],) loops:
Found Encoding : 0:-1
└── Loop 0
  loop 0 Cycles: 146 || Activation Count:0 | LoopCallCount: 0 |  Source: -at java.lang.StringCoding.implEncodeAsciiArray(StringCoding.java:118) [bci: 3] | -at java.lang.StringCoding.implEncodeAsciiArray(StringCoding.java:124) [bci: 44]
Comp 144 (java.lang.StringCoding.implEncodeAsciiArray(char[],-Re-Comp) loops:
Found Encoding : 0:-1
└── Loop 0
  loop 0 Cycles: 20830 || Activation Count:0 | LoopCallCount: 0 |  Source: -at java.lang.StringCoding.implEncodeAsciiArray(StringCoding.java:118) [bci: 3] | -at java.lang.StringCoding.implEncodeAsciiArray(StringCoding.java:124) [bci: 44]

Finished Mandelbrot BuboOn at Thu 22 Jan 14:19:09 GMT 2026
============================================================
