============================================================
Benchmark: Mandelbrot
BuboLIRPhase: false
RUNS: 500
extra_args: 750
Timestamp: Thu 22 Jan 14:19:09 GMT 2026

[WARN] Unknown argument: output
Could not locate BlockSlowdown.json
Skipping Loading (this might cause a fatal crash if GTSlowdown is on)
[Use -Djdk.graal.LogFile=<path> to redirect Graal log output to a file.]
java.lang.module.ModuleDescriptor.name()java.lang.String -1 codeSignature differs 5be282a10c496d4000571a6844c9c0bc109901813a12d3aea5364efad6a66c85 != 56a4ef2702ccb7a079a36c5f0ed4055a5908c2e7a9296eac6b3ffe2db37f4a2d
java.lang.module.ModuleReference.descriptor()java.lang.module.ModuleDescriptor -1 codeSignature differs 14be906eafbcd0e98db8607fd01b12de837039bcd06c460d0cf8f6394c8cff6d != da5cf171143f5513c1e4cdf5bb02fc95a3ea90774fedf9fb851ec26a1218a12f
java.lang.Enum.ordinal()int -1 codeSignature differs d4ce072063a0e5d7b77fa03ca89aafb8f3e3ecf13c518dc1905e344d1e62c58a != e88b1ad01cee91360e4f1ac151ade0525982fae29bddccb8434060766b83fd62
java.lang.Class.isPrimitive()boolean -1 codeSignature differs 98ab40cf2ebcc843a57e4548f9a42e2e9f3f439b3cfc72b2a9affe72c8d06a5f != 5b9fc3b01b5ff747850254186cdcc08e50c4f85fb4d4d68bc0989fcb181794f8
jdk.internal.util.StrongReferenceKey.get()java.lang.Object -1 codeSignature differs 14be906eafbcd0e98db8607fd01b12de837039bcd06c460d0cf8f6394c8cff6d != da5cf171143f5513c1e4cdf5bb02fc95a3ea90774fedf9fb851ec26a1218a12f
java.lang.Class.getClassLoader()java.lang.ClassLoader -1 codeSignature differs 1ec746d9657abb2124f404e47924197593986fc62346c6cd76072c08e29afddf != 454facf798c6644faed5619d9e1dae25408778409730f09c41b1c0c95518fd46
java.lang.invoke.MethodType.returnType()java.lang.Class -1 codeSignature differs 14be906eafbcd0e98db8607fd01b12de837039bcd06c460d0cf8f6394c8cff6d != da5cf171143f5513c1e4cdf5bb02fc95a3ea90774fedf9fb851ec26a1218a12f
jdk.internal.classfile.impl.AbstractPoolEntry.index()int -1 codeSignature differs d4ce072063a0e5d7b77fa03ca89aafb8f3e3ecf13c518dc1905e344d1e62c58a != e88b1ad01cee91360e4f1ac151ade0525982fae29bddccb8434060766b83fd62
java.lang.invoke.MemberName.getDeclaringClass()java.lang.Class -1 codeSignature differs b46e439bc51650ff335d2a7124f0b0154f260fe1af8ba145c6fd3cf5008c9e4e != de7d2501b6c4ceaef40260482daf6e5ea615f5f43bc71d4e0a42f41866056e09
java.lang.invoke.MethodType.form()java.lang.invoke.MethodTypeForm -1 codeSignature differs 5be282a10c496d4000571a6844c9c0bc109901813a12d3aea5364efad6a66c85 != 56a4ef2702ccb7a079a36c5f0ed4055a5908c2e7a9296eac6b3ffe2db37f4a2d
java.util.stream.FindOps$FindSink.cancellationRequested()boolean -1 codeSignature differs 55af0dc4b7688c78180d5f5b00584e4bf66cf93bd60716f9aab49e7a6fd64ac4 != d201d3c970d1bea0e5266b3abd2e0b5e37d50f57628f0f6798d16338d8e21f6a
java.lang.Object.<init>()void -1 codeSignature differs fe534d3aac0502b22527b54e744892c09d7496fd765947a3ee3ec9a070d56f92 != b5ee38686824d688fb238521bf027287d22a9235c6ea851247456595ee3c4ca5
java.lang.String.hashCode()int -1 codeSignature differs cd869c87835ef8242ee90410caccd8a61a63cd99231e11f83fcdc76366e70264 != aa1e9c2f9ea239d2fb15b2f7ff9a60f790f0544470df5bee9a657461c7ae39f8
jdk.internal.module.ModuleReferenceImpl.moduleResolution()jdk.internal.module.ModuleResolution -1 codeSignature differs b76db95b8fd3a055b26c3a6c15023743ea3cd488646d474319964a2e9e13b73e != c90e5cf05b5ed15b2ee4632b0f01daf8e8a827ca7e4e1d9f528d5eb553edbcfd
java.lang.module.ModuleDescriptor$Requires.modifiers()java.util.Set -1 codeSignature differs 14be906eafbcd0e98db8607fd01b12de837039bcd06c460d0cf8f6394c8cff6d != da5cf171143f5513c1e4cdf5bb02fc95a3ea90774fedf9fb851ec26a1218a12f
java.lang.module.ModuleDescriptor$Requires.name()java.lang.String -1 codeSignature differs 90f01eeb46d88d53d0e4e48ef19445eb3bdf8101a00c7dc3f717a337df9fb41f != c4651eecda0d588acaac43a9ae165ea6a40380899e75b0e7578d22406e0c012a
java.lang.module.ModuleDescriptor.requires()java.util.Set -1 codeSignature differs 50021c78154f047ad8f88f0733084203e726ca2f3911eed3f4e2615369ae39b2 != a12f6d231bab91ade119f5f7e87b83e28ce01e2d62fff01cc7676b635a92f884
java.lang.module.ModuleDescriptor.isAutomatic()boolean -1 codeSignature differs 2c5d9434fa6cbff1c0177053ad01774247e7a98383a3d0ee5c4dccbf56bf9e86 != 08dea6d6ec137b950a0343efb1bd030f87565d8e5b95eb64f025bd8e338928e2
java.util.HashMap$Node.getKey()java.lang.Object -1 codeSignature differs 90f01eeb46d88d53d0e4e48ef19445eb3bdf8101a00c7dc3f717a337df9fb41f != c4651eecda0d588acaac43a9ae165ea6a40380899e75b0e7578d22406e0c012a
java.util.HashMap$Node.getValue()java.lang.Object -1 codeSignature differs 5be282a10c496d4000571a6844c9c0bc109901813a12d3aea5364efad6a66c85 != 56a4ef2702ccb7a079a36c5f0ed4055a5908c2e7a9296eac6b3ffe2db37f4a2d
java.util.ImmutableCollections$Set12.isEmpty()boolean -1 codeSignature differs d890ffc04cd03ec866061096d7d13d2670cacc5a2328b692374e3523d40574bd != 6120e833de16ceab3ef754d1b00c19883b3f73962ba2cdf17c59c3710ba02d36
java.lang.module.ModuleDescriptor$Exports.source()java.lang.String -1 codeSignature differs 90f01eeb46d88d53d0e4e48ef19445eb3bdf8101a00c7dc3f717a337df9fb41f != c4651eecda0d588acaac43a9ae165ea6a40380899e75b0e7578d22406e0c012a
java.lang.module.ModuleDescriptor$Exports.targets()java.util.Set -1 codeSignature differs 5be282a10c496d4000571a6844c9c0bc109901813a12d3aea5364efad6a66c85 != 56a4ef2702ccb7a079a36c5f0ed4055a5908c2e7a9296eac6b3ffe2db37f4a2d
java.lang.module.ModuleDescriptor.provides()java.util.Set -1 codeSignature differs 309d9291f2d3c2a63becdec49b2c74b25af9d7fdc62dad05faf86a64889608fc != f5d85dfdf7fef12d65d210d402c44bf26eeb0fb3f9225e78ee6443caec31b619
java.lang.module.ModuleDescriptor.exports()java.util.Set -1 codeSignature differs 948d21eddb9ad191efbc24290e4e840a30aebb134151b75def9175ab54c0a48c != c3334e7c488922d9ee7281afad5b7ca4db54a4ab2b49cf0e755dc0a6c55854b4
java.lang.module.ModuleDescriptor.uses()java.util.Set -1 codeSignature differs e3ce51591a4fee3aaff0c687fbb639bc8c1569c92e84d989cdc906a081a3aa6f != 69f900c261d900c3a12e3d84961667caa75caf8ed42490b80edd3cdf23db4832
java.util.Objects.requireNonNull(java.lang.Object)java.lang.Object -1 codeSignature differs fab3390bacdc1c06ac727172609d32d56c9697db51c25bc06ba90803d6336aa7 != 5f34d305ad8c459e05cc78e8e67ce712079a25140f4444aee0bca43f73c4de02
java.util.ImmutableCollections$SetN$SetNIterator.hasNext()boolean -1 codeSignature differs 014069b9d29ae67f97f8d652b8d7a77d9057cdb393e4e32597c925d7a30bdc82 != 60575b8cd4d2a8242a8aab77fb607844ec4f52bcc97ca89e8880d7f6422024af
java.util.ImmutableCollections$SetN$SetNIterator.next()java.lang.Object -1 codeSignature differs 19f633def369057e0f3d5ef4b17db18d49e95f181218302fbf3185223e5d2d12 != 3ebd7591a8a487390491b17f6bf1893dd8d3d0cbebb3582e4492c3d36ffe7e42
java.util.HashMap.hash(java.lang.Object)int -1 codeSignature differs 3b23a5a212fc71e387a546047aee46d0faf6c3edbfadb96f462120aca501d80c != 5b0761ed052bc7366fe2729a6d91da427a97a7093b869a0384f167d660650728
java.lang.module.ModuleDescriptor$Provides.service()java.lang.String -1 codeSignature differs 14be906eafbcd0e98db8607fd01b12de837039bcd06c460d0cf8f6394c8cff6d != da5cf171143f5513c1e4cdf5bb02fc95a3ea90774fedf9fb851ec26a1218a12f
java.lang.module.ModuleDescriptor$Exports.isQualified()boolean -1 codeSignature differs 7e15ee8f892c00e0f9ad059c746d9edabaf6338253f1b078cc407770eb0073f7 != 4564378fbc7dfc488db24814632e10c5c8678e8258ab69d4607911e3043b9e12
java.util.HashMap.putVal(int, java.lang.Object, java.lang.Object, boolean, boolean)java.lang.Object -1 codeSignature differs 73b36dd60b3b9c8227fce6edf82227da585e85bea38dac42e7e1cf2463a24cda != a8d7ee9d1fce84fc0519cae53e64f66affc01f025ae5d78b8e427fdfbe592f04
java.util.HashMap.putVal(int, java.lang.Object, java.lang.Object, boolean, boolean)java.lang.Object -1 graphSignature differs 27ba10a12906ca5a4eaa0ddbdb8cdbd97a0a183d21916ae0dce244a079058c87 != 5a74e12f320f5360d51b0bb3946f087ce2dce5afa144b15d312a3acc1621c4cf
java.util.HashMap$Node.<init>(int, java.lang.Object, java.lang.Object, java.util.HashMap$Node)void -1 codeSignature differs 9452d2f79070ebecd19d3b48183c095a0da5dcf2dc6bc7655099bf542d7dfaad != b69860c9d4b5471418086111ae0809e0c31340d5dd85e417b69437d56d9e74d9
java.lang.String.equals(java.lang.Object)boolean -1 codeSignature differs a6e309c433362d27e37b39c73cf8e578c064ab97bae8a3e01c77329c59654391 != 9d4deb1417e3dc3304e6e48d0050681b843c1c29f58a963fe6d7cb88c5948543
java.lang.Byte.toUnsignedInt(byte)int -1 codeSignature differs ef53887b8aa24310d9482f8fff2e03d6f5088235fdd6794c9711e90d2fb316a1 != 13d5f6657504f424775e099bdc463c00fbb2dd5e93459aa3373cba81212b5a0d
java.util.KeyValueHolder.getKey()java.lang.Object -1 codeSignature differs 14be906eafbcd0e98db8607fd01b12de837039bcd06c460d0cf8f6394c8cff6d != da5cf171143f5513c1e4cdf5bb02fc95a3ea90774fedf9fb851ec26a1218a12f
java.util.KeyValueHolder.getValue()java.lang.Object -1 codeSignature differs 90f01eeb46d88d53d0e4e48ef19445eb3bdf8101a00c7dc3f717a337df9fb41f != c4651eecda0d588acaac43a9ae165ea6a40380899e75b0e7578d22406e0c012a
java.lang.module.ModuleDescriptor.packages()java.util.Set -1 codeSignature differs 1ec746d9657abb2124f404e47924197593986fc62346c6cd76072c08e29afddf != 454facf798c6644faed5619d9e1dae25408778409730f09c41b1c0c95518fd46
java.lang.module.ResolvedModule.reference()java.lang.module.ModuleReference -1 codeSignature differs 90f01eeb46d88d53d0e4e48ef19445eb3bdf8101a00c7dc3f717a337df9fb41f != c4651eecda0d588acaac43a9ae165ea6a40380899e75b0e7578d22406e0c012a
java.lang.module.ModuleDescriptor$Version.toString()java.lang.String -1 codeSignature differs 14be906eafbcd0e98db8607fd01b12de837039bcd06c460d0cf8f6394c8cff6d != da5cf171143f5513c1e4cdf5bb02fc95a3ea90774fedf9fb851ec26a1218a12f
java.lang.AbstractStringBuilder.length()int -1 codeSignature differs d4ce072063a0e5d7b77fa03ca89aafb8f3e3ecf13c518dc1905e344d1e62c58a != e88b1ad01cee91360e4f1ac151ade0525982fae29bddccb8434060766b83fd62
java.util.HashMap.newNode(int, java.lang.Object, java.lang.Object, java.util.HashMap$Node)java.util.HashMap$Node -1 codeSignature differs 0b57ad3d0ea1b0de0d3ae4d1256f2a3bf2dacceb94022bee4e70d75bf1848358 != df85b2b14fb5de70af8f6a1aa6efa050fdaf0546a0197d26ebd4113543cc599e
java.util.HashMap.afterNodeInsertion(boolean)void -1 codeSignature differs fe534d3aac0502b22527b54e744892c09d7496fd765947a3ee3ec9a070d56f92 != b5ee38686824d688fb238521bf027287d22a9235c6ea851247456595ee3c4ca5
java.util.HashMap.resize()java.util.HashMap$Node[] -1 codeSignature differs aad927b354798f6c09bdd8638a2b612f1d1fd5dd2674ed4a838dcb2e1a6d12f9 != 432daa38377321451325e8b1df744549fbc59ce1da32f6a4055dc486b26e98e9
java.lang.module.ResolvedModule.configuration()java.lang.module.Configuration -1 codeSignature differs 14be906eafbcd0e98db8607fd01b12de837039bcd06c460d0cf8f6394c8cff6d != da5cf171143f5513c1e4cdf5bb02fc95a3ea90774fedf9fb851ec26a1218a12f
java.lang.module.ModuleDescriptor.isOpen()boolean -1 codeSignature differs 7251ebfc69511ba11260ce3e5fe8de41e1ee424c1c84ef382507a4b520f46599 != c4f3939346c24cd7625b42361349cb6733a9291eeffd7507e7bf858c000192f4
java.util.HashMap.size()int -1 codeSignature differs 55d12884885f16e44e8204f924f64617688caf405b709d32e1e72896f6c27c3d != 9a030125c16a396ec668abdad74e59397cb88f5e4ba93604e8c6b48c6233e93d
Profiling started
Could not locate BlockSlowdown.json
Skipping Loading (this might cause a fatal crash if GTSlowdown is on)
java.util.zip.ZipCoder$UTF8ZipCoder.isUTF8()boolean -1 codeSignature differs 6e3a14458a0fca90e6a63285514a933585cea592cb622e79b33ddc5df6e0fb66 != 6fdd5e023f8b36c06ccfc437f07740607e2fd6af8789c2b6573b1f8e5aec4921
java.lang.invoke.MethodType.ptypes()java.lang.Class[] -1 codeSignature differs 90f01eeb46d88d53d0e4e48ef19445eb3bdf8101a00c7dc3f717a337df9fb41f != c4651eecda0d588acaac43a9ae165ea6a40380899e75b0e7578d22406e0c012a
jdk.internal.util.Preconditions.checkIndex(int, int, java.util.function.BiFunction)int -1 codeSignature differs 0537b0c8dc5fe868ee44de1817c0b047b24d886158549ad641b2b99126c678bb != 097cdde476e7d7a11441cfa0c37471ca0a888d4c4166d67eed1a7e5c4df66c77
java.nio.Buffer.limit()int -1 codeSignature differs 55d12884885f16e44e8204f924f64617688caf405b709d32e1e72896f6c27c3d != 9a030125c16a396ec668abdad74e59397cb88f5e4ba93604e8c6b48c6233e93d
jdk.internal.classfile.impl.AbstractPoolEntry.width()int -1 codeSignature differs 6e3a14458a0fca90e6a63285514a933585cea592cb622e79b33ddc5df6e0fb66 != 6fdd5e023f8b36c06ccfc437f07740607e2fd6af8789c2b6573b1f8e5aec4921
jdk.internal.classfile.impl.SplitConstantPool.size()int -1 codeSignature differs 1e851f5b2cbf37c0cd46831368dd889b60dff01d7b16161259960e24b264ceb1 != d37b0c203163b479a20ad6e2dad4e21eac1f1ad9b1ebc37e97f7861914a001ed
java.util.Properties$LineReader.readLine()int -1 codeSignature differs 3fba3e9edd5e4cedb96278d46b6cff483f2d1c092dec2e534b016b1ac2ec9479 != 43961d71b71ba232ed2694d540aa571e36bd52adf8e4b027613a65dc317ee3ed
java.lang.AbstractStringBuilder.getValue()byte[] -1 codeSignature differs 5be282a10c496d4000571a6844c9c0bc109901813a12d3aea5364efad6a66c85 != 56a4ef2702ccb7a079a36c5f0ed4055a5908c2e7a9296eac6b3ffe2db37f4a2d
java.lang.Enum.name()java.lang.String -1 codeSignature differs 5be282a10c496d4000571a6844c9c0bc109901813a12d3aea5364efad6a66c85 != 56a4ef2702ccb7a079a36c5f0ed4055a5908c2e7a9296eac6b3ffe2db37f4a2d
jdk.internal.util.ArraysSupport.unsignedHashCode(int, byte[], int, int)int -1 codeSignature differs 4d5957074f035392f4f1040fa7b9c8e8516cc366cc99a9663ff8e211636027cb != 4dd8a0d23b54449c010a38548a4ec34726658ad72759db6c8d42ad0645f343a2
sun.util.locale.BaseLocale.getLanguage()java.lang.String -1 codeSignature differs 90f01eeb46d88d53d0e4e48ef19445eb3bdf8101a00c7dc3f717a337df9fb41f != c4651eecda0d588acaac43a9ae165ea6a40380899e75b0e7578d22406e0c012a
java.util.LinkedHashMap.removeEldestEntry(java.util.Map$Entry)boolean -1 codeSignature differs d890ffc04cd03ec866061096d7d13d2670cacc5a2328b692374e3523d40574bd != 6120e833de16ceab3ef754d1b00c19883b3f73962ba2cdf17c59c3710ba02d36
java.util.concurrent.ConcurrentHashMap.tabAt(java.util.concurrent.ConcurrentHashMap$Node[], int)java.util.concurrent.ConcurrentHashMap$Node -1 codeSignature differs 71d647ba8c6a0b4ea5a8b561fe43e8bed960c9cb04034a7aef626c5d8360de6d != 822749e9eab55cf0ab08d112d11f644faf7767e7d7f602f22b2982e4341c74e7
jdk.internal.misc.Unsafe.getReferenceAcquire(java.lang.Object, long)java.lang.Object -1 codeSignature differs 0be5c2bda59735ac5470d27796a18d252d59667b906c14721265d97be8abdd5a != a748a0c1fa3d1b22da119249a3931a9411370dff9604e49b3d7ef522719454b3
java.lang.String.coder()byte -1 codeSignature differs f3a73f0f7ffcffdf8962f6b17b32b9d22dceb70a6321ad4e83f092ac924fb640 != 957313288ef4bdda0b4cd025d583dcf3b718c3f3a50464b737eb27e80ce0139f
java.security.Provider$Service.getType()java.lang.String -1 codeSignature differs 90f01eeb46d88d53d0e4e48ef19445eb3bdf8101a00c7dc3f717a337df9fb41f != c4651eecda0d588acaac43a9ae165ea6a40380899e75b0e7578d22406e0c012a
java.security.Provider$Service.getAlgorithm()java.lang.String -1 codeSignature differs 5be282a10c496d4000571a6844c9c0bc109901813a12d3aea5364efad6a66c85 != 56a4ef2702ccb7a079a36c5f0ed4055a5908c2e7a9296eac6b3ffe2db37f4a2d
java.security.Provider$Service.getAliases()java.util.List -1 codeSignature differs ec9959256dfdc1e5d707b10920cbff0d77d6151df3608588ba4900964b3e0488 != 48d94502b891e4704180e00ca37d65d0a704038e75c0e2368237a34efba54df3
jdk.internal.classfile.impl.RawBytecodeHelper.bci()int -1 codeSignature differs fe46e3fea17c2bcac25676024acf43715946ed13832c36004058f315d01e6ed3 != e2795d501a46b0bfb6e8c56434b112c0ea54a81c9e313ecde41f1f8b0f3deb09
jdk.internal.classfile.impl.AbstractPoolEntry.constantPool()java.lang.classfile.constantpool.ConstantPool -1 codeSignature differs 5be282a10c496d4000571a6844c9c0bc109901813a12d3aea5364efad6a66c85 != 56a4ef2702ccb7a079a36c5f0ed4055a5908c2e7a9296eac6b3ffe2db37f4a2d
jdk.internal.util.WeakReferenceKey.hashCode()int -1 codeSignature differs 55d12884885f16e44e8204f924f64617688caf405b709d32e1e72896f6c27c3d != 9a030125c16a396ec668abdad74e59397cb88f5e4ba93604e8c6b48c6233e93d
java.lang.String.value()byte[] -1 codeSignature differs 5be282a10c496d4000571a6844c9c0bc109901813a12d3aea5364efad6a66c85 != 56a4ef2702ccb7a079a36c5f0ed4055a5908c2e7a9296eac6b3ffe2db37f4a2d
java.lang.String.isLatin1()boolean -1 codeSignature differs 7fbdb74539501cf2e6eb2a3c4a15d0e6598aaf73df2e1a5e20fd95a35a58b24e != 3176213e3be72bb5e1b482eae8a1c07901556750cdd7d42ef0cea4727e1ff083
Starting Mandelbrot benchmark ...
Mandelbrot.mandelbrot(int)int -1 codeSignature differs 79ac060838680dd35d74365fe46f4f2de5e468a38cecde6879e4265005ad18fb != 7017040bae67abdb9360ae2c0459a5f7444b546e7bbddb3c2343a514eb62cf8e
jdk.internal.constant.ClassOrInterfaceDescImpl.descriptorString()java.lang.String -1 codeSignature differs 14be906eafbcd0e98db8607fd01b12de837039bcd06c460d0cf8f6394c8cff6d != da5cf171143f5513c1e4cdf5bb02fc95a3ea90774fedf9fb851ec26a1218a12f
jdk.internal.classfile.impl.BufWriterImpl.size()int -1 codeSignature differs fe46e3fea17c2bcac25676024acf43715946ed13832c36004058f315d01e6ed3 != e2795d501a46b0bfb6e8c56434b112c0ea54a81c9e313ecde41f1f8b0f3deb09
java.lang.invoke.MethodTypeForm.erasedType()java.lang.invoke.MethodType -1 codeSignature differs 90f01eeb46d88d53d0e4e48ef19445eb3bdf8101a00c7dc3f717a337df9fb41f != c4651eecda0d588acaac43a9ae165ea6a40380899e75b0e7578d22406e0c012a
jdk.internal.classfile.impl.AbstractDirectBuilder.constantPool()jdk.internal.classfile.impl.SplitConstantPool -1 codeSignature differs 14be906eafbcd0e98db8607fd01b12de837039bcd06c460d0cf8f6394c8cff6d != da5cf171143f5513c1e4cdf5bb02fc95a3ea90774fedf9fb851ec26a1218a12f
java.lang.StringLatin1.equals(byte[], byte[])boolean -1 codeSignature differs ce6957fde94989d8dfb9f657cd698acb12bd0f01e407ce68915647520f63bd02 != 625a83ff75952a5d0a805a4c58b62ea8ac6fa4c2e347559de275b3de58e5cde6
java.lang.invoke.MethodHandle.type()java.lang.invoke.MethodType -1 codeSignature differs 90f01eeb46d88d53d0e4e48ef19445eb3bdf8101a00c7dc3f717a337df9fb41f != c4651eecda0d588acaac43a9ae165ea6a40380899e75b0e7578d22406e0c012a
java.util.ArrayList.size()int -1 codeSignature differs fe46e3fea17c2bcac25676024acf43715946ed13832c36004058f315d01e6ed3 != e2795d501a46b0bfb6e8c56434b112c0ea54a81c9e313ecde41f1f8b0f3deb09
Mandelbrot: iterations=1 runtime: 250664us
Mandelbrot: iterations=2 runtime: 213804us
Mandelbrot: iterations=3 runtime: 215390us
Mandelbrot: iterations=4 runtime: 214123us
Mandelbrot: iterations=5 runtime: 215273us
Mandelbrot: iterations=6 runtime: 215331us
Mandelbrot: iterations=7 runtime: 215307us
Mandelbrot: iterations=8 runtime: 215277us
Mandelbrot: iterations=9 runtime: 215702us
Mandelbrot: iterations=10 runtime: 216620us
Mandelbrot: iterations=11 runtime: 215110us
java.lang.String.length()int -1 codeSignature differs 5f2a9f3bb1f4f800ea4f2ad278553dedcfc789fe27a155b26df986828b30ede3 != c429f09bde0922a4e93c787fa5a5cdbca277237619ab7dc7eb3cc60d99b0f3aa
Mandelbrot: iterations=12 runtime: 215671us
Mandelbrot: iterations=13 runtime: 216044us
Mandelbrot: iterations=14 runtime: 214315us
Mandelbrot: iterations=15 runtime: 215357us
Mandelbrot: iterations=16 runtime: 215792us
Mandelbrot: iterations=17 runtime: 215104us
Mandelbrot: iterations=18 runtime: 216504us
Mandelbrot: iterations=19 runtime: 215089us
Could not locate BlockSlowdown.json
Skipping Loading (this might cause a fatal crash if GTSlowdown is on)
java.nio.Buffer.position()int -1 codeSignature differs 3f64cd4fafea8a3cef87601314961681d43f2aa75c3a358c1b0ce8d9a1c4731a != a754d4fbb14cb674813e5d56933661602e017cf332100c6f35524287a66eeea9
Mandelbrot: iterations=20 runtime: 215667us
Mandelbrot: iterations=21 runtime: 217315us
Mandelbrot: iterations=22 runtime: 215397us
Mandelbrot: iterations=23 runtime: 215125us
Mandelbrot: iterations=24 runtime: 215548us
Mandelbrot: iterations=25 runtime: 213042us
Mandelbrot: iterations=26 runtime: 212433us
Mandelbrot: iterations=27 runtime: 212042us
Mandelbrot: iterations=28 runtime: 215120us
Mandelbrot: iterations=29 runtime: 215133us
Mandelbrot: iterations=30 runtime: 214972us
Mandelbrot: iterations=31 runtime: 214280us
Mandelbrot: iterations=32 runtime: 214010us
Mandelbrot: iterations=33 runtime: 215297us
Mandelbrot: iterations=34 runtime: 214304us
Mandelbrot: iterations=35 runtime: 214375us
Mandelbrot: iterations=36 runtime: 214213us
Mandelbrot: iterations=37 runtime: 213757us
Mandelbrot: iterations=38 runtime: 214955us
Mandelbrot: iterations=39 runtime: 215333us
Mandelbrot: iterations=40 runtime: 214470us
Mandelbrot: iterations=41 runtime: 216356us
Mandelbrot: iterations=42 runtime: 215317us
Mandelbrot: iterations=43 runtime: 214766us
Mandelbrot: iterations=44 runtime: 214649us
Mandelbrot: iterations=45 runtime: 214949us
Mandelbrot: iterations=46 runtime: 214731us
Mandelbrot: iterations=47 runtime: 215722us
Mandelbrot: iterations=48 runtime: 215634us
Mandelbrot: iterations=49 runtime: 215732us
Mandelbrot: iterations=50 runtime: 215090us
Mandelbrot: iterations=51 runtime: 215392us
Mandelbrot: iterations=52 runtime: 215261us
Mandelbrot: iterations=53 runtime: 217285us
Mandelbrot: iterations=54 runtime: 217175us
Mandelbrot: iterations=55 runtime: 214471us
Mandelbrot: iterations=56 runtime: 214166us
Mandelbrot: iterations=57 runtime: 215333us
Mandelbrot: iterations=58 runtime: 215886us
Mandelbrot: iterations=59 runtime: 214428us
Mandelbrot: iterations=60 runtime: 214392us
Mandelbrot: iterations=61 runtime: 215448us
Mandelbrot: iterations=62 runtime: 213497us
Mandelbrot: iterations=63 runtime: 213472us
Mandelbrot: iterations=64 runtime: 215027us
Mandelbrot: iterations=65 runtime: 213798us
Mandelbrot: iterations=66 runtime: 214745us
Mandelbrot: iterations=67 runtime: 213928us
Mandelbrot: iterations=68 runtime: 213659us
Mandelbrot: iterations=69 runtime: 213601us
Mandelbrot: iterations=70 runtime: 214594us
Mandelbrot: iterations=71 runtime: 215106us
Mandelbrot: iterations=72 runtime: 215132us
Mandelbrot: iterations=73 runtime: 214143us
Mandelbrot: iterations=74 runtime: 214131us
Mandelbrot: iterations=75 runtime: 214482us
Mandelbrot: iterations=76 runtime: 214240us
Mandelbrot: iterations=77 runtime: 214033us
Mandelbrot: iterations=78 runtime: 213844us
Mandelbrot: iterations=79 runtime: 213980us
Mandelbrot: iterations=80 runtime: 214984us
Mandelbrot: iterations=81 runtime: 214211us
Mandelbrot: iterations=82 runtime: 214829us
Mandelbrot: iterations=83 runtime: 214184us
Mandelbrot: iterations=84 runtime: 214599us
Mandelbrot: iterations=85 runtime: 214048us
Mandelbrot: iterations=86 runtime: 215066us
Mandelbrot: iterations=87 runtime: 215131us
Mandelbrot: iterations=88 runtime: 216897us
Mandelbrot: iterations=89 runtime: 214846us
Mandelbrot: iterations=90 runtime: 214711us
Could not locate BlockSlowdown.json
Skipping Loading (this might cause a fatal crash if GTSlowdown is on)
java.nio.Buffer.capacity()int -1 codeSignature differs 138bc711c3bed648b8548df225303894eec321dce856bde9fbb2267d74239e89 != 8366e168458356e9e2795362a66f19336b0e55f9e34ac8b5d6d37702a481c8da
Mandelbrot: iterations=91 runtime: 214416us
Mandelbrot: iterations=92 runtime: 214581us
Mandelbrot: iterations=93 runtime: 212774us
Mandelbrot: iterations=94 runtime: 215064us
Mandelbrot: iterations=95 runtime: 213481us
Mandelbrot: iterations=96 runtime: 213653us
Mandelbrot: iterations=97 runtime: 213320us
Mandelbrot: iterations=98 runtime: 213796us
Mandelbrot: iterations=99 runtime: 214418us
Mandelbrot: iterations=100 runtime: 214892us
Mandelbrot: iterations=101 runtime: 214307us
Mandelbrot: iterations=102 runtime: 214640us
Mandelbrot: iterations=103 runtime: 214781us
Mandelbrot: iterations=104 runtime: 214314us
Mandelbrot: iterations=105 runtime: 214161us
Mandelbrot: iterations=106 runtime: 214778us
Mandelbrot: iterations=107 runtime: 214373us
Mandelbrot: iterations=108 runtime: 215362us
Mandelbrot: iterations=109 runtime: 216674us
Mandelbrot: iterations=110 runtime: 214512us
Mandelbrot: iterations=111 runtime: 216174us
Mandelbrot: iterations=112 runtime: 214740us
Mandelbrot: iterations=113 runtime: 214151us
Mandelbrot: iterations=114 runtime: 214669us
Mandelbrot: iterations=115 runtime: 213875us
Mandelbrot: iterations=116 runtime: 214199us
Mandelbrot: iterations=117 runtime: 216379us
Mandelbrot: iterations=118 runtime: 215205us
Mandelbrot: iterations=119 runtime: 215329us
Mandelbrot: iterations=120 runtime: 214254us
Mandelbrot: iterations=121 runtime: 214859us
Mandelbrot: iterations=122 runtime: 215094us
Mandelbrot: iterations=123 runtime: 214917us
Mandelbrot: iterations=124 runtime: 215080us
Mandelbrot: iterations=125 runtime: 214748us
Mandelbrot: iterations=126 runtime: 215518us
Could not locate BlockSlowdown.json
Skipping Loading (this might cause a fatal crash if GTSlowdown is on)
java.nio.charset.CharsetEncoder.maxBytesPerChar()float -1 codeSignature differs d0dc63dd2361c2989cb14e4cf77bfb3442e0a43d3c92bbd78638646fefb8363f != fecc7851573229b2c1300c739298992122dcb58fa032d82e9692f06a80e3cdc4
Mandelbrot: iterations=127 runtime: 215219us
Mandelbrot: iterations=128 runtime: 215626us
Mandelbrot: iterations=129 runtime: 215573us
Mandelbrot: iterations=130 runtime: 214666us
Mandelbrot: iterations=131 runtime: 216245us
Mandelbrot: iterations=132 runtime: 215354us
Mandelbrot: iterations=133 runtime: 214723us
Mandelbrot: iterations=134 runtime: 216963us
Mandelbrot: iterations=135 runtime: 215188us
Mandelbrot: iterations=136 runtime: 215537us
Mandelbrot: iterations=137 runtime: 215646us
Mandelbrot: iterations=138 runtime: 215642us
Mandelbrot: iterations=139 runtime: 214309us
Mandelbrot: iterations=140 runtime: 214701us
Mandelbrot: iterations=141 runtime: 213756us
Mandelbrot: iterations=142 runtime: 215718us
Mandelbrot: iterations=143 runtime: 215223us
Mandelbrot: iterations=144 runtime: 215374us
Mandelbrot: iterations=145 runtime: 215482us
Mandelbrot: iterations=146 runtime: 217003us
Mandelbrot: iterations=147 runtime: 215184us
Mandelbrot: iterations=148 runtime: 216381us
Mandelbrot: iterations=149 runtime: 214693us
Mandelbrot: iterations=150 runtime: 215180us
Mandelbrot: iterations=151 runtime: 214865us
Mandelbrot: iterations=152 runtime: 214923us
Mandelbrot: iterations=153 runtime: 215078us
Mandelbrot: iterations=154 runtime: 215558us
Mandelbrot: iterations=155 runtime: 214601us
Mandelbrot: iterations=156 runtime: 260561us
Mandelbrot: iterations=157 runtime: 218087us
Mandelbrot: iterations=158 runtime: 215954us
Mandelbrot: iterations=159 runtime: 216055us
Mandelbrot: iterations=160 runtime: 215191us
Mandelbrot: iterations=161 runtime: 214253us
Mandelbrot: iterations=162 runtime: 215346us
Mandelbrot: iterations=163 runtime: 216203us
Mandelbrot: iterations=164 runtime: 215357us
Mandelbrot: iterations=165 runtime: 217581us
Mandelbrot: iterations=166 runtime: 215974us
Mandelbrot: iterations=167 runtime: 215574us
Mandelbrot: iterations=168 runtime: 215040us
Mandelbrot: iterations=169 runtime: 215033us
Mandelbrot: iterations=170 runtime: 214932us
Mandelbrot: iterations=171 runtime: 216073us
Mandelbrot: iterations=172 runtime: 215412us
Mandelbrot: iterations=173 runtime: 214862us
Mandelbrot: iterations=174 runtime: 215712us
Mandelbrot: iterations=175 runtime: 214959us
Mandelbrot: iterations=176 runtime: 214546us
Mandelbrot: iterations=177 runtime: 215524us
Mandelbrot: iterations=178 runtime: 216373us
Mandelbrot: iterations=179 runtime: 215712us
Mandelbrot: iterations=180 runtime: 217340us
Mandelbrot: iterations=181 runtime: 215590us
Mandelbrot: iterations=182 runtime: 215565us
Mandelbrot: iterations=183 runtime: 215490us
Mandelbrot: iterations=184 runtime: 214994us
Mandelbrot: iterations=185 runtime: 215156us
Mandelbrot: iterations=186 runtime: 215949us
Mandelbrot: iterations=187 runtime: 214838us
Mandelbrot: iterations=188 runtime: 215469us
Mandelbrot: iterations=189 runtime: 215124us
Mandelbrot: iterations=190 runtime: 215035us
Mandelbrot: iterations=191 runtime: 216680us
Mandelbrot: iterations=192 runtime: 215352us
Mandelbrot: iterations=193 runtime: 215478us
Mandelbrot: iterations=194 runtime: 214854us
Mandelbrot: iterations=195 runtime: 215107us
Mandelbrot: iterations=196 runtime: 215168us
Mandelbrot: iterations=197 runtime: 214395us
Mandelbrot: iterations=198 runtime: 216488us
Mandelbrot: iterations=199 runtime: 212790us
Mandelbrot: iterations=200 runtime: 217662us
Mandelbrot: iterations=201 runtime: 215874us
Mandelbrot: iterations=202 runtime: 215512us
Mandelbrot: iterations=203 runtime: 217788us
Mandelbrot: iterations=204 runtime: 217212us
Mandelbrot: iterations=205 runtime: 217322us
Mandelbrot: iterations=206 runtime: 216458us
Mandelbrot: iterations=207 runtime: 216927us
Mandelbrot: iterations=208 runtime: 216766us
Mandelbrot: iterations=209 runtime: 216608us
Mandelbrot: iterations=210 runtime: 216464us
Mandelbrot: iterations=211 runtime: 216386us
Mandelbrot: iterations=212 runtime: 216686us
Mandelbrot: iterations=213 runtime: 216264us
Mandelbrot: iterations=214 runtime: 217329us
Mandelbrot: iterations=215 runtime: 218392us
Mandelbrot: iterations=216 runtime: 215462us
Mandelbrot: iterations=217 runtime: 214937us
Mandelbrot: iterations=218 runtime: 214912us
Mandelbrot: iterations=219 runtime: 214802us
Mandelbrot: iterations=220 runtime: 214809us
Mandelbrot: iterations=221 runtime: 214297us
Mandelbrot: iterations=222 runtime: 213684us
Mandelbrot: iterations=223 runtime: 214230us
Mandelbrot: iterations=224 runtime: 214028us
Mandelbrot: iterations=225 runtime: 213658us
Mandelbrot: iterations=226 runtime: 214826us
Mandelbrot: iterations=227 runtime: 214646us
Mandelbrot: iterations=228 runtime: 215150us
Mandelbrot: iterations=229 runtime: 215818us
Mandelbrot: iterations=230 runtime: 214792us
Mandelbrot: iterations=231 runtime: 219553us
Mandelbrot: iterations=232 runtime: 215199us
Mandelbrot: iterations=233 runtime: 215093us
Mandelbrot: iterations=234 runtime: 214663us
Mandelbrot: iterations=235 runtime: 215468us
Mandelbrot: iterations=236 runtime: 215027us
Mandelbrot: iterations=237 runtime: 214494us
Mandelbrot: iterations=238 runtime: 214648us
Mandelbrot: iterations=239 runtime: 215382us
Mandelbrot: iterations=240 runtime: 215423us
Mandelbrot: iterations=241 runtime: 215515us
Mandelbrot: iterations=242 runtime: 215471us
Mandelbrot: iterations=243 runtime: 215300us
Mandelbrot: iterations=244 runtime: 215493us
Mandelbrot: iterations=245 runtime: 214307us
Mandelbrot: iterations=246 runtime: 214708us
Mandelbrot: iterations=247 runtime: 215449us
Mandelbrot: iterations=248 runtime: 216414us
Mandelbrot: iterations=249 runtime: 216093us
Mandelbrot: iterations=250 runtime: 217300us
Mandelbrot: iterations=251 runtime: 215666us
Mandelbrot: iterations=252 runtime: 215952us
Mandelbrot: iterations=253 runtime: 215440us
Mandelbrot: iterations=254 runtime: 215332us
Mandelbrot: iterations=255 runtime: 215331us
Mandelbrot: iterations=256 runtime: 216134us
Mandelbrot: iterations=257 runtime: 215990us
Mandelbrot: iterations=258 runtime: 216205us
Mandelbrot: iterations=259 runtime: 215753us
Mandelbrot: iterations=260 runtime: 216117us
Mandelbrot: iterations=261 runtime: 216380us
Mandelbrot: iterations=262 runtime: 215659us
Mandelbrot: iterations=263 runtime: 216026us
Mandelbrot: iterations=264 runtime: 215898us
Mandelbrot: iterations=265 runtime: 215768us
Mandelbrot: iterations=266 runtime: 216128us
Mandelbrot: iterations=267 runtime: 215844us
Mandelbrot: iterations=268 runtime: 215637us
Mandelbrot: iterations=269 runtime: 215457us
Mandelbrot: iterations=270 runtime: 216838us
Mandelbrot: iterations=271 runtime: 215865us
Mandelbrot: iterations=272 runtime: 216501us
Mandelbrot: iterations=273 runtime: 217071us
Mandelbrot: iterations=274 runtime: 215608us
Mandelbrot: iterations=275 runtime: 216148us
Mandelbrot: iterations=276 runtime: 216263us
Mandelbrot: iterations=277 runtime: 215321us
Mandelbrot: iterations=278 runtime: 215418us
Mandelbrot: iterations=279 runtime: 215694us
Mandelbrot: iterations=280 runtime: 215221us
Mandelbrot: iterations=281 runtime: 215286us
Mandelbrot: iterations=282 runtime: 215401us
Mandelbrot: iterations=283 runtime: 215019us
Mandelbrot: iterations=284 runtime: 215958us
Mandelbrot: iterations=285 runtime: 214739us
Mandelbrot: iterations=286 runtime: 215689us
Mandelbrot: iterations=287 runtime: 215229us
Mandelbrot: iterations=288 runtime: 215141us
Mandelbrot: iterations=289 runtime: 215684us
Mandelbrot: iterations=290 runtime: 215185us
Mandelbrot: iterations=291 runtime: 215120us
Mandelbrot: iterations=292 runtime: 214782us
Mandelbrot: iterations=293 runtime: 215036us
Mandelbrot: iterations=294 runtime: 215086us
Mandelbrot: iterations=295 runtime: 215249us
Mandelbrot: iterations=296 runtime: 217309us
Mandelbrot: iterations=297 runtime: 215337us
Mandelbrot: iterations=298 runtime: 216183us
Mandelbrot: iterations=299 runtime: 215971us
Mandelbrot: iterations=300 runtime: 214699us
Mandelbrot: iterations=301 runtime: 214935us
Mandelbrot: iterations=302 runtime: 216327us
Mandelbrot: iterations=303 runtime: 215251us
Mandelbrot: iterations=304 runtime: 215556us
Mandelbrot: iterations=305 runtime: 215767us
Mandelbrot: iterations=306 runtime: 214466us
Mandelbrot: iterations=307 runtime: 215631us
Mandelbrot: iterations=308 runtime: 215727us
Mandelbrot: iterations=309 runtime: 215040us
Mandelbrot: iterations=310 runtime: 215543us
Mandelbrot: iterations=311 runtime: 215064us
Mandelbrot: iterations=312 runtime: 216576us
Mandelbrot: iterations=313 runtime: 214900us
Mandelbrot: iterations=314 runtime: 214825us
Mandelbrot: iterations=315 runtime: 214377us
Mandelbrot: iterations=316 runtime: 214931us
Mandelbrot: iterations=317 runtime: 214634us
Mandelbrot: iterations=318 runtime: 214181us
Mandelbrot: iterations=319 runtime: 215354us
Mandelbrot: iterations=320 runtime: 214927us
Mandelbrot: iterations=321 runtime: 215747us
Mandelbrot: iterations=322 runtime: 214583us
Mandelbrot: iterations=323 runtime: 214195us
Mandelbrot: iterations=324 runtime: 214030us
Mandelbrot: iterations=325 runtime: 213966us
Mandelbrot: iterations=326 runtime: 214140us
Mandelbrot: iterations=327 runtime: 214824us
Mandelbrot: iterations=328 runtime: 214440us
Mandelbrot: iterations=329 runtime: 214580us
Mandelbrot: iterations=330 runtime: 214720us
Mandelbrot: iterations=331 runtime: 219860us
Mandelbrot: iterations=332 runtime: 217076us
Mandelbrot: iterations=333 runtime: 214388us
Mandelbrot: iterations=334 runtime: 214149us
Mandelbrot: iterations=335 runtime: 215095us
Mandelbrot: iterations=336 runtime: 214607us
Mandelbrot: iterations=337 runtime: 214206us
Mandelbrot: iterations=338 runtime: 214402us
Mandelbrot: iterations=339 runtime: 214577us
Mandelbrot: iterations=340 runtime: 214276us
Mandelbrot: iterations=341 runtime: 214226us
Mandelbrot: iterations=342 runtime: 215170us
Mandelbrot: iterations=343 runtime: 215506us
Mandelbrot: iterations=344 runtime: 216278us
Mandelbrot: iterations=345 runtime: 214078us
Mandelbrot: iterations=346 runtime: 213683us
Mandelbrot: iterations=347 runtime: 214047us
Mandelbrot: iterations=348 runtime: 214130us
Mandelbrot: iterations=349 runtime: 214348us
Mandelbrot: iterations=350 runtime: 215444us
Mandelbrot: iterations=351 runtime: 214668us
Mandelbrot: iterations=352 runtime: 214331us
Mandelbrot: iterations=353 runtime: 214644us
Mandelbrot: iterations=354 runtime: 214329us
Mandelbrot: iterations=355 runtime: 213830us
Mandelbrot: iterations=356 runtime: 214632us
Mandelbrot: iterations=357 runtime: 214269us
Mandelbrot: iterations=358 runtime: 215254us
Mandelbrot: iterations=359 runtime: 214690us
Mandelbrot: iterations=360 runtime: 213978us
Mandelbrot: iterations=361 runtime: 213983us
Mandelbrot: iterations=362 runtime: 213863us
Mandelbrot: iterations=363 runtime: 214793us
Mandelbrot: iterations=364 runtime: 214301us
Mandelbrot: iterations=365 runtime: 214731us
Mandelbrot: iterations=366 runtime: 216036us
Mandelbrot: iterations=367 runtime: 215119us
Mandelbrot: iterations=368 runtime: 214388us
Mandelbrot: iterations=369 runtime: 214567us
Mandelbrot: iterations=370 runtime: 213989us
Mandelbrot: iterations=371 runtime: 214008us
Mandelbrot: iterations=372 runtime: 214519us
Mandelbrot: iterations=373 runtime: 214265us
Mandelbrot: iterations=374 runtime: 214093us
Mandelbrot: iterations=375 runtime: 214237us
Mandelbrot: iterations=376 runtime: 214073us
Mandelbrot: iterations=377 runtime: 214837us
Mandelbrot: iterations=378 runtime: 213757us
Mandelbrot: iterations=379 runtime: 214320us
Mandelbrot: iterations=380 runtime: 213918us
Mandelbrot: iterations=381 runtime: 214070us
Mandelbrot: iterations=382 runtime: 214528us
Mandelbrot: iterations=383 runtime: 214130us
Mandelbrot: iterations=384 runtime: 214029us
Mandelbrot: iterations=385 runtime: 214399us
Mandelbrot: iterations=386 runtime: 215150us
Mandelbrot: iterations=387 runtime: 214992us
Mandelbrot: iterations=388 runtime: 214871us
Mandelbrot: iterations=389 runtime: 215596us
Mandelbrot: iterations=390 runtime: 214246us
Mandelbrot: iterations=391 runtime: 215642us
Mandelbrot: iterations=392 runtime: 215098us
Mandelbrot: iterations=393 runtime: 214149us
Mandelbrot: iterations=394 runtime: 214008us
Mandelbrot: iterations=395 runtime: 214243us
Mandelbrot: iterations=396 runtime: 214207us
Mandelbrot: iterations=397 runtime: 214186us
Mandelbrot: iterations=398 runtime: 214327us
Mandelbrot: iterations=399 runtime: 214478us
Mandelbrot: iterations=400 runtime: 214819us
Mandelbrot: iterations=401 runtime: 214576us
Mandelbrot: iterations=402 runtime: 214260us
Mandelbrot: iterations=403 runtime: 214236us
Mandelbrot: iterations=404 runtime: 214466us
Mandelbrot: iterations=405 runtime: 215169us
Mandelbrot: iterations=406 runtime: 215001us
Mandelbrot: iterations=407 runtime: 214342us
Mandelbrot: iterations=408 runtime: 215175us
Mandelbrot: iterations=409 runtime: 214952us
Mandelbrot: iterations=410 runtime: 214617us
Mandelbrot: iterations=411 runtime: 214857us
Mandelbrot: iterations=412 runtime: 215608us
Mandelbrot: iterations=413 runtime: 214741us
Mandelbrot: iterations=414 runtime: 215065us
Mandelbrot: iterations=415 runtime: 214395us
Mandelbrot: iterations=416 runtime: 214718us
Mandelbrot: iterations=417 runtime: 214488us
Mandelbrot: iterations=418 runtime: 214837us
Mandelbrot: iterations=419 runtime: 214272us
Mandelbrot: iterations=420 runtime: 214450us
Mandelbrot: iterations=421 runtime: 213771us
Mandelbrot: iterations=422 runtime: 213708us
Mandelbrot: iterations=423 runtime: 214313us
Mandelbrot: iterations=424 runtime: 214237us
Mandelbrot: iterations=425 runtime: 214423us
Mandelbrot: iterations=426 runtime: 213789us
Mandelbrot: iterations=427 runtime: 214005us
Mandelbrot: iterations=428 runtime: 214958us
Mandelbrot: iterations=429 runtime: 213706us
Mandelbrot: iterations=430 runtime: 214296us
Mandelbrot: iterations=431 runtime: 214718us
Mandelbrot: iterations=432 runtime: 215012us
Mandelbrot: iterations=433 runtime: 214931us
Could not locate BlockSlowdown.json
Skipping Loading (this might cause a fatal crash if GTSlowdown is on)
java.lang.StringLatin1.inflate(byte[], int, char[], int, int)void -1 codeSignature differs 7229d185807c5eb1f821125a028c07df1ddeaa104c27495e511e6ad0d767c33a != 17fc64c9586f0ecf27e1468b2eeb1b40eb8569e6db2faf747d95dee3bfb3e1f0
Mandelbrot: iterations=434 runtime: 213641us
Mandelbrot: iterations=435 runtime: 217635us
Mandelbrot: iterations=436 runtime: 215772us
Mandelbrot: iterations=437 runtime: 214840us
Mandelbrot: iterations=438 runtime: 218465us
Mandelbrot: iterations=439 runtime: 219123us
Mandelbrot: iterations=440 runtime: 214759us
Mandelbrot: iterations=441 runtime: 214585us
Mandelbrot: iterations=442 runtime: 214458us
Mandelbrot: iterations=443 runtime: 214970us
Mandelbrot: iterations=444 runtime: 214547us
Mandelbrot: iterations=445 runtime: 214017us
Mandelbrot: iterations=446 runtime: 214576us
Mandelbrot: iterations=447 runtime: 214531us
Mandelbrot: iterations=448 runtime: 214603us
Mandelbrot: iterations=449 runtime: 214238us
Mandelbrot: iterations=450 runtime: 214270us
Mandelbrot: iterations=451 runtime: 214685us
Mandelbrot: iterations=452 runtime: 213860us
Mandelbrot: iterations=453 runtime: 214127us
Mandelbrot: iterations=454 runtime: 213972us
Mandelbrot: iterations=455 runtime: 214177us
Mandelbrot: iterations=456 runtime: 213822us
Could not locate BlockSlowdown.json
Skipping Loading (this might cause a fatal crash if GTSlowdown is on)
java.lang.StringCoding.implEncodeAsciiArray(char[], int, byte[], int, int)int -1 codeSignature differs d55fbea694761fc922a42e91b2b98c835dce3c3f298c1fe7d5ce8aa936963d2d != 726c589bc3028695e1ab333a2ffc6cdaf3378a0846f06129cd80bec52bf52833
Mandelbrot: iterations=457 runtime: 213759us
Mandelbrot: iterations=458 runtime: 216647us
Mandelbrot: iterations=459 runtime: 215771us
Mandelbrot: iterations=460 runtime: 215322us
Mandelbrot: iterations=461 runtime: 215504us
Mandelbrot: iterations=462 runtime: 215233us
Mandelbrot: iterations=463 runtime: 214808us
Mandelbrot: iterations=464 runtime: 214938us
Mandelbrot: iterations=465 runtime: 215671us
Mandelbrot: iterations=466 runtime: 214365us
Mandelbrot: iterations=467 runtime: 214234us
Mandelbrot: iterations=468 runtime: 214959us
Mandelbrot: iterations=469 runtime: 215395us
Mandelbrot: iterations=470 runtime: 215053us
Mandelbrot: iterations=471 runtime: 214367us
Mandelbrot: iterations=472 runtime: 214202us
Mandelbrot: iterations=473 runtime: 214527us
Mandelbrot: iterations=474 runtime: 214504us
Mandelbrot: iterations=475 runtime: 214255us
Mandelbrot: iterations=476 runtime: 214092us
Mandelbrot: iterations=477 runtime: 214082us
Mandelbrot: iterations=478 runtime: 213891us
Mandelbrot: iterations=479 runtime: 214242us
Mandelbrot: iterations=480 runtime: 214501us
Mandelbrot: iterations=481 runtime: 215113us
Mandelbrot: iterations=482 runtime: 214987us
Mandelbrot: iterations=483 runtime: 214005us
Mandelbrot: iterations=484 runtime: 215325us
Mandelbrot: iterations=485 runtime: 214355us
Mandelbrot: iterations=486 runtime: 214498us
Mandelbrot: iterations=487 runtime: 214719us
Mandelbrot: iterations=488 runtime: 214201us
Mandelbrot: iterations=489 runtime: 214337us
Mandelbrot: iterations=490 runtime: 214317us
Mandelbrot: iterations=491 runtime: 214773us
Mandelbrot: iterations=492 runtime: 214691us
Mandelbrot: iterations=493 runtime: 214782us
Mandelbrot: iterations=494 runtime: 214719us
Mandelbrot: iterations=495 runtime: 214564us
Mandelbrot: iterations=496 runtime: 215728us
Mandelbrot: iterations=497 runtime: 215205us
Mandelbrot: iterations=498 runtime: 215697us
Mandelbrot: iterations=499 runtime: 215712us
Mandelbrot: iterations=500 runtime: 215135us
Could not locate BlockSlowdown.json
Skipping Loading (this might cause a fatal crash if GTSlowdown is on)
jdk.internal.constant.ClassOrInterfaceDescImpl.isClassOrInterface()boolean -1 codeSignature differs 6e3a14458a0fca90e6a63285514a933585cea592cb622e79b33ddc5df6e0fb66 != 6fdd5e023f8b36c06ccfc437f07740607e2fd6af8789c2b6573b1f8e5aec4921
jdk.internal.classfile.impl.AbstractPoolEntry.hashCode()int -1 codeSignature differs fe46e3fea17c2bcac25676024acf43715946ed13832c36004058f315d01e6ed3 != e2795d501a46b0bfb6e8c56434b112c0ea54a81c9e313ecde41f1f8b0f3deb09
jdk.internal.constant.PrimitiveClassDescImpl.descriptorString()java.lang.String -1 codeSignature differs 7722674ec43cccc19227bd0fe31433696da3716816c65b03f1730e1c0254917a != d487d8a2503fc353385b06f3b95e8ab10a6fe5294aa12ef213c2f0b58f53bb2d
jdk.internal.classfile.impl.AbstractPoolEntry$ClassEntryImpl.tag()int -1 codeSignature differs 5404769be9f3dbc3cb72c5db1a8ad8dd44853cedba352c69c6db32de21c4dbb9 != 1c5cefc40a914f135a319bd8d405841fbf0f0e92dfa85c790bd1c66c2edacece
java.lang.Class.getComponentType()java.lang.Class -1 codeSignature differs b319d91a6485f244b602f37bbb015c7b083103cb0168540c8f7172a6f77fcdb4 != ca3e2776cb0744dcbd5af9f18a41221cfb7ea6616e2c92fa3282d7012b2bb32a
Mandelbrot: iterations=500 average: 215212us total: 107606233us


java.lang.invoke.MethodTypeForm.parameterSlotCount()int -1 codeSignature differs ad156c9aebe2f06c30e3b5dbbec2e173bc1370acb4ba42d2464dda8cd03d5b04 != 631f1ee6b294c0668302aaa578afb6c4bc9eb79e5bdf6a7916a36c576b1ba42d
Total Runtime: 107606233us
Bubo.RDTSC.Harness.main Total RDTSC cycles: 357247661596

Finished Mandelbrot BuboOff at Thu 22 Jan 14:20:58 GMT 2026
============================================================
