============================================================
Benchmark: Sieve
BuboLIRPhase: false
RUNS: 500
extra_args: 10000
Timestamp: Thu 22 Jan 14:13:48 GMT 2026

[WARN] Unknown argument: output
Could not locate BlockSlowdown.json
Skipping Loading (this might cause a fatal crash if GTSlowdown is on)
[Use -Djdk.graal.LogFile=<path> to redirect Graal log output to a file.]
java.lang.module.ModuleDescriptor.name()java.lang.String -1 codeSignature differs 5be282a10c496d4000571a6844c9c0bc109901813a12d3aea5364efad6a66c85 != 56a4ef2702ccb7a079a36c5f0ed4055a5908c2e7a9296eac6b3ffe2db37f4a2d
java.lang.module.ModuleReference.descriptor()java.lang.module.ModuleDescriptor -1 codeSignature differs 14be906eafbcd0e98db8607fd01b12de837039bcd06c460d0cf8f6394c8cff6d != da5cf171143f5513c1e4cdf5bb02fc95a3ea90774fedf9fb851ec26a1218a12f
java.lang.Enum.ordinal()int -1 codeSignature differs d4ce072063a0e5d7b77fa03ca89aafb8f3e3ecf13c518dc1905e344d1e62c58a != e88b1ad01cee91360e4f1ac151ade0525982fae29bddccb8434060766b83fd62
java.lang.Class.isPrimitive()boolean -1 codeSignature differs 98ab40cf2ebcc843a57e4548f9a42e2e9f3f439b3cfc72b2a9affe72c8d06a5f != 5b9fc3b01b5ff747850254186cdcc08e50c4f85fb4d4d68bc0989fcb181794f8
jdk.internal.util.StrongReferenceKey.get()java.lang.Object -1 codeSignature differs 14be906eafbcd0e98db8607fd01b12de837039bcd06c460d0cf8f6394c8cff6d != da5cf171143f5513c1e4cdf5bb02fc95a3ea90774fedf9fb851ec26a1218a12f
java.lang.Class.getClassLoader()java.lang.ClassLoader -1 codeSignature differs 1ec746d9657abb2124f404e47924197593986fc62346c6cd76072c08e29afddf != 454facf798c6644faed5619d9e1dae25408778409730f09c41b1c0c95518fd46
java.lang.invoke.MethodType.returnType()java.lang.Class -1 codeSignature differs 14be906eafbcd0e98db8607fd01b12de837039bcd06c460d0cf8f6394c8cff6d != da5cf171143f5513c1e4cdf5bb02fc95a3ea90774fedf9fb851ec26a1218a12f
jdk.internal.classfile.impl.AbstractPoolEntry.index()int -1 codeSignature differs d4ce072063a0e5d7b77fa03ca89aafb8f3e3ecf13c518dc1905e344d1e62c58a != e88b1ad01cee91360e4f1ac151ade0525982fae29bddccb8434060766b83fd62
java.lang.invoke.MemberName.getDeclaringClass()java.lang.Class -1 codeSignature differs b46e439bc51650ff335d2a7124f0b0154f260fe1af8ba145c6fd3cf5008c9e4e != de7d2501b6c4ceaef40260482daf6e5ea615f5f43bc71d4e0a42f41866056e09
java.lang.invoke.MethodType.form()java.lang.invoke.MethodTypeForm -1 codeSignature differs 5be282a10c496d4000571a6844c9c0bc109901813a12d3aea5364efad6a66c85 != 56a4ef2702ccb7a079a36c5f0ed4055a5908c2e7a9296eac6b3ffe2db37f4a2d
java.util.stream.FindOps$FindSink.cancellationRequested()boolean -1 codeSignature differs 55af0dc4b7688c78180d5f5b00584e4bf66cf93bd60716f9aab49e7a6fd64ac4 != d201d3c970d1bea0e5266b3abd2e0b5e37d50f57628f0f6798d16338d8e21f6a
java.lang.Object.<init>()void -1 codeSignature differs fe534d3aac0502b22527b54e744892c09d7496fd765947a3ee3ec9a070d56f92 != b5ee38686824d688fb238521bf027287d22a9235c6ea851247456595ee3c4ca5
java.lang.String.hashCode()int -1 codeSignature differs cd869c87835ef8242ee90410caccd8a61a63cd99231e11f83fcdc76366e70264 != aa1e9c2f9ea239d2fb15b2f7ff9a60f790f0544470df5bee9a657461c7ae39f8
jdk.internal.module.ModuleReferenceImpl.moduleResolution()jdk.internal.module.ModuleResolution -1 codeSignature differs b76db95b8fd3a055b26c3a6c15023743ea3cd488646d474319964a2e9e13b73e != c90e5cf05b5ed15b2ee4632b0f01daf8e8a827ca7e4e1d9f528d5eb553edbcfd
java.lang.module.ModuleDescriptor$Requires.modifiers()java.util.Set -1 codeSignature differs 14be906eafbcd0e98db8607fd01b12de837039bcd06c460d0cf8f6394c8cff6d != da5cf171143f5513c1e4cdf5bb02fc95a3ea90774fedf9fb851ec26a1218a12f
java.lang.module.ModuleDescriptor$Requires.name()java.lang.String -1 codeSignature differs 90f01eeb46d88d53d0e4e48ef19445eb3bdf8101a00c7dc3f717a337df9fb41f != c4651eecda0d588acaac43a9ae165ea6a40380899e75b0e7578d22406e0c012a
java.lang.module.ModuleDescriptor.requires()java.util.Set -1 codeSignature differs 50021c78154f047ad8f88f0733084203e726ca2f3911eed3f4e2615369ae39b2 != a12f6d231bab91ade119f5f7e87b83e28ce01e2d62fff01cc7676b635a92f884
java.lang.module.ModuleDescriptor.isAutomatic()boolean -1 codeSignature differs 2c5d9434fa6cbff1c0177053ad01774247e7a98383a3d0ee5c4dccbf56bf9e86 != 08dea6d6ec137b950a0343efb1bd030f87565d8e5b95eb64f025bd8e338928e2
java.util.HashMap$Node.getKey()java.lang.Object -1 codeSignature differs 90f01eeb46d88d53d0e4e48ef19445eb3bdf8101a00c7dc3f717a337df9fb41f != c4651eecda0d588acaac43a9ae165ea6a40380899e75b0e7578d22406e0c012a
java.util.HashMap$Node.getValue()java.lang.Object -1 codeSignature differs 5be282a10c496d4000571a6844c9c0bc109901813a12d3aea5364efad6a66c85 != 56a4ef2702ccb7a079a36c5f0ed4055a5908c2e7a9296eac6b3ffe2db37f4a2d
java.util.ImmutableCollections$Set12.isEmpty()boolean -1 codeSignature differs d890ffc04cd03ec866061096d7d13d2670cacc5a2328b692374e3523d40574bd != 6120e833de16ceab3ef754d1b00c19883b3f73962ba2cdf17c59c3710ba02d36
java.lang.module.ModuleDescriptor$Exports.source()java.lang.String -1 codeSignature differs 90f01eeb46d88d53d0e4e48ef19445eb3bdf8101a00c7dc3f717a337df9fb41f != c4651eecda0d588acaac43a9ae165ea6a40380899e75b0e7578d22406e0c012a
java.lang.module.ModuleDescriptor$Exports.targets()java.util.Set -1 codeSignature differs 5be282a10c496d4000571a6844c9c0bc109901813a12d3aea5364efad6a66c85 != 56a4ef2702ccb7a079a36c5f0ed4055a5908c2e7a9296eac6b3ffe2db37f4a2d
java.lang.module.ModuleDescriptor.provides()java.util.Set -1 codeSignature differs 309d9291f2d3c2a63becdec49b2c74b25af9d7fdc62dad05faf86a64889608fc != f5d85dfdf7fef12d65d210d402c44bf26eeb0fb3f9225e78ee6443caec31b619
java.lang.module.ModuleDescriptor.exports()java.util.Set -1 codeSignature differs 948d21eddb9ad191efbc24290e4e840a30aebb134151b75def9175ab54c0a48c != c3334e7c488922d9ee7281afad5b7ca4db54a4ab2b49cf0e755dc0a6c55854b4
java.lang.module.ModuleDescriptor.uses()java.util.Set -1 codeSignature differs e3ce51591a4fee3aaff0c687fbb639bc8c1569c92e84d989cdc906a081a3aa6f != 69f900c261d900c3a12e3d84961667caa75caf8ed42490b80edd3cdf23db4832
java.util.Objects.requireNonNull(java.lang.Object)java.lang.Object -1 codeSignature differs fab3390bacdc1c06ac727172609d32d56c9697db51c25bc06ba90803d6336aa7 != 5f34d305ad8c459e05cc78e8e67ce712079a25140f4444aee0bca43f73c4de02
java.util.ImmutableCollections$SetN$SetNIterator.hasNext()boolean -1 codeSignature differs 014069b9d29ae67f97f8d652b8d7a77d9057cdb393e4e32597c925d7a30bdc82 != 60575b8cd4d2a8242a8aab77fb607844ec4f52bcc97ca89e8880d7f6422024af
java.util.ImmutableCollections$SetN$SetNIterator.next()java.lang.Object -1 codeSignature differs 19f633def369057e0f3d5ef4b17db18d49e95f181218302fbf3185223e5d2d12 != 3ebd7591a8a487390491b17f6bf1893dd8d3d0cbebb3582e4492c3d36ffe7e42
java.util.HashMap.hash(java.lang.Object)int -1 codeSignature differs 40e2caff88e0ab660fe854c579a2ac710d156e7f4ae336242aa606ca2b96aefa != d40bd27b2c4bdc2b6b785c7daff9fd6dc1db999177ec266ca4d91fc3e8f049df
java.lang.module.ModuleDescriptor$Provides.service()java.lang.String -1 codeSignature differs 14be906eafbcd0e98db8607fd01b12de837039bcd06c460d0cf8f6394c8cff6d != da5cf171143f5513c1e4cdf5bb02fc95a3ea90774fedf9fb851ec26a1218a12f
java.lang.module.ModuleDescriptor$Exports.isQualified()boolean -1 codeSignature differs 156d96ca168d6696d18192c3da27f1c0a03f0312703845e0f3a73c3afea1c795 != 9230ab0a96a002830ad644be83e9a1e9c0f6099bf3bd7741dd8182cd09f05efb
java.util.HashMap.putVal(int, java.lang.Object, java.lang.Object, boolean, boolean)java.lang.Object -1 codeSignature differs 782b24de787adeb28e6d2f4030776d79612db67249068ba49b73df16456f03ed != bec508ed65b4e92cc6d54adbf8553bd5845f97e1b6d376eb75cae468a3c08fba
java.util.HashMap$Node.<init>(int, java.lang.Object, java.lang.Object, java.util.HashMap$Node)void -1 codeSignature differs 48a102b8d7fed2fcdb442b2391027da27477387be56a92c3d003118c1e037acf != a2d63fce582075e41dbc901882dbb2768b8ed33f258823f0bcfface585dec9a0
java.lang.String.equals(java.lang.Object)boolean -1 codeSignature differs a6e309c433362d27e37b39c73cf8e578c064ab97bae8a3e01c77329c59654391 != 9d4deb1417e3dc3304e6e48d0050681b843c1c29f58a963fe6d7cb88c5948543
java.lang.Byte.toUnsignedInt(byte)int -1 codeSignature differs ef53887b8aa24310d9482f8fff2e03d6f5088235fdd6794c9711e90d2fb316a1 != 13d5f6657504f424775e099bdc463c00fbb2dd5e93459aa3373cba81212b5a0d
java.util.KeyValueHolder.getKey()java.lang.Object -1 codeSignature differs 14be906eafbcd0e98db8607fd01b12de837039bcd06c460d0cf8f6394c8cff6d != da5cf171143f5513c1e4cdf5bb02fc95a3ea90774fedf9fb851ec26a1218a12f
java.util.KeyValueHolder.getValue()java.lang.Object -1 codeSignature differs 90f01eeb46d88d53d0e4e48ef19445eb3bdf8101a00c7dc3f717a337df9fb41f != c4651eecda0d588acaac43a9ae165ea6a40380899e75b0e7578d22406e0c012a
java.lang.module.ModuleDescriptor.packages()java.util.Set -1 codeSignature differs 1ec746d9657abb2124f404e47924197593986fc62346c6cd76072c08e29afddf != 454facf798c6644faed5619d9e1dae25408778409730f09c41b1c0c95518fd46
java.lang.module.ResolvedModule.reference()java.lang.module.ModuleReference -1 codeSignature differs 90f01eeb46d88d53d0e4e48ef19445eb3bdf8101a00c7dc3f717a337df9fb41f != c4651eecda0d588acaac43a9ae165ea6a40380899e75b0e7578d22406e0c012a
java.lang.module.ModuleDescriptor$Version.toString()java.lang.String -1 codeSignature differs 14be906eafbcd0e98db8607fd01b12de837039bcd06c460d0cf8f6394c8cff6d != da5cf171143f5513c1e4cdf5bb02fc95a3ea90774fedf9fb851ec26a1218a12f
java.lang.AbstractStringBuilder.length()int -1 codeSignature differs d4ce072063a0e5d7b77fa03ca89aafb8f3e3ecf13c518dc1905e344d1e62c58a != e88b1ad01cee91360e4f1ac151ade0525982fae29bddccb8434060766b83fd62
java.util.HashMap.newNode(int, java.lang.Object, java.lang.Object, java.util.HashMap$Node)java.util.HashMap$Node -1 codeSignature differs 0b57ad3d0ea1b0de0d3ae4d1256f2a3bf2dacceb94022bee4e70d75bf1848358 != df85b2b14fb5de70af8f6a1aa6efa050fdaf0546a0197d26ebd4113543cc599e
java.util.HashMap.afterNodeInsertion(boolean)void -1 codeSignature differs fe534d3aac0502b22527b54e744892c09d7496fd765947a3ee3ec9a070d56f92 != b5ee38686824d688fb238521bf027287d22a9235c6ea851247456595ee3c4ca5
java.lang.module.ResolvedModule.configuration()java.lang.module.Configuration -1 codeSignature differs 14be906eafbcd0e98db8607fd01b12de837039bcd06c460d0cf8f6394c8cff6d != da5cf171143f5513c1e4cdf5bb02fc95a3ea90774fedf9fb851ec26a1218a12f
java.util.HashMap.resize()java.util.HashMap$Node[] -1 codeSignature differs 15a8974d3dd635f7a205be5d7549a20c862d3feb13be0816432f5757b6a66eaa != 9ecdc82662c26a54fb96c75b700492e9a5f3d31d579eb7fec087acf3e46e1a52
java.lang.module.ModuleDescriptor.isOpen()boolean -1 codeSignature differs 7251ebfc69511ba11260ce3e5fe8de41e1ee424c1c84ef382507a4b520f46599 != c4f3939346c24cd7625b42361349cb6733a9291eeffd7507e7bf858c000192f4
java.util.HashMap.size()int -1 codeSignature differs 55d12884885f16e44e8204f924f64617688caf405b709d32e1e72896f6c27c3d != 9a030125c16a396ec668abdad74e59397cb88f5e4ba93604e8c6b48c6233e93d
Profiling started
Could not locate BlockSlowdown.json
Skipping Loading (this might cause a fatal crash if GTSlowdown is on)
java.util.zip.ZipCoder$UTF8ZipCoder.isUTF8()boolean -1 codeSignature differs 6e3a14458a0fca90e6a63285514a933585cea592cb622e79b33ddc5df6e0fb66 != 6fdd5e023f8b36c06ccfc437f07740607e2fd6af8789c2b6573b1f8e5aec4921
java.lang.invoke.MethodType.ptypes()java.lang.Class[] -1 codeSignature differs 90f01eeb46d88d53d0e4e48ef19445eb3bdf8101a00c7dc3f717a337df9fb41f != c4651eecda0d588acaac43a9ae165ea6a40380899e75b0e7578d22406e0c012a
jdk.internal.util.Preconditions.checkIndex(int, int, java.util.function.BiFunction)int -1 codeSignature differs 0537b0c8dc5fe868ee44de1817c0b047b24d886158549ad641b2b99126c678bb != 097cdde476e7d7a11441cfa0c37471ca0a888d4c4166d67eed1a7e5c4df66c77
java.nio.Buffer.limit()int -1 codeSignature differs 55d12884885f16e44e8204f924f64617688caf405b709d32e1e72896f6c27c3d != 9a030125c16a396ec668abdad74e59397cb88f5e4ba93604e8c6b48c6233e93d
jdk.internal.classfile.impl.AbstractPoolEntry.width()int -1 codeSignature differs 6e3a14458a0fca90e6a63285514a933585cea592cb622e79b33ddc5df6e0fb66 != 6fdd5e023f8b36c06ccfc437f07740607e2fd6af8789c2b6573b1f8e5aec4921
jdk.internal.classfile.impl.SplitConstantPool.size()int -1 codeSignature differs 1e851f5b2cbf37c0cd46831368dd889b60dff01d7b16161259960e24b264ceb1 != d37b0c203163b479a20ad6e2dad4e21eac1f1ad9b1ebc37e97f7861914a001ed
java.util.Properties$LineReader.readLine()int -1 codeSignature differs 3fba3e9edd5e4cedb96278d46b6cff483f2d1c092dec2e534b016b1ac2ec9479 != 43961d71b71ba232ed2694d540aa571e36bd52adf8e4b027613a65dc317ee3ed
java.lang.AbstractStringBuilder.getValue()byte[] -1 codeSignature differs 5be282a10c496d4000571a6844c9c0bc109901813a12d3aea5364efad6a66c85 != 56a4ef2702ccb7a079a36c5f0ed4055a5908c2e7a9296eac6b3ffe2db37f4a2d
java.lang.Enum.name()java.lang.String -1 codeSignature differs 5be282a10c496d4000571a6844c9c0bc109901813a12d3aea5364efad6a66c85 != 56a4ef2702ccb7a079a36c5f0ed4055a5908c2e7a9296eac6b3ffe2db37f4a2d
jdk.internal.util.ArraysSupport.unsignedHashCode(int, byte[], int, int)int -1 codeSignature differs 4d5957074f035392f4f1040fa7b9c8e8516cc366cc99a9663ff8e211636027cb != 4dd8a0d23b54449c010a38548a4ec34726658ad72759db6c8d42ad0645f343a2
sun.util.locale.BaseLocale.getLanguage()java.lang.String -1 codeSignature differs 90f01eeb46d88d53d0e4e48ef19445eb3bdf8101a00c7dc3f717a337df9fb41f != c4651eecda0d588acaac43a9ae165ea6a40380899e75b0e7578d22406e0c012a
java.util.LinkedHashMap.removeEldestEntry(java.util.Map$Entry)boolean -1 codeSignature differs d890ffc04cd03ec866061096d7d13d2670cacc5a2328b692374e3523d40574bd != 6120e833de16ceab3ef754d1b00c19883b3f73962ba2cdf17c59c3710ba02d36
java.util.concurrent.ConcurrentHashMap.tabAt(java.util.concurrent.ConcurrentHashMap$Node[], int)java.util.concurrent.ConcurrentHashMap$Node -1 codeSignature differs 71d647ba8c6a0b4ea5a8b561fe43e8bed960c9cb04034a7aef626c5d8360de6d != 822749e9eab55cf0ab08d112d11f644faf7767e7d7f602f22b2982e4341c74e7
jdk.internal.misc.Unsafe.getReferenceAcquire(java.lang.Object, long)java.lang.Object -1 codeSignature differs 0be5c2bda59735ac5470d27796a18d252d59667b906c14721265d97be8abdd5a != a748a0c1fa3d1b22da119249a3931a9411370dff9604e49b3d7ef522719454b3
java.lang.String.coder()byte -1 codeSignature differs f3a73f0f7ffcffdf8962f6b17b32b9d22dceb70a6321ad4e83f092ac924fb640 != 957313288ef4bdda0b4cd025d583dcf3b718c3f3a50464b737eb27e80ce0139f
java.security.Provider$Service.getType()java.lang.String -1 codeSignature differs 90f01eeb46d88d53d0e4e48ef19445eb3bdf8101a00c7dc3f717a337df9fb41f != c4651eecda0d588acaac43a9ae165ea6a40380899e75b0e7578d22406e0c012a
java.security.Provider$Service.getAlgorithm()java.lang.String -1 codeSignature differs 5be282a10c496d4000571a6844c9c0bc109901813a12d3aea5364efad6a66c85 != 56a4ef2702ccb7a079a36c5f0ed4055a5908c2e7a9296eac6b3ffe2db37f4a2d
java.security.Provider$Service.getAliases()java.util.List -1 codeSignature differs ec9959256dfdc1e5d707b10920cbff0d77d6151df3608588ba4900964b3e0488 != 48d94502b891e4704180e00ca37d65d0a704038e75c0e2368237a34efba54df3
jdk.internal.classfile.impl.RawBytecodeHelper.bci()int -1 codeSignature differs fe46e3fea17c2bcac25676024acf43715946ed13832c36004058f315d01e6ed3 != e2795d501a46b0bfb6e8c56434b112c0ea54a81c9e313ecde41f1f8b0f3deb09
jdk.internal.classfile.impl.AbstractPoolEntry.constantPool()java.lang.classfile.constantpool.ConstantPool -1 codeSignature differs 5be282a10c496d4000571a6844c9c0bc109901813a12d3aea5364efad6a66c85 != 56a4ef2702ccb7a079a36c5f0ed4055a5908c2e7a9296eac6b3ffe2db37f4a2d
jdk.internal.util.WeakReferenceKey.hashCode()int -1 codeSignature differs 55d12884885f16e44e8204f924f64617688caf405b709d32e1e72896f6c27c3d != 9a030125c16a396ec668abdad74e59397cb88f5e4ba93604e8c6b48c6233e93d
java.lang.String.value()byte[] -1 codeSignature differs 5be282a10c496d4000571a6844c9c0bc109901813a12d3aea5364efad6a66c85 != 56a4ef2702ccb7a079a36c5f0ed4055a5908c2e7a9296eac6b3ffe2db37f4a2d
java.lang.String.isLatin1()boolean -1 codeSignature differs 7fbdb74539501cf2e6eb2a3c4a15d0e6598aaf73df2e1a5e20fd95a35a58b24e != 3176213e3be72bb5e1b482eae8a1c07901556750cdd7d42ef0cea4727e1ff083
Starting Sieve benchmark ...
Sieve.sieve(boolean[], int)int -1 codeSignature differs e79310bbd77ac154603f69efa3833337738c186a7ca3b58e35b45d9d4d340b64 != 12dc0122171ceea55c7c5277e3c3000497dab3e0abae768269ff1ccc4cd70435
java.util.Arrays.fill(boolean[], boolean)void -1 codeSignature differs 4b34df0777d342b924463286277831803728b2de1aaf423ac53ef59f431fd355 != 2131355f24c2a27d3878459f354275eaa17fa8de2828fcf37111b33b2c21b4f2
java.lang.Integer.intValue()int -1 codeSignature differs d4ce072063a0e5d7b77fa03ca89aafb8f3e3ecf13c518dc1905e344d1e62c58a != e88b1ad01cee91360e4f1ac151ade0525982fae29bddccb8434060766b83fd62
java.lang.Integer.valueOf(int)java.lang.Integer -1 codeSignature differs e0bdf367389f697e76db20cb1fe98adbe7132cb141d63b04e461c04c324cb0d2 != 932de8bb2d151f755c5a79b69142cc7057d04b54361f2479095c1f1a2328565c
Sieve.benchmark()java.lang.Object -1 codeSignature differs f01bc6a6b9610dfcd722381bedcc1fb4d3e40379e46f929684349e2f1f8d170d != cecbe5526482adc1d93f0688823cbf45a0ee13007105fef6d0dd464aebb32c59
Sieve.verifyResult(java.lang.Object)boolean -1 codeSignature differs dcd3a7e0f59e6138b66d0d9b73af7919c66e72e31d4752f827a54435b93ab0d2 != de8ef35bbcf491c2f835fd8ea7f89f8ce7f79abc7e87b84cbbb615860dafa3b1
jdk.internal.constant.ClassOrInterfaceDescImpl.descriptorString()java.lang.String -1 codeSignature differs 14be906eafbcd0e98db8607fd01b12de837039bcd06c460d0cf8f6394c8cff6d != da5cf171143f5513c1e4cdf5bb02fc95a3ea90774fedf9fb851ec26a1218a12f
jdk.internal.classfile.impl.BufWriterImpl.size()int -1 codeSignature differs fe46e3fea17c2bcac25676024acf43715946ed13832c36004058f315d01e6ed3 != e2795d501a46b0bfb6e8c56434b112c0ea54a81c9e313ecde41f1f8b0f3deb09
java.lang.invoke.MethodTypeForm.erasedType()java.lang.invoke.MethodType -1 codeSignature differs 90f01eeb46d88d53d0e4e48ef19445eb3bdf8101a00c7dc3f717a337df9fb41f != c4651eecda0d588acaac43a9ae165ea6a40380899e75b0e7578d22406e0c012a
jdk.internal.classfile.impl.AbstractDirectBuilder.constantPool()jdk.internal.classfile.impl.SplitConstantPool -1 codeSignature differs 14be906eafbcd0e98db8607fd01b12de837039bcd06c460d0cf8f6394c8cff6d != da5cf171143f5513c1e4cdf5bb02fc95a3ea90774fedf9fb851ec26a1218a12f
java.lang.StringLatin1.equals(byte[], byte[])boolean -1 codeSignature differs ce6957fde94989d8dfb9f657cd698acb12bd0f01e407ce68915647520f63bd02 != 625a83ff75952a5d0a805a4c58b62ea8ac6fa4c2e347559de275b3de58e5cde6
java.lang.invoke.MethodHandle.type()java.lang.invoke.MethodType -1 codeSignature differs 90f01eeb46d88d53d0e4e48ef19445eb3bdf8101a00c7dc3f717a337df9fb41f != c4651eecda0d588acaac43a9ae165ea6a40380899e75b0e7578d22406e0c012a
java.util.ArrayList.size()int -1 codeSignature differs fe46e3fea17c2bcac25676024acf43715946ed13832c36004058f315d01e6ed3 != e2795d501a46b0bfb6e8c56434b112c0ea54a81c9e313ecde41f1f8b0f3deb09
Sieve: iterations=1 runtime: 393483us
Sieve: iterations=2 runtime: 331543us
Benchmark.innerBenchmarkLoop(int)boolean -1 codeSignature differs 07da52c0d6d5056c6ea237a8d47f2193d8fa3f23bbc8b00ec03506a7912c32c2 != 427bbd8ce6fde8630ac9d94e796978b5bf3fffd19ece3326485b1a91764463a5
Sieve: iterations=3 runtime: 384842us
Sieve: iterations=4 runtime: 352939us
Sieve: iterations=5 runtime: 346458us
Sieve: iterations=6 runtime: 347262us
Sieve: iterations=7 runtime: 351946us
Sieve: iterations=8 runtime: 346652us
Sieve: iterations=9 runtime: 345298us
Sieve: iterations=10 runtime: 350870us
Could not locate BlockSlowdown.json
Skipping Loading (this might cause a fatal crash if GTSlowdown is on)
java.lang.String.length()int -1 codeSignature differs 5f2a9f3bb1f4f800ea4f2ad278553dedcfc789fe27a155b26df986828b30ede3 != c429f09bde0922a4e93c787fa5a5cdbca277237619ab7dc7eb3cc60d99b0f3aa
Sieve: iterations=11 runtime: 347452us
Sieve: iterations=12 runtime: 345873us
Sieve: iterations=13 runtime: 350535us
Sieve: iterations=14 runtime: 347494us
Sieve: iterations=15 runtime: 347380us
Sieve: iterations=16 runtime: 350456us
Sieve: iterations=17 runtime: 347325us
Sieve: iterations=18 runtime: 345275us
Sieve: iterations=19 runtime: 350696us
Could not locate BlockSlowdown.json
Skipping Loading (this might cause a fatal crash if GTSlowdown is on)
java.nio.Buffer.position()int -1 codeSignature differs 3f64cd4fafea8a3cef87601314961681d43f2aa75c3a358c1b0ce8d9a1c4731a != a754d4fbb14cb674813e5d56933661602e017cf332100c6f35524287a66eeea9
Sieve: iterations=20 runtime: 347835us
Sieve: iterations=21 runtime: 348254us
Sieve: iterations=22 runtime: 350111us
Sieve: iterations=23 runtime: 345560us
Sieve: iterations=24 runtime: 345230us
Sieve: iterations=25 runtime: 350589us
Sieve: iterations=26 runtime: 346060us
Sieve: iterations=27 runtime: 345429us
Sieve: iterations=28 runtime: 351283us
Sieve: iterations=29 runtime: 345548us
Sieve: iterations=30 runtime: 346713us
Sieve: iterations=31 runtime: 350923us
Sieve: iterations=32 runtime: 352747us
Sieve: iterations=33 runtime: 344909us
Sieve: iterations=34 runtime: 351126us
Sieve: iterations=35 runtime: 345301us
Sieve: iterations=36 runtime: 346350us
Sieve: iterations=37 runtime: 350716us
Sieve: iterations=38 runtime: 346872us
Sieve: iterations=39 runtime: 345448us
Sieve: iterations=40 runtime: 350517us
Sieve: iterations=41 runtime: 345225us
Sieve: iterations=42 runtime: 345417us
Sieve: iterations=43 runtime: 349901us
Sieve: iterations=44 runtime: 347297us
Sieve: iterations=45 runtime: 345790us
Sieve: iterations=46 runtime: 352183us
Sieve: iterations=47 runtime: 346217us
Sieve: iterations=48 runtime: 346173us
Sieve: iterations=49 runtime: 350485us
Sieve: iterations=50 runtime: 345386us
Sieve: iterations=51 runtime: 346074us
Sieve: iterations=52 runtime: 349646us
Sieve: iterations=53 runtime: 345347us
Sieve: iterations=54 runtime: 345431us
Sieve: iterations=55 runtime: 350312us
Sieve: iterations=56 runtime: 346170us
Sieve: iterations=57 runtime: 345309us
Sieve: iterations=58 runtime: 350636us
Sieve: iterations=59 runtime: 346331us
Sieve: iterations=60 runtime: 345652us
Sieve: iterations=61 runtime: 349132us
Sieve: iterations=62 runtime: 347352us
Sieve: iterations=63 runtime: 346188us
Sieve: iterations=64 runtime: 349225us
Sieve: iterations=65 runtime: 345966us
Sieve: iterations=66 runtime: 345557us
Sieve: iterations=67 runtime: 348840us
Sieve: iterations=68 runtime: 346062us
Sieve: iterations=69 runtime: 346963us
Sieve: iterations=70 runtime: 349277us
Sieve: iterations=71 runtime: 346774us
Sieve: iterations=72 runtime: 353150us
Sieve: iterations=73 runtime: 350176us
Sieve: iterations=74 runtime: 346108us
Sieve: iterations=75 runtime: 344977us
Sieve: iterations=76 runtime: 348641us
Sieve: iterations=77 runtime: 347032us
Sieve: iterations=78 runtime: 345380us
Sieve: iterations=79 runtime: 348603us
Sieve: iterations=80 runtime: 348090us
Sieve: iterations=81 runtime: 344458us
Sieve: iterations=82 runtime: 348284us
Sieve: iterations=83 runtime: 346334us
Sieve: iterations=84 runtime: 345761us
Sieve: iterations=85 runtime: 348677us
Sieve: iterations=86 runtime: 346552us
Sieve: iterations=87 runtime: 347556us
Sieve: iterations=88 runtime: 348035us
Sieve: iterations=89 runtime: 345859us
Sieve: iterations=90 runtime: 346651us
Could not locate BlockSlowdown.json
Skipping Loading (this might cause a fatal crash if GTSlowdown is on)
java.nio.Buffer.capacity()int -1 codeSignature differs 138bc711c3bed648b8548df225303894eec321dce856bde9fbb2267d74239e89 != 8366e168458356e9e2795362a66f19336b0e55f9e34ac8b5d6d37702a481c8da
Sieve: iterations=91 runtime: 349066us
Sieve: iterations=92 runtime: 345678us
Sieve: iterations=93 runtime: 343574us
Sieve: iterations=94 runtime: 348440us
Sieve: iterations=95 runtime: 347029us
Sieve: iterations=96 runtime: 345098us
Sieve: iterations=97 runtime: 349204us
Sieve: iterations=98 runtime: 360367us
Sieve: iterations=99 runtime: 346105us
Sieve: iterations=100 runtime: 348338us
Sieve: iterations=101 runtime: 346944us
Sieve: iterations=102 runtime: 344409us
Sieve: iterations=103 runtime: 347318us
Sieve: iterations=104 runtime: 345801us
Sieve: iterations=105 runtime: 346393us
Sieve: iterations=106 runtime: 352260us
Sieve: iterations=107 runtime: 345306us
Sieve: iterations=108 runtime: 345756us
Sieve: iterations=109 runtime: 347432us
Sieve: iterations=110 runtime: 346529us
Sieve: iterations=111 runtime: 344974us
Sieve: iterations=112 runtime: 351848us
Sieve: iterations=113 runtime: 345886us
Sieve: iterations=114 runtime: 346352us
Sieve: iterations=115 runtime: 347026us
Sieve: iterations=116 runtime: 348642us
Sieve: iterations=117 runtime: 347597us
Sieve: iterations=118 runtime: 347532us
Sieve: iterations=119 runtime: 349441us
Sieve: iterations=120 runtime: 346840us
Sieve: iterations=121 runtime: 346659us
Sieve: iterations=122 runtime: 349755us
Sieve: iterations=123 runtime: 346536us
Sieve: iterations=124 runtime: 346859us
Sieve: iterations=125 runtime: 349218us
Sieve: iterations=126 runtime: 346655us
Could not locate BlockSlowdown.json
Skipping Loading (this might cause a fatal crash if GTSlowdown is on)
java.nio.charset.CharsetEncoder.maxBytesPerChar()float -1 codeSignature differs d0dc63dd2361c2989cb14e4cf77bfb3442e0a43d3c92bbd78638646fefb8363f != fecc7851573229b2c1300c739298992122dcb58fa032d82e9692f06a80e3cdc4
Sieve: iterations=127 runtime: 346369us
Sieve: iterations=128 runtime: 350342us
Sieve: iterations=129 runtime: 346650us
Sieve: iterations=130 runtime: 348211us
Sieve: iterations=131 runtime: 349402us
Sieve: iterations=132 runtime: 347248us
Sieve: iterations=133 runtime: 346381us
Sieve: iterations=134 runtime: 349911us
Sieve: iterations=135 runtime: 346468us
Sieve: iterations=136 runtime: 346658us
Sieve: iterations=137 runtime: 349690us
Sieve: iterations=138 runtime: 345844us
Sieve: iterations=139 runtime: 345846us
Sieve: iterations=140 runtime: 348738us
Sieve: iterations=141 runtime: 345689us
Sieve: iterations=142 runtime: 345726us
Sieve: iterations=143 runtime: 349336us
Sieve: iterations=144 runtime: 346847us
Sieve: iterations=145 runtime: 347206us
Sieve: iterations=146 runtime: 349088us
Sieve: iterations=147 runtime: 344699us
Sieve: iterations=148 runtime: 345106us
Sieve: iterations=149 runtime: 348249us
Sieve: iterations=150 runtime: 344615us
Sieve: iterations=151 runtime: 344554us
Sieve: iterations=152 runtime: 351202us
Sieve: iterations=153 runtime: 344431us
Sieve: iterations=154 runtime: 346120us
Sieve: iterations=155 runtime: 348970us
Sieve: iterations=156 runtime: 344431us
Sieve: iterations=157 runtime: 345902us
Sieve: iterations=158 runtime: 349365us
Sieve: iterations=159 runtime: 348005us
Sieve: iterations=160 runtime: 343222us
Sieve: iterations=161 runtime: 349221us
Sieve: iterations=162 runtime: 346229us
Sieve: iterations=163 runtime: 345714us
Sieve: iterations=164 runtime: 367413us
Sieve: iterations=165 runtime: 349257us
Sieve: iterations=166 runtime: 346786us
Sieve: iterations=167 runtime: 372507us
Sieve: iterations=168 runtime: 345654us
Sieve: iterations=169 runtime: 344010us
Sieve: iterations=170 runtime: 347156us
Sieve: iterations=171 runtime: 344554us
Sieve: iterations=172 runtime: 344483us
Sieve: iterations=173 runtime: 346723us
Sieve: iterations=174 runtime: 346952us
Sieve: iterations=175 runtime: 344842us
Sieve: iterations=176 runtime: 347119us
Sieve: iterations=177 runtime: 347710us
Sieve: iterations=178 runtime: 346194us
Sieve: iterations=179 runtime: 346266us
Sieve: iterations=180 runtime: 345061us
Sieve: iterations=181 runtime: 344334us
Sieve: iterations=182 runtime: 345612us
Sieve: iterations=183 runtime: 343640us
Sieve: iterations=184 runtime: 343956us
Sieve: iterations=185 runtime: 346190us
Sieve: iterations=186 runtime: 346064us
Sieve: iterations=187 runtime: 346296us
Sieve: iterations=188 runtime: 348129us
Sieve: iterations=189 runtime: 343960us
Sieve: iterations=190 runtime: 344702us
Sieve: iterations=191 runtime: 345197us
Sieve: iterations=192 runtime: 344242us
Sieve: iterations=193 runtime: 346199us
Sieve: iterations=194 runtime: 345658us
Sieve: iterations=195 runtime: 346144us
Sieve: iterations=196 runtime: 344965us
Sieve: iterations=197 runtime: 346917us
Sieve: iterations=198 runtime: 344928us
Sieve: iterations=199 runtime: 345109us
Sieve: iterations=200 runtime: 349424us
Sieve: iterations=201 runtime: 344577us
Sieve: iterations=202 runtime: 345986us
Sieve: iterations=203 runtime: 345927us
Sieve: iterations=204 runtime: 348038us
Sieve: iterations=205 runtime: 352367us
Sieve: iterations=206 runtime: 344389us
Sieve: iterations=207 runtime: 348545us
Sieve: iterations=208 runtime: 344383us
Sieve: iterations=209 runtime: 344408us
Sieve: iterations=210 runtime: 349848us
Sieve: iterations=211 runtime: 346606us
Sieve: iterations=212 runtime: 344676us
Sieve: iterations=213 runtime: 349605us
Sieve: iterations=214 runtime: 350147us
Sieve: iterations=215 runtime: 347092us
Sieve: iterations=216 runtime: 352350us
Sieve: iterations=217 runtime: 346225us
Sieve: iterations=218 runtime: 344687us
Sieve: iterations=219 runtime: 348265us
Sieve: iterations=220 runtime: 344369us
Sieve: iterations=221 runtime: 350545us
Sieve: iterations=222 runtime: 347296us
Sieve: iterations=223 runtime: 344782us
Sieve: iterations=224 runtime: 344704us
Sieve: iterations=225 runtime: 348027us
Sieve: iterations=226 runtime: 346312us
Sieve: iterations=227 runtime: 346985us
Sieve: iterations=228 runtime: 348495us
Sieve: iterations=229 runtime: 345395us
Sieve: iterations=230 runtime: 343569us
Sieve: iterations=231 runtime: 348411us
Sieve: iterations=232 runtime: 345701us
Sieve: iterations=233 runtime: 345755us
Sieve: iterations=234 runtime: 347684us
Sieve: iterations=235 runtime: 344434us
Sieve: iterations=236 runtime: 344629us
Sieve: iterations=237 runtime: 347508us
Sieve: iterations=238 runtime: 344542us
Sieve: iterations=239 runtime: 344060us
Sieve: iterations=240 runtime: 347983us
Sieve: iterations=241 runtime: 345157us
Sieve: iterations=242 runtime: 344069us
Sieve: iterations=243 runtime: 349395us
Sieve: iterations=244 runtime: 345305us
Sieve: iterations=245 runtime: 347326us
Sieve: iterations=246 runtime: 348099us
Sieve: iterations=247 runtime: 345163us
Sieve: iterations=248 runtime: 347895us
Sieve: iterations=249 runtime: 347846us
Sieve: iterations=250 runtime: 347667us
Sieve: iterations=251 runtime: 345191us
Sieve: iterations=252 runtime: 347647us
Sieve: iterations=253 runtime: 345759us
Sieve: iterations=254 runtime: 344959us
Sieve: iterations=255 runtime: 346937us
Sieve: iterations=256 runtime: 346858us
Sieve: iterations=257 runtime: 350347us
Sieve: iterations=258 runtime: 354037us
Sieve: iterations=259 runtime: 345653us
Sieve: iterations=260 runtime: 346627us
Sieve: iterations=261 runtime: 346595us
Sieve: iterations=262 runtime: 344636us
Sieve: iterations=263 runtime: 343941us
Sieve: iterations=264 runtime: 358911us
Sieve: iterations=265 runtime: 346480us
Sieve: iterations=266 runtime: 345629us
Sieve: iterations=267 runtime: 346680us
Sieve: iterations=268 runtime: 346026us
Sieve: iterations=269 runtime: 344248us
Sieve: iterations=270 runtime: 347030us
Sieve: iterations=271 runtime: 345324us
Sieve: iterations=272 runtime: 352197us
Sieve: iterations=273 runtime: 348783us
Sieve: iterations=274 runtime: 346003us
Sieve: iterations=275 runtime: 343887us
Sieve: iterations=276 runtime: 345995us
Sieve: iterations=277 runtime: 345679us
Sieve: iterations=278 runtime: 345823us
Sieve: iterations=279 runtime: 347134us
Sieve: iterations=280 runtime: 345363us
Sieve: iterations=281 runtime: 345994us
Sieve: iterations=282 runtime: 346511us
Sieve: iterations=283 runtime: 345743us
Sieve: iterations=284 runtime: 348039us
Sieve: iterations=285 runtime: 345873us
Sieve: iterations=286 runtime: 351346us
Sieve: iterations=287 runtime: 345176us
Sieve: iterations=288 runtime: 346301us
Sieve: iterations=289 runtime: 349523us
Sieve: iterations=290 runtime: 345823us
Sieve: iterations=291 runtime: 345251us
Sieve: iterations=292 runtime: 349726us
Sieve: iterations=293 runtime: 344620us
Sieve: iterations=294 runtime: 344757us
Sieve: iterations=295 runtime: 348921us
Sieve: iterations=296 runtime: 343649us
Sieve: iterations=297 runtime: 343687us
Sieve: iterations=298 runtime: 356329us
Sieve: iterations=299 runtime: 343143us
Sieve: iterations=300 runtime: 342326us
Sieve: iterations=301 runtime: 348539us
Sieve: iterations=302 runtime: 347064us
Sieve: iterations=303 runtime: 347120us
Sieve: iterations=304 runtime: 347388us
Sieve: iterations=305 runtime: 344008us
Sieve: iterations=306 runtime: 342908us
Sieve: iterations=307 runtime: 347350us
Sieve: iterations=308 runtime: 346346us
Sieve: iterations=309 runtime: 349294us
Sieve: iterations=310 runtime: 347828us
Sieve: iterations=311 runtime: 344210us
Sieve: iterations=312 runtime: 344053us
Sieve: iterations=313 runtime: 347312us
Sieve: iterations=314 runtime: 345142us
Sieve: iterations=315 runtime: 345429us
Sieve: iterations=316 runtime: 348250us
Sieve: iterations=317 runtime: 345343us
Sieve: iterations=318 runtime: 344922us
Sieve: iterations=319 runtime: 347138us
Sieve: iterations=320 runtime: 345017us
Sieve: iterations=321 runtime: 343739us
Sieve: iterations=322 runtime: 348049us
Sieve: iterations=323 runtime: 346147us
Sieve: iterations=324 runtime: 344244us
Sieve: iterations=325 runtime: 354309us
Sieve: iterations=326 runtime: 344996us
Sieve: iterations=327 runtime: 345260us
Sieve: iterations=328 runtime: 365675us
Sieve: iterations=329 runtime: 343400us
Sieve: iterations=330 runtime: 344324us
Sieve: iterations=331 runtime: 350804us
Sieve: iterations=332 runtime: 345914us
Sieve: iterations=333 runtime: 342864us
Sieve: iterations=334 runtime: 346685us
Sieve: iterations=335 runtime: 345137us
Sieve: iterations=336 runtime: 351403us
Sieve: iterations=337 runtime: 347962us
Sieve: iterations=338 runtime: 344494us
Sieve: iterations=339 runtime: 348484us
Sieve: iterations=340 runtime: 346473us
Sieve: iterations=341 runtime: 346110us
Sieve: iterations=342 runtime: 363574us
Sieve: iterations=343 runtime: 346237us
Sieve: iterations=344 runtime: 345612us
Sieve: iterations=345 runtime: 344601us
Sieve: iterations=346 runtime: 347562us
Sieve: iterations=347 runtime: 345589us
Sieve: iterations=348 runtime: 345892us
Sieve: iterations=349 runtime: 345013us
Sieve: iterations=350 runtime: 344928us
Sieve: iterations=351 runtime: 343768us
Sieve: iterations=352 runtime: 346062us
Sieve: iterations=353 runtime: 344697us
Sieve: iterations=354 runtime: 344909us
Sieve: iterations=355 runtime: 351348us
Sieve: iterations=356 runtime: 343780us
Sieve: iterations=357 runtime: 343789us
Sieve: iterations=358 runtime: 345712us
Sieve: iterations=359 runtime: 345103us
Sieve: iterations=360 runtime: 343877us
Sieve: iterations=361 runtime: 347152us
Sieve: iterations=362 runtime: 344484us
Sieve: iterations=363 runtime: 344269us
Sieve: iterations=364 runtime: 352240us
Sieve: iterations=365 runtime: 342893us
Sieve: iterations=366 runtime: 343543us
Sieve: iterations=367 runtime: 348841us
Sieve: iterations=368 runtime: 349210us
Sieve: iterations=369 runtime: 345680us
Sieve: iterations=370 runtime: 344841us
Sieve: iterations=371 runtime: 348633us
Sieve: iterations=372 runtime: 345746us
Sieve: iterations=373 runtime: 348738us
Sieve: iterations=374 runtime: 350115us
Sieve: iterations=375 runtime: 346949us
Sieve: iterations=376 runtime: 348940us
Sieve: iterations=377 runtime: 347038us
Sieve: iterations=378 runtime: 351633us
Sieve: iterations=379 runtime: 348283us
Sieve: iterations=380 runtime: 348146us
Sieve: iterations=381 runtime: 345036us
Sieve: iterations=382 runtime: 346591us
Sieve: iterations=383 runtime: 349972us
Sieve: iterations=384 runtime: 384541us
Sieve: iterations=385 runtime: 343651us
Sieve: iterations=386 runtime: 348079us
Sieve: iterations=387 runtime: 342792us
Sieve: iterations=388 runtime: 343966us
Sieve: iterations=389 runtime: 349199us
Sieve: iterations=390 runtime: 344544us
Sieve: iterations=391 runtime: 343602us
Sieve: iterations=392 runtime: 348926us
Sieve: iterations=393 runtime: 345219us
Sieve: iterations=394 runtime: 344121us
Sieve: iterations=395 runtime: 347611us
Sieve: iterations=396 runtime: 345210us
Sieve: iterations=397 runtime: 343907us
Sieve: iterations=398 runtime: 347015us
Sieve: iterations=399 runtime: 345240us
Sieve: iterations=400 runtime: 343738us
Sieve: iterations=401 runtime: 346944us
Sieve: iterations=402 runtime: 344526us
Sieve: iterations=403 runtime: 342941us
Sieve: iterations=404 runtime: 347903us
Sieve: iterations=405 runtime: 344769us
Sieve: iterations=406 runtime: 344157us
Sieve: iterations=407 runtime: 346680us
Sieve: iterations=408 runtime: 342763us
Sieve: iterations=409 runtime: 345209us
Sieve: iterations=410 runtime: 346980us
Sieve: iterations=411 runtime: 345834us
Could not locate BlockSlowdown.json
Skipping Loading (this might cause a fatal crash if GTSlowdown is on)
java.lang.StringLatin1.inflate(byte[], int, char[], int, int)void -1 codeSignature differs 7229d185807c5eb1f821125a028c07df1ddeaa104c27495e511e6ad0d767c33a != 17fc64c9586f0ecf27e1468b2eeb1b40eb8569e6db2faf747d95dee3bfb3e1f0
Sieve: iterations=412 runtime: 342888us
Sieve: iterations=413 runtime: 348429us
Sieve: iterations=414 runtime: 344715us
Sieve: iterations=415 runtime: 344709us
Sieve: iterations=416 runtime: 345943us
Sieve: iterations=417 runtime: 343892us
Sieve: iterations=418 runtime: 344641us
Sieve: iterations=419 runtime: 346983us
Sieve: iterations=420 runtime: 344306us
Sieve: iterations=421 runtime: 343751us
Sieve: iterations=422 runtime: 346391us
Sieve: iterations=423 runtime: 345323us
Sieve: iterations=424 runtime: 343660us
Sieve: iterations=425 runtime: 345854us
Sieve: iterations=426 runtime: 344941us
Sieve: iterations=427 runtime: 343399us
Sieve: iterations=428 runtime: 347066us
Sieve: iterations=429 runtime: 343719us
Sieve: iterations=430 runtime: 344257us
Sieve: iterations=431 runtime: 345689us
Sieve: iterations=432 runtime: 344730us
Sieve: iterations=433 runtime: 345771us
Sieve: iterations=434 runtime: 346687us
Sieve: iterations=435 runtime: 356905us
Sieve: iterations=436 runtime: 344386us
Sieve: iterations=437 runtime: 348494us
Sieve: iterations=438 runtime: 344439us
Sieve: iterations=439 runtime: 343329us
Sieve: iterations=440 runtime: 362104us
Sieve: iterations=441 runtime: 344920us
Sieve: iterations=442 runtime: 343480us
Sieve: iterations=443 runtime: 344769us
Sieve: iterations=444 runtime: 345211us
Sieve: iterations=445 runtime: 343994us
Sieve: iterations=446 runtime: 352782us
Sieve: iterations=447 runtime: 348287us
Sieve: iterations=448 runtime: 344196us
Sieve: iterations=449 runtime: 346713us
Sieve: iterations=450 runtime: 345608us
Sieve: iterations=451 runtime: 345382us
Sieve: iterations=452 runtime: 344622us
Sieve: iterations=453 runtime: 349730us
Sieve: iterations=454 runtime: 350786us
Sieve: iterations=455 runtime: 347674us
Sieve: iterations=456 runtime: 348982us
Sieve: iterations=457 runtime: 347621us
Sieve: iterations=458 runtime: 345974us
Sieve: iterations=459 runtime: 346899us
Sieve: iterations=460 runtime: 342674us
Sieve: iterations=461 runtime: 344252us
Sieve: iterations=462 runtime: 348340us
Sieve: iterations=463 runtime: 344453us
Sieve: iterations=464 runtime: 343451us
Sieve: iterations=465 runtime: 347550us
Sieve: iterations=466 runtime: 344008us
Sieve: iterations=467 runtime: 344451us
Sieve: iterations=468 runtime: 347871us
Sieve: iterations=469 runtime: 353279us
Sieve: iterations=470 runtime: 343378us
Sieve: iterations=471 runtime: 350860us
Sieve: iterations=472 runtime: 343468us
Sieve: iterations=473 runtime: 342863us
Sieve: iterations=474 runtime: 352250us
Sieve: iterations=475 runtime: 347582us
Sieve: iterations=476 runtime: 346203us
Sieve: iterations=477 runtime: 350028us
Sieve: iterations=478 runtime: 344024us
Sieve: iterations=479 runtime: 342678us
Sieve: iterations=480 runtime: 348492us
Sieve: iterations=481 runtime: 346498us
Sieve: iterations=482 runtime: 343734us
Sieve: iterations=483 runtime: 346677us
Sieve: iterations=484 runtime: 344267us
Sieve: iterations=485 runtime: 343526us
Sieve: iterations=486 runtime: 347077us
Sieve: iterations=487 runtime: 343447us
Sieve: iterations=488 runtime: 349171us
Sieve: iterations=489 runtime: 350667us
Sieve: iterations=490 runtime: 348077us
Sieve: iterations=491 runtime: 347192us
Sieve: iterations=492 runtime: 347591us
Sieve: iterations=493 runtime: 345636us
Sieve: iterations=494 runtime: 343025us
Sieve: iterations=495 runtime: 347861us
Sieve: iterations=496 runtime: 348400us
Sieve: iterations=497 runtime: 344551us
Sieve: iterations=498 runtime: 349146us
Sieve: iterations=499 runtime: 346726us
Sieve: iterations=500 runtime: 345270us
Could not locate BlockSlowdown.json
Skipping Loading (this might cause a fatal crash if GTSlowdown is on)
jdk.internal.constant.ClassOrInterfaceDescImpl.isClassOrInterface()boolean -1 codeSignature differs 6e3a14458a0fca90e6a63285514a933585cea592cb622e79b33ddc5df6e0fb66 != 6fdd5e023f8b36c06ccfc437f07740607e2fd6af8789c2b6573b1f8e5aec4921
jdk.internal.classfile.impl.AbstractPoolEntry.hashCode()int -1 codeSignature differs fe46e3fea17c2bcac25676024acf43715946ed13832c36004058f315d01e6ed3 != e2795d501a46b0bfb6e8c56434b112c0ea54a81c9e313ecde41f1f8b0f3deb09
jdk.internal.constant.PrimitiveClassDescImpl.descriptorString()java.lang.String -1 codeSignature differs 7722674ec43cccc19227bd0fe31433696da3716816c65b03f1730e1c0254917a != d487d8a2503fc353385b06f3b95e8ab10a6fe5294aa12ef213c2f0b58f53bb2d
jdk.internal.classfile.impl.AbstractPoolEntry$ClassEntryImpl.tag()int -1 codeSignature differs 5404769be9f3dbc3cb72c5db1a8ad8dd44853cedba352c69c6db32de21c4dbb9 != 1c5cefc40a914f135a319bd8d405841fbf0f0e92dfa85c790bd1c66c2edacece
java.lang.Class.getComponentType()java.lang.Class -1 codeSignature differs b319d91a6485f244b602f37bbb015c7b083103cb0168540c8f7172a6f77fcdb4 != ca3e2776cb0744dcbd5af9f18a41221cfb7ea6616e2c92fa3282d7012b2bb32a
Sieve: iterations=500 average: 347130us total: 173565145us


java.lang.invoke.MethodTypeForm.parameterSlotCount()int -1 codeSignature differs ad156c9aebe2f06c30e3b5dbbec2e173bc1370acb4ba42d2464dda8cd03d5b04 != 631f1ee6b294c0668302aaa578afb6c4bc9eb79e5bdf6a7916a36c576b1ba42d
Total Runtime: 173565145us
Bubo.RDTSC.Harness.main Total RDTSC cycles: 575811070828

Finished Sieve BuboOff at Thu 22 Jan 14:16:42 GMT 2026
============================================================
