Could not locate BlockSlowdown.json
Skipping Loading (this might cause a fatal crash if GTSlowdown is on)
Could not locate BlockSlowdown.json
Skipping Loading (this might cause a fatal crash if GTSlowdown is on)
Starting loop benchmarks with scale factor: 12000

Running Fibonacci loop... DONE (iterations: 1440000, result: -2872092127636481573) [time: 4.470 s]
Running Mandelbrot loop... DONE (reps: 77, grid: 1500x1500, result: Could not locate BlockSlowdown.json
Skipping Loading (this might cause a fatal crash if GTSlowdown is on)
643920970) [time: 2.245 s]
Running JSON parsing loop... DONE (iterations: 4000, json size: 650000, result: 34213) [time: 4.140 s]
Running matrix multiply loop... Could not locate BlockSlowdown.json
Skipping Loading (this might cause a fatal crash if GTSlowdown is on)
DONE (iterations: 1333, matrix: 124x124, result: 627874.0) [time: 3.039 s]
Running prime sieve loop... Could not locate BlockSlowdown.json
Skipping Loading (this might cause a fatal crash if GTSlowdown is on)
DONE (iterations: 521, sieve size: 1700000, primes: 128141) [time: 3.391 s]
Running histogram loop... Could not locate BlockSlowdown.json
Skipping Loading (this might cause a fatal crash if GTSlowdown is on)
DONE (iterations: 307, data size: 2900000, histogram[0]: 11329) [time: 2.372 s]
Running CRC32 loop... Could not locate BlockSlowdown.json
Skipping Loading (this might cause a fatal crash if GTSlowdown is on)
DONE (iterations: 1333, data size: 245000, crc: 3395824974) [time: 9.254 s]
Running polynomial loop... Could not locate BlockSlowdown.json
Skipping Loading (this might cause a fatal crash if GTSlowdown is on)
DONE (iterations: 720000, coefficients: 1700, result: 5.535855291816147E305) [time: 2.971 s]
Could not locate BlockSlowdown.json
Skipping Loading (this might cause a fatal crash if GTSlowdown is on)
Running edit distance loop... DONE (iterations: 2700000, distance: 5) [time: 6.239 s]
Running Monte Carlo pi loop... Could not locate BlockSlowdown.json
Skipping Loading (this might cause a fatal crash if GTSlowdown is on)
DONE (iterations: 109, samples per iter: 6500000, pi: 3.141140) [time: 4.763 s]
Running bubble sort loop... Could not locate BlockSlowdown.json
Skipping Loading (this might cause a fatal crash if GTSlowdown is on)
DONE (iterations: 387, array size: 4400, sorted[0]: 1) [time: 5.360 s]
Running image blur loop... Could not locate BlockSlowdown.json
Skipping Loading (this might cause a fatal crash if GTSlowdown is on)
DONE (iterations: 1000, image: 856Could not locate BlockSlowdown.json
Skipping Loading (this might cause a fatal crash if GTSlowdown is on)
x856, result[10][10]: 20) [time: 1.572 s]
Running Base64 encoding loop... DONE (iterations: 6000, input size: 420000, encoded length: 560000) [time: 2.353 s]
Running ray-sphere loop... Could not locate BlockSlowdown.json
Skipping Loading (this might cause a fatal crash if GTSlowdown is on)
DONE (iterations: 6000, ray count: 65000, hits: 65000) [time: 2.406 s]

✓ All benchmarks complete!
Bubo.RDTSC.Harness.main Total RDTSC cycles: 181649030284
shutdown : 2500000

LoopsBench: iterations=500 average: 181649030284us total: 181649030284us